12:58:13 **** Incremental Build of configuration Debug for project POV_Display ****
Info: Internal Builder is used for build
arm-atollic-eabi-gcc -c ..\..\shared\Libraries\STM32_USB_Device_Driver\src\usb_core.c -mthumb -mcpu=cortex-m0 -std=c99 -DSTM32F042 -DUSE_STDPERIPH_DRIVER -IC:\git\LightShaker\AtollicWorkspace\shared\src -IC:\git\LightShaker\AtollicWorkspace\POV_Display\src -IC:\git\LightShaker\AtollicWorkspace\shared\Libraries\CMSIS\Include -IC:\git\LightShaker\AtollicWorkspace\shared\Libraries\CMSIS\Device\ST\STM32F0xx\Include -IC:\git\LightShaker\AtollicWorkspace\shared\Libraries\STM32F0xx_StdPeriph_Driver\inc -IC:\git\LightShaker\AtollicWorkspace\shared\Libraries\STM32_USB_Device_Driver\inc -IC:\git\LightShaker\AtollicWorkspace\shared\Libraries\STM32_USB_Device_Library\Class\cdc\inc -IC:\git\LightShaker\AtollicWorkspace\shared\Libraries\STM32_USB_Device_Library\Core\inc -O0 -ffunction-sections -fdata-sections -g -fstack-usage -Wall -specs=nano.specs -o Libraries\STM32_USB_Device_Driver\src\usb_core.o 
In file included from C:\git\LightShaker\AtollicWorkspace\shared\Libraries\STM32_USB_Device_Driver\inc/usb_core.h:32:0,
                 from ..\..\shared\Libraries\STM32_USB_Device_Driver\src\usb_core.c:29:
C:\git\LightShaker\AtollicWorkspace\shared\src/usb_conf.h:34:23: fatal error: stm32f0xx.h: No such file or directory
 #include "stm32f0xx.h"
                       ^
compilation terminated.
12:59:22 **** Rebuild of configuration Debug for project POV_Display ****
Info: Internal Builder is used for build
arm-atollic-eabi-gcc -c ..\..\shared\Libraries\STM32F0xx_StdPeriph_Driver\src\stm32f0xx_adc.c -mthumb -mcpu=cortex-m0 -std=c99 -DSTM32F042 -DUSE_STDPERIPH_DRIVER -IC:\git\LightShaker\AtollicWorkspace\shared\src -IC:\git\LightShaker\AtollicWorkspace\POV_Display\src -IC:\git\LightShaker\AtollicWorkspace\shared\Libraries\CMSIS\Include -IC:\git\LightShaker\AtollicWorkspace\shared\Libraries\CMSIS\Device\ST\STM32F0xx\Include -IC:\git\LightShaker\AtollicWorkspace\shared\Libraries\STM32F0xx_StdPeriph_Driver\inc -IC:\git\LightShaker\AtollicWorkspace\shared\Libraries\STM32_USB_Device_Driver\inc -IC:\git\LightShaker\AtollicWorkspace\shared\Libraries\STM32_USB_Device_Library\Class\cdc\inc -IC:\git\LightShaker\AtollicWorkspace\shared\Libraries\STM32_USB_Device_Library\Core\inc -O0 -ffunction-sections -fdata-sections -g -fstack-usage -Wall -specs=nano.specs -o Libraries\STM32F0xx_StdPeriph_Driver\src\stm32f0xx_adc.o 
arm-atollic-eabi-gcc -c ..\..\shared\Libraries\STM32F0xx_StdPeriph_Driver\src\stm32f0xx_pwr.c -mthumb -mcpu=cortex-m0 -std=c99 -DSTM32F042 -DUSE_STDPERIPH_DRIVER -IC:\git\LightShaker\AtollicWorkspace\shared\src -IC:\git\LightShaker\AtollicWorkspace\POV_Display\src -IC:\git\LightShaker\AtollicWorkspace\shared\Libraries\CMSIS\Include -IC:\git\LightShaker\AtollicWorkspace\shared\Libraries\CMSIS\Device\ST\STM32F0xx\Include -IC:\git\LightShaker\AtollicWorkspace\shared\Libraries\STM32F0xx_StdPeriph_Driver\inc -IC:\git\LightShaker\AtollicWorkspace\shared\Libraries\STM32_USB_Device_Driver\inc -IC:\git\LightShaker\AtollicWorkspace\shared\Libraries\STM32_USB_Device_Library\Class\cdc\inc -IC:\git\LightShaker\AtollicWorkspace\shared\Libraries\STM32_USB_Device_Library\Core\inc -O0 -ffunction-sections -fdata-sections -g -fstack-usage -Wall -specs=nano.specs -o Libraries\STM32F0xx_StdPeriph_Driver\src\stm32f0xx_pwr.o 
arm-atollic-eabi-gcc -c ..\..\shared\Libraries\STM32_USB_Device_Library\Core\src\usbd_core.c -mthumb -mcpu=cortex-m0 -std=c99 -DSTM32F042 -DUSE_STDPERIPH_DRIVER -IC:\git\LightShaker\AtollicWorkspace\shared\src -IC:\git\LightShaker\AtollicWorkspace\POV_Display\src -IC:\git\LightShaker\AtollicWorkspace\shared\Libraries\CMSIS\Include -IC:\git\LightShaker\AtollicWorkspace\shared\Libraries\CMSIS\Device\ST\STM32F0xx\Include -IC:\git\LightShaker\AtollicWorkspace\shared\Libraries\STM32F0xx_StdPeriph_Driver\inc -IC:\git\LightShaker\AtollicWorkspace\shared\Libraries\STM32_USB_Device_Driver\inc -IC:\git\LightShaker\AtollicWorkspace\shared\Libraries\STM32_USB_Device_Library\Class\cdc\inc -IC:\git\LightShaker\AtollicWorkspace\shared\Libraries\STM32_USB_Device_Library\Core\inc -O0 -ffunction-sections -fdata-sections -g -fstack-usage -Wall -specs=nano.specs -o Libraries\STM32_USB_Device_Library\Core\src\usbd_core.o 
arm-atollic-eabi-gcc -c ..\..\shared\Libraries\STM32_USB_Device_Library\Core\src\usbd_ioreq.c -mthumb -mcpu=cortex-m0 -std=c99 -DSTM32F042 -DUSE_STDPERIPH_DRIVER -IC:\git\LightShaker\AtollicWorkspace\shared\src -IC:\git\LightShaker\AtollicWorkspace\POV_Display\src -IC:\git\LightShaker\AtollicWorkspace\shared\Libraries\CMSIS\Include -IC:\git\LightShaker\AtollicWorkspace\shared\Libraries\CMSIS\Device\ST\STM32F0xx\Include -IC:\git\LightShaker\AtollicWorkspace\shared\Libraries\STM32F0xx_StdPeriph_Driver\inc -IC:\git\LightShaker\AtollicWorkspace\shared\Libraries\STM32_USB_Device_Driver\inc -IC:\git\LightShaker\AtollicWorkspace\shared\Libraries\STM32_USB_Device_Library\Class\cdc\inc -IC:\git\LightShaker\AtollicWorkspace\shared\Libraries\STM32_USB_Device_Library\Core\inc -O0 -ffunction-sections -fdata-sections -g -fstack-usage -Wall -specs=nano.specs -o Libraries\STM32_USB_Device_Library\Core\src\usbd_ioreq.o 
arm-atollic-eabi-gcc -c ..\..\shared\Libraries\STM32F0xx_StdPeriph_Driver\src\stm32f0xx_rcc.c -mthumb -mcpu=cortex-m0 -std=c99 -DSTM32F042 -DUSE_STDPERIPH_DRIVER -IC:\git\LightShaker\AtollicWorkspace\shared\src -IC:\git\LightShaker\AtollicWorkspace\POV_Display\src -IC:\git\LightShaker\AtollicWorkspace\shared\Libraries\CMSIS\Include -IC:\git\LightShaker\AtollicWorkspace\shared\Libraries\CMSIS\Device\ST\STM32F0xx\Include -IC:\git\LightShaker\AtollicWorkspace\shared\Libraries\STM32F0xx_StdPeriph_Driver\inc -IC:\git\LightShaker\AtollicWorkspace\shared\Libraries\STM32_USB_Device_Driver\inc -IC:\git\LightShaker\AtollicWorkspace\shared\Libraries\STM32_USB_Device_Library\Class\cdc\inc -IC:\git\LightShaker\AtollicWorkspace\shared\Libraries\STM32_USB_Device_Library\Core\inc -O0 -ffunction-sections -fdata-sections -g -fstack-usage -Wall -specs=nano.specs -o Libraries\STM32F0xx_StdPeriph_Driver\src\stm32f0xx_rcc.o 
arm-atollic-eabi-gcc -c ..\src\main.c -mthumb -mcpu=cortex-m0 -std=c99 -DSTM32F042 -DUSE_STDPERIPH_DRIVER -IC:\git\LightShaker\AtollicWorkspace\shared\src -IC:\git\LightShaker\AtollicWorkspace\POV_Display\src -IC:\git\LightShaker\AtollicWorkspace\shared\Libraries\CMSIS\Include -IC:\git\LightShaker\AtollicWorkspace\shared\Libraries\CMSIS\Device\ST\STM32F0xx\Include -IC:\git\LightShaker\AtollicWorkspace\shared\Libraries\STM32F0xx_StdPeriph_Driver\inc -IC:\git\LightShaker\AtollicWorkspace\shared\Libraries\STM32_USB_Device_Driver\inc -IC:\git\LightShaker\AtollicWorkspace\shared\Libraries\STM32_USB_Device_Library\Class\cdc\inc -IC:\git\LightShaker\AtollicWorkspace\shared\Libraries\STM32_USB_Device_Library\Core\inc -O0 -ffunction-sections -fdata-sections -g -fstack-usage -Wall -specs=nano.specs -o src\main.o 
arm-atollic-eabi-gcc -c ..\..\shared\Libraries\STM32F0xx_StdPeriph_Driver\src\stm32f0xx_exti.c -mthumb -mcpu=cortex-m0 -std=c99 -DSTM32F042 -DUSE_STDPERIPH_DRIVER -IC:\git\LightShaker\AtollicWorkspace\shared\src -IC:\git\LightShaker\AtollicWorkspace\POV_Display\src -IC:\git\LightShaker\AtollicWorkspace\shared\Libraries\CMSIS\Include -IC:\git\LightShaker\AtollicWorkspace\shared\Libraries\CMSIS\Device\ST\STM32F0xx\Include -IC:\git\LightShaker\AtollicWorkspace\shared\Libraries\STM32F0xx_StdPeriph_Driver\inc -IC:\git\LightShaker\AtollicWorkspace\shared\Libraries\STM32_USB_Device_Driver\inc -IC:\git\LightShaker\AtollicWorkspace\shared\Libraries\STM32_USB_Device_Library\Class\cdc\inc -IC:\git\LightShaker\AtollicWorkspace\shared\Libraries\STM32_USB_Device_Library\Core\inc -O0 -ffunction-sections -fdata-sections -g -fstack-usage -Wall -specs=nano.specs -o Libraries\STM32F0xx_StdPeriph_Driver\src\stm32f0xx_exti.o 
arm-atollic-eabi-gcc -c ..\..\shared\Libraries\STM32F0xx_StdPeriph_Driver\src\stm32f0xx_iwdg.c -mthumb -mcpu=cortex-m0 -std=c99 -DSTM32F042 -DUSE_STDPERIPH_DRIVER -IC:\git\LightShaker\AtollicWorkspace\shared\src -IC:\git\LightShaker\AtollicWorkspace\POV_Display\src -IC:\git\LightShaker\AtollicWorkspace\shared\Libraries\CMSIS\Include -IC:\git\LightShaker\AtollicWorkspace\shared\Libraries\CMSIS\Device\ST\STM32F0xx\Include -IC:\git\LightShaker\AtollicWorkspace\shared\Libraries\STM32F0xx_StdPeriph_Driver\inc -IC:\git\LightShaker\AtollicWorkspace\shared\Libraries\STM32_USB_Device_Driver\inc -IC:\git\LightShaker\AtollicWorkspace\shared\Libraries\STM32_USB_Device_Library\Class\cdc\inc -IC:\git\LightShaker\AtollicWorkspace\shared\Libraries\STM32_USB_Device_Library\Core\inc -O0 -ffunction-sections -fdata-sections -g -fstack-usage -Wall -specs=nano.specs -o Libraries\STM32F0xx_StdPeriph_Driver\src\stm32f0xx_iwdg.o 
arm-atollic-eabi-gcc -c ..\..\shared\Libraries\STM32F0xx_StdPeriph_Driver\src\stm32f0xx_wwdg.c -mthumb -mcpu=cortex-m0 -std=c99 -DSTM32F042 -DUSE_STDPERIPH_DRIVER -IC:\git\LightShaker\AtollicWorkspace\shared\src -IC:\git\LightShaker\AtollicWorkspace\POV_Display\src -IC:\git\LightShaker\AtollicWorkspace\shared\Libraries\CMSIS\Include -IC:\git\LightShaker\AtollicWorkspace\shared\Libraries\CMSIS\Device\ST\STM32F0xx\Include -IC:\git\LightShaker\AtollicWorkspace\shared\Libraries\STM32F0xx_StdPeriph_Driver\inc -IC:\git\LightShaker\AtollicWorkspace\shared\Libraries\STM32_USB_Device_Driver\inc -IC:\git\LightShaker\AtollicWorkspace\shared\Libraries\STM32_USB_Device_Library\Class\cdc\inc -IC:\git\LightShaker\AtollicWorkspace\shared\Libraries\STM32_USB_Device_Library\Core\inc -O0 -ffunction-sections -fdata-sections -g -fstack-usage -Wall -specs=nano.specs -o Libraries\STM32F0xx_StdPeriph_Driver\src\stm32f0xx_wwdg.o 
arm-atollic-eabi-gcc -c ..\..\shared\src\drvUSB.c -mthumb -mcpu=cortex-m0 -std=c99 -DSTM32F042 -DUSE_STDPERIPH_DRIVER -IC:\git\LightShaker\AtollicWorkspace\shared\src -IC:\git\LightShaker\AtollicWorkspace\POV_Display\src -IC:\git\LightShaker\AtollicWorkspace\shared\Libraries\CMSIS\Include -IC:\git\LightShaker\AtollicWorkspace\shared\Libraries\CMSIS\Device\ST\STM32F0xx\Include -IC:\git\LightShaker\AtollicWorkspace\shared\Libraries\STM32F0xx_StdPeriph_Driver\inc -IC:\git\LightShaker\AtollicWorkspace\shared\Libraries\STM32_USB_Device_Driver\inc -IC:\git\LightShaker\AtollicWorkspace\shared\Libraries\STM32_USB_Device_Library\Class\cdc\inc -IC:\git\LightShaker\AtollicWorkspace\shared\Libraries\STM32_USB_Device_Library\Core\inc -O0 -ffunction-sections -fdata-sections -g -fstack-usage -Wall -specs=nano.specs -o src\src\drvUSB.o 
arm-atollic-eabi-gcc -c ..\..\shared\Libraries\STM32_USB_Device_Driver\src\usb_core.c -mthumb -mcpu=cortex-m0 -std=c99 -DSTM32F042 -DUSE_STDPERIPH_DRIVER -IC:\git\LightShaker\AtollicWorkspace\shared\src -IC:\git\LightShaker\AtollicWorkspace\POV_Display\src -IC:\git\LightShaker\AtollicWorkspace\shared\Libraries\CMSIS\Include -IC:\git\LightShaker\AtollicWorkspace\shared\Libraries\CMSIS\Device\ST\STM32F0xx\Include -IC:\git\LightShaker\AtollicWorkspace\shared\Libraries\STM32F0xx_StdPeriph_Driver\inc -IC:\git\LightShaker\AtollicWorkspace\shared\Libraries\STM32_USB_Device_Driver\inc -IC:\git\LightShaker\AtollicWorkspace\shared\Libraries\STM32_USB_Device_Library\Class\cdc\inc -IC:\git\LightShaker\AtollicWorkspace\shared\Libraries\STM32_USB_Device_Library\Core\inc -O0 -ffunction-sections -fdata-sections -g -fstack-usage -Wall -specs=nano.specs -o Libraries\STM32_USB_Device_Driver\src\usb_core.o 
arm-atollic-eabi-gcc -c ..\..\shared\src\drvMMA8653.c -mthumb -mcpu=cortex-m0 -std=c99 -DSTM32F042 -DUSE_STDPERIPH_DRIVER -IC:\git\LightShaker\AtollicWorkspace\shared\src -IC:\git\LightShaker\AtollicWorkspace\POV_Display\src -IC:\git\LightShaker\AtollicWorkspace\shared\Libraries\CMSIS\Include -IC:\git\LightShaker\AtollicWorkspace\shared\Libraries\CMSIS\Device\ST\STM32F0xx\Include -IC:\git\LightShaker\AtollicWorkspace\shared\Libraries\STM32F0xx_StdPeriph_Driver\inc -IC:\git\LightShaker\AtollicWorkspace\shared\Libraries\STM32_USB_Device_Driver\inc -IC:\git\LightShaker\AtollicWorkspace\shared\Libraries\STM32_USB_Device_Library\Class\cdc\inc -IC:\git\LightShaker\AtollicWorkspace\shared\Libraries\STM32_USB_Device_Library\Core\inc -O0 -ffunction-sections -fdata-sections -g -fstack-usage -Wall -specs=nano.specs -o src\src\drvMMA8653.o 
arm-atollic-eabi-gcc -c ..\..\shared\Libraries\STM32F0xx_StdPeriph_Driver\src\stm32f0xx_flash.c -mthumb -mcpu=cortex-m0 -std=c99 -DSTM32F042 -DUSE_STDPERIPH_DRIVER -IC:\git\LightShaker\AtollicWorkspace\shared\src -IC:\git\LightShaker\AtollicWorkspace\POV_Display\src -IC:\git\LightShaker\AtollicWorkspace\shared\Libraries\CMSIS\Include -IC:\git\LightShaker\AtollicWorkspace\shared\Libraries\CMSIS\Device\ST\STM32F0xx\Include -IC:\git\LightShaker\AtollicWorkspace\shared\Libraries\STM32F0xx_StdPeriph_Driver\inc -IC:\git\LightShaker\AtollicWorkspace\shared\Libraries\STM32_USB_Device_Driver\inc -IC:\git\LightShaker\AtollicWorkspace\shared\Libraries\STM32_USB_Device_Library\Class\cdc\inc -IC:\git\LightShaker\AtollicWorkspace\shared\Libraries\STM32_USB_Device_Library\Core\inc -O0 -ffunction-sections -fdata-sections -g -fstack-usage -Wall -specs=nano.specs -o Libraries\STM32F0xx_StdPeriph_Driver\src\stm32f0xx_flash.o 
arm-atollic-eabi-gcc -c ..\..\shared\src\eeprom.c -mthumb -mcpu=cortex-m0 -std=c99 -DSTM32F042 -DUSE_STDPERIPH_DRIVER -IC:\git\LightShaker\AtollicWorkspace\shared\src -IC:\git\LightShaker\AtollicWorkspace\POV_Display\src -IC:\git\LightShaker\AtollicWorkspace\shared\Libraries\CMSIS\Include -IC:\git\LightShaker\AtollicWorkspace\shared\Libraries\CMSIS\Device\ST\STM32F0xx\Include -IC:\git\LightShaker\AtollicWorkspace\shared\Libraries\STM32F0xx_StdPeriph_Driver\inc -IC:\git\LightShaker\AtollicWorkspace\shared\Libraries\STM32_USB_Device_Driver\inc -IC:\git\LightShaker\AtollicWorkspace\shared\Libraries\STM32_USB_Device_Library\Class\cdc\inc -IC:\git\LightShaker\AtollicWorkspace\shared\Libraries\STM32_USB_Device_Library\Core\inc -O0 -ffunction-sections -fdata-sections -g -fstack-usage -Wall -specs=nano.specs -o src\src\eeprom.o 
arm-atollic-eabi-gcc -c ..\..\shared\Libraries\STM32F0xx_StdPeriph_Driver\src\stm32f0xx_tim.c -mthumb -mcpu=cortex-m0 -std=c99 -DSTM32F042 -DUSE_STDPERIPH_DRIVER -IC:\git\LightShaker\AtollicWorkspace\shared\src -IC:\git\LightShaker\AtollicWorkspace\POV_Display\src -IC:\git\LightShaker\AtollicWorkspace\shared\Libraries\CMSIS\Include -IC:\git\LightShaker\AtollicWorkspace\shared\Libraries\CMSIS\Device\ST\STM32F0xx\Include -IC:\git\LightShaker\AtollicWorkspace\shared\Libraries\STM32F0xx_StdPeriph_Driver\inc -IC:\git\LightShaker\AtollicWorkspace\shared\Libraries\STM32_USB_Device_Driver\inc -IC:\git\LightShaker\AtollicWorkspace\shared\Libraries\STM32_USB_Device_Library\Class\cdc\inc -IC:\git\LightShaker\AtollicWorkspace\shared\Libraries\STM32_USB_Device_Library\Core\inc -O0 -ffunction-sections -fdata-sections -g -fstack-usage -Wall -specs=nano.specs -o Libraries\STM32F0xx_StdPeriph_Driver\src\stm32f0xx_tim.o 
arm-atollic-eabi-gcc -c ..\..\shared\Libraries\STM32F0xx_StdPeriph_Driver\src\stm32f0xx_usart.c -mthumb -mcpu=cortex-m0 -std=c99 -DSTM32F042 -DUSE_STDPERIPH_DRIVER -IC:\git\LightShaker\AtollicWorkspace\shared\src -IC:\git\LightShaker\AtollicWorkspace\POV_Display\src -IC:\git\LightShaker\AtollicWorkspace\shared\Libraries\CMSIS\Include -IC:\git\LightShaker\AtollicWorkspace\shared\Libraries\CMSIS\Device\ST\STM32F0xx\Include -IC:\git\LightShaker\AtollicWorkspace\shared\Libraries\STM32F0xx_StdPeriph_Driver\inc -IC:\git\LightShaker\AtollicWorkspace\shared\Libraries\STM32_USB_Device_Driver\inc -IC:\git\LightShaker\AtollicWorkspace\shared\Libraries\STM32_USB_Device_Library\Class\cdc\inc -IC:\git\LightShaker\AtollicWorkspace\shared\Libraries\STM32_USB_Device_Library\Core\inc -O0 -ffunction-sections -fdata-sections -g -fstack-usage -Wall -specs=nano.specs -o Libraries\STM32F0xx_StdPeriph_Driver\src\stm32f0xx_usart.o 
arm-atollic-eabi-gcc -c ..\..\shared\Libraries\STM32F0xx_StdPeriph_Driver\src\stm32f0xx_rtc.c -mthumb -mcpu=cortex-m0 -std=c99 -DSTM32F042 -DUSE_STDPERIPH_DRIVER -IC:\git\LightShaker\AtollicWorkspace\shared\src -IC:\git\LightShaker\AtollicWorkspace\POV_Display\src -IC:\git\LightShaker\AtollicWorkspace\shared\Libraries\CMSIS\Include -IC:\git\LightShaker\AtollicWorkspace\shared\Libraries\CMSIS\Device\ST\STM32F0xx\Include -IC:\git\LightShaker\AtollicWorkspace\shared\Libraries\STM32F0xx_StdPeriph_Driver\inc -IC:\git\LightShaker\AtollicWorkspace\shared\Libraries\STM32_USB_Device_Driver\inc -IC:\git\LightShaker\AtollicWorkspace\shared\Libraries\STM32_USB_Device_Library\Class\cdc\inc -IC:\git\LightShaker\AtollicWorkspace\shared\Libraries\STM32_USB_Device_Library\Core\inc -O0 -ffunction-sections -fdata-sections -g -fstack-usage -Wall -specs=nano.specs -o Libraries\STM32F0xx_StdPeriph_Driver\src\stm32f0xx_rtc.o 
arm-atollic-eabi-gcc -c ..\..\shared\src\drvDisplay.c -mthumb -mcpu=cortex-m0 -std=c99 -DSTM32F042 -DUSE_STDPERIPH_DRIVER -IC:\git\LightShaker\AtollicWorkspace\shared\src -IC:\git\LightShaker\AtollicWorkspace\POV_Display\src -IC:\git\LightShaker\AtollicWorkspace\shared\Libraries\CMSIS\Include -IC:\git\LightShaker\AtollicWorkspace\shared\Libraries\CMSIS\Device\ST\STM32F0xx\Include -IC:\git\LightShaker\AtollicWorkspace\shared\Libraries\STM32F0xx_StdPeriph_Driver\inc -IC:\git\LightShaker\AtollicWorkspace\shared\Libraries\STM32_USB_Device_Driver\inc -IC:\git\LightShaker\AtollicWorkspace\shared\Libraries\STM32_USB_Device_Library\Class\cdc\inc -IC:\git\LightShaker\AtollicWorkspace\shared\Libraries\STM32_USB_Device_Library\Core\inc -O0 -ffunction-sections -fdata-sections -g -fstack-usage -Wall -specs=nano.specs -o src\src\drvDisplay.o 
arm-atollic-eabi-gcc -c ..\src\configConsole.c -mthumb -mcpu=cortex-m0 -std=c99 -DSTM32F042 -DUSE_STDPERIPH_DRIVER -IC:\git\LightShaker\AtollicWorkspace\shared\src -IC:\git\LightShaker\AtollicWorkspace\POV_Display\src -IC:\git\LightShaker\AtollicWorkspace\shared\Libraries\CMSIS\Include -IC:\git\LightShaker\AtollicWorkspace\shared\Libraries\CMSIS\Device\ST\STM32F0xx\Include -IC:\git\LightShaker\AtollicWorkspace\shared\Libraries\STM32F0xx_StdPeriph_Driver\inc -IC:\git\LightShaker\AtollicWorkspace\shared\Libraries\STM32_USB_Device_Driver\inc -IC:\git\LightShaker\AtollicWorkspace\shared\Libraries\STM32_USB_Device_Library\Class\cdc\inc -IC:\git\LightShaker\AtollicWorkspace\shared\Libraries\STM32_USB_Device_Library\Core\inc -O0 -ffunction-sections -fdata-sections -g -fstack-usage -Wall -specs=nano.specs -o src\configConsole.o 
arm-atollic-eabi-gcc -c ..\..\shared\Libraries\STM32F0xx_StdPeriph_Driver\src\stm32f0xx_dac.c -mthumb -mcpu=cortex-m0 -std=c99 -DSTM32F042 -DUSE_STDPERIPH_DRIVER -IC:\git\LightShaker\AtollicWorkspace\shared\src -IC:\git\LightShaker\AtollicWorkspace\POV_Display\src -IC:\git\LightShaker\AtollicWorkspace\shared\Libraries\CMSIS\Include -IC:\git\LightShaker\AtollicWorkspace\shared\Libraries\CMSIS\Device\ST\STM32F0xx\Include -IC:\git\LightShaker\AtollicWorkspace\shared\Libraries\STM32F0xx_StdPeriph_Driver\inc -IC:\git\LightShaker\AtollicWorkspace\shared\Libraries\STM32_USB_Device_Driver\inc -IC:\git\LightShaker\AtollicWorkspace\shared\Libraries\STM32_USB_Device_Library\Class\cdc\inc -IC:\git\LightShaker\AtollicWorkspace\shared\Libraries\STM32_USB_Device_Library\Core\inc -O0 -ffunction-sections -fdata-sections -g -fstack-usage -Wall -specs=nano.specs -o Libraries\STM32F0xx_StdPeriph_Driver\src\stm32f0xx_dac.o 
arm-atollic-eabi-gcc -c ..\..\shared\Libraries\STM32F0xx_StdPeriph_Driver\src\stm32f0xx_i2c.c -mthumb -mcpu=cortex-m0 -std=c99 -DSTM32F042 -DUSE_STDPERIPH_DRIVER -IC:\git\LightShaker\AtollicWorkspace\shared\src -IC:\git\LightShaker\AtollicWorkspace\POV_Display\src -IC:\git\LightShaker\AtollicWorkspace\shared\Libraries\CMSIS\Include -IC:\git\LightShaker\AtollicWorkspace\shared\Libraries\CMSIS\Device\ST\STM32F0xx\Include -IC:\git\LightShaker\AtollicWorkspace\shared\Libraries\STM32F0xx_StdPeriph_Driver\inc -IC:\git\LightShaker\AtollicWorkspace\shared\Libraries\STM32_USB_Device_Driver\inc -IC:\git\LightShaker\AtollicWorkspace\shared\Libraries\STM32_USB_Device_Library\Class\cdc\inc -IC:\git\LightShaker\AtollicWorkspace\shared\Libraries\STM32_USB_Device_Library\Core\inc -O0 -ffunction-sections -fdata-sections -g -fstack-usage -Wall -specs=nano.specs -o Libraries\STM32F0xx_StdPeriph_Driver\src\stm32f0xx_i2c.o 
arm-atollic-eabi-gcc -c ..\..\shared\Libraries\STM32_USB_Device_Driver\src\usb_dcd_int.c -mthumb -mcpu=cortex-m0 -std=c99 -DSTM32F042 -DUSE_STDPERIPH_DRIVER -IC:\git\LightShaker\AtollicWorkspace\shared\src -IC:\git\LightShaker\AtollicWorkspace\POV_Display\src -IC:\git\LightShaker\AtollicWorkspace\shared\Libraries\CMSIS\Include -IC:\git\LightShaker\AtollicWorkspace\shared\Libraries\CMSIS\Device\ST\STM32F0xx\Include -IC:\git\LightShaker\AtollicWorkspace\shared\Libraries\STM32F0xx_StdPeriph_Driver\inc -IC:\git\LightShaker\AtollicWorkspace\shared\Libraries\STM32_USB_Device_Driver\inc -IC:\git\LightShaker\AtollicWorkspace\shared\Libraries\STM32_USB_Device_Library\Class\cdc\inc -IC:\git\LightShaker\AtollicWorkspace\shared\Libraries\STM32_USB_Device_Library\Core\inc -O0 -ffunction-sections -fdata-sections -g -fstack-usage -Wall -specs=nano.specs -o Libraries\STM32_USB_Device_Driver\src\usb_dcd_int.o 
arm-atollic-eabi-gcc -c ..\..\shared\Libraries\STM32F0xx_StdPeriph_Driver\src\stm32f0xx_comp.c -mthumb -mcpu=cortex-m0 -std=c99 -DSTM32F042 -DUSE_STDPERIPH_DRIVER -IC:\git\LightShaker\AtollicWorkspace\shared\src -IC:\git\LightShaker\AtollicWorkspace\POV_Display\src -IC:\git\LightShaker\AtollicWorkspace\shared\Libraries\CMSIS\Include -IC:\git\LightShaker\AtollicWorkspace\shared\Libraries\CMSIS\Device\ST\STM32F0xx\Include -IC:\git\LightShaker\AtollicWorkspace\shared\Libraries\STM32F0xx_StdPeriph_Driver\inc -IC:\git\LightShaker\AtollicWorkspace\shared\Libraries\STM32_USB_Device_Driver\inc -IC:\git\LightShaker\AtollicWorkspace\shared\Libraries\STM32_USB_Device_Library\Class\cdc\inc -IC:\git\LightShaker\AtollicWorkspace\shared\Libraries\STM32_USB_Device_Library\Core\inc -O0 -ffunction-sections -fdata-sections -g -fstack-usage -Wall -specs=nano.specs -o Libraries\STM32F0xx_StdPeriph_Driver\src\stm32f0xx_comp.o 
arm-atollic-eabi-gcc -c ..\..\shared\Libraries\STM32F0xx_StdPeriph_Driver\src\stm32f0xx_crc.c -mthumb -mcpu=cortex-m0 -std=c99 -DSTM32F042 -DUSE_STDPERIPH_DRIVER -IC:\git\LightShaker\AtollicWorkspace\shared\src -IC:\git\LightShaker\AtollicWorkspace\POV_Display\src -IC:\git\LightShaker\AtollicWorkspace\shared\Libraries\CMSIS\Include -IC:\git\LightShaker\AtollicWorkspace\shared\Libraries\CMSIS\Device\ST\STM32F0xx\Include -IC:\git\LightShaker\AtollicWorkspace\shared\Libraries\STM32F0xx_StdPeriph_Driver\inc -IC:\git\LightShaker\AtollicWorkspace\shared\Libraries\STM32_USB_Device_Driver\inc -IC:\git\LightShaker\AtollicWorkspace\shared\Libraries\STM32_USB_Device_Library\Class\cdc\inc -IC:\git\LightShaker\AtollicWorkspace\shared\Libraries\STM32_USB_Device_Library\Core\inc -O0 -ffunction-sections -fdata-sections -g -fstack-usage -Wall -specs=nano.specs -o Libraries\STM32F0xx_StdPeriph_Driver\src\stm32f0xx_crc.o 
arm-atollic-eabi-gcc -c ..\..\shared\src\usb_bsp.c -mthumb -mcpu=cortex-m0 -std=c99 -DSTM32F042 -DUSE_STDPERIPH_DRIVER -IC:\git\LightShaker\AtollicWorkspace\shared\src -IC:\git\LightShaker\AtollicWorkspace\POV_Display\src -IC:\git\LightShaker\AtollicWorkspace\shared\Libraries\CMSIS\Include -IC:\git\LightShaker\AtollicWorkspace\shared\Libraries\CMSIS\Device\ST\STM32F0xx\Include -IC:\git\LightShaker\AtollicWorkspace\shared\Libraries\STM32F0xx_StdPeriph_Driver\inc -IC:\git\LightShaker\AtollicWorkspace\shared\Libraries\STM32_USB_Device_Driver\inc -IC:\git\LightShaker\AtollicWorkspace\shared\Libraries\STM32_USB_Device_Library\Class\cdc\inc -IC:\git\LightShaker\AtollicWorkspace\shared\Libraries\STM32_USB_Device_Library\Core\inc -O0 -ffunction-sections -fdata-sections -g -fstack-usage -Wall -specs=nano.specs -o src\src\usb_bsp.o 
arm-atollic-eabi-gcc -c ..\..\shared\Libraries\STM32_USB_Device_Library\Core\src\usbd_req.c -mthumb -mcpu=cortex-m0 -std=c99 -DSTM32F042 -DUSE_STDPERIPH_DRIVER -IC:\git\LightShaker\AtollicWorkspace\shared\src -IC:\git\LightShaker\AtollicWorkspace\POV_Display\src -IC:\git\LightShaker\AtollicWorkspace\shared\Libraries\CMSIS\Include -IC:\git\LightShaker\AtollicWorkspace\shared\Libraries\CMSIS\Device\ST\STM32F0xx\Include -IC:\git\LightShaker\AtollicWorkspace\shared\Libraries\STM32F0xx_StdPeriph_Driver\inc -IC:\git\LightShaker\AtollicWorkspace\shared\Libraries\STM32_USB_Device_Driver\inc -IC:\git\LightShaker\AtollicWorkspace\shared\Libraries\STM32_USB_Device_Library\Class\cdc\inc -IC:\git\LightShaker\AtollicWorkspace\shared\Libraries\STM32_USB_Device_Library\Core\inc -O0 -ffunction-sections -fdata-sections -g -fstack-usage -Wall -specs=nano.specs -o Libraries\STM32_USB_Device_Library\Core\src\usbd_req.o 
arm-atollic-eabi-gcc -c -mthumb -mcpu=cortex-m0 -DSTM32F042 -DUSE_STDPERIPH_DRIVER -IC:\git\LightShaker\AtollicWorkspace\shared\src -IC:\git\LightShaker\AtollicWorkspace\POV_Display\src -IC:\git\LightShaker\AtollicWorkspace\shared\Libraries\CMSIS\Include -IC:\git\LightShaker\AtollicWorkspace\shared\Libraries\CMSIS\Device\ST\STM32F0xx\Include -IC:\git\LightShaker\AtollicWorkspace\shared\Libraries\STM32F0xx_StdPeriph_Driver\inc -IC:\git\LightShaker\AtollicWorkspace\shared\Libraries\STM32_USB_Device_Driver\inc -IC:\git\LightShaker\AtollicWorkspace\shared\Libraries\STM32_USB_Device_Library\Class\cdc\inc -IC:\git\LightShaker\AtollicWorkspace\shared\Libraries\STM32_USB_Device_Library\Core\inc -g -Wa,--warn -x assembler-with-cpp -specs=nano.specs -o src\startup_stm32f0xx.o ..\src\startup_stm32f0xx.s 
arm-atollic-eabi-gcc -c ..\..\shared\src\usbd_usr.c -mthumb -mcpu=cortex-m0 -std=c99 -DSTM32F042 -DUSE_STDPERIPH_DRIVER -IC:\git\LightShaker\AtollicWorkspace\shared\src -IC:\git\LightShaker\AtollicWorkspace\POV_Display\src -IC:\git\LightShaker\AtollicWorkspace\shared\Libraries\CMSIS\Include -IC:\git\LightShaker\AtollicWorkspace\shared\Libraries\CMSIS\Device\ST\STM32F0xx\Include -IC:\git\LightShaker\AtollicWorkspace\shared\Libraries\STM32F0xx_StdPeriph_Driver\inc -IC:\git\LightShaker\AtollicWorkspace\shared\Libraries\STM32_USB_Device_Driver\inc -IC:\git\LightShaker\AtollicWorkspace\shared\Libraries\STM32_USB_Device_Library\Class\cdc\inc -IC:\git\LightShaker\AtollicWorkspace\shared\Libraries\STM32_USB_Device_Library\Core\inc -O0 -ffunction-sections -fdata-sections -g -fstack-usage -Wall -specs=nano.specs -o src\src\usbd_usr.o 
arm-atollic-eabi-gcc -c ..\..\shared\Libraries\STM32_USB_Device_Library\Class\cdc\src\usbd_cdc_core.c -mthumb -mcpu=cortex-m0 -std=c99 -DSTM32F042 -DUSE_STDPERIPH_DRIVER -IC:\git\LightShaker\AtollicWorkspace\shared\src -IC:\git\LightShaker\AtollicWorkspace\POV_Display\src -IC:\git\LightShaker\AtollicWorkspace\shared\Libraries\CMSIS\Include -IC:\git\LightShaker\AtollicWorkspace\shared\Libraries\CMSIS\Device\ST\STM32F0xx\Include -IC:\git\LightShaker\AtollicWorkspace\shared\Libraries\STM32F0xx_StdPeriph_Driver\inc -IC:\git\LightShaker\AtollicWorkspace\shared\Libraries\STM32_USB_Device_Driver\inc -IC:\git\LightShaker\AtollicWorkspace\shared\Libraries\STM32_USB_Device_Library\Class\cdc\inc -IC:\git\LightShaker\AtollicWorkspace\shared\Libraries\STM32_USB_Device_Library\Core\inc -O0 -ffunction-sections -fdata-sections -g -fstack-usage -Wall -specs=nano.specs -o Libraries\STM32_USB_Device_Library\Class\cdc\src\usbd_cdc_core.o 
arm-atollic-eabi-gcc -c ..\src\stm32_it.c -mthumb -mcpu=cortex-m0 -std=c99 -DSTM32F042 -DUSE_STDPERIPH_DRIVER -IC:\git\LightShaker\AtollicWorkspace\shared\src -IC:\git\LightShaker\AtollicWorkspace\POV_Display\src -IC:\git\LightShaker\AtollicWorkspace\shared\Libraries\CMSIS\Include -IC:\git\LightShaker\AtollicWorkspace\shared\Libraries\CMSIS\Device\ST\STM32F0xx\Include -IC:\git\LightShaker\AtollicWorkspace\shared\Libraries\STM32F0xx_StdPeriph_Driver\inc -IC:\git\LightShaker\AtollicWorkspace\shared\Libraries\STM32_USB_Device_Driver\inc -IC:\git\LightShaker\AtollicWorkspace\shared\Libraries\STM32_USB_Device_Library\Class\cdc\inc -IC:\git\LightShaker\AtollicWorkspace\shared\Libraries\STM32_USB_Device_Library\Core\inc -O0 -ffunction-sections -fdata-sections -g -fstack-usage -Wall -specs=nano.specs -o src\stm32_it.o 
arm-atollic-eabi-gcc -c ..\src\system_stm32f0xx.c -mthumb -mcpu=cortex-m0 -std=c99 -DSTM32F042 -DUSE_STDPERIPH_DRIVER -IC:\git\LightShaker\AtollicWorkspace\shared\src -IC:\git\LightShaker\AtollicWorkspace\POV_Display\src -IC:\git\LightShaker\AtollicWorkspace\shared\Libraries\CMSIS\Include -IC:\git\LightShaker\AtollicWorkspace\shared\Libraries\CMSIS\Device\ST\STM32F0xx\Include -IC:\git\LightShaker\AtollicWorkspace\shared\Libraries\STM32F0xx_StdPeriph_Driver\inc -IC:\git\LightShaker\AtollicWorkspace\shared\Libraries\STM32_USB_Device_Driver\inc -IC:\git\LightShaker\AtollicWorkspace\shared\Libraries\STM32_USB_Device_Library\Class\cdc\inc -IC:\git\LightShaker\AtollicWorkspace\shared\Libraries\STM32_USB_Device_Library\Core\inc -O0 -ffunction-sections -fdata-sections -g -fstack-usage -Wall -specs=nano.specs -o src\system_stm32f0xx.o 
arm-atollic-eabi-gcc -c ..\..\shared\src\drvPower.c -mthumb -mcpu=cortex-m0 -std=c99 -DSTM32F042 -DUSE_STDPERIPH_DRIVER -IC:\git\LightShaker\AtollicWorkspace\shared\src -IC:\git\LightShaker\AtollicWorkspace\POV_Display\src -IC:\git\LightShaker\AtollicWorkspace\shared\Libraries\CMSIS\Include -IC:\git\LightShaker\AtollicWorkspace\shared\Libraries\CMSIS\Device\ST\STM32F0xx\Include -IC:\git\LightShaker\AtollicWorkspace\shared\Libraries\STM32F0xx_StdPeriph_Driver\inc -IC:\git\LightShaker\AtollicWorkspace\shared\Libraries\STM32_USB_Device_Driver\inc -IC:\git\LightShaker\AtollicWorkspace\shared\Libraries\STM32_USB_Device_Library\Class\cdc\inc -IC:\git\LightShaker\AtollicWorkspace\shared\Libraries\STM32_USB_Device_Library\Core\inc -O0 -ffunction-sections -fdata-sections -g -fstack-usage -Wall -specs=nano.specs -o src\src\drvPower.o 
arm-atollic-eabi-gcc -c ..\..\shared\Libraries\STM32F0xx_StdPeriph_Driver\src\stm32f0xx_crs.c -mthumb -mcpu=cortex-m0 -std=c99 -DSTM32F042 -DUSE_STDPERIPH_DRIVER -IC:\git\LightShaker\AtollicWorkspace\shared\src -IC:\git\LightShaker\AtollicWorkspace\POV_Display\src -IC:\git\LightShaker\AtollicWorkspace\shared\Libraries\CMSIS\Include -IC:\git\LightShaker\AtollicWorkspace\shared\Libraries\CMSIS\Device\ST\STM32F0xx\Include -IC:\git\LightShaker\AtollicWorkspace\shared\Libraries\STM32F0xx_StdPeriph_Driver\inc -IC:\git\LightShaker\AtollicWorkspace\shared\Libraries\STM32_USB_Device_Driver\inc -IC:\git\LightShaker\AtollicWorkspace\shared\Libraries\STM32_USB_Device_Library\Class\cdc\inc -IC:\git\LightShaker\AtollicWorkspace\shared\Libraries\STM32_USB_Device_Library\Core\inc -O0 -ffunction-sections -fdata-sections -g -fstack-usage -Wall -specs=nano.specs -o Libraries\STM32F0xx_StdPeriph_Driver\src\stm32f0xx_crs.o 
arm-atollic-eabi-gcc -c ..\..\shared\src\drvNvMemory.c -mthumb -mcpu=cortex-m0 -std=c99 -DSTM32F042 -DUSE_STDPERIPH_DRIVER -IC:\git\LightShaker\AtollicWorkspace\shared\src -IC:\git\LightShaker\AtollicWorkspace\POV_Display\src -IC:\git\LightShaker\AtollicWorkspace\shared\Libraries\CMSIS\Include -IC:\git\LightShaker\AtollicWorkspace\shared\Libraries\CMSIS\Device\ST\STM32F0xx\Include -IC:\git\LightShaker\AtollicWorkspace\shared\Libraries\STM32F0xx_StdPeriph_Driver\inc -IC:\git\LightShaker\AtollicWorkspace\shared\Libraries\STM32_USB_Device_Driver\inc -IC:\git\LightShaker\AtollicWorkspace\shared\Libraries\STM32_USB_Device_Library\Class\cdc\inc -IC:\git\LightShaker\AtollicWorkspace\shared\Libraries\STM32_USB_Device_Library\Core\inc -O0 -ffunction-sections -fdata-sections -g -fstack-usage -Wall -specs=nano.specs -o src\src\drvNvMemory.o 
arm-atollic-eabi-gcc -c ..\..\shared\src\utilFifo.c -mthumb -mcpu=cortex-m0 -std=c99 -DSTM32F042 -DUSE_STDPERIPH_DRIVER -IC:\git\LightShaker\AtollicWorkspace\shared\src -IC:\git\LightShaker\AtollicWorkspace\POV_Display\src -IC:\git\LightShaker\AtollicWorkspace\shared\Libraries\CMSIS\Include -IC:\git\LightShaker\AtollicWorkspace\shared\Libraries\CMSIS\Device\ST\STM32F0xx\Include -IC:\git\LightShaker\AtollicWorkspace\shared\Libraries\STM32F0xx_StdPeriph_Driver\inc -IC:\git\LightShaker\AtollicWorkspace\shared\Libraries\STM32_USB_Device_Driver\inc -IC:\git\LightShaker\AtollicWorkspace\shared\Libraries\STM32_USB_Device_Library\Class\cdc\inc -IC:\git\LightShaker\AtollicWorkspace\shared\Libraries\STM32_USB_Device_Library\Core\inc -O0 -ffunction-sections -fdata-sections -g -fstack-usage -Wall -specs=nano.specs -o src\src\utilFifo.o 
arm-atollic-eabi-gcc -c ..\..\shared\Libraries\STM32_USB_Device_Library\Class\cdc\src\usbd_cdc_if_template.c -mthumb -mcpu=cortex-m0 -std=c99 -DSTM32F042 -DUSE_STDPERIPH_DRIVER -IC:\git\LightShaker\AtollicWorkspace\shared\src -IC:\git\LightShaker\AtollicWorkspace\POV_Display\src -IC:\git\LightShaker\AtollicWorkspace\shared\Libraries\CMSIS\Include -IC:\git\LightShaker\AtollicWorkspace\shared\Libraries\CMSIS\Device\ST\STM32F0xx\Include -IC:\git\LightShaker\AtollicWorkspace\shared\Libraries\STM32F0xx_StdPeriph_Driver\inc -IC:\git\LightShaker\AtollicWorkspace\shared\Libraries\STM32_USB_Device_Driver\inc -IC:\git\LightShaker\AtollicWorkspace\shared\Libraries\STM32_USB_Device_Library\Class\cdc\inc -IC:\git\LightShaker\AtollicWorkspace\shared\Libraries\STM32_USB_Device_Library\Core\inc -O0 -ffunction-sections -fdata-sections -g -fstack-usage -Wall -specs=nano.specs -o Libraries\STM32_USB_Device_Library\Class\cdc\src\usbd_cdc_if_template.o 
arm-atollic-eabi-gcc -c ..\..\shared\src\drvApa102.c -mthumb -mcpu=cortex-m0 -std=c99 -DSTM32F042 -DUSE_STDPERIPH_DRIVER -IC:\git\LightShaker\AtollicWorkspace\shared\src -IC:\git\LightShaker\AtollicWorkspace\POV_Display\src -IC:\git\LightShaker\AtollicWorkspace\shared\Libraries\CMSIS\Include -IC:\git\LightShaker\AtollicWorkspace\shared\Libraries\CMSIS\Device\ST\STM32F0xx\Include -IC:\git\LightShaker\AtollicWorkspace\shared\Libraries\STM32F0xx_StdPeriph_Driver\inc -IC:\git\LightShaker\AtollicWorkspace\shared\Libraries\STM32_USB_Device_Driver\inc -IC:\git\LightShaker\AtollicWorkspace\shared\Libraries\STM32_USB_Device_Library\Class\cdc\inc -IC:\git\LightShaker\AtollicWorkspace\shared\Libraries\STM32_USB_Device_Library\Core\inc -O0 -ffunction-sections -fdata-sections -g -fstack-usage -Wall -specs=nano.specs -o src\src\drvApa102.o 
arm-atollic-eabi-gcc -c ..\..\shared\Libraries\STM32F0xx_StdPeriph_Driver\src\stm32f0xx_can.c -mthumb -mcpu=cortex-m0 -std=c99 -DSTM32F042 -DUSE_STDPERIPH_DRIVER -IC:\git\LightShaker\AtollicWorkspace\shared\src -IC:\git\LightShaker\AtollicWorkspace\POV_Display\src -IC:\git\LightShaker\AtollicWorkspace\shared\Libraries\CMSIS\Include -IC:\git\LightShaker\AtollicWorkspace\shared\Libraries\CMSIS\Device\ST\STM32F0xx\Include -IC:\git\LightShaker\AtollicWorkspace\shared\Libraries\STM32F0xx_StdPeriph_Driver\inc -IC:\git\LightShaker\AtollicWorkspace\shared\Libraries\STM32_USB_Device_Driver\inc -IC:\git\LightShaker\AtollicWorkspace\shared\Libraries\STM32_USB_Device_Library\Class\cdc\inc -IC:\git\LightShaker\AtollicWorkspace\shared\Libraries\STM32_USB_Device_Library\Core\inc -O0 -ffunction-sections -fdata-sections -g -fstack-usage -Wall -specs=nano.specs -o Libraries\STM32F0xx_StdPeriph_Driver\src\stm32f0xx_can.o 
arm-atollic-eabi-gcc -c ..\..\shared\Libraries\STM32F0xx_StdPeriph_Driver\src\stm32f0xx_misc.c -mthumb -mcpu=cortex-m0 -std=c99 -DSTM32F042 -DUSE_STDPERIPH_DRIVER -IC:\git\LightShaker\AtollicWorkspace\shared\src -IC:\git\LightShaker\AtollicWorkspace\POV_Display\src -IC:\git\LightShaker\AtollicWorkspace\shared\Libraries\CMSIS\Include -IC:\git\LightShaker\AtollicWorkspace\shared\Libraries\CMSIS\Device\ST\STM32F0xx\Include -IC:\git\LightShaker\AtollicWorkspace\shared\Libraries\STM32F0xx_StdPeriph_Driver\inc -IC:\git\LightShaker\AtollicWorkspace\shared\Libraries\STM32_USB_Device_Driver\inc -IC:\git\LightShaker\AtollicWorkspace\shared\Libraries\STM32_USB_Device_Library\Class\cdc\inc -IC:\git\LightShaker\AtollicWorkspace\shared\Libraries\STM32_USB_Device_Library\Core\inc -O0 -ffunction-sections -fdata-sections -g -fstack-usage -Wall -specs=nano.specs -o Libraries\STM32F0xx_StdPeriph_Driver\src\stm32f0xx_misc.o 
arm-atollic-eabi-gcc -c ..\..\shared\src\usbd_desc.c -mthumb -mcpu=cortex-m0 -std=c99 -DSTM32F042 -DUSE_STDPERIPH_DRIVER -IC:\git\LightShaker\AtollicWorkspace\shared\src -IC:\git\LightShaker\AtollicWorkspace\POV_Display\src -IC:\git\LightShaker\AtollicWorkspace\shared\Libraries\CMSIS\Include -IC:\git\LightShaker\AtollicWorkspace\shared\Libraries\CMSIS\Device\ST\STM32F0xx\Include -IC:\git\LightShaker\AtollicWorkspace\shared\Libraries\STM32F0xx_StdPeriph_Driver\inc -IC:\git\LightShaker\AtollicWorkspace\shared\Libraries\STM32_USB_Device_Driver\inc -IC:\git\LightShaker\AtollicWorkspace\shared\Libraries\STM32_USB_Device_Library\Class\cdc\inc -IC:\git\LightShaker\AtollicWorkspace\shared\Libraries\STM32_USB_Device_Library\Core\inc -O0 -ffunction-sections -fdata-sections -g -fstack-usage -Wall -specs=nano.specs -o src\src\usbd_desc.o 
arm-atollic-eabi-gcc -c ..\..\shared\Libraries\STM32F0xx_StdPeriph_Driver\src\stm32f0xx_dbgmcu.c -mthumb -mcpu=cortex-m0 -std=c99 -DSTM32F042 -DUSE_STDPERIPH_DRIVER -IC:\git\LightShaker\AtollicWorkspace\shared\src -IC:\git\LightShaker\AtollicWorkspace\POV_Display\src -IC:\git\LightShaker\AtollicWorkspace\shared\Libraries\CMSIS\Include -IC:\git\LightShaker\AtollicWorkspace\shared\Libraries\CMSIS\Device\ST\STM32F0xx\Include -IC:\git\LightShaker\AtollicWorkspace\shared\Libraries\STM32F0xx_StdPeriph_Driver\inc -IC:\git\LightShaker\AtollicWorkspace\shared\Libraries\STM32_USB_Device_Driver\inc -IC:\git\LightShaker\AtollicWorkspace\shared\Libraries\STM32_USB_Device_Library\Class\cdc\inc -IC:\git\LightShaker\AtollicWorkspace\shared\Libraries\STM32_USB_Device_Library\Core\inc -O0 -ffunction-sections -fdata-sections -g -fstack-usage -Wall -specs=nano.specs -o Libraries\STM32F0xx_StdPeriph_Driver\src\stm32f0xx_dbgmcu.o 
arm-atollic-eabi-gcc -c ..\..\shared\Libraries\STM32F0xx_StdPeriph_Driver\src\stm32f0xx_cec.c -mthumb -mcpu=cortex-m0 -std=c99 -DSTM32F042 -DUSE_STDPERIPH_DRIVER -IC:\git\LightShaker\AtollicWorkspace\shared\src -IC:\git\LightShaker\AtollicWorkspace\POV_Display\src -IC:\git\LightShaker\AtollicWorkspace\shared\Libraries\CMSIS\Include -IC:\git\LightShaker\AtollicWorkspace\shared\Libraries\CMSIS\Device\ST\STM32F0xx\Include -IC:\git\LightShaker\AtollicWorkspace\shared\Libraries\STM32F0xx_StdPeriph_Driver\inc -IC:\git\LightShaker\AtollicWorkspace\shared\Libraries\STM32_USB_Device_Driver\inc -IC:\git\LightShaker\AtollicWorkspace\shared\Libraries\STM32_USB_Device_Library\Class\cdc\inc -IC:\git\LightShaker\AtollicWorkspace\shared\Libraries\STM32_USB_Device_Library\Core\inc -O0 -ffunction-sections -fdata-sections -g -fstack-usage -Wall -specs=nano.specs -o Libraries\STM32F0xx_StdPeriph_Driver\src\stm32f0xx_cec.o 
arm-atollic-eabi-gcc -c ..\..\shared\Libraries\STM32F0xx_StdPeriph_Driver\src\stm32f0xx_gpio.c -mthumb -mcpu=cortex-m0 -std=c99 -DSTM32F042 -DUSE_STDPERIPH_DRIVER -IC:\git\LightShaker\AtollicWorkspace\shared\src -IC:\git\LightShaker\AtollicWorkspace\POV_Display\src -IC:\git\LightShaker\AtollicWorkspace\shared\Libraries\CMSIS\Include -IC:\git\LightShaker\AtollicWorkspace\shared\Libraries\CMSIS\Device\ST\STM32F0xx\Include -IC:\git\LightShaker\AtollicWorkspace\shared\Libraries\STM32F0xx_StdPeriph_Driver\inc -IC:\git\LightShaker\AtollicWorkspace\shared\Libraries\STM32_USB_Device_Driver\inc -IC:\git\LightShaker\AtollicWorkspace\shared\Libraries\STM32_USB_Device_Library\Class\cdc\inc -IC:\git\LightShaker\AtollicWorkspace\shared\Libraries\STM32_USB_Device_Library\Core\inc -O0 -ffunction-sections -fdata-sections -g -fstack-usage -Wall -specs=nano.specs -o Libraries\STM32F0xx_StdPeriph_Driver\src\stm32f0xx_gpio.o 
arm-atollic-eabi-gcc -c ..\..\shared\Libraries\STM32F0xx_StdPeriph_Driver\src\stm32f0xx_syscfg.c -mthumb -mcpu=cortex-m0 -std=c99 -DSTM32F042 -DUSE_STDPERIPH_DRIVER -IC:\git\LightShaker\AtollicWorkspace\shared\src -IC:\git\LightShaker\AtollicWorkspace\POV_Display\src -IC:\git\LightShaker\AtollicWorkspace\shared\Libraries\CMSIS\Include -IC:\git\LightShaker\AtollicWorkspace\shared\Libraries\CMSIS\Device\ST\STM32F0xx\Include -IC:\git\LightShaker\AtollicWorkspace\shared\Libraries\STM32F0xx_StdPeriph_Driver\inc -IC:\git\LightShaker\AtollicWorkspace\shared\Libraries\STM32_USB_Device_Driver\inc -IC:\git\LightShaker\AtollicWorkspace\shared\Libraries\STM32_USB_Device_Library\Class\cdc\inc -IC:\git\LightShaker\AtollicWorkspace\shared\Libraries\STM32_USB_Device_Library\Core\inc -O0 -ffunction-sections -fdata-sections -g -fstack-usage -Wall -specs=nano.specs -o Libraries\STM32F0xx_StdPeriph_Driver\src\stm32f0xx_syscfg.o 
arm-atollic-eabi-gcc -c ..\..\shared\Libraries\STM32_USB_Device_Driver\src\usb_dcd.c -mthumb -mcpu=cortex-m0 -std=c99 -DSTM32F042 -DUSE_STDPERIPH_DRIVER -IC:\git\LightShaker\AtollicWorkspace\shared\src -IC:\git\LightShaker\AtollicWorkspace\POV_Display\src -IC:\git\LightShaker\AtollicWorkspace\shared\Libraries\CMSIS\Include -IC:\git\LightShaker\AtollicWorkspace\shared\Libraries\CMSIS\Device\ST\STM32F0xx\Include -IC:\git\LightShaker\AtollicWorkspace\shared\Libraries\STM32F0xx_StdPeriph_Driver\inc -IC:\git\LightShaker\AtollicWorkspace\shared\Libraries\STM32_USB_Device_Driver\inc -IC:\git\LightShaker\AtollicWorkspace\shared\Libraries\STM32_USB_Device_Library\Class\cdc\inc -IC:\git\LightShaker\AtollicWorkspace\shared\Libraries\STM32_USB_Device_Library\Core\inc -O0 -ffunction-sections -fdata-sections -g -fstack-usage -Wall -specs=nano.specs -o Libraries\STM32_USB_Device_Driver\src\usb_dcd.o 
arm-atollic-eabi-gcc -c ..\..\shared\Libraries\STM32F0xx_StdPeriph_Driver\src\stm32f0xx_dma.c -mthumb -mcpu=cortex-m0 -std=c99 -DSTM32F042 -DUSE_STDPERIPH_DRIVER -IC:\git\LightShaker\AtollicWorkspace\shared\src -IC:\git\LightShaker\AtollicWorkspace\POV_Display\src -IC:\git\LightShaker\AtollicWorkspace\shared\Libraries\CMSIS\Include -IC:\git\LightShaker\AtollicWorkspace\shared\Libraries\CMSIS\Device\ST\STM32F0xx\Include -IC:\git\LightShaker\AtollicWorkspace\shared\Libraries\STM32F0xx_StdPeriph_Driver\inc -IC:\git\LightShaker\AtollicWorkspace\shared\Libraries\STM32_USB_Device_Driver\inc -IC:\git\LightShaker\AtollicWorkspace\shared\Libraries\STM32_USB_Device_Library\Class\cdc\inc -IC:\git\LightShaker\AtollicWorkspace\shared\Libraries\STM32_USB_Device_Library\Core\inc -O0 -ffunction-sections -fdata-sections -g -fstack-usage -Wall -specs=nano.specs -o Libraries\STM32F0xx_StdPeriph_Driver\src\stm32f0xx_dma.o 
arm-atollic-eabi-gcc -c ..\..\shared\Libraries\STM32F0xx_StdPeriph_Driver\src\stm32f0xx_spi.c -mthumb -mcpu=cortex-m0 -std=c99 -DSTM32F042 -DUSE_STDPERIPH_DRIVER -IC:\git\LightShaker\AtollicWorkspace\shared\src -IC:\git\LightShaker\AtollicWorkspace\POV_Display\src -IC:\git\LightShaker\AtollicWorkspace\shared\Libraries\CMSIS\Include -IC:\git\LightShaker\AtollicWorkspace\shared\Libraries\CMSIS\Device\ST\STM32F0xx\Include -IC:\git\LightShaker\AtollicWorkspace\shared\Libraries\STM32F0xx_StdPeriph_Driver\inc -IC:\git\LightShaker\AtollicWorkspace\shared\Libraries\STM32_USB_Device_Driver\inc -IC:\git\LightShaker\AtollicWorkspace\shared\Libraries\STM32_USB_Device_Library\Class\cdc\inc -IC:\git\LightShaker\AtollicWorkspace\shared\Libraries\STM32_USB_Device_Library\Core\inc -O0 -ffunction-sections -fdata-sections -g -fstack-usage -Wall -specs=nano.specs -o Libraries\STM32F0xx_StdPeriph_Driver\src\stm32f0xx_spi.o 
arm-atollic-eabi-gcc -c ..\..\shared\src\usbd_pwr.c -mthumb -mcpu=cortex-m0 -std=c99 -DSTM32F042 -DUSE_STDPERIPH_DRIVER -IC:\git\LightShaker\AtollicWorkspace\shared\src -IC:\git\LightShaker\AtollicWorkspace\POV_Display\src -IC:\git\LightShaker\AtollicWorkspace\shared\Libraries\CMSIS\Include -IC:\git\LightShaker\AtollicWorkspace\shared\Libraries\CMSIS\Device\ST\STM32F0xx\Include -IC:\git\LightShaker\AtollicWorkspace\shared\Libraries\STM32F0xx_StdPeriph_Driver\inc -IC:\git\LightShaker\AtollicWorkspace\shared\Libraries\STM32_USB_Device_Driver\inc -IC:\git\LightShaker\AtollicWorkspace\shared\Libraries\STM32_USB_Device_Library\Class\cdc\inc -IC:\git\LightShaker\AtollicWorkspace\shared\Libraries\STM32_USB_Device_Library\Core\inc -O0 -ffunction-sections -fdata-sections -g -fstack-usage -Wall -specs=nano.specs -o src\src\usbd_pwr.o 
arm-atollic-eabi-gcc -o POV_Display.elf Libraries\STM32F0xx_StdPeriph_Driver\src\stm32f0xx_adc.o Libraries\STM32F0xx_StdPeriph_Driver\src\stm32f0xx_can.o Libraries\STM32F0xx_StdPeriph_Driver\src\stm32f0xx_cec.o Libraries\STM32F0xx_StdPeriph_Driver\src\stm32f0xx_comp.o Libraries\STM32F0xx_StdPeriph_Driver\src\stm32f0xx_crc.o Libraries\STM32F0xx_StdPeriph_Driver\src\stm32f0xx_crs.o Libraries\STM32F0xx_StdPeriph_Driver\src\stm32f0xx_dac.o Libraries\STM32F0xx_StdPeriph_Driver\src\stm32f0xx_dbgmcu.o Libraries\STM32F0xx_StdPeriph_Driver\src\stm32f0xx_dma.o Libraries\STM32F0xx_StdPeriph_Driver\src\stm32f0xx_exti.o Libraries\STM32F0xx_StdPeriph_Driver\src\stm32f0xx_flash.o Libraries\STM32F0xx_StdPeriph_Driver\src\stm32f0xx_gpio.o Libraries\STM32F0xx_StdPeriph_Driver\src\stm32f0xx_i2c.o Libraries\STM32F0xx_StdPeriph_Driver\src\stm32f0xx_iwdg.o Libraries\STM32F0xx_StdPeriph_Driver\src\stm32f0xx_misc.o Libraries\STM32F0xx_StdPeriph_Driver\src\stm32f0xx_pwr.o Libraries\STM32F0xx_StdPeriph_Driver\src\stm32f0xx_rcc.o Libraries\STM32F0xx_StdPeriph_Driver\src\stm32f0xx_rtc.o Libraries\STM32F0xx_StdPeriph_Driver\src\stm32f0xx_spi.o Libraries\STM32F0xx_StdPeriph_Driver\src\stm32f0xx_syscfg.o Libraries\STM32F0xx_StdPeriph_Driver\src\stm32f0xx_tim.o Libraries\STM32F0xx_StdPeriph_Driver\src\stm32f0xx_usart.o Libraries\STM32F0xx_StdPeriph_Driver\src\stm32f0xx_wwdg.o Libraries\STM32_USB_Device_Driver\src\usb_core.o Libraries\STM32_USB_Device_Driver\src\usb_dcd.o Libraries\STM32_USB_Device_Driver\src\usb_dcd_int.o Libraries\STM32_USB_Device_Library\Class\cdc\src\usbd_cdc_core.o Libraries\STM32_USB_Device_Library\Class\cdc\src\usbd_cdc_if_template.o Libraries\STM32_USB_Device_Library\Core\src\usbd_core.o Libraries\STM32_USB_Device_Library\Core\src\usbd_ioreq.o Libraries\STM32_USB_Device_Library\Core\src\usbd_req.o src\configConsole.o src\main.o src\src\drvApa102.o src\src\drvDisplay.o src\src\drvMMA8653.o src\src\drvNvMemory.o src\src\drvPower.o src\src\drvUSB.o src\src\eeprom.o src\src\usb_bsp.o src\src\usbd_desc.o src\src\usbd_pwr.o src\src\usbd_usr.o src\src\utilFifo.o src\startup_stm32f0xx.o src\stm32_it.o src\system_stm32f0xx.o -mthumb -mcpu=cortex-m0 -T..\stm32_flash.ld -specs=nosys.specs -static -Wl,-cref,-u,Reset_Handler -Wl,-Map=POV_Display.map -Wl,--gc-sections -Wl,--defsym=malloc_getpagesize_P=0x80 -Wl,--start-group -lc -lm -Wl,--end-group -specs=nano.specs 
C:\Program Files (x86)\Atollic\TrueSTUDIO for STM32 9.2.0\ide\jre\bin\java -jar C:\Program Files (x86)\Atollic\TrueSTUDIO for STM32 9.2.0\Tools\arm-atollic-reports.jar convert-hex sizeinfo list POV_Display.elf 
Generate build reports...
Converting build output to hex
Output sent to: POV_Display.hex
Converting build output to hex done
Print size information
   text	   data	    bss	    dec	    hex	filename
  21680	    264	   5540	  27484	   6b5c	POV_Display.elf
Print size information done
Generate listing file
Output sent to: POV_Display.list
Generate listing file done
Generate build reports done
Info: Nothing to build for POV_Display
Info: Nothing to build for POV_Display
13:05:44 **** Incremental Build of configuration Debug for project USB_Test ****
Info: Internal Builder is used for build
arm-atollic-eabi-gcc -c ..\src\usb.c -mthumb -mcpu=cortex-m0 -std=gnu11 -DSTM32F042x6 -DHSI48_VALUE=((uint32_t)48000000) -I../src -IC:\git\LightShaker\AtollicWorkspace\shared\Libraries\CMSIS\Include -IC:\git\LightShaker\AtollicWorkspace\shared\Libraries\CMSIS\Device\ST\STM32F0xx\Include -O0 -ffunction-sections -fdata-sections -g -fstack-usage -Wall -specs=nano.specs -o src\usb.o 
arm-atollic-eabi-gcc -o USB_Test.elf src\main.o src\startup_stm32f042x6.o src\tiny_printf.o src\usb.o -mthumb -mcpu=cortex-m0 -T../stm32_flash.ld -specs=nosys.specs -static -Wl,-cref,-u,Reset_Handler -Wl,-Map=USB_Test.map -Wl,--gc-sections -Wl,--defsym=malloc_getpagesize_P=0x80 -Wl,--start-group -lc -lm -Wl,--end-group -specs=nano.specs 
C:\Program Files (x86)\Atollic\TrueSTUDIO for STM32 9.2.0\ide\jre\bin\java -jar C:\Program Files (x86)\Atollic\TrueSTUDIO for STM32 9.2.0\Tools\arm-atollic-reports.jar sizeinfo list USB_Test.elf 
Generate build reports...
Print size information
   text	   data	    bss	    dec	    hex	filename
   8356	     12	    724	   9092	   2384	USB_Test.elf
Print size information done
Generate listing file
Output sent to: USB_Test.list
Generate listing file done
Generate build reports done
Info: Nothing to build for POV_Display
13:23:12 **** Incremental Build of configuration Debug for project POV_Display ****
Info: Internal Builder is used for build
arm-atollic-eabi-gcc -c ..\src\stm32_it.c -mthumb -mcpu=cortex-m0 -std=c99 -DSTM32F042 -DUSE_STDPERIPH_DRIVER -IC:\git\LightShaker\AtollicWorkspace\shared\src -IC:\git\LightShaker\AtollicWorkspace\POV_Display\src -IC:\git\LightShaker\AtollicWorkspace\shared\Libraries\CMSIS\Include -IC:\git\LightShaker\AtollicWorkspace\shared\Libraries\CMSIS\Device\ST\STM32F0xx\Include -IC:\git\LightShaker\AtollicWorkspace\shared\Libraries\STM32F0xx_StdPeriph_Driver\inc -IC:\git\LightShaker\AtollicWorkspace\shared\Libraries\STM32_USB_Device_Driver\inc -IC:\git\LightShaker\AtollicWorkspace\shared\Libraries\STM32_USB_Device_Library\Class\cdc\inc -IC:\git\LightShaker\AtollicWorkspace\shared\Libraries\STM32_USB_Device_Library\Core\inc -O0 -ffunction-sections -fdata-sections -g -fstack-usage -Wall -specs=nano.specs -o src\stm32_it.o 
arm-atollic-eabi-gcc -o POV_Display.elf Libraries\STM32F0xx_StdPeriph_Driver\src\stm32f0xx_adc.o Libraries\STM32F0xx_StdPeriph_Driver\src\stm32f0xx_can.o Libraries\STM32F0xx_StdPeriph_Driver\src\stm32f0xx_cec.o Libraries\STM32F0xx_StdPeriph_Driver\src\stm32f0xx_comp.o Libraries\STM32F0xx_StdPeriph_Driver\src\stm32f0xx_crc.o Libraries\STM32F0xx_StdPeriph_Driver\src\stm32f0xx_crs.o Libraries\STM32F0xx_StdPeriph_Driver\src\stm32f0xx_dac.o Libraries\STM32F0xx_StdPeriph_Driver\src\stm32f0xx_dbgmcu.o Libraries\STM32F0xx_StdPeriph_Driver\src\stm32f0xx_dma.o Libraries\STM32F0xx_StdPeriph_Driver\src\stm32f0xx_exti.o Libraries\STM32F0xx_StdPeriph_Driver\src\stm32f0xx_flash.o Libraries\STM32F0xx_StdPeriph_Driver\src\stm32f0xx_gpio.o Libraries\STM32F0xx_StdPeriph_Driver\src\stm32f0xx_i2c.o Libraries\STM32F0xx_StdPeriph_Driver\src\stm32f0xx_iwdg.o Libraries\STM32F0xx_StdPeriph_Driver\src\stm32f0xx_misc.o Libraries\STM32F0xx_StdPeriph_Driver\src\stm32f0xx_pwr.o Libraries\STM32F0xx_StdPeriph_Driver\src\stm32f0xx_rcc.o Libraries\STM32F0xx_StdPeriph_Driver\src\stm32f0xx_rtc.o Libraries\STM32F0xx_StdPeriph_Driver\src\stm32f0xx_spi.o Libraries\STM32F0xx_StdPeriph_Driver\src\stm32f0xx_syscfg.o Libraries\STM32F0xx_StdPeriph_Driver\src\stm32f0xx_tim.o Libraries\STM32F0xx_StdPeriph_Driver\src\stm32f0xx_usart.o Libraries\STM32F0xx_StdPeriph_Driver\src\stm32f0xx_wwdg.o Libraries\STM32_USB_Device_Driver\src\usb_core.o Libraries\STM32_USB_Device_Driver\src\usb_dcd.o Libraries\STM32_USB_Device_Driver\src\usb_dcd_int.o Libraries\STM32_USB_Device_Library\Class\cdc\src\usbd_cdc_core.o Libraries\STM32_USB_Device_Library\Class\cdc\src\usbd_cdc_if_template.o Libraries\STM32_USB_Device_Library\Core\src\usbd_core.o Libraries\STM32_USB_Device_Library\Core\src\usbd_ioreq.o Libraries\STM32_USB_Device_Library\Core\src\usbd_req.o src\configConsole.o src\main.o src\src\drvApa102.o src\src\drvDisplay.o src\src\drvMMA8653.o src\src\drvNvMemory.o src\src\drvPower.o src\src\drvUSB.o src\src\eeprom.o src\src\usb_bsp.o src\src\usbd_desc.o src\src\usbd_pwr.o src\src\usbd_usr.o src\src\utilFifo.o src\startup_stm32f0xx.o src\stm32_it.o src\system_stm32f0xx.o -mthumb -mcpu=cortex-m0 -T..\stm32_flash.ld -specs=nosys.specs -static -Wl,-cref,-u,Reset_Handler -Wl,-Map=POV_Display.map -Wl,--gc-sections -Wl,--defsym=malloc_getpagesize_P=0x80 -Wl,--start-group -lc -lm -Wl,--end-group -specs=nano.specs 
C:\Program Files (x86)\Atollic\TrueSTUDIO for STM32 9.2.0\ide\jre\bin\java -jar C:\Program Files (x86)\Atollic\TrueSTUDIO for STM32 9.2.0\Tools\arm-atollic-reports.jar convert-hex sizeinfo list POV_Display.elf 
Generate build reports...
Converting build output to hex
Output sent to: POV_Display.hex
Converting build output to hex done
Print size information
   text	   data	    bss	    dec	    hex	filename
  27820	    296	   5556	  33672	   8388	POV_Display.elf
Print size information done
Generate listing file
Output sent to: POV_Display.list
Generate listing file done
Generate build reports done
13:28:43 **** Incremental Build of configuration Debug for project POV_Display ****
Info: Internal Builder is used for build
arm-atollic-eabi-gcc -c ..\src\stm32_it.c -mthumb -mcpu=cortex-m0 -std=c99 -DSTM32F042 -DUSE_STDPERIPH_DRIVER -IC:\git\LightShaker\AtollicWorkspace\shared\src -IC:\git\LightShaker\AtollicWorkspace\POV_Display\src -IC:\git\LightShaker\AtollicWorkspace\shared\Libraries\CMSIS\Include -IC:\git\LightShaker\AtollicWorkspace\shared\Libraries\CMSIS\Device\ST\STM32F0xx\Include -IC:\git\LightShaker\AtollicWorkspace\shared\Libraries\STM32F0xx_StdPeriph_Driver\inc -IC:\git\LightShaker\AtollicWorkspace\shared\Libraries\STM32_USB_Device_Driver\inc -IC:\git\LightShaker\AtollicWorkspace\shared\Libraries\STM32_USB_Device_Library\Class\cdc\inc -IC:\git\LightShaker\AtollicWorkspace\shared\Libraries\STM32_USB_Device_Library\Core\inc -O0 -ffunction-sections -fdata-sections -g -fstack-usage -Wall -specs=nano.specs -o src\stm32_it.o 
arm-atollic-eabi-gcc -o POV_Display.elf Libraries\STM32F0xx_StdPeriph_Driver\src\stm32f0xx_adc.o Libraries\STM32F0xx_StdPeriph_Driver\src\stm32f0xx_can.o Libraries\STM32F0xx_StdPeriph_Driver\src\stm32f0xx_cec.o Libraries\STM32F0xx_StdPeriph_Driver\src\stm32f0xx_comp.o Libraries\STM32F0xx_StdPeriph_Driver\src\stm32f0xx_crc.o Libraries\STM32F0xx_StdPeriph_Driver\src\stm32f0xx_crs.o Libraries\STM32F0xx_StdPeriph_Driver\src\stm32f0xx_dac.o Libraries\STM32F0xx_StdPeriph_Driver\src\stm32f0xx_dbgmcu.o Libraries\STM32F0xx_StdPeriph_Driver\src\stm32f0xx_dma.o Libraries\STM32F0xx_StdPeriph_Driver\src\stm32f0xx_exti.o Libraries\STM32F0xx_StdPeriph_Driver\src\stm32f0xx_flash.o Libraries\STM32F0xx_StdPeriph_Driver\src\stm32f0xx_gpio.o Libraries\STM32F0xx_StdPeriph_Driver\src\stm32f0xx_i2c.o Libraries\STM32F0xx_StdPeriph_Driver\src\stm32f0xx_iwdg.o Libraries\STM32F0xx_StdPeriph_Driver\src\stm32f0xx_misc.o Libraries\STM32F0xx_StdPeriph_Driver\src\stm32f0xx_pwr.o Libraries\STM32F0xx_StdPeriph_Driver\src\stm32f0xx_rcc.o Libraries\STM32F0xx_StdPeriph_Driver\src\stm32f0xx_rtc.o Libraries\STM32F0xx_StdPeriph_Driver\src\stm32f0xx_spi.o Libraries\STM32F0xx_StdPeriph_Driver\src\stm32f0xx_syscfg.o Libraries\STM32F0xx_StdPeriph_Driver\src\stm32f0xx_tim.o Libraries\STM32F0xx_StdPeriph_Driver\src\stm32f0xx_usart.o Libraries\STM32F0xx_StdPeriph_Driver\src\stm32f0xx_wwdg.o Libraries\STM32_USB_Device_Driver\src\usb_core.o Libraries\STM32_USB_Device_Driver\src\usb_dcd.o Libraries\STM32_USB_Device_Driver\src\usb_dcd_int.o Libraries\STM32_USB_Device_Library\Class\cdc\src\usbd_cdc_core.o Libraries\STM32_USB_Device_Library\Class\cdc\src\usbd_cdc_if_template.o Libraries\STM32_USB_Device_Library\Core\src\usbd_core.o Libraries\STM32_USB_Device_Library\Core\src\usbd_ioreq.o Libraries\STM32_USB_Device_Library\Core\src\usbd_req.o src\configConsole.o src\main.o src\src\drvApa102.o src\src\drvDisplay.o src\src\drvMMA8653.o src\src\drvNvMemory.o src\src\drvPower.o src\src\drvUSB.o src\src\eeprom.o src\src\usb_bsp.o src\src\usbd_desc.o src\src\usbd_pwr.o src\src\usbd_usr.o src\src\utilFifo.o src\startup_stm32f0xx.o src\stm32_it.o src\system_stm32f0xx.o -mthumb -mcpu=cortex-m0 -T..\stm32_flash.ld -specs=nosys.specs -static -Wl,-cref,-u,Reset_Handler -Wl,-Map=POV_Display.map -Wl,--gc-sections -Wl,--defsym=malloc_getpagesize_P=0x80 -Wl,--start-group -lc -lm -Wl,--end-group -specs=nano.specs 
C:\Program Files (x86)\Atollic\TrueSTUDIO for STM32 9.2.0\ide\jre\bin\java -jar C:\Program Files (x86)\Atollic\TrueSTUDIO for STM32 9.2.0\Tools\arm-atollic-reports.jar convert-hex sizeinfo list POV_Display.elf 
Generate build reports...
Converting build output to hex
Output sent to: POV_Display.hex
Converting build output to hex done
Print size information
   text	   data	    bss	    dec	    hex	filename
  27824	    296	   5556	  33676	   838c	POV_Display.elf
Print size information done
Generate listing file
Output sent to: POV_Display.list
Generate listing file done
Generate build reports done
13:29:30 **** Incremental Build of configuration Debug for project POV_Display ****
Info: Internal Builder is used for build
arm-atollic-eabi-gcc -c ..\src\stm32_it.c -mthumb -mcpu=cortex-m0 -std=c99 -DSTM32F042 -DUSE_STDPERIPH_DRIVER -IC:\git\LightShaker\AtollicWorkspace\shared\src -IC:\git\LightShaker\AtollicWorkspace\POV_Display\src -IC:\git\LightShaker\AtollicWorkspace\shared\Libraries\CMSIS\Include -IC:\git\LightShaker\AtollicWorkspace\shared\Libraries\CMSIS\Device\ST\STM32F0xx\Include -IC:\git\LightShaker\AtollicWorkspace\shared\Libraries\STM32F0xx_StdPeriph_Driver\inc -IC:\git\LightShaker\AtollicWorkspace\shared\Libraries\STM32_USB_Device_Driver\inc -IC:\git\LightShaker\AtollicWorkspace\shared\Libraries\STM32_USB_Device_Library\Class\cdc\inc -IC:\git\LightShaker\AtollicWorkspace\shared\Libraries\STM32_USB_Device_Library\Core\inc -O0 -ffunction-sections -fdata-sections -g -fstack-usage -Wall -specs=nano.specs -o src\stm32_it.o 
arm-atollic-eabi-gcc -o POV_Display.elf Libraries\STM32F0xx_StdPeriph_Driver\src\stm32f0xx_adc.o Libraries\STM32F0xx_StdPeriph_Driver\src\stm32f0xx_can.o Libraries\STM32F0xx_StdPeriph_Driver\src\stm32f0xx_cec.o Libraries\STM32F0xx_StdPeriph_Driver\src\stm32f0xx_comp.o Libraries\STM32F0xx_StdPeriph_Driver\src\stm32f0xx_crc.o Libraries\STM32F0xx_StdPeriph_Driver\src\stm32f0xx_crs.o Libraries\STM32F0xx_StdPeriph_Driver\src\stm32f0xx_dac.o Libraries\STM32F0xx_StdPeriph_Driver\src\stm32f0xx_dbgmcu.o Libraries\STM32F0xx_StdPeriph_Driver\src\stm32f0xx_dma.o Libraries\STM32F0xx_StdPeriph_Driver\src\stm32f0xx_exti.o Libraries\STM32F0xx_StdPeriph_Driver\src\stm32f0xx_flash.o Libraries\STM32F0xx_StdPeriph_Driver\src\stm32f0xx_gpio.o Libraries\STM32F0xx_StdPeriph_Driver\src\stm32f0xx_i2c.o Libraries\STM32F0xx_StdPeriph_Driver\src\stm32f0xx_iwdg.o Libraries\STM32F0xx_StdPeriph_Driver\src\stm32f0xx_misc.o Libraries\STM32F0xx_StdPeriph_Driver\src\stm32f0xx_pwr.o Libraries\STM32F0xx_StdPeriph_Driver\src\stm32f0xx_rcc.o Libraries\STM32F0xx_StdPeriph_Driver\src\stm32f0xx_rtc.o Libraries\STM32F0xx_StdPeriph_Driver\src\stm32f0xx_spi.o Libraries\STM32F0xx_StdPeriph_Driver\src\stm32f0xx_syscfg.o Libraries\STM32F0xx_StdPeriph_Driver\src\stm32f0xx_tim.o Libraries\STM32F0xx_StdPeriph_Driver\src\stm32f0xx_usart.o Libraries\STM32F0xx_StdPeriph_Driver\src\stm32f0xx_wwdg.o Libraries\STM32_USB_Device_Driver\src\usb_core.o Libraries\STM32_USB_Device_Driver\src\usb_dcd.o Libraries\STM32_USB_Device_Driver\src\usb_dcd_int.o Libraries\STM32_USB_Device_Library\Class\cdc\src\usbd_cdc_core.o Libraries\STM32_USB_Device_Library\Class\cdc\src\usbd_cdc_if_template.o Libraries\STM32_USB_Device_Library\Core\src\usbd_core.o Libraries\STM32_USB_Device_Library\Core\src\usbd_ioreq.o Libraries\STM32_USB_Device_Library\Core\src\usbd_req.o src\configConsole.o src\main.o src\src\drvApa102.o src\src\drvDisplay.o src\src\drvMMA8653.o src\src\drvNvMemory.o src\src\drvPower.o src\src\drvUSB.o src\src\eeprom.o src\src\usb_bsp.o src\src\usbd_desc.o src\src\usbd_pwr.o src\src\usbd_usr.o src\src\utilFifo.o src\startup_stm32f0xx.o src\stm32_it.o src\system_stm32f0xx.o -mthumb -mcpu=cortex-m0 -T..\stm32_flash.ld -specs=nosys.specs -static -Wl,-cref,-u,Reset_Handler -Wl,-Map=POV_Display.map -Wl,--gc-sections -Wl,--defsym=malloc_getpagesize_P=0x80 -Wl,--start-group -lc -lm -Wl,--end-group -specs=nano.specs 
C:\Program Files (x86)\Atollic\TrueSTUDIO for STM32 9.2.0\ide\jre\bin\java -jar C:\Program Files (x86)\Atollic\TrueSTUDIO for STM32 9.2.0\Tools\arm-atollic-reports.jar convert-hex sizeinfo list POV_Display.elf 
Generate build reports...
Converting build output to hex
Output sent to: POV_Display.hex
Converting build output to hex done
Print size information
   text	   data	    bss	    dec	    hex	filename
  27820	    296	   5556	  33672	   8388	POV_Display.elf
Print size information done
Generate listing file
Output sent to: POV_Display.list
Generate listing file done
Generate build reports done
13:30:49 **** Incremental Build of configuration Debug for project POV_Display ****
Info: Internal Builder is used for build
arm-atollic-eabi-gcc -c ..\src\main.c -mthumb -mcpu=cortex-m0 -std=c99 -DSTM32F042 -DUSE_STDPERIPH_DRIVER -IC:\git\LightShaker\AtollicWorkspace\shared\src -IC:\git\LightShaker\AtollicWorkspace\POV_Display\src -IC:\git\LightShaker\AtollicWorkspace\shared\Libraries\CMSIS\Include -IC:\git\LightShaker\AtollicWorkspace\shared\Libraries\CMSIS\Device\ST\STM32F0xx\Include -IC:\git\LightShaker\AtollicWorkspace\shared\Libraries\STM32F0xx_StdPeriph_Driver\inc -IC:\git\LightShaker\AtollicWorkspace\shared\Libraries\STM32_USB_Device_Driver\inc -IC:\git\LightShaker\AtollicWorkspace\shared\Libraries\STM32_USB_Device_Library\Class\cdc\inc -IC:\git\LightShaker\AtollicWorkspace\shared\Libraries\STM32_USB_Device_Library\Core\inc -O0 -ffunction-sections -fdata-sections -g -fstack-usage -Wall -specs=nano.specs -o src\main.o 
arm-atollic-eabi-gcc -o POV_Display.elf Libraries\STM32F0xx_StdPeriph_Driver\src\stm32f0xx_adc.o Libraries\STM32F0xx_StdPeriph_Driver\src\stm32f0xx_can.o Libraries\STM32F0xx_StdPeriph_Driver\src\stm32f0xx_cec.o Libraries\STM32F0xx_StdPeriph_Driver\src\stm32f0xx_comp.o Libraries\STM32F0xx_StdPeriph_Driver\src\stm32f0xx_crc.o Libraries\STM32F0xx_StdPeriph_Driver\src\stm32f0xx_crs.o Libraries\STM32F0xx_StdPeriph_Driver\src\stm32f0xx_dac.o Libraries\STM32F0xx_StdPeriph_Driver\src\stm32f0xx_dbgmcu.o Libraries\STM32F0xx_StdPeriph_Driver\src\stm32f0xx_dma.o Libraries\STM32F0xx_StdPeriph_Driver\src\stm32f0xx_exti.o Libraries\STM32F0xx_StdPeriph_Driver\src\stm32f0xx_flash.o Libraries\STM32F0xx_StdPeriph_Driver\src\stm32f0xx_gpio.o Libraries\STM32F0xx_StdPeriph_Driver\src\stm32f0xx_i2c.o Libraries\STM32F0xx_StdPeriph_Driver\src\stm32f0xx_iwdg.o Libraries\STM32F0xx_StdPeriph_Driver\src\stm32f0xx_misc.o Libraries\STM32F0xx_StdPeriph_Driver\src\stm32f0xx_pwr.o Libraries\STM32F0xx_StdPeriph_Driver\src\stm32f0xx_rcc.o Libraries\STM32F0xx_StdPeriph_Driver\src\stm32f0xx_rtc.o Libraries\STM32F0xx_StdPeriph_Driver\src\stm32f0xx_spi.o Libraries\STM32F0xx_StdPeriph_Driver\src\stm32f0xx_syscfg.o Libraries\STM32F0xx_StdPeriph_Driver\src\stm32f0xx_tim.o Libraries\STM32F0xx_StdPeriph_Driver\src\stm32f0xx_usart.o Libraries\STM32F0xx_StdPeriph_Driver\src\stm32f0xx_wwdg.o Libraries\STM32_USB_Device_Driver\src\usb_core.o Libraries\STM32_USB_Device_Driver\src\usb_dcd.o Libraries\STM32_USB_Device_Driver\src\usb_dcd_int.o Libraries\STM32_USB_Device_Library\Class\cdc\src\usbd_cdc_core.o Libraries\STM32_USB_Device_Library\Class\cdc\src\usbd_cdc_if_template.o Libraries\STM32_USB_Device_Library\Core\src\usbd_core.o Libraries\STM32_USB_Device_Library\Core\src\usbd_ioreq.o Libraries\STM32_USB_Device_Library\Core\src\usbd_req.o src\configConsole.o src\main.o src\src\drvApa102.o src\src\drvDisplay.o src\src\drvMMA8653.o src\src\drvNvMemory.o src\src\drvPower.o src\src\drvUSB.o src\src\eeprom.o src\src\usb_bsp.o src\src\usbd_desc.o src\src\usbd_pwr.o src\src\usbd_usr.o src\src\utilFifo.o src\startup_stm32f0xx.o src\stm32_it.o src\system_stm32f0xx.o -mthumb -mcpu=cortex-m0 -T..\stm32_flash.ld -specs=nosys.specs -static -Wl,-cref,-u,Reset_Handler -Wl,-Map=POV_Display.map -Wl,--gc-sections -Wl,--defsym=malloc_getpagesize_P=0x80 -Wl,--start-group -lc -lm -Wl,--end-group -specs=nano.specs 
C:\Program Files (x86)\Atollic\TrueSTUDIO for STM32 9.2.0\ide\jre\bin\java -jar C:\Program Files (x86)\Atollic\TrueSTUDIO for STM32 9.2.0\Tools\arm-atollic-reports.jar convert-hex sizeinfo list POV_Display.elf 
Generate build reports...
Converting build output to hex
Output sent to: POV_Display.hex
Converting build output to hex done
Print size information
   text	   data	    bss	    dec	    hex	filename
  27820	    296	   5556	  33672	   8388	POV_Display.elf
Print size information done
Generate listing file
Output sent to: POV_Display.list
Generate listing file done
Generate build reports done
13:31:47 **** Rebuild of configuration Debug for project POV_Display ****
Info: Internal Builder is used for build
arm-atollic-eabi-gcc -c ..\..\shared\Libraries\STM32F0xx_StdPeriph_Driver\src\stm32f0xx_dbgmcu.c -mthumb -mcpu=cortex-m0 -std=c99 -DSTM32F042 -DUSE_STDPERIPH_DRIVER -IC:\git\LightShaker\AtollicWorkspace\shared\src -IC:\git\LightShaker\AtollicWorkspace\POV_Display\src -IC:\git\LightShaker\AtollicWorkspace\shared\Libraries\CMSIS\Include -IC:\git\LightShaker\AtollicWorkspace\shared\Libraries\CMSIS\Device\ST\STM32F0xx\Include -IC:\git\LightShaker\AtollicWorkspace\shared\Libraries\STM32F0xx_StdPeriph_Driver\inc -IC:\git\LightShaker\AtollicWorkspace\shared\Libraries\STM32_USB_Device_Driver\inc -IC:\git\LightShaker\AtollicWorkspace\shared\Libraries\STM32_USB_Device_Library\Class\cdc\inc -IC:\git\LightShaker\AtollicWorkspace\shared\Libraries\STM32_USB_Device_Library\Core\inc -O0 -ffunction-sections -fdata-sections -g -fstack-usage -Wall -specs=nano.specs -o Libraries\STM32F0xx_StdPeriph_Driver\src\stm32f0xx_dbgmcu.o 
arm-atollic-eabi-gcc -c ..\..\shared\src\utilFifo.c -mthumb -mcpu=cortex-m0 -std=c99 -DSTM32F042 -DUSE_STDPERIPH_DRIVER -IC:\git\LightShaker\AtollicWorkspace\shared\src -IC:\git\LightShaker\AtollicWorkspace\POV_Display\src -IC:\git\LightShaker\AtollicWorkspace\shared\Libraries\CMSIS\Include -IC:\git\LightShaker\AtollicWorkspace\shared\Libraries\CMSIS\Device\ST\STM32F0xx\Include -IC:\git\LightShaker\AtollicWorkspace\shared\Libraries\STM32F0xx_StdPeriph_Driver\inc -IC:\git\LightShaker\AtollicWorkspace\shared\Libraries\STM32_USB_Device_Driver\inc -IC:\git\LightShaker\AtollicWorkspace\shared\Libraries\STM32_USB_Device_Library\Class\cdc\inc -IC:\git\LightShaker\AtollicWorkspace\shared\Libraries\STM32_USB_Device_Library\Core\inc -O0 -ffunction-sections -fdata-sections -g -fstack-usage -Wall -specs=nano.specs -o src\src\utilFifo.o 
arm-atollic-eabi-gcc -c ..\..\shared\Libraries\STM32F0xx_StdPeriph_Driver\src\stm32f0xx_crs.c -mthumb -mcpu=cortex-m0 -std=c99 -DSTM32F042 -DUSE_STDPERIPH_DRIVER -IC:\git\LightShaker\AtollicWorkspace\shared\src -IC:\git\LightShaker\AtollicWorkspace\POV_Display\src -IC:\git\LightShaker\AtollicWorkspace\shared\Libraries\CMSIS\Include -IC:\git\LightShaker\AtollicWorkspace\shared\Libraries\CMSIS\Device\ST\STM32F0xx\Include -IC:\git\LightShaker\AtollicWorkspace\shared\Libraries\STM32F0xx_StdPeriph_Driver\inc -IC:\git\LightShaker\AtollicWorkspace\shared\Libraries\STM32_USB_Device_Driver\inc -IC:\git\LightShaker\AtollicWorkspace\shared\Libraries\STM32_USB_Device_Library\Class\cdc\inc -IC:\git\LightShaker\AtollicWorkspace\shared\Libraries\STM32_USB_Device_Library\Core\inc -O0 -ffunction-sections -fdata-sections -g -fstack-usage -Wall -specs=nano.specs -o Libraries\STM32F0xx_StdPeriph_Driver\src\stm32f0xx_crs.o 
arm-atollic-eabi-gcc -c ..\..\shared\Libraries\STM32F0xx_StdPeriph_Driver\src\stm32f0xx_i2c.c -mthumb -mcpu=cortex-m0 -std=c99 -DSTM32F042 -DUSE_STDPERIPH_DRIVER -IC:\git\LightShaker\AtollicWorkspace\shared\src -IC:\git\LightShaker\AtollicWorkspace\POV_Display\src -IC:\git\LightShaker\AtollicWorkspace\shared\Libraries\CMSIS\Include -IC:\git\LightShaker\AtollicWorkspace\shared\Libraries\CMSIS\Device\ST\STM32F0xx\Include -IC:\git\LightShaker\AtollicWorkspace\shared\Libraries\STM32F0xx_StdPeriph_Driver\inc -IC:\git\LightShaker\AtollicWorkspace\shared\Libraries\STM32_USB_Device_Driver\inc -IC:\git\LightShaker\AtollicWorkspace\shared\Libraries\STM32_USB_Device_Library\Class\cdc\inc -IC:\git\LightShaker\AtollicWorkspace\shared\Libraries\STM32_USB_Device_Library\Core\inc -O0 -ffunction-sections -fdata-sections -g -fstack-usage -Wall -specs=nano.specs -o Libraries\STM32F0xx_StdPeriph_Driver\src\stm32f0xx_i2c.o 
arm-atollic-eabi-gcc -c ..\..\shared\src\drvUSB.c -mthumb -mcpu=cortex-m0 -std=c99 -DSTM32F042 -DUSE_STDPERIPH_DRIVER -IC:\git\LightShaker\AtollicWorkspace\shared\src -IC:\git\LightShaker\AtollicWorkspace\POV_Display\src -IC:\git\LightShaker\AtollicWorkspace\shared\Libraries\CMSIS\Include -IC:\git\LightShaker\AtollicWorkspace\shared\Libraries\CMSIS\Device\ST\STM32F0xx\Include -IC:\git\LightShaker\AtollicWorkspace\shared\Libraries\STM32F0xx_StdPeriph_Driver\inc -IC:\git\LightShaker\AtollicWorkspace\shared\Libraries\STM32_USB_Device_Driver\inc -IC:\git\LightShaker\AtollicWorkspace\shared\Libraries\STM32_USB_Device_Library\Class\cdc\inc -IC:\git\LightShaker\AtollicWorkspace\shared\Libraries\STM32_USB_Device_Library\Core\inc -O0 -ffunction-sections -fdata-sections -g -fstack-usage -Wall -specs=nano.specs -o src\src\drvUSB.o 
arm-atollic-eabi-gcc -c -mthumb -mcpu=cortex-m0 -DSTM32F042 -DUSE_STDPERIPH_DRIVER -IC:\git\LightShaker\AtollicWorkspace\shared\src -IC:\git\LightShaker\AtollicWorkspace\POV_Display\src -IC:\git\LightShaker\AtollicWorkspace\shared\Libraries\CMSIS\Include -IC:\git\LightShaker\AtollicWorkspace\shared\Libraries\CMSIS\Device\ST\STM32F0xx\Include -IC:\git\LightShaker\AtollicWorkspace\shared\Libraries\STM32F0xx_StdPeriph_Driver\inc -IC:\git\LightShaker\AtollicWorkspace\shared\Libraries\STM32_USB_Device_Driver\inc -IC:\git\LightShaker\AtollicWorkspace\shared\Libraries\STM32_USB_Device_Library\Class\cdc\inc -IC:\git\LightShaker\AtollicWorkspace\shared\Libraries\STM32_USB_Device_Library\Core\inc -g -Wa,--warn -x assembler-with-cpp -specs=nano.specs -o src\startup_stm32f0xx.o ..\src\startup_stm32f0xx.s 
arm-atollic-eabi-gcc -c ..\..\shared\src\usbd_desc.c -mthumb -mcpu=cortex-m0 -std=c99 -DSTM32F042 -DUSE_STDPERIPH_DRIVER -IC:\git\LightShaker\AtollicWorkspace\shared\src -IC:\git\LightShaker\AtollicWorkspace\POV_Display\src -IC:\git\LightShaker\AtollicWorkspace\shared\Libraries\CMSIS\Include -IC:\git\LightShaker\AtollicWorkspace\shared\Libraries\CMSIS\Device\ST\STM32F0xx\Include -IC:\git\LightShaker\AtollicWorkspace\shared\Libraries\STM32F0xx_StdPeriph_Driver\inc -IC:\git\LightShaker\AtollicWorkspace\shared\Libraries\STM32_USB_Device_Driver\inc -IC:\git\LightShaker\AtollicWorkspace\shared\Libraries\STM32_USB_Device_Library\Class\cdc\inc -IC:\git\LightShaker\AtollicWorkspace\shared\Libraries\STM32_USB_Device_Library\Core\inc -O0 -ffunction-sections -fdata-sections -g -fstack-usage -Wall -specs=nano.specs -o src\src\usbd_desc.o 
arm-atollic-eabi-gcc -c ..\..\shared\src\usbd_usr.c -mthumb -mcpu=cortex-m0 -std=c99 -DSTM32F042 -DUSE_STDPERIPH_DRIVER -IC:\git\LightShaker\AtollicWorkspace\shared\src -IC:\git\LightShaker\AtollicWorkspace\POV_Display\src -IC:\git\LightShaker\AtollicWorkspace\shared\Libraries\CMSIS\Include -IC:\git\LightShaker\AtollicWorkspace\shared\Libraries\CMSIS\Device\ST\STM32F0xx\Include -IC:\git\LightShaker\AtollicWorkspace\shared\Libraries\STM32F0xx_StdPeriph_Driver\inc -IC:\git\LightShaker\AtollicWorkspace\shared\Libraries\STM32_USB_Device_Driver\inc -IC:\git\LightShaker\AtollicWorkspace\shared\Libraries\STM32_USB_Device_Library\Class\cdc\inc -IC:\git\LightShaker\AtollicWorkspace\shared\Libraries\STM32_USB_Device_Library\Core\inc -O0 -ffunction-sections -fdata-sections -g -fstack-usage -Wall -specs=nano.specs -o src\src\usbd_usr.o 
arm-atollic-eabi-gcc -c ..\..\shared\src\usb_bsp.c -mthumb -mcpu=cortex-m0 -std=c99 -DSTM32F042 -DUSE_STDPERIPH_DRIVER -IC:\git\LightShaker\AtollicWorkspace\shared\src -IC:\git\LightShaker\AtollicWorkspace\POV_Display\src -IC:\git\LightShaker\AtollicWorkspace\shared\Libraries\CMSIS\Include -IC:\git\LightShaker\AtollicWorkspace\shared\Libraries\CMSIS\Device\ST\STM32F0xx\Include -IC:\git\LightShaker\AtollicWorkspace\shared\Libraries\STM32F0xx_StdPeriph_Driver\inc -IC:\git\LightShaker\AtollicWorkspace\shared\Libraries\STM32_USB_Device_Driver\inc -IC:\git\LightShaker\AtollicWorkspace\shared\Libraries\STM32_USB_Device_Library\Class\cdc\inc -IC:\git\LightShaker\AtollicWorkspace\shared\Libraries\STM32_USB_Device_Library\Core\inc -O0 -ffunction-sections -fdata-sections -g -fstack-usage -Wall -specs=nano.specs -o src\src\usb_bsp.o 
arm-atollic-eabi-gcc -c ..\..\shared\Libraries\STM32_USB_Device_Library\Class\cdc\src\usbd_cdc_core.c -mthumb -mcpu=cortex-m0 -std=c99 -DSTM32F042 -DUSE_STDPERIPH_DRIVER -IC:\git\LightShaker\AtollicWorkspace\shared\src -IC:\git\LightShaker\AtollicWorkspace\POV_Display\src -IC:\git\LightShaker\AtollicWorkspace\shared\Libraries\CMSIS\Include -IC:\git\LightShaker\AtollicWorkspace\shared\Libraries\CMSIS\Device\ST\STM32F0xx\Include -IC:\git\LightShaker\AtollicWorkspace\shared\Libraries\STM32F0xx_StdPeriph_Driver\inc -IC:\git\LightShaker\AtollicWorkspace\shared\Libraries\STM32_USB_Device_Driver\inc -IC:\git\LightShaker\AtollicWorkspace\shared\Libraries\STM32_USB_Device_Library\Class\cdc\inc -IC:\git\LightShaker\AtollicWorkspace\shared\Libraries\STM32_USB_Device_Library\Core\inc -O0 -ffunction-sections -fdata-sections -g -fstack-usage -Wall -specs=nano.specs -o Libraries\STM32_USB_Device_Library\Class\cdc\src\usbd_cdc_core.o 
arm-atollic-eabi-gcc -c ..\..\shared\Libraries\STM32_USB_Device_Driver\src\usb_dcd.c -mthumb -mcpu=cortex-m0 -std=c99 -DSTM32F042 -DUSE_STDPERIPH_DRIVER -IC:\git\LightShaker\AtollicWorkspace\shared\src -IC:\git\LightShaker\AtollicWorkspace\POV_Display\src -IC:\git\LightShaker\AtollicWorkspace\shared\Libraries\CMSIS\Include -IC:\git\LightShaker\AtollicWorkspace\shared\Libraries\CMSIS\Device\ST\STM32F0xx\Include -IC:\git\LightShaker\AtollicWorkspace\shared\Libraries\STM32F0xx_StdPeriph_Driver\inc -IC:\git\LightShaker\AtollicWorkspace\shared\Libraries\STM32_USB_Device_Driver\inc -IC:\git\LightShaker\AtollicWorkspace\shared\Libraries\STM32_USB_Device_Library\Class\cdc\inc -IC:\git\LightShaker\AtollicWorkspace\shared\Libraries\STM32_USB_Device_Library\Core\inc -O0 -ffunction-sections -fdata-sections -g -fstack-usage -Wall -specs=nano.specs -o Libraries\STM32_USB_Device_Driver\src\usb_dcd.o 
arm-atollic-eabi-gcc -c ..\..\shared\Libraries\STM32F0xx_StdPeriph_Driver\src\stm32f0xx_usart.c -mthumb -mcpu=cortex-m0 -std=c99 -DSTM32F042 -DUSE_STDPERIPH_DRIVER -IC:\git\LightShaker\AtollicWorkspace\shared\src -IC:\git\LightShaker\AtollicWorkspace\POV_Display\src -IC:\git\LightShaker\AtollicWorkspace\shared\Libraries\CMSIS\Include -IC:\git\LightShaker\AtollicWorkspace\shared\Libraries\CMSIS\Device\ST\STM32F0xx\Include -IC:\git\LightShaker\AtollicWorkspace\shared\Libraries\STM32F0xx_StdPeriph_Driver\inc -IC:\git\LightShaker\AtollicWorkspace\shared\Libraries\STM32_USB_Device_Driver\inc -IC:\git\LightShaker\AtollicWorkspace\shared\Libraries\STM32_USB_Device_Library\Class\cdc\inc -IC:\git\LightShaker\AtollicWorkspace\shared\Libraries\STM32_USB_Device_Library\Core\inc -O0 -ffunction-sections -fdata-sections -g -fstack-usage -Wall -specs=nano.specs -o Libraries\STM32F0xx_StdPeriph_Driver\src\stm32f0xx_usart.o 
arm-atollic-eabi-gcc -c ..\..\shared\Libraries\STM32_USB_Device_Library\Class\cdc\src\usbd_cdc_if_template.c -mthumb -mcpu=cortex-m0 -std=c99 -DSTM32F042 -DUSE_STDPERIPH_DRIVER -IC:\git\LightShaker\AtollicWorkspace\shared\src -IC:\git\LightShaker\AtollicWorkspace\POV_Display\src -IC:\git\LightShaker\AtollicWorkspace\shared\Libraries\CMSIS\Include -IC:\git\LightShaker\AtollicWorkspace\shared\Libraries\CMSIS\Device\ST\STM32F0xx\Include -IC:\git\LightShaker\AtollicWorkspace\shared\Libraries\STM32F0xx_StdPeriph_Driver\inc -IC:\git\LightShaker\AtollicWorkspace\shared\Libraries\STM32_USB_Device_Driver\inc -IC:\git\LightShaker\AtollicWorkspace\shared\Libraries\STM32_USB_Device_Library\Class\cdc\inc -IC:\git\LightShaker\AtollicWorkspace\shared\Libraries\STM32_USB_Device_Library\Core\inc -O0 -ffunction-sections -fdata-sections -g -fstack-usage -Wall -specs=nano.specs -o Libraries\STM32_USB_Device_Library\Class\cdc\src\usbd_cdc_if_template.o 
arm-atollic-eabi-gcc -c ..\..\shared\Libraries\STM32F0xx_StdPeriph_Driver\src\stm32f0xx_tim.c -mthumb -mcpu=cortex-m0 -std=c99 -DSTM32F042 -DUSE_STDPERIPH_DRIVER -IC:\git\LightShaker\AtollicWorkspace\shared\src -IC:\git\LightShaker\AtollicWorkspace\POV_Display\src -IC:\git\LightShaker\AtollicWorkspace\shared\Libraries\CMSIS\Include -IC:\git\LightShaker\AtollicWorkspace\shared\Libraries\CMSIS\Device\ST\STM32F0xx\Include -IC:\git\LightShaker\AtollicWorkspace\shared\Libraries\STM32F0xx_StdPeriph_Driver\inc -IC:\git\LightShaker\AtollicWorkspace\shared\Libraries\STM32_USB_Device_Driver\inc -IC:\git\LightShaker\AtollicWorkspace\shared\Libraries\STM32_USB_Device_Library\Class\cdc\inc -IC:\git\LightShaker\AtollicWorkspace\shared\Libraries\STM32_USB_Device_Library\Core\inc -O0 -ffunction-sections -fdata-sections -g -fstack-usage -Wall -specs=nano.specs -o Libraries\STM32F0xx_StdPeriph_Driver\src\stm32f0xx_tim.o 
arm-atollic-eabi-gcc -c ..\src\main.c -mthumb -mcpu=cortex-m0 -std=c99 -DSTM32F042 -DUSE_STDPERIPH_DRIVER -IC:\git\LightShaker\AtollicWorkspace\shared\src -IC:\git\LightShaker\AtollicWorkspace\POV_Display\src -IC:\git\LightShaker\AtollicWorkspace\shared\Libraries\CMSIS\Include -IC:\git\LightShaker\AtollicWorkspace\shared\Libraries\CMSIS\Device\ST\STM32F0xx\Include -IC:\git\LightShaker\AtollicWorkspace\shared\Libraries\STM32F0xx_StdPeriph_Driver\inc -IC:\git\LightShaker\AtollicWorkspace\shared\Libraries\STM32_USB_Device_Driver\inc -IC:\git\LightShaker\AtollicWorkspace\shared\Libraries\STM32_USB_Device_Library\Class\cdc\inc -IC:\git\LightShaker\AtollicWorkspace\shared\Libraries\STM32_USB_Device_Library\Core\inc -O0 -ffunction-sections -fdata-sections -g -fstack-usage -Wall -specs=nano.specs -o src\main.o 
arm-atollic-eabi-gcc -c ..\..\shared\Libraries\STM32_USB_Device_Library\Core\src\usbd_ioreq.c -mthumb -mcpu=cortex-m0 -std=c99 -DSTM32F042 -DUSE_STDPERIPH_DRIVER -IC:\git\LightShaker\AtollicWorkspace\shared\src -IC:\git\LightShaker\AtollicWorkspace\POV_Display\src -IC:\git\LightShaker\AtollicWorkspace\shared\Libraries\CMSIS\Include -IC:\git\LightShaker\AtollicWorkspace\shared\Libraries\CMSIS\Device\ST\STM32F0xx\Include -IC:\git\LightShaker\AtollicWorkspace\shared\Libraries\STM32F0xx_StdPeriph_Driver\inc -IC:\git\LightShaker\AtollicWorkspace\shared\Libraries\STM32_USB_Device_Driver\inc -IC:\git\LightShaker\AtollicWorkspace\shared\Libraries\STM32_USB_Device_Library\Class\cdc\inc -IC:\git\LightShaker\AtollicWorkspace\shared\Libraries\STM32_USB_Device_Library\Core\inc -O0 -ffunction-sections -fdata-sections -g -fstack-usage -Wall -specs=nano.specs -o Libraries\STM32_USB_Device_Library\Core\src\usbd_ioreq.o 
arm-atollic-eabi-gcc -c ..\..\shared\Libraries\STM32_USB_Device_Driver\src\usb_dcd_int.c -mthumb -mcpu=cortex-m0 -std=c99 -DSTM32F042 -DUSE_STDPERIPH_DRIVER -IC:\git\LightShaker\AtollicWorkspace\shared\src -IC:\git\LightShaker\AtollicWorkspace\POV_Display\src -IC:\git\LightShaker\AtollicWorkspace\shared\Libraries\CMSIS\Include -IC:\git\LightShaker\AtollicWorkspace\shared\Libraries\CMSIS\Device\ST\STM32F0xx\Include -IC:\git\LightShaker\AtollicWorkspace\shared\Libraries\STM32F0xx_StdPeriph_Driver\inc -IC:\git\LightShaker\AtollicWorkspace\shared\Libraries\STM32_USB_Device_Driver\inc -IC:\git\LightShaker\AtollicWorkspace\shared\Libraries\STM32_USB_Device_Library\Class\cdc\inc -IC:\git\LightShaker\AtollicWorkspace\shared\Libraries\STM32_USB_Device_Library\Core\inc -O0 -ffunction-sections -fdata-sections -g -fstack-usage -Wall -specs=nano.specs -o Libraries\STM32_USB_Device_Driver\src\usb_dcd_int.o 
[...]
arm-atollic-eabi-gcc -c ..\..\shared\Libraries\STM32F0xx_StdPeriph_Driver\src\stm32f0xx_dac.c -mthumb -mcpu=cortex-m0 -std=c99 -DSTM32F042 -DUSE_STDPERIPH_DRIVER -IC:\git\LightShaker\AtollicWorkspace\shared\src -IC:\git\LightShaker\AtollicWorkspace\POV_Display\src -IC:\git\LightShaker\AtollicWorkspace\shared\Libraries\CMSIS\Include -IC:\git\LightShaker\AtollicWorkspace\shared\Libraries\CMSIS\Device\ST\STM32F0xx\Include -IC:\git\LightShaker\AtollicWorkspace\shared\Libraries\STM32F0xx_StdPeriph_Driver\inc -IC:\git\LightShaker\AtollicWorkspace\shared\Libraries\STM32_USB_Device_Driver\inc -IC:\git\LightShaker\AtollicWorkspace\shared\Libraries\STM32_USB_Device_Library\Class\cdc\inc -IC:\git\LightShaker\AtollicWorkspace\shared\Libraries\STM32_USB_Device_Library\Core\inc -O0 -ffunction-sections -fdata-sections -g -fstack-usage -Wall -specs=nano.specs -o Libraries\STM32F0xx_StdPeriph_Driver\src\stm32f0xx_dac.o 
arm-atollic-eabi-gcc -c ..\..\shared\Libraries\STM32F0xx_StdPeriph_Driver\src\stm32f0xx_pwr.c -mthumb -mcpu=cortex-m0 -std=c99 -DSTM32F042 -DUSE_STDPERIPH_DRIVER -IC:\git\LightShaker\AtollicWorkspace\shared\src -IC:\git\LightShaker\AtollicWorkspace\POV_Display\src -IC:\git\LightShaker\AtollicWorkspace\shared\Libraries\CMSIS\Include -IC:\git\LightShaker\AtollicWorkspace\shared\Libraries\CMSIS\Device\ST\STM32F0xx\Include -IC:\git\LightShaker\AtollicWorkspace\shared\Libraries\STM32F0xx_StdPeriph_Driver\inc -IC:\git\LightShaker\AtollicWorkspace\shared\Libraries\STM32_USB_Device_Driver\inc -IC:\git\LightShaker\AtollicWorkspace\shared\Libraries\STM32_USB_Device_Library\Class\cdc\inc -IC:\git\LightShaker\AtollicWorkspace\shared\Libraries\STM32_USB_Device_Library\Core\inc -O0 -ffunction-sections -fdata-sections -g -fstack-usage -Wall -specs=nano.specs -o Libraries\STM32F0xx_StdPeriph_Driver\src\stm32f0xx_pwr.o 
arm-atollic-eabi-gcc -c ..\..\shared\Libraries\STM32F0xx_StdPeriph_Driver\src\stm32f0xx_i2c.c -mthumb -mcpu=cortex-m0 -std=c99 -DSTM32F042 -DUSE_STDPERIPH_DRIVER -IC:\git\LightShaker\AtollicWorkspace\shared\src -IC:\git\LightShaker\AtollicWorkspace\POV_Display\src -IC:\git\LightShaker\AtollicWorkspace\shared\Libraries\CMSIS\Include -IC:\git\LightShaker\AtollicWorkspace\shared\Libraries\CMSIS\Device\ST\STM32F0xx\Include -IC:\git\LightShaker\AtollicWorkspace\shared\Libraries\STM32F0xx_StdPeriph_Driver\inc -IC:\git\LightShaker\AtollicWorkspace\shared\Libraries\STM32_USB_Device_Driver\inc -IC:\git\LightShaker\AtollicWorkspace\shared\Libraries\STM32_USB_Device_Library\Class\cdc\inc -IC:\git\LightShaker\AtollicWorkspace\shared\Libraries\STM32_USB_Device_Library\Core\inc -O0 -ffunction-sections -fdata-sections -g -fstack-usage -Wall -specs=nano.specs -o Libraries\STM32F0xx_StdPeriph_Driver\src\stm32f0xx_i2c.o 
arm-atollic-eabi-gcc -c ..\..\shared\Libraries\STM32F0xx_StdPeriph_Driver\src\stm32f0xx_can.c -mthumb -mcpu=cortex-m0 -std=c99 -DSTM32F042 -DUSE_STDPERIPH_DRIVER -IC:\git\LightShaker\AtollicWorkspace\shared\src -IC:\git\LightShaker\AtollicWorkspace\POV_Display\src -IC:\git\LightShaker\AtollicWorkspace\shared\Libraries\CMSIS\Include -IC:\git\LightShaker\AtollicWorkspace\shared\Libraries\CMSIS\Device\ST\STM32F0xx\Include -IC:\git\LightShaker\AtollicWorkspace\shared\Libraries\STM32F0xx_StdPeriph_Driver\inc -IC:\git\LightShaker\AtollicWorkspace\shared\Libraries\STM32_USB_Device_Driver\inc -IC:\git\LightShaker\AtollicWorkspace\shared\Libraries\STM32_USB_Device_Library\Class\cdc\inc -IC:\git\LightShaker\AtollicWorkspace\shared\Libraries\STM32_USB_Device_Library\Core\inc -O0 -ffunction-sections -fdata-sections -g -fstack-usage -Wall -specs=nano.specs -o Libraries\STM32F0xx_StdPeriph_Driver\src\stm32f0xx_can.o 
arm-atollic-eabi-gcc -c ..\..\shared\src\drvUSB.c -mthumb -mcpu=cortex-m0 -std=c99 -DSTM32F042 -DUSE_STDPERIPH_DRIVER -IC:\git\LightShaker\AtollicWorkspace\shared\src -IC:\git\LightShaker\AtollicWorkspace\POV_Display\src -IC:\git\LightShaker\AtollicWorkspace\shared\Libraries\CMSIS\Include -IC:\git\LightShaker\AtollicWorkspace\shared\Libraries\CMSIS\Device\ST\STM32F0xx\Include -IC:\git\LightShaker\AtollicWorkspace\shared\Libraries\STM32F0xx_StdPeriph_Driver\inc -IC:\git\LightShaker\AtollicWorkspace\shared\Libraries\STM32_USB_Device_Driver\inc -IC:\git\LightShaker\AtollicWorkspace\shared\Libraries\STM32_USB_Device_Library\Class\cdc\inc -IC:\git\LightShaker\AtollicWorkspace\shared\Libraries\STM32_USB_Device_Library\Core\inc -O0 -ffunction-sections -fdata-sections -g -fstack-usage -Wall -specs=nano.specs -o src\src\drvUSB.o 
arm-atollic-eabi-gcc -c ..\..\shared\Libraries\STM32_USB_Device_Driver\src\usb_dcd_int.c -mthumb -mcpu=cortex-m0 -std=c99 -DSTM32F042 -DUSE_STDPERIPH_DRIVER -IC:\git\LightShaker\AtollicWorkspace\shared\src -IC:\git\LightShaker\AtollicWorkspace\POV_Display\src -IC:\git\LightShaker\AtollicWorkspace\shared\Libraries\CMSIS\Include -IC:\git\LightShaker\AtollicWorkspace\shared\Libraries\CMSIS\Device\ST\STM32F0xx\Include -IC:\git\LightShaker\AtollicWorkspace\shared\Libraries\STM32F0xx_StdPeriph_Driver\inc -IC:\git\LightShaker\AtollicWorkspace\shared\Libraries\STM32_USB_Device_Driver\inc -IC:\git\LightShaker\AtollicWorkspace\shared\Libraries\STM32_USB_Device_Library\Class\cdc\inc -IC:\git\LightShaker\AtollicWorkspace\shared\Libraries\STM32_USB_Device_Library\Core\inc -O0 -ffunction-sections -fdata-sections -g -fstack-usage -Wall -specs=nano.specs -o Libraries\STM32_USB_Device_Driver\src\usb_dcd_int.o 
arm-atollic-eabi-gcc -c ..\..\shared\Libraries\STM32F0xx_StdPeriph_Driver\src\stm32f0xx_misc.c -mthumb -mcpu=cortex-m0 -std=c99 -DSTM32F042 -DUSE_STDPERIPH_DRIVER -IC:\git\LightShaker\AtollicWorkspace\shared\src -IC:\git\LightShaker\AtollicWorkspace\POV_Display\src -IC:\git\LightShaker\AtollicWorkspace\shared\Libraries\CMSIS\Include -IC:\git\LightShaker\AtollicWorkspace\shared\Libraries\CMSIS\Device\ST\STM32F0xx\Include -IC:\git\LightShaker\AtollicWorkspace\shared\Libraries\STM32F0xx_StdPeriph_Driver\inc -IC:\git\LightShaker\AtollicWorkspace\shared\Libraries\STM32_USB_Device_Driver\inc -IC:\git\LightShaker\AtollicWorkspace\shared\Libraries\STM32_USB_Device_Library\Class\cdc\inc -IC:\git\LightShaker\AtollicWorkspace\shared\Libraries\STM32_USB_Device_Library\Core\inc -O0 -ffunction-sections -fdata-sections -g -fstack-usage -Wall -specs=nano.specs -o Libraries\STM32F0xx_StdPeriph_Driver\src\stm32f0xx_misc.o 
arm-atollic-eabi-gcc -c ..\..\shared\Libraries\STM32F0xx_StdPeriph_Driver\src\stm32f0xx_rtc.c -mthumb -mcpu=cortex-m0 -std=c99 -DSTM32F042 -DUSE_STDPERIPH_DRIVER -IC:\git\LightShaker\AtollicWorkspace\shared\src -IC:\git\LightShaker\AtollicWorkspace\POV_Display\src -IC:\git\LightShaker\AtollicWorkspace\shared\Libraries\CMSIS\Include -IC:\git\LightShaker\AtollicWorkspace\shared\Libraries\CMSIS\Device\ST\STM32F0xx\Include -IC:\git\LightShaker\AtollicWorkspace\shared\Libraries\STM32F0xx_StdPeriph_Driver\inc -IC:\git\LightShaker\AtollicWorkspace\shared\Libraries\STM32_USB_Device_Driver\inc -IC:\git\LightShaker\AtollicWorkspace\shared\Libraries\STM32_USB_Device_Library\Class\cdc\inc -IC:\git\LightShaker\AtollicWorkspace\shared\Libraries\STM32_USB_Device_Library\Core\inc -O0 -ffunction-sections -fdata-sections -g -fstack-usage -Wall -specs=nano.specs -o Libraries\STM32F0xx_StdPeriph_Driver\src\stm32f0xx_rtc.o 
arm-atollic-eabi-gcc -c ..\..\shared\Libraries\STM32F0xx_StdPeriph_Driver\src\stm32f0xx_syscfg.c -mthumb -mcpu=cortex-m0 -std=c99 -DSTM32F042 -DUSE_STDPERIPH_DRIVER -IC:\git\LightShaker\AtollicWorkspace\shared\src -IC:\git\LightShaker\AtollicWorkspace\POV_Display\src -IC:\git\LightShaker\AtollicWorkspace\shared\Libraries\CMSIS\Include -IC:\git\LightShaker\AtollicWorkspace\shared\Libraries\CMSIS\Device\ST\STM32F0xx\Include -IC:\git\LightShaker\AtollicWorkspace\shared\Libraries\STM32F0xx_StdPeriph_Driver\inc -IC:\git\LightShaker\AtollicWorkspace\shared\Libraries\STM32_USB_Device_Driver\inc -IC:\git\LightShaker\AtollicWorkspace\shared\Libraries\STM32_USB_Device_Library\Class\cdc\inc -IC:\git\LightShaker\AtollicWorkspace\shared\Libraries\STM32_USB_Device_Library\Core\inc -O0 -ffunction-sections -fdata-sections -g -fstack-usage -Wall -specs=nano.specs -o Libraries\STM32F0xx_StdPeriph_Driver\src\stm32f0xx_syscfg.o 
arm-atollic-eabi-gcc -c ..\..\shared\src\usbd_desc.c -mthumb -mcpu=cortex-m0 -std=c99 -DSTM32F042 -DUSE_STDPERIPH_DRIVER -IC:\git\LightShaker\AtollicWorkspace\shared\src -IC:\git\LightShaker\AtollicWorkspace\POV_Display\src -IC:\git\LightShaker\AtollicWorkspace\shared\Libraries\CMSIS\Include -IC:\git\LightShaker\AtollicWorkspace\shared\Libraries\CMSIS\Device\ST\STM32F0xx\Include -IC:\git\LightShaker\AtollicWorkspace\shared\Libraries\STM32F0xx_StdPeriph_Driver\inc -IC:\git\LightShaker\AtollicWorkspace\shared\Libraries\STM32_USB_Device_Driver\inc -IC:\git\LightShaker\AtollicWorkspace\shared\Libraries\STM32_USB_Device_Library\Class\cdc\inc -IC:\git\LightShaker\AtollicWorkspace\shared\Libraries\STM32_USB_Device_Library\Core\inc -O0 -ffunction-sections -fdata-sections -g -fstack-usage -Wall -specs=nano.specs -o src\src\usbd_desc.o 
arm-atollic-eabi-gcc -c ..\..\shared\Libraries\STM32_USB_Device_Driver\src\usb_dcd.c -mthumb -mcpu=cortex-m0 -std=c99 -DSTM32F042 -DUSE_STDPERIPH_DRIVER -IC:\git\LightShaker\AtollicWorkspace\shared\src -IC:\git\LightShaker\AtollicWorkspace\POV_Display\src -IC:\git\LightShaker\AtollicWorkspace\shared\Libraries\CMSIS\Include -IC:\git\LightShaker\AtollicWorkspace\shared\Libraries\CMSIS\Device\ST\STM32F0xx\Include -IC:\git\LightShaker\AtollicWorkspace\shared\Libraries\STM32F0xx_StdPeriph_Driver\inc -IC:\git\LightShaker\AtollicWorkspace\shared\Libraries\STM32_USB_Device_Driver\inc -IC:\git\LightShaker\AtollicWorkspace\shared\Libraries\STM32_USB_Device_Library\Class\cdc\inc -IC:\git\LightShaker\AtollicWorkspace\shared\Libraries\STM32_USB_Device_Library\Core\inc -O0 -ffunction-sections -fdata-sections -g -fstack-usage -Wall -specs=nano.specs -o Libraries\STM32_USB_Device_Driver\src\usb_dcd.o 
arm-atollic-eabi-gcc -c -mthumb -mcpu=cortex-m0 -DSTM32F042 -DUSE_STDPERIPH_DRIVER -IC:\git\LightShaker\AtollicWorkspace\shared\src -IC:\git\LightShaker\AtollicWorkspace\POV_Display\src -IC:\git\LightShaker\AtollicWorkspace\shared\Libraries\CMSIS\Include -IC:\git\LightShaker\AtollicWorkspace\shared\Libraries\CMSIS\Device\ST\STM32F0xx\Include -IC:\git\LightShaker\AtollicWorkspace\shared\Libraries\STM32F0xx_StdPeriph_Driver\inc -IC:\git\LightShaker\AtollicWorkspace\shared\Libraries\STM32_USB_Device_Driver\inc -IC:\git\LightShaker\AtollicWorkspace\shared\Libraries\STM32_USB_Device_Library\Class\cdc\inc -IC:\git\LightShaker\AtollicWorkspace\shared\Libraries\STM32_USB_Device_Library\Core\inc -g -Wa,--warn -x assembler-with-cpp -specs=nano.specs -o src\startup_stm32f0xx.o ..\src\startup_stm32f0xx.s 
arm-atollic-eabi-gcc -c ..\..\shared\Libraries\STM32F0xx_StdPeriph_Driver\src\stm32f0xx_dma.c -mthumb -mcpu=cortex-m0 -std=c99 -DSTM32F042 -DUSE_STDPERIPH_DRIVER -IC:\git\LightShaker\AtollicWorkspace\shared\src -IC:\git\LightShaker\AtollicWorkspace\POV_Display\src -IC:\git\LightShaker\AtollicWorkspace\shared\Libraries\CMSIS\Include -IC:\git\LightShaker\AtollicWorkspace\shared\Libraries\CMSIS\Device\ST\STM32F0xx\Include -IC:\git\LightShaker\AtollicWorkspace\shared\Libraries\STM32F0xx_StdPeriph_Driver\inc -IC:\git\LightShaker\AtollicWorkspace\shared\Libraries\STM32_USB_Device_Driver\inc -IC:\git\LightShaker\AtollicWorkspace\shared\Libraries\STM32_USB_Device_Library\Class\cdc\inc -IC:\git\LightShaker\AtollicWorkspace\shared\Libraries\STM32_USB_Device_Library\Core\inc -O0 -ffunction-sections -fdata-sections -g -fstack-usage -Wall -specs=nano.specs -o Libraries\STM32F0xx_StdPeriph_Driver\src\stm32f0xx_dma.o 
arm-atollic-eabi-gcc -c ..\..\shared\Libraries\STM32F0xx_StdPeriph_Driver\src\stm32f0xx_comp.c -mthumb -mcpu=cortex-m0 -std=c99 -DSTM32F042 -DUSE_STDPERIPH_DRIVER -IC:\git\LightShaker\AtollicWorkspace\shared\src -IC:\git\LightShaker\AtollicWorkspace\POV_Display\src -IC:\git\LightShaker\AtollicWorkspace\shared\Libraries\CMSIS\Include -IC:\git\LightShaker\AtollicWorkspace\shared\Libraries\CMSIS\Device\ST\STM32F0xx\Include -IC:\git\LightShaker\AtollicWorkspace\shared\Libraries\STM32F0xx_StdPeriph_Driver\inc -IC:\git\LightShaker\AtollicWorkspace\shared\Libraries\STM32_USB_Device_Driver\inc -IC:\git\LightShaker\AtollicWorkspace\shared\Libraries\STM32_USB_Device_Library\Class\cdc\inc -IC:\git\LightShaker\AtollicWorkspace\shared\Libraries\STM32_USB_Device_Library\Core\inc -O0 -ffunction-sections -fdata-sections -g -fstack-usage -Wall -specs=nano.specs -o Libraries\STM32F0xx_StdPeriph_Driver\src\stm32f0xx_comp.o 
arm-atollic-eabi-gcc -c ..\..\shared\Libraries\STM32_USB_Device_Driver\src\usb_core.c -mthumb -mcpu=cortex-m0 -std=c99 -DSTM32F042 -DUSE_STDPERIPH_DRIVER -IC:\git\LightShaker\AtollicWorkspace\shared\src -IC:\git\LightShaker\AtollicWorkspace\POV_Display\src -IC:\git\LightShaker\AtollicWorkspace\shared\Libraries\CMSIS\Include -IC:\git\LightShaker\AtollicWorkspace\shared\Libraries\CMSIS\Device\ST\STM32F0xx\Include -IC:\git\LightShaker\AtollicWorkspace\shared\Libraries\STM32F0xx_StdPeriph_Driver\inc -IC:\git\LightShaker\AtollicWorkspace\shared\Libraries\STM32_USB_Device_Driver\inc -IC:\git\LightShaker\AtollicWorkspace\shared\Libraries\STM32_USB_Device_Library\Class\cdc\inc -IC:\git\LightShaker\AtollicWorkspace\shared\Libraries\STM32_USB_Device_Library\Core\inc -O0 -ffunction-sections -fdata-sections -g -fstack-usage -Wall -specs=nano.specs -o Libraries\STM32_USB_Device_Driver\src\usb_core.o 
arm-atollic-eabi-gcc -c ..\..\shared\src\drvMMA8653.c -mthumb -mcpu=cortex-m0 -std=c99 -DSTM32F042 -DUSE_STDPERIPH_DRIVER -IC:\git\LightShaker\AtollicWorkspace\shared\src -IC:\git\LightShaker\AtollicWorkspace\POV_Display\src -IC:\git\LightShaker\AtollicWorkspace\shared\Libraries\CMSIS\Include -IC:\git\LightShaker\AtollicWorkspace\shared\Libraries\CMSIS\Device\ST\STM32F0xx\Include -IC:\git\LightShaker\AtollicWorkspace\shared\Libraries\STM32F0xx_StdPeriph_Driver\inc -IC:\git\LightShaker\AtollicWorkspace\shared\Libraries\STM32_USB_Device_Driver\inc -IC:\git\LightShaker\AtollicWorkspace\shared\Libraries\STM32_USB_Device_Library\Class\cdc\inc -IC:\git\LightShaker\AtollicWorkspace\shared\Libraries\STM32_USB_Device_Library\Core\inc -O0 -ffunction-sections -fdata-sections -g -fstack-usage -Wall -specs=nano.specs -o src\src\drvMMA8653.o 
arm-atollic-eabi-gcc -c ..\..\shared\Libraries\STM32F0xx_StdPeriph_Driver\src\stm32f0xx_spi.c -mthumb -mcpu=cortex-m0 -std=c99 -DSTM32F042 -DUSE_STDPERIPH_DRIVER -IC:\git\LightShaker\AtollicWorkspace\shared\src -IC:\git\LightShaker\AtollicWorkspace\POV_Display\src -IC:\git\LightShaker\AtollicWorkspace\shared\Libraries\CMSIS\Include -IC:\git\LightShaker\AtollicWorkspace\shared\Libraries\CMSIS\Device\ST\STM32F0xx\Include -IC:\git\LightShaker\AtollicWorkspace\shared\Libraries\STM32F0xx_StdPeriph_Driver\inc -IC:\git\LightShaker\AtollicWorkspace\shared\Libraries\STM32_USB_Device_Driver\inc -IC:\git\LightShaker\AtollicWorkspace\shared\Libraries\STM32_USB_Device_Library\Class\cdc\inc -IC:\git\LightShaker\AtollicWorkspace\shared\Libraries\STM32_USB_Device_Library\Core\inc -O0 -ffunction-sections -fdata-sections -g -fstack-usage -Wall -specs=nano.specs -o Libraries\STM32F0xx_StdPeriph_Driver\src\stm32f0xx_spi.o 
arm-atollic-eabi-gcc -c ..\..\shared\Libraries\STM32_USB_Device_Library\Class\cdc\src\usbd_cdc_core.c -mthumb -mcpu=cortex-m0 -std=c99 -DSTM32F042 -DUSE_STDPERIPH_DRIVER -IC:\git\LightShaker\AtollicWorkspace\shared\src -IC:\git\LightShaker\AtollicWorkspace\POV_Display\src -IC:\git\LightShaker\AtollicWorkspace\shared\Libraries\CMSIS\Include -IC:\git\LightShaker\AtollicWorkspace\shared\Libraries\CMSIS\Device\ST\STM32F0xx\Include -IC:\git\LightShaker\AtollicWorkspace\shared\Libraries\STM32F0xx_StdPeriph_Driver\inc -IC:\git\LightShaker\AtollicWorkspace\shared\Libraries\STM32_USB_Device_Driver\inc -IC:\git\LightShaker\AtollicWorkspace\shared\Libraries\STM32_USB_Device_Library\Class\cdc\inc -IC:\git\LightShaker\AtollicWorkspace\shared\Libraries\STM32_USB_Device_Library\Core\inc -O0 -ffunction-sections -fdata-sections -g -fstack-usage -Wall -specs=nano.specs -o Libraries\STM32_USB_Device_Library\Class\cdc\src\usbd_cdc_core.o 
arm-atollic-eabi-gcc -o POV_Display.elf Libraries\STM32F0xx_StdPeriph_Driver\src\stm32f0xx_adc.o Libraries\STM32F0xx_StdPeriph_Driver\src\stm32f0xx_can.o Libraries\STM32F0xx_StdPeriph_Driver\src\stm32f0xx_cec.o Libraries\STM32F0xx_StdPeriph_Driver\src\stm32f0xx_comp.o Libraries\STM32F0xx_StdPeriph_Driver\src\stm32f0xx_crc.o Libraries\STM32F0xx_StdPeriph_Driver\src\stm32f0xx_crs.o Libraries\STM32F0xx_StdPeriph_Driver\src\stm32f0xx_dac.o Libraries\STM32F0xx_StdPeriph_Driver\src\stm32f0xx_dbgmcu.o Libraries\STM32F0xx_StdPeriph_Driver\src\stm32f0xx_dma.o Libraries\STM32F0xx_StdPeriph_Driver\src\stm32f0xx_exti.o Libraries\STM32F0xx_StdPeriph_Driver\src\stm32f0xx_flash.o Libraries\STM32F0xx_StdPeriph_Driver\src\stm32f0xx_gpio.o Libraries\STM32F0xx_StdPeriph_Driver\src\stm32f0xx_i2c.o Libraries\STM32F0xx_StdPeriph_Driver\src\stm32f0xx_iwdg.o Libraries\STM32F0xx_StdPeriph_Driver\src\stm32f0xx_misc.o Libraries\STM32F0xx_StdPeriph_Driver\src\stm32f0xx_pwr.o Libraries\STM32F0xx_StdPeriph_Driver\src\stm32f0xx_rcc.o Libraries\STM32F0xx_StdPeriph_Driver\src\stm32f0xx_rtc.o Libraries\STM32F0xx_StdPeriph_Driver\src\stm32f0xx_spi.o Libraries\STM32F0xx_StdPeriph_Driver\src\stm32f0xx_syscfg.o Libraries\STM32F0xx_StdPeriph_Driver\src\stm32f0xx_tim.o Libraries\STM32F0xx_StdPeriph_Driver\src\stm32f0xx_usart.o Libraries\STM32F0xx_StdPeriph_Driver\src\stm32f0xx_wwdg.o Libraries\STM32_USB_Device_Driver\src\usb_core.o Libraries\STM32_USB_Device_Driver\src\usb_dcd.o Libraries\STM32_USB_Device_Driver\src\usb_dcd_int.o Libraries\STM32_USB_Device_Library\Class\cdc\src\usbd_cdc_core.o Libraries\STM32_USB_Device_Library\Class\cdc\src\usbd_cdc_if_template.o Libraries\STM32_USB_Device_Library\Core\src\usbd_core.o Libraries\STM32_USB_Device_Library\Core\src\usbd_ioreq.o Libraries\STM32_USB_Device_Library\Core\src\usbd_req.o src\configConsole.o src\main.o src\src\drvApa102.o src\src\drvDisplay.o src\src\drvMMA8653.o src\src\drvNvMemory.o src\src\drvPower.o src\src\drvUSB.o src\src\eeprom.o src\src\usb_bsp.o src\src\usbd_desc.o src\src\usbd_pwr.o src\src\usbd_usr.o src\src\utilFifo.o src\startup_stm32f0xx.o src\stm32_it.o src\system_stm32f0xx.o -mthumb -mcpu=cortex-m0 -T..\stm32_flash.ld -specs=nosys.specs -static -Wl,-cref,-u,Reset_Handler -Wl,-Map=POV_Display.map -Wl,--gc-sections -Wl,--defsym=malloc_getpagesize_P=0x80 -Wl,--start-group -lc -lm -Wl,--end-group -specs=nano.specs 
C:\Program Files (x86)\Atollic\TrueSTUDIO for STM32 9.2.0\ide\jre\bin\java -jar C:\Program Files (x86)\Atollic\TrueSTUDIO for STM32 9.2.0\Tools\arm-atollic-reports.jar convert-hex sizeinfo list POV_Display.elf 
Generate build reports...
Converting build output to hex
Output sent to: POV_Display.hex
Converting build output to hex done
Print size information
   text	   data	    bss	    dec	    hex	filename
  27960	    296	   4916	  33172	   8194	POV_Display.elf
Print size information done
Generate listing file
Output sent to: POV_Display.list
Generate listing file done
Generate build reports done
Info: Nothing to build for POV_Display
