15:33:17 **** Rebuild of configuration Debug for project Level ****
Info: Internal Builder is used for build
arm-atollic-eabi-gcc -c -mthumb -mcpu=cortex-m0 -std=gnu99 -DSTM32F042 -DUSE_STDPERIPH_DRIVER -IC:\git\LightShaker\AtollicWorkspace\shared\src -IC:\git\LightShaker\AtollicWorkspace\Level\src -IC:\git\LightShaker\AtollicWorkspace\shared\Libraries\CMSIS\Include -IC:\git\LightShaker\AtollicWorkspace\shared\Libraries\CMSIS\Device\ST\STM32F0xx\Include -IC:\git\LightShaker\AtollicWorkspace\shared\Libraries\STM32F0xx_StdPeriph_Driver\inc -IC:\git\LightShaker\AtollicWorkspace\shared\Libraries\STM32_USB_Device_Driver\inc -IC:\git\LightShaker\AtollicWorkspace\shared\Libraries\STM32_USB_Device_Library\Class\cdc\inc -IC:\git\LightShaker\AtollicWorkspace\shared\Libraries\STM32_USB_Device_Library\Core\inc -O0 -ffunction-sections -fdata-sections -g -fstack-usage -Wall -specs=nano.specs -o Libraries\STM32F0xx_StdPeriph_Driver\src\stm32f0xx_i2c.o ..\..\shared\Libraries\STM32F0xx_StdPeriph_Driver\src\stm32f0xx_i2c.c 
arm-atollic-eabi-gcc -c -mthumb -mcpu=cortex-m0 -std=gnu99 -DSTM32F042 -DUSE_STDPERIPH_DRIVER -IC:\git\LightShaker\AtollicWorkspace\shared\src -IC:\git\LightShaker\AtollicWorkspace\Level\src -IC:\git\LightShaker\AtollicWorkspace\shared\Libraries\CMSIS\Include -IC:\git\LightShaker\AtollicWorkspace\shared\Libraries\CMSIS\Device\ST\STM32F0xx\Include -IC:\git\LightShaker\AtollicWorkspace\shared\Libraries\STM32F0xx_StdPeriph_Driver\inc -IC:\git\LightShaker\AtollicWorkspace\shared\Libraries\STM32_USB_Device_Driver\inc -IC:\git\LightShaker\AtollicWorkspace\shared\Libraries\STM32_USB_Device_Library\Class\cdc\inc -IC:\git\LightShaker\AtollicWorkspace\shared\Libraries\STM32_USB_Device_Library\Core\inc -O0 -ffunction-sections -fdata-sections -g -fstack-usage -Wall -specs=nano.specs -o Libraries\STM32_USB_Device_Library\Class\cdc\src\usbd_cdc_if_template.o ..\..\shared\Libraries\STM32_USB_Device_Library\Class\cdc\src\usbd_cdc_if_template.c 
arm-atollic-eabi-gcc -c -mthumb -mcpu=cortex-m0 -std=gnu99 -DSTM32F042 -DUSE_STDPERIPH_DRIVER -IC:\git\LightShaker\AtollicWorkspace\shared\src -IC:\git\LightShaker\AtollicWorkspace\Level\src -IC:\git\LightShaker\AtollicWorkspace\shared\Libraries\CMSIS\Include -IC:\git\LightShaker\AtollicWorkspace\shared\Libraries\CMSIS\Device\ST\STM32F0xx\Include -IC:\git\LightShaker\AtollicWorkspace\shared\Libraries\STM32F0xx_StdPeriph_Driver\inc -IC:\git\LightShaker\AtollicWorkspace\shared\Libraries\STM32_USB_Device_Driver\inc -IC:\git\LightShaker\AtollicWorkspace\shared\Libraries\STM32_USB_Device_Library\Class\cdc\inc -IC:\git\LightShaker\AtollicWorkspace\shared\Libraries\STM32_USB_Device_Library\Core\inc -O0 -ffunction-sections -fdata-sections -g -fstack-usage -Wall -specs=nano.specs -o src\src\usbd_desc.o ..\..\shared\src\usbd_desc.c 
arm-atollic-eabi-gcc -c -mthumb -mcpu=cortex-m0 -std=gnu99 -DSTM32F042 -DUSE_STDPERIPH_DRIVER -IC:\git\LightShaker\AtollicWorkspace\shared\src -IC:\git\LightShaker\AtollicWorkspace\Level\src -IC:\git\LightShaker\AtollicWorkspace\shared\Libraries\CMSIS\Include -IC:\git\LightShaker\AtollicWorkspace\shared\Libraries\CMSIS\Device\ST\STM32F0xx\Include -IC:\git\LightShaker\AtollicWorkspace\shared\Libraries\STM32F0xx_StdPeriph_Driver\inc -IC:\git\LightShaker\AtollicWorkspace\shared\Libraries\STM32_USB_Device_Driver\inc -IC:\git\LightShaker\AtollicWorkspace\shared\Libraries\STM32_USB_Device_Library\Class\cdc\inc -IC:\git\LightShaker\AtollicWorkspace\shared\Libraries\STM32_USB_Device_Library\Core\inc -O0 -ffunction-sections -fdata-sections -g -fstack-usage -Wall -specs=nano.specs -o Libraries\STM32F0xx_StdPeriph_Driver\src\stm32f0xx_iwdg.o ..\..\shared\Libraries\STM32F0xx_StdPeriph_Driver\src\stm32f0xx_iwdg.c 
arm-atollic-eabi-gcc -c -mthumb -mcpu=cortex-m0 -std=gnu99 -DSTM32F042 -DUSE_STDPERIPH_DRIVER -IC:\git\LightShaker\AtollicWorkspace\shared\src -IC:\git\LightShaker\AtollicWorkspace\Level\src -IC:\git\LightShaker\AtollicWorkspace\shared\Libraries\CMSIS\Include -IC:\git\LightShaker\AtollicWorkspace\shared\Libraries\CMSIS\Device\ST\STM32F0xx\Include -IC:\git\LightShaker\AtollicWorkspace\shared\Libraries\STM32F0xx_StdPeriph_Driver\inc -IC:\git\LightShaker\AtollicWorkspace\shared\Libraries\STM32_USB_Device_Driver\inc -IC:\git\LightShaker\AtollicWorkspace\shared\Libraries\STM32_USB_Device_Library\Class\cdc\inc -IC:\git\LightShaker\AtollicWorkspace\shared\Libraries\STM32_USB_Device_Library\Core\inc -O0 -ffunction-sections -fdata-sections -g -fstack-usage -Wall -specs=nano.specs -o Libraries\STM32F0xx_StdPeriph_Driver\src\stm32f0xx_dma.o ..\..\shared\Libraries\STM32F0xx_StdPeriph_Driver\src\stm32f0xx_dma.c 
arm-atollic-eabi-gcc -c -mthumb -mcpu=cortex-m0 -std=gnu99 -DSTM32F042 -DUSE_STDPERIPH_DRIVER -IC:\git\LightShaker\AtollicWorkspace\shared\src -IC:\git\LightShaker\AtollicWorkspace\Level\src -IC:\git\LightShaker\AtollicWorkspace\shared\Libraries\CMSIS\Include -IC:\git\LightShaker\AtollicWorkspace\shared\Libraries\CMSIS\Device\ST\STM32F0xx\Include -IC:\git\LightShaker\AtollicWorkspace\shared\Libraries\STM32F0xx_StdPeriph_Driver\inc -IC:\git\LightShaker\AtollicWorkspace\shared\Libraries\STM32_USB_Device_Driver\inc -IC:\git\LightShaker\AtollicWorkspace\shared\Libraries\STM32_USB_Device_Library\Class\cdc\inc -IC:\git\LightShaker\AtollicWorkspace\shared\Libraries\STM32_USB_Device_Library\Core\inc -O0 -ffunction-sections -fdata-sections -g -fstack-usage -Wall -specs=nano.specs -o Libraries\STM32F0xx_StdPeriph_Driver\src\stm32f0xx_dbgmcu.o ..\..\shared\Libraries\STM32F0xx_StdPeriph_Driver\src\stm32f0xx_dbgmcu.c 
arm-atollic-eabi-gcc -c -mthumb -mcpu=cortex-m0 -std=gnu99 -DSTM32F042 -DUSE_STDPERIPH_DRIVER -IC:\git\LightShaker\AtollicWorkspace\shared\src -IC:\git\LightShaker\AtollicWorkspace\Level\src -IC:\git\LightShaker\AtollicWorkspace\shared\Libraries\CMSIS\Include -IC:\git\LightShaker\AtollicWorkspace\shared\Libraries\CMSIS\Device\ST\STM32F0xx\Include -IC:\git\LightShaker\AtollicWorkspace\shared\Libraries\STM32F0xx_StdPeriph_Driver\inc -IC:\git\LightShaker\AtollicWorkspace\shared\Libraries\STM32_USB_Device_Driver\inc -IC:\git\LightShaker\AtollicWorkspace\shared\Libraries\STM32_USB_Device_Library\Class\cdc\inc -IC:\git\LightShaker\AtollicWorkspace\shared\Libraries\STM32_USB_Device_Library\Core\inc -O0 -ffunction-sections -fdata-sections -g -fstack-usage -Wall -specs=nano.specs -o src\src\eeprom.o ..\..\shared\src\eeprom.c 
arm-atollic-eabi-gcc -c -mthumb -mcpu=cortex-m0 -std=gnu99 -DSTM32F042 -DUSE_STDPERIPH_DRIVER -IC:\git\LightShaker\AtollicWorkspace\shared\src -IC:\git\LightShaker\AtollicWorkspace\Level\src -IC:\git\LightShaker\AtollicWorkspace\shared\Libraries\CMSIS\Include -IC:\git\LightShaker\AtollicWorkspace\shared\Libraries\CMSIS\Device\ST\STM32F0xx\Include -IC:\git\LightShaker\AtollicWorkspace\shared\Libraries\STM32F0xx_StdPeriph_Driver\inc -IC:\git\LightShaker\AtollicWorkspace\shared\Libraries\STM32_USB_Device_Driver\inc -IC:\git\LightShaker\AtollicWorkspace\shared\Libraries\STM32_USB_Device_Library\Class\cdc\inc -IC:\git\LightShaker\AtollicWorkspace\shared\Libraries\STM32_USB_Device_Library\Core\inc -O0 -ffunction-sections -fdata-sections -g -fstack-usage -Wall -specs=nano.specs -o src\src\usbd_pwr.o ..\..\shared\src\usbd_pwr.c 
arm-atollic-eabi-gcc -c -mthumb -mcpu=cortex-m0 -std=gnu99 -DSTM32F042 -DUSE_STDPERIPH_DRIVER -IC:\git\LightShaker\AtollicWorkspace\shared\src -IC:\git\LightShaker\AtollicWorkspace\Level\src -IC:\git\LightShaker\AtollicWorkspace\shared\Libraries\CMSIS\Include -IC:\git\LightShaker\AtollicWorkspace\shared\Libraries\CMSIS\Device\ST\STM32F0xx\Include -IC:\git\LightShaker\AtollicWorkspace\shared\Libraries\STM32F0xx_StdPeriph_Driver\inc -IC:\git\LightShaker\AtollicWorkspace\shared\Libraries\STM32_USB_Device_Driver\inc -IC:\git\LightShaker\AtollicWorkspace\shared\Libraries\STM32_USB_Device_Library\Class\cdc\inc -IC:\git\LightShaker\AtollicWorkspace\shared\Libraries\STM32_USB_Device_Library\Core\inc -O0 -ffunction-sections -fdata-sections -g -fstack-usage -Wall -specs=nano.specs -o src\src\drvMMA8653.o ..\..\shared\src\drvMMA8653.c 
arm-atollic-eabi-gcc -c -mthumb -mcpu=cortex-m0 -DSTM32F042 -DUSE_STDPERIPH_DRIVER -IC:\git\LightShaker\AtollicWorkspace\shared\src -IC:\git\LightShaker\AtollicWorkspace\Level\src -IC:\git\LightShaker\AtollicWorkspace\shared\Libraries\CMSIS\Include -IC:\git\LightShaker\AtollicWorkspace\shared\Libraries\CMSIS\Device\ST\STM32F0xx\Include -IC:\git\LightShaker\AtollicWorkspace\shared\Libraries\STM32F0xx_StdPeriph_Driver\inc -IC:\git\LightShaker\AtollicWorkspace\shared\Libraries\STM32_USB_Device_Driver\inc -IC:\git\LightShaker\AtollicWorkspace\shared\Libraries\STM32_USB_Device_Library\Class\cdc\inc -IC:\git\LightShaker\AtollicWorkspace\shared\Libraries\STM32_USB_Device_Library\Core\inc -g -Wa,--warn -x assembler-with-cpp -specs=nano.specs -o src\startup_stm32f0xx.o ..\src\startup_stm32f0xx.s 
arm-atollic-eabi-gcc -c -mthumb -mcpu=cortex-m0 -std=gnu99 -DSTM32F042 -DUSE_STDPERIPH_DRIVER -IC:\git\LightShaker\AtollicWorkspace\shared\src -IC:\git\LightShaker\AtollicWorkspace\Level\src -IC:\git\LightShaker\AtollicWorkspace\shared\Libraries\CMSIS\Include -IC:\git\LightShaker\AtollicWorkspace\shared\Libraries\CMSIS\Device\ST\STM32F0xx\Include -IC:\git\LightShaker\AtollicWorkspace\shared\Libraries\STM32F0xx_StdPeriph_Driver\inc -IC:\git\LightShaker\AtollicWorkspace\shared\Libraries\STM32_USB_Device_Driver\inc -IC:\git\LightShaker\AtollicWorkspace\shared\Libraries\STM32_USB_Device_Library\Class\cdc\inc -IC:\git\LightShaker\AtollicWorkspace\shared\Libraries\STM32_USB_Device_Library\Core\inc -O0 -ffunction-sections -fdata-sections -g -fstack-usage -Wall -specs=nano.specs -o Libraries\STM32F0xx_StdPeriph_Driver\src\stm32f0xx_crc.o ..\..\shared\Libraries\STM32F0xx_StdPeriph_Driver\src\stm32f0xx_crc.c 
arm-atollic-eabi-gcc -c -mthumb -mcpu=cortex-m0 -std=gnu99 -DSTM32F042 -DUSE_STDPERIPH_DRIVER -IC:\git\LightShaker\AtollicWorkspace\shared\src -IC:\git\LightShaker\AtollicWorkspace\Level\src -IC:\git\LightShaker\AtollicWorkspace\shared\Libraries\CMSIS\Include -IC:\git\LightShaker\AtollicWorkspace\shared\Libraries\CMSIS\Device\ST\STM32F0xx\Include -IC:\git\LightShaker\AtollicWorkspace\shared\Libraries\STM32F0xx_StdPeriph_Driver\inc -IC:\git\LightShaker\AtollicWorkspace\shared\Libraries\STM32_USB_Device_Driver\inc -IC:\git\LightShaker\AtollicWorkspace\shared\Libraries\STM32_USB_Device_Library\Class\cdc\inc -IC:\git\LightShaker\AtollicWorkspace\shared\Libraries\STM32_USB_Device_Library\Core\inc -O0 -ffunction-sections -fdata-sections -g -fstack-usage -Wall -specs=nano.specs -o src\src\drvDisplay.o ..\..\shared\src\drvDisplay.c 
arm-atollic-eabi-gcc -c -mthumb -mcpu=cortex-m0 -std=gnu99 -DSTM32F042 -DUSE_STDPERIPH_DRIVER -IC:\git\LightShaker\AtollicWorkspace\shared\src -IC:\git\LightShaker\AtollicWorkspace\Level\src -IC:\git\LightShaker\AtollicWorkspace\shared\Libraries\CMSIS\Include -IC:\git\LightShaker\AtollicWorkspace\shared\Libraries\CMSIS\Device\ST\STM32F0xx\Include -IC:\git\LightShaker\AtollicWorkspace\shared\Libraries\STM32F0xx_StdPeriph_Driver\inc -IC:\git\LightShaker\AtollicWorkspace\shared\Libraries\STM32_USB_Device_Driver\inc -IC:\git\LightShaker\AtollicWorkspace\shared\Libraries\STM32_USB_Device_Library\Class\cdc\inc -IC:\git\LightShaker\AtollicWorkspace\shared\Libraries\STM32_USB_Device_Library\Core\inc -O0 -ffunction-sections -fdata-sections -g -fstack-usage -Wall -specs=nano.specs -o src\src\drvNvMemory.o ..\..\shared\src\drvNvMemory.c 
..\..\shared\src\drvNvMemory.c: In function 'NvMem_write':
..\..\shared\src\drvNvMemory.c:71:1: warning: control reaches end of non-void function [-Wreturn-type]
 }
 ^
arm-atollic-eabi-gcc -c -mthumb -mcpu=cortex-m0 -std=gnu99 -DSTM32F042 -DUSE_STDPERIPH_DRIVER -IC:\git\LightShaker\AtollicWorkspace\shared\src -IC:\git\LightShaker\AtollicWorkspace\Level\src -IC:\git\LightShaker\AtollicWorkspace\shared\Libraries\CMSIS\Include -IC:\git\LightShaker\AtollicWorkspace\shared\Libraries\CMSIS\Device\ST\STM32F0xx\Include -IC:\git\LightShaker\AtollicWorkspace\shared\Libraries\STM32F0xx_StdPeriph_Driver\inc -IC:\git\LightShaker\AtollicWorkspace\shared\Libraries\STM32_USB_Device_Driver\inc -IC:\git\LightShaker\AtollicWorkspace\shared\Libraries\STM32_USB_Device_Library\Class\cdc\inc -IC:\git\LightShaker\AtollicWorkspace\shared\Libraries\STM32_USB_Device_Library\Core\inc -O0 -ffunction-sections -fdata-sections -g -fstack-usage -Wall -specs=nano.specs -o src\main.o ..\src\main.c 
arm-atollic-eabi-gcc -c -mthumb -mcpu=cortex-m0 -std=gnu99 -DSTM32F042 -DUSE_STDPERIPH_DRIVER -IC:\git\LightShaker\AtollicWorkspace\shared\src -IC:\git\LightShaker\AtollicWorkspace\Level\src -IC:\git\LightShaker\AtollicWorkspace\shared\Libraries\CMSIS\Include -IC:\git\LightShaker\AtollicWorkspace\shared\Libraries\CMSIS\Device\ST\STM32F0xx\Include -IC:\git\LightShaker\AtollicWorkspace\shared\Libraries\STM32F0xx_StdPeriph_Driver\inc -IC:\git\LightShaker\AtollicWorkspace\shared\Libraries\STM32_USB_Device_Driver\inc -IC:\git\LightShaker\AtollicWorkspace\shared\Libraries\STM32_USB_Device_Library\Class\cdc\inc -IC:\git\LightShaker\AtollicWorkspace\shared\Libraries\STM32_USB_Device_Library\Core\inc -O0 -ffunction-sections -fdata-sections -g -fstack-usage -Wall -specs=nano.specs -o Libraries\STM32_USB_Device_Driver\src\usb_dcd.o ..\..\shared\Libraries\STM32_USB_Device_Driver\src\usb_dcd.c 
arm-atollic-eabi-gcc -c -mthumb -mcpu=cortex-m0 -std=gnu99 -DSTM32F042 -DUSE_STDPERIPH_DRIVER -IC:\git\LightShaker\AtollicWorkspace\shared\src -IC:\git\LightShaker\AtollicWorkspace\Level\src -IC:\git\LightShaker\AtollicWorkspace\shared\Libraries\CMSIS\Include -IC:\git\LightShaker\AtollicWorkspace\shared\Libraries\CMSIS\Device\ST\STM32F0xx\Include -IC:\git\LightShaker\AtollicWorkspace\shared\Libraries\STM32F0xx_StdPeriph_Driver\inc -IC:\git\LightShaker\AtollicWorkspace\shared\Libraries\STM32_USB_Device_Driver\inc -IC:\git\LightShaker\AtollicWorkspace\shared\Libraries\STM32_USB_Device_Library\Class\cdc\inc -IC:\git\LightShaker\AtollicWorkspace\shared\Libraries\STM32_USB_Device_Library\Core\inc -O0 -ffunction-sections -fdata-sections -g -fstack-usage -Wall -specs=nano.specs -o Libraries\STM32F0xx_StdPeriph_Driver\src\stm32f0xx_wwdg.o ..\..\shared\Libraries\STM32F0xx_StdPeriph_Driver\src\stm32f0xx_wwdg.c 
arm-atollic-eabi-gcc -c -mthumb -mcpu=cortex-m0 -std=gnu99 -DSTM32F042 -DUSE_STDPERIPH_DRIVER -IC:\git\LightShaker\AtollicWorkspace\shared\src -IC:\git\LightShaker\AtollicWorkspace\Level\src -IC:\git\LightShaker\AtollicWorkspace\shared\Libraries\CMSIS\Include -IC:\git\LightShaker\AtollicWorkspace\shared\Libraries\CMSIS\Device\ST\STM32F0xx\Include -IC:\git\LightShaker\AtollicWorkspace\shared\Libraries\STM32F0xx_StdPeriph_Driver\inc -IC:\git\LightShaker\AtollicWorkspace\shared\Libraries\STM32_USB_Device_Driver\inc -IC:\git\LightShaker\AtollicWorkspace\shared\Libraries\STM32_USB_Device_Library\Class\cdc\inc -IC:\git\LightShaker\AtollicWorkspace\shared\Libraries\STM32_USB_Device_Library\Core\inc -O0 -ffunction-sections -fdata-sections -g -fstack-usage -Wall -specs=nano.specs -o Libraries\STM32F0xx_StdPeriph_Driver\src\stm32f0xx_pwr.o ..\..\shared\Libraries\STM32F0xx_StdPeriph_Driver\src\stm32f0xx_pwr.c 
arm-atollic-eabi-gcc -c -mthumb -mcpu=cortex-m0 -std=gnu99 -DSTM32F042 -DUSE_STDPERIPH_DRIVER -IC:\git\LightShaker\AtollicWorkspace\shared\src -IC:\git\LightShaker\AtollicWorkspace\Level\src -IC:\git\LightShaker\AtollicWorkspace\shared\Libraries\CMSIS\Include -IC:\git\LightShaker\AtollicWorkspace\shared\Libraries\CMSIS\Device\ST\STM32F0xx\Include -IC:\git\LightShaker\AtollicWorkspace\shared\Libraries\STM32F0xx_StdPeriph_Driver\inc -IC:\git\LightShaker\AtollicWorkspace\shared\Libraries\STM32_USB_Device_Driver\inc -IC:\git\LightShaker\AtollicWorkspace\shared\Libraries\STM32_USB_Device_Library\Class\cdc\inc -IC:\git\LightShaker\AtollicWorkspace\shared\Libraries\STM32_USB_Device_Library\Core\inc -O0 -ffunction-sections -fdata-sections -g -fstack-usage -Wall -specs=nano.specs -o src\src\drvUSB.o ..\..\shared\src\drvUSB.c 
arm-atollic-eabi-gcc -c -mthumb -mcpu=cortex-m0 -std=gnu99 -DSTM32F042 -DUSE_STDPERIPH_DRIVER -IC:\git\LightShaker\AtollicWorkspace\shared\src -IC:\git\LightShaker\AtollicWorkspace\Level\src -IC:\git\LightShaker\AtollicWorkspace\shared\Libraries\CMSIS\Include -IC:\git\LightShaker\AtollicWorkspace\shared\Libraries\CMSIS\Device\ST\STM32F0xx\Include -IC:\git\LightShaker\AtollicWorkspace\shared\Libraries\STM32F0xx_StdPeriph_Driver\inc -IC:\git\LightShaker\AtollicWorkspace\shared\Libraries\STM32_USB_Device_Driver\inc -IC:\git\LightShaker\AtollicWorkspace\shared\Libraries\STM32_USB_Device_Library\Class\cdc\inc -IC:\git\LightShaker\AtollicWorkspace\shared\Libraries\STM32_USB_Device_Library\Core\inc -O0 -ffunction-sections -fdata-sections -g -fstack-usage -Wall -specs=nano.specs -o Libraries\STM32F0xx_StdPeriph_Driver\src\stm32f0xx_tim.o ..\..\shared\Libraries\STM32F0xx_StdPeriph_Driver\src\stm32f0xx_tim.c 
arm-atollic-eabi-gcc -c -mthumb -mcpu=cortex-m0 -std=gnu99 -DSTM32F042 -DUSE_STDPERIPH_DRIVER -IC:\git\LightShaker\AtollicWorkspace\shared\src -IC:\git\LightShaker\AtollicWorkspace\Level\src -IC:\git\LightShaker\AtollicWorkspace\shared\Libraries\CMSIS\Include -IC:\git\LightShaker\AtollicWorkspace\shared\Libraries\CMSIS\Device\ST\STM32F0xx\Include -IC:\git\LightShaker\AtollicWorkspace\shared\Libraries\STM32F0xx_StdPeriph_Driver\inc -IC:\git\LightShaker\AtollicWorkspace\shared\Libraries\STM32_USB_Device_Driver\inc -IC:\git\LightShaker\AtollicWorkspace\shared\Libraries\STM32_USB_Device_Library\Class\cdc\inc -IC:\git\LightShaker\AtollicWorkspace\shared\Libraries\STM32_USB_Device_Library\Core\inc -O0 -ffunction-sections -fdata-sections -g -fstack-usage -Wall -specs=nano.specs -o Libraries\STM32F0xx_StdPeriph_Driver\src\stm32f0xx_exti.o ..\..\shared\Libraries\STM32F0xx_StdPeriph_Driver\src\stm32f0xx_exti.c 
arm-atollic-eabi-gcc -c -mthumb -mcpu=cortex-m0 -std=gnu99 -DSTM32F042 -DUSE_STDPERIPH_DRIVER -IC:\git\LightShaker\AtollicWorkspace\shared\src -IC:\git\LightShaker\AtollicWorkspace\Level\src -IC:\git\LightShaker\AtollicWorkspace\shared\Libraries\CMSIS\Include -IC:\git\LightShaker\AtollicWorkspace\shared\Libraries\CMSIS\Device\ST\STM32F0xx\Include -IC:\git\LightShaker\AtollicWorkspace\shared\Libraries\STM32F0xx_StdPeriph_Driver\inc -IC:\git\LightShaker\AtollicWorkspace\shared\Libraries\STM32_USB_Device_Driver\inc -IC:\git\LightShaker\AtollicWorkspace\shared\Libraries\STM32_USB_Device_Library\Class\cdc\inc -IC:\git\LightShaker\AtollicWorkspace\shared\Libraries\STM32_USB_Device_Library\Core\inc -O0 -ffunction-sections -fdata-sections -g -fstack-usage -Wall -specs=nano.specs -o Libraries\STM32F0xx_StdPeriph_Driver\src\stm32f0xx_flash.o ..\..\shared\Libraries\STM32F0xx_StdPeriph_Driver\src\stm32f0xx_flash.c 
arm-atollic-eabi-gcc -c -mthumb -mcpu=cortex-m0 -std=gnu99 -DSTM32F042 -DUSE_STDPERIPH_DRIVER -IC:\git\LightShaker\AtollicWorkspace\shared\src -IC:\git\LightShaker\AtollicWorkspace\Level\src -IC:\git\LightShaker\AtollicWorkspace\shared\Libraries\CMSIS\Include -IC:\git\LightShaker\AtollicWorkspace\shared\Libraries\CMSIS\Device\ST\STM32F0xx\Include -IC:\git\LightShaker\AtollicWorkspace\shared\Libraries\STM32F0xx_StdPeriph_Driver\inc -IC:\git\LightShaker\AtollicWorkspace\shared\Libraries\STM32_USB_Device_Driver\inc -IC:\git\LightShaker\AtollicWorkspace\shared\Libraries\STM32_USB_Device_Library\Class\cdc\inc -IC:\git\LightShaker\AtollicWorkspace\shared\Libraries\STM32_USB_Device_Library\Core\inc -O0 -ffunction-sections -fdata-sections -g -fstack-usage -Wall -specs=nano.specs -o src\src\usbd_usr.o ..\..\shared\src\usbd_usr.c 
arm-atollic-eabi-gcc -c -mthumb -mcpu=cortex-m0 -std=gnu99 -DSTM32F042 -DUSE_STDPERIPH_DRIVER -IC:\git\LightShaker\AtollicWorkspace\shared\src -IC:\git\LightShaker\AtollicWorkspace\Level\src -IC:\git\LightShaker\AtollicWorkspace\shared\Libraries\CMSIS\Include -IC:\git\LightShaker\AtollicWorkspace\shared\Libraries\CMSIS\Device\ST\STM32F0xx\Include -IC:\git\LightShaker\AtollicWorkspace\shared\Libraries\STM32F0xx_StdPeriph_Driver\inc -IC:\git\LightShaker\AtollicWorkspace\shared\Libraries\STM32_USB_Device_Driver\inc -IC:\git\LightShaker\AtollicWorkspace\shared\Libraries\STM32_USB_Device_Library\Class\cdc\inc -IC:\git\LightShaker\AtollicWorkspace\shared\Libraries\STM32_USB_Device_Library\Core\inc -O0 -ffunction-sections -fdata-sections -g -fstack-usage -Wall -specs=nano.specs -o Libraries\STM32F0xx_StdPeriph_Driver\src\stm32f0xx_cec.o ..\..\shared\Libraries\STM32F0xx_StdPeriph_Driver\src\stm32f0xx_cec.c 
arm-atollic-eabi-gcc -c -mthumb -mcpu=cortex-m0 -std=gnu99 -DSTM32F042 -DUSE_STDPERIPH_DRIVER -IC:\git\LightShaker\AtollicWorkspace\shared\src -IC:\git\LightShaker\AtollicWorkspace\Level\src -IC:\git\LightShaker\AtollicWorkspace\shared\Libraries\CMSIS\Include -IC:\git\LightShaker\AtollicWorkspace\shared\Libraries\CMSIS\Device\ST\STM32F0xx\Include -IC:\git\LightShaker\AtollicWorkspace\shared\Libraries\STM32F0xx_StdPeriph_Driver\inc -IC:\git\LightShaker\AtollicWorkspace\shared\Libraries\STM32_USB_Device_Driver\inc -IC:\git\LightShaker\AtollicWorkspace\shared\Libraries\STM32_USB_Device_Library\Class\cdc\inc -IC:\git\LightShaker\AtollicWorkspace\shared\Libraries\STM32_USB_Device_Library\Core\inc -O0 -ffunction-sections -fdata-sections -g -fstack-usage -Wall -specs=nano.specs -o Libraries\STM32F0xx_StdPeriph_Driver\src\stm32f0xx_spi.o ..\..\shared\Libraries\STM32F0xx_StdPeriph_Driver\src\stm32f0xx_spi.c 
arm-atollic-eabi-gcc -c -mthumb -mcpu=cortex-m0 -std=gnu99 -DSTM32F042 -DUSE_STDPERIPH_DRIVER -IC:\git\LightShaker\AtollicWorkspace\shared\src -IC:\git\LightShaker\AtollicWorkspace\Level\src -IC:\git\LightShaker\AtollicWorkspace\shared\Libraries\CMSIS\Include -IC:\git\LightShaker\AtollicWorkspace\shared\Libraries\CMSIS\Device\ST\STM32F0xx\Include -IC:\git\LightShaker\AtollicWorkspace\shared\Libraries\STM32F0xx_StdPeriph_Driver\inc -IC:\git\LightShaker\AtollicWorkspace\shared\Libraries\STM32_USB_Device_Driver\inc -IC:\git\LightShaker\AtollicWorkspace\shared\Libraries\STM32_USB_Device_Library\Class\cdc\inc -IC:\git\LightShaker\AtollicWorkspace\shared\Libraries\STM32_USB_Device_Library\Core\inc -O0 -ffunction-sections -fdata-sections -g -fstack-usage -Wall -specs=nano.specs -o Libraries\STM32_USB_Device_Library\Core\src\usbd_req.o ..\..\shared\Libraries\STM32_USB_Device_Library\Core\src\usbd_req.c 
arm-atollic-eabi-gcc -c -mthumb -mcpu=cortex-m0 -std=gnu99 -DSTM32F042 -DUSE_STDPERIPH_DRIVER -IC:\git\LightShaker\AtollicWorkspace\shared\src -IC:\git\LightShaker\AtollicWorkspace\Level\src -IC:\git\LightShaker\AtollicWorkspace\shared\Libraries\CMSIS\Include -IC:\git\LightShaker\AtollicWorkspace\shared\Libraries\CMSIS\Device\ST\STM32F0xx\Include -IC:\git\LightShaker\AtollicWorkspace\shared\Libraries\STM32F0xx_StdPeriph_Driver\inc -IC:\git\LightShaker\AtollicWorkspace\shared\Libraries\STM32_USB_Device_Driver\inc -IC:\git\LightShaker\AtollicWorkspace\shared\Libraries\STM32_USB_Device_Library\Class\cdc\inc -IC:\git\LightShaker\AtollicWorkspace\shared\Libraries\STM32_USB_Device_Library\Core\inc -O0 -ffunction-sections -fdata-sections -g -fstack-usage -Wall -specs=nano.specs -o Libraries\STM32F0xx_StdPeriph_Driver\src\stm32f0xx_can.o ..\..\shared\Libraries\STM32F0xx_StdPeriph_Driver\src\stm32f0xx_can.c 
arm-atollic-eabi-gcc -c -mthumb -mcpu=cortex-m0 -std=gnu99 -DSTM32F042 -DUSE_STDPERIPH_DRIVER -IC:\git\LightShaker\AtollicWorkspace\shared\src -IC:\git\LightShaker\AtollicWorkspace\Level\src -IC:\git\LightShaker\AtollicWorkspace\shared\Libraries\CMSIS\Include -IC:\git\LightShaker\AtollicWorkspace\shared\Libraries\CMSIS\Device\ST\STM32F0xx\Include -IC:\git\LightShaker\AtollicWorkspace\shared\Libraries\STM32F0xx_StdPeriph_Driver\inc -IC:\git\LightShaker\AtollicWorkspace\shared\Libraries\STM32_USB_Device_Driver\inc -IC:\git\LightShaker\AtollicWorkspace\shared\Libraries\STM32_USB_Device_Library\Class\cdc\inc -IC:\git\LightShaker\AtollicWorkspace\shared\Libraries\STM32_USB_Device_Library\Core\inc -O0 -ffunction-sections -fdata-sections -g -fstack-usage -Wall -specs=nano.specs -o Libraries\STM32F0xx_StdPeriph_Driver\src\stm32f0xx_rcc.o ..\..\shared\Libraries\STM32F0xx_StdPeriph_Driver\src\stm32f0xx_rcc.c 
arm-atollic-eabi-gcc -c -mthumb -mcpu=cortex-m0 -std=gnu99 -DSTM32F042 -DUSE_STDPERIPH_DRIVER -IC:\git\LightShaker\AtollicWorkspace\shared\src -IC:\git\LightShaker\AtollicWorkspace\Level\src -IC:\git\LightShaker\AtollicWorkspace\shared\Libraries\CMSIS\Include -IC:\git\LightShaker\AtollicWorkspace\shared\Libraries\CMSIS\Device\ST\STM32F0xx\Include -IC:\git\LightShaker\AtollicWorkspace\shared\Libraries\STM32F0xx_StdPeriph_Driver\inc -IC:\git\LightShaker\AtollicWorkspace\shared\Libraries\STM32_USB_Device_Driver\inc -IC:\git\LightShaker\AtollicWorkspace\shared\Libraries\STM32_USB_Device_Library\Class\cdc\inc -IC:\git\LightShaker\AtollicWorkspace\shared\Libraries\STM32_USB_Device_Library\Core\inc -O0 -ffunction-sections -fdata-sections -g -fstack-usage -Wall -specs=nano.specs -o Libraries\STM32_USB_Device_Library\Class\cdc\src\usbd_cdc_core.o ..\..\shared\Libraries\STM32_USB_Device_Library\Class\cdc\src\usbd_cdc_core.c 
arm-atollic-eabi-gcc -c -mthumb -mcpu=cortex-m0 -std=gnu99 -DSTM32F042 -DUSE_STDPERIPH_DRIVER -IC:\git\LightShaker\AtollicWorkspace\shared\src -IC:\git\LightShaker\AtollicWorkspace\Level\src -IC:\git\LightShaker\AtollicWorkspace\shared\Libraries\CMSIS\Include -IC:\git\LightShaker\AtollicWorkspace\shared\Libraries\CMSIS\Device\ST\STM32F0xx\Include -IC:\git\LightShaker\AtollicWorkspace\shared\Libraries\STM32F0xx_StdPeriph_Driver\inc -IC:\git\LightShaker\AtollicWorkspace\shared\Libraries\STM32_USB_Device_Driver\inc -IC:\git\LightShaker\AtollicWorkspace\shared\Libraries\STM32_USB_Device_Library\Class\cdc\inc -IC:\git\LightShaker\AtollicWorkspace\shared\Libraries\STM32_USB_Device_Library\Core\inc -O0 -ffunction-sections -fdata-sections -g -fstack-usage -Wall -specs=nano.specs -o Libraries\STM32_USB_Device_Driver\src\usb_dcd_int.o ..\..\shared\Libraries\STM32_USB_Device_Driver\src\usb_dcd_int.c 
arm-atollic-eabi-gcc -c -mthumb -mcpu=cortex-m0 -std=gnu99 -DSTM32F042 -DUSE_STDPERIPH_DRIVER -IC:\git\LightShaker\AtollicWorkspace\shared\src -IC:\git\LightShaker\AtollicWorkspace\Level\src -IC:\git\LightShaker\AtollicWorkspace\shared\Libraries\CMSIS\Include -IC:\git\LightShaker\AtollicWorkspace\shared\Libraries\CMSIS\Device\ST\STM32F0xx\Include -IC:\git\LightShaker\AtollicWorkspace\shared\Libraries\STM32F0xx_StdPeriph_Driver\inc -IC:\git\LightShaker\AtollicWorkspace\shared\Libraries\STM32_USB_Device_Driver\inc -IC:\git\LightShaker\AtollicWorkspace\shared\Libraries\STM32_USB_Device_Library\Class\cdc\inc -IC:\git\LightShaker\AtollicWorkspace\shared\Libraries\STM32_USB_Device_Library\Core\inc -O0 -ffunction-sections -fdata-sections -g -fstack-usage -Wall -specs=nano.specs -o src\src\utilFifo.o ..\..\shared\src\utilFifo.c 
arm-atollic-eabi-gcc -c -mthumb -mcpu=cortex-m0 -std=gnu99 -DSTM32F042 -DUSE_STDPERIPH_DRIVER -IC:\git\LightShaker\AtollicWorkspace\shared\src -IC:\git\LightShaker\AtollicWorkspace\Level\src -IC:\git\LightShaker\AtollicWorkspace\shared\Libraries\CMSIS\Include -IC:\git\LightShaker\AtollicWorkspace\shared\Libraries\CMSIS\Device\ST\STM32F0xx\Include -IC:\git\LightShaker\AtollicWorkspace\shared\Libraries\STM32F0xx_StdPeriph_Driver\inc -IC:\git\LightShaker\AtollicWorkspace\shared\Libraries\STM32_USB_Device_Driver\inc -IC:\git\LightShaker\AtollicWorkspace\shared\Libraries\STM32_USB_Device_Library\Class\cdc\inc -IC:\git\LightShaker\AtollicWorkspace\shared\Libraries\STM32_USB_Device_Library\Core\inc -O0 -ffunction-sections -fdata-sections -g -fstack-usage -Wall -specs=nano.specs -o Libraries\STM32_USB_Device_Library\Core\src\usbd_ioreq.o ..\..\shared\Libraries\STM32_USB_Device_Library\Core\src\usbd_ioreq.c 
arm-atollic-eabi-gcc -c -mthumb -mcpu=cortex-m0 -std=gnu99 -DSTM32F042 -DUSE_STDPERIPH_DRIVER -IC:\git\LightShaker\AtollicWorkspace\shared\src -IC:\git\LightShaker\AtollicWorkspace\Level\src -IC:\git\LightShaker\AtollicWorkspace\shared\Libraries\CMSIS\Include -IC:\git\LightShaker\AtollicWorkspace\shared\Libraries\CMSIS\Device\ST\STM32F0xx\Include -IC:\git\LightShaker\AtollicWorkspace\shared\Libraries\STM32F0xx_StdPeriph_Driver\inc -IC:\git\LightShaker\AtollicWorkspace\shared\Libraries\STM32_USB_Device_Driver\inc -IC:\git\LightShaker\AtollicWorkspace\shared\Libraries\STM32_USB_Device_Library\Class\cdc\inc -IC:\git\LightShaker\AtollicWorkspace\shared\Libraries\STM32_USB_Device_Library\Core\inc -O0 -ffunction-sections -fdata-sections -g -fstack-usage -Wall -specs=nano.specs -o src\src\drvPower.o ..\..\shared\src\drvPower.c 
arm-atollic-eabi-gcc -c -mthumb -mcpu=cortex-m0 -std=gnu99 -DSTM32F042 -DUSE_STDPERIPH_DRIVER -IC:\git\LightShaker\AtollicWorkspace\shared\src -IC:\git\LightShaker\AtollicWorkspace\Level\src -IC:\git\LightShaker\AtollicWorkspace\shared\Libraries\CMSIS\Include -IC:\git\LightShaker\AtollicWorkspace\shared\Libraries\CMSIS\Device\ST\STM32F0xx\Include -IC:\git\LightShaker\AtollicWorkspace\shared\Libraries\STM32F0xx_StdPeriph_Driver\inc -IC:\git\LightShaker\AtollicWorkspace\shared\Libraries\STM32_USB_Device_Driver\inc -IC:\git\LightShaker\AtollicWorkspace\shared\Libraries\STM32_USB_Device_Library\Class\cdc\inc -IC:\git\LightShaker\AtollicWorkspace\shared\Libraries\STM32_USB_Device_Library\Core\inc -O0 -ffunction-sections -fdata-sections -g -fstack-usage -Wall -specs=nano.specs -o src\src\usb_bsp.o ..\..\shared\src\usb_bsp.c 
arm-atollic-eabi-gcc -c -mthumb -mcpu=cortex-m0 -std=gnu99 -DSTM32F042 -DUSE_STDPERIPH_DRIVER -IC:\git\LightShaker\AtollicWorkspace\shared\src -IC:\git\LightShaker\AtollicWorkspace\Level\src -IC:\git\LightShaker\AtollicWorkspace\shared\Libraries\CMSIS\Include -IC:\git\LightShaker\AtollicWorkspace\shared\Libraries\CMSIS\Device\ST\STM32F0xx\Include -IC:\git\LightShaker\AtollicWorkspace\shared\Libraries\STM32F0xx_StdPeriph_Driver\inc -IC:\git\LightShaker\AtollicWorkspace\shared\Libraries\STM32_USB_Device_Driver\inc -IC:\git\LightShaker\AtollicWorkspace\shared\Libraries\STM32_USB_Device_Library\Class\cdc\inc -IC:\git\LightShaker\AtollicWorkspace\shared\Libraries\STM32_USB_Device_Library\Core\inc -O0 -ffunction-sections -fdata-sections -g -fstack-usage -Wall -specs=nano.specs -o Libraries\STM32F0xx_StdPeriph_Driver\src\stm32f0xx_gpio.o ..\..\shared\Libraries\STM32F0xx_StdPeriph_Driver\src\stm32f0xx_gpio.c 
arm-atollic-eabi-gcc -c -mthumb -mcpu=cortex-m0 -std=gnu99 -DSTM32F042 -DUSE_STDPERIPH_DRIVER -IC:\git\LightShaker\AtollicWorkspace\shared\src -IC:\git\LightShaker\AtollicWorkspace\Level\src -IC:\git\LightShaker\AtollicWorkspace\shared\Libraries\CMSIS\Include -IC:\git\LightShaker\AtollicWorkspace\shared\Libraries\CMSIS\Device\ST\STM32F0xx\Include -IC:\git\LightShaker\AtollicWorkspace\shared\Libraries\STM32F0xx_StdPeriph_Driver\inc -IC:\git\LightShaker\AtollicWorkspace\shared\Libraries\STM32_USB_Device_Driver\inc -IC:\git\LightShaker\AtollicWorkspace\shared\Libraries\STM32_USB_Device_Library\Class\cdc\inc -IC:\git\LightShaker\AtollicWorkspace\shared\Libraries\STM32_USB_Device_Library\Core\inc -O0 -ffunction-sections -fdata-sections -g -fstack-usage -Wall -specs=nano.specs -o Libraries\STM32F0xx_StdPeriph_Driver\src\stm32f0xx_comp.o ..\..\shared\Libraries\STM32F0xx_StdPeriph_Driver\src\stm32f0xx_comp.c 
arm-atollic-eabi-gcc -c -mthumb -mcpu=cortex-m0 -std=gnu99 -DSTM32F042 -DUSE_STDPERIPH_DRIVER -IC:\git\LightShaker\AtollicWorkspace\shared\src -IC:\git\LightShaker\AtollicWorkspace\Level\src -IC:\git\LightShaker\AtollicWorkspace\shared\Libraries\CMSIS\Include -IC:\git\LightShaker\AtollicWorkspace\shared\Libraries\CMSIS\Device\ST\STM32F0xx\Include -IC:\git\LightShaker\AtollicWorkspace\shared\Libraries\STM32F0xx_StdPeriph_Driver\inc -IC:\git\LightShaker\AtollicWorkspace\shared\Libraries\STM32_USB_Device_Driver\inc -IC:\git\LightShaker\AtollicWorkspace\shared\Libraries\STM32_USB_Device_Library\Class\cdc\inc -IC:\git\LightShaker\AtollicWorkspace\shared\Libraries\STM32_USB_Device_Library\Core\inc -O0 -ffunction-sections -fdata-sections -g -fstack-usage -Wall -specs=nano.specs -o src\stm32f0xx_it.o ..\src\stm32f0xx_it.c 
arm-atollic-eabi-gcc -c -mthumb -mcpu=cortex-m0 -std=gnu99 -DSTM32F042 -DUSE_STDPERIPH_DRIVER -IC:\git\LightShaker\AtollicWorkspace\shared\src -IC:\git\LightShaker\AtollicWorkspace\Level\src -IC:\git\LightShaker\AtollicWorkspace\shared\Libraries\CMSIS\Include -IC:\git\LightShaker\AtollicWorkspace\shared\Libraries\CMSIS\Device\ST\STM32F0xx\Include -IC:\git\LightShaker\AtollicWorkspace\shared\Libraries\STM32F0xx_StdPeriph_Driver\inc -IC:\git\LightShaker\AtollicWorkspace\shared\Libraries\STM32_USB_Device_Driver\inc -IC:\git\LightShaker\AtollicWorkspace\shared\Libraries\STM32_USB_Device_Library\Class\cdc\inc -IC:\git\LightShaker\AtollicWorkspace\shared\Libraries\STM32_USB_Device_Library\Core\inc -O0 -ffunction-sections -fdata-sections -g -fstack-usage -Wall -specs=nano.specs -o src\src\drvApa102.o ..\..\shared\src\drvApa102.c 
arm-atollic-eabi-gcc -c -mthumb -mcpu=cortex-m0 -std=gnu99 -DSTM32F042 -DUSE_STDPERIPH_DRIVER -IC:\git\LightShaker\AtollicWorkspace\shared\src -IC:\git\LightShaker\AtollicWorkspace\Level\src -IC:\git\LightShaker\AtollicWorkspace\shared\Libraries\CMSIS\Include -IC:\git\LightShaker\AtollicWorkspace\shared\Libraries\CMSIS\Device\ST\STM32F0xx\Include -IC:\git\LightShaker\AtollicWorkspace\shared\Libraries\STM32F0xx_StdPeriph_Driver\inc -IC:\git\LightShaker\AtollicWorkspace\shared\Libraries\STM32_USB_Device_Driver\inc -IC:\git\LightShaker\AtollicWorkspace\shared\Libraries\STM32_USB_Device_Library\Class\cdc\inc -IC:\git\LightShaker\AtollicWorkspace\shared\Libraries\STM32_USB_Device_Library\Core\inc -O0 -ffunction-sections -fdata-sections -g -fstack-usage -Wall -specs=nano.specs -o Libraries\STM32F0xx_StdPeriph_Driver\src\stm32f0xx_rtc.o ..\..\shared\Libraries\STM32F0xx_StdPeriph_Driver\src\stm32f0xx_rtc.c 
arm-atollic-eabi-gcc -c -mthumb -mcpu=cortex-m0 -std=gnu99 -DSTM32F042 -DUSE_STDPERIPH_DRIVER -IC:\git\LightShaker\AtollicWorkspace\shared\src -IC:\git\LightShaker\AtollicWorkspace\Level\src -IC:\git\LightShaker\AtollicWorkspace\shared\Libraries\CMSIS\Include -IC:\git\LightShaker\AtollicWorkspace\shared\Libraries\CMSIS\Device\ST\STM32F0xx\Include -IC:\git\LightShaker\AtollicWorkspace\shared\Libraries\STM32F0xx_StdPeriph_Driver\inc -IC:\git\LightShaker\AtollicWorkspace\shared\Libraries\STM32_USB_Device_Driver\inc -IC:\git\LightShaker\AtollicWorkspace\shared\Libraries\STM32_USB_Device_Library\Class\cdc\inc -IC:\git\LightShaker\AtollicWorkspace\shared\Libraries\STM32_USB_Device_Library\Core\inc -O0 -ffunction-sections -fdata-sections -g -fstack-usage -Wall -specs=nano.specs -o Libraries\STM32F0xx_StdPeriph_Driver\src\stm32f0xx_usart.o ..\..\shared\Libraries\STM32F0xx_StdPeriph_Driver\src\stm32f0xx_usart.c 
arm-atollic-eabi-gcc -c -mthumb -mcpu=cortex-m0 -std=gnu99 -DSTM32F042 -DUSE_STDPERIPH_DRIVER -IC:\git\LightShaker\AtollicWorkspace\shared\src -IC:\git\LightShaker\AtollicWorkspace\Level\src -IC:\git\LightShaker\AtollicWorkspace\shared\Libraries\CMSIS\Include -IC:\git\LightShaker\AtollicWorkspace\shared\Libraries\CMSIS\Device\ST\STM32F0xx\Include -IC:\git\LightShaker\AtollicWorkspace\shared\Libraries\STM32F0xx_StdPeriph_Driver\inc -IC:\git\LightShaker\AtollicWorkspace\shared\Libraries\STM32_USB_Device_Driver\inc -IC:\git\LightShaker\AtollicWorkspace\shared\Libraries\STM32_USB_Device_Library\Class\cdc\inc -IC:\git\LightShaker\AtollicWorkspace\shared\Libraries\STM32_USB_Device_Library\Core\inc -O0 -ffunction-sections -fdata-sections -g -fstack-usage -Wall -specs=nano.specs -o Libraries\STM32F0xx_StdPeriph_Driver\src\stm32f0xx_dac.o ..\..\shared\Libraries\STM32F0xx_StdPeriph_Driver\src\stm32f0xx_dac.c 
arm-atollic-eabi-gcc -c -mthumb -mcpu=cortex-m0 -std=gnu99 -DSTM32F042 -DUSE_STDPERIPH_DRIVER -IC:\git\LightShaker\AtollicWorkspace\shared\src -IC:\git\LightShaker\AtollicWorkspace\Level\src -IC:\git\LightShaker\AtollicWorkspace\shared\Libraries\CMSIS\Include -IC:\git\LightShaker\AtollicWorkspace\shared\Libraries\CMSIS\Device\ST\STM32F0xx\Include -IC:\git\LightShaker\AtollicWorkspace\shared\Libraries\STM32F0xx_StdPeriph_Driver\inc -IC:\git\LightShaker\AtollicWorkspace\shared\Libraries\STM32_USB_Device_Driver\inc -IC:\git\LightShaker\AtollicWorkspace\shared\Libraries\STM32_USB_Device_Library\Class\cdc\inc -IC:\git\LightShaker\AtollicWorkspace\shared\Libraries\STM32_USB_Device_Library\Core\inc -O0 -ffunction-sections -fdata-sections -g -fstack-usage -Wall -specs=nano.specs -o Libraries\STM32_USB_Device_Driver\src\usb_core.o ..\..\shared\Libraries\STM32_USB_Device_Driver\src\usb_core.c 
arm-atollic-eabi-gcc -c -mthumb -mcpu=cortex-m0 -std=gnu99 -DSTM32F042 -DUSE_STDPERIPH_DRIVER -IC:\git\LightShaker\AtollicWorkspace\shared\src -IC:\git\LightShaker\AtollicWorkspace\Level\src -IC:\git\LightShaker\AtollicWorkspace\shared\Libraries\CMSIS\Include -IC:\git\LightShaker\AtollicWorkspace\shared\Libraries\CMSIS\Device\ST\STM32F0xx\Include -IC:\git\LightShaker\AtollicWorkspace\shared\Libraries\STM32F0xx_StdPeriph_Driver\inc -IC:\git\LightShaker\AtollicWorkspace\shared\Libraries\STM32_USB_Device_Driver\inc -IC:\git\LightShaker\AtollicWorkspace\shared\Libraries\STM32_USB_Device_Library\Class\cdc\inc -IC:\git\LightShaker\AtollicWorkspace\shared\Libraries\STM32_USB_Device_Library\Core\inc -O0 -ffunction-sections -fdata-sections -g -fstack-usage -Wall -specs=nano.specs -o Libraries\STM32F0xx_StdPeriph_Driver\src\stm32f0xx_misc.o ..\..\shared\Libraries\STM32F0xx_StdPeriph_Driver\src\stm32f0xx_misc.c 
arm-atollic-eabi-gcc -c -mthumb -mcpu=cortex-m0 -std=gnu99 -DSTM32F042 -DUSE_STDPERIPH_DRIVER -IC:\git\LightShaker\AtollicWorkspace\shared\src -IC:\git\LightShaker\AtollicWorkspace\Level\src -IC:\git\LightShaker\AtollicWorkspace\shared\Libraries\CMSIS\Include -IC:\git\LightShaker\AtollicWorkspace\shared\Libraries\CMSIS\Device\ST\STM32F0xx\Include -IC:\git\LightShaker\AtollicWorkspace\shared\Libraries\STM32F0xx_StdPeriph_Driver\inc -IC:\git\LightShaker\AtollicWorkspace\shared\Libraries\STM32_USB_Device_Driver\inc -IC:\git\LightShaker\AtollicWorkspace\shared\Libraries\STM32_USB_Device_Library\Class\cdc\inc -IC:\git\LightShaker\AtollicWorkspace\shared\Libraries\STM32_USB_Device_Library\Core\inc -O0 -ffunction-sections -fdata-sections -g -fstack-usage -Wall -specs=nano.specs -o src\tiny_printf.o ..\src\tiny_printf.c 
arm-atollic-eabi-gcc -c -mthumb -mcpu=cortex-m0 -std=gnu99 -DSTM32F042 -DUSE_STDPERIPH_DRIVER -IC:\git\LightShaker\AtollicWorkspace\shared\src -IC:\git\LightShaker\AtollicWorkspace\Level\src -IC:\git\LightShaker\AtollicWorkspace\shared\Libraries\CMSIS\Include -IC:\git\LightShaker\AtollicWorkspace\shared\Libraries\CMSIS\Device\ST\STM32F0xx\Include -IC:\git\LightShaker\AtollicWorkspace\shared\Libraries\STM32F0xx_StdPeriph_Driver\inc -IC:\git\LightShaker\AtollicWorkspace\shared\Libraries\STM32_USB_Device_Driver\inc -IC:\git\LightShaker\AtollicWorkspace\shared\Libraries\STM32_USB_Device_Library\Class\cdc\inc -IC:\git\LightShaker\AtollicWorkspace\shared\Libraries\STM32_USB_Device_Library\Core\inc -O0 -ffunction-sections -fdata-sections -g -fstack-usage -Wall -specs=nano.specs -o Libraries\STM32F0xx_StdPeriph_Driver\src\stm32f0xx_crs.o ..\..\shared\Libraries\STM32F0xx_StdPeriph_Driver\src\stm32f0xx_crs.c 
arm-atollic-eabi-gcc -c -mthumb -mcpu=cortex-m0 -std=gnu99 -DSTM32F042 -DUSE_STDPERIPH_DRIVER -IC:\git\LightShaker\AtollicWorkspace\shared\src -IC:\git\LightShaker\AtollicWorkspace\Level\src -IC:\git\LightShaker\AtollicWorkspace\shared\Libraries\CMSIS\Include -IC:\git\LightShaker\AtollicWorkspace\shared\Libraries\CMSIS\Device\ST\STM32F0xx\Include -IC:\git\LightShaker\AtollicWorkspace\shared\Libraries\STM32F0xx_StdPeriph_Driver\inc -IC:\git\LightShaker\AtollicWorkspace\shared\Libraries\STM32_USB_Device_Driver\inc -IC:\git\LightShaker\AtollicWorkspace\shared\Libraries\STM32_USB_Device_Library\Class\cdc\inc -IC:\git\LightShaker\AtollicWorkspace\shared\Libraries\STM32_USB_Device_Library\Core\inc -O0 -ffunction-sections -fdata-sections -g -fstack-usage -Wall -specs=nano.specs -o src\system_stm32f0xx.o ..\src\system_stm32f0xx.c 
..\src\system_stm32f0xx.c: In function 'SetSysClock':
..\src\system_stm32f0xx.c:314:15: warning: value computed is not used [-Wunused-value]
     RCC->CFGR == (uint32_t)(RCC_CFGR_PLLSRC_HSI_PREDIV | RCC_CFGR_PLLXTPRE_PREDIV1 | RCC_CFGR_PLLMULL6);
                
arm-atollic-eabi-gcc -c -mthumb -mcpu=cortex-m0 -std=gnu99 -DSTM32F042 -DUSE_STDPERIPH_DRIVER -IC:\git\LightShaker\AtollicWorkspace\shared\src -IC:\git\LightShaker\AtollicWorkspace\Level\src -IC:\git\LightShaker\AtollicWorkspace\shared\Libraries\CMSIS\Include -IC:\git\LightShaker\AtollicWorkspace\shared\Libraries\CMSIS\Device\ST\STM32F0xx\Include -IC:\git\LightShaker\AtollicWorkspace\shared\Libraries\STM32F0xx_StdPeriph_Driver\inc -IC:\git\LightShaker\AtollicWorkspace\shared\Libraries\STM32_USB_Device_Driver\inc -IC:\git\LightShaker\AtollicWorkspace\shared\Libraries\STM32_USB_Device_Library\Class\cdc\inc -IC:\git\LightShaker\AtollicWorkspace\shared\Libraries\STM32_USB_Device_Library\Core\inc -O0 -ffunction-sections -fdata-sections -g -fstack-usage -Wall -specs=nano.specs -o Libraries\STM32_USB_Device_Library\Core\src\usbd_core.o ..\..\shared\Libraries\STM32_USB_Device_Library\Core\src\usbd_core.c 
arm-atollic-eabi-gcc -c -mthumb -mcpu=cortex-m0 -std=gnu99 -DSTM32F042 -DUSE_STDPERIPH_DRIVER -IC:\git\LightShaker\AtollicWorkspace\shared\src -IC:\git\LightShaker\AtollicWorkspace\Level\src -IC:\git\LightShaker\AtollicWorkspace\shared\Libraries\CMSIS\Include -IC:\git\LightShaker\AtollicWorkspace\shared\Libraries\CMSIS\Device\ST\STM32F0xx\Include -IC:\git\LightShaker\AtollicWorkspace\shared\Libraries\STM32F0xx_StdPeriph_Driver\inc -IC:\git\LightShaker\AtollicWorkspace\shared\Libraries\STM32_USB_Device_Driver\inc -IC:\git\LightShaker\AtollicWorkspace\shared\Libraries\STM32_USB_Device_Library\Class\cdc\inc -IC:\git\LightShaker\AtollicWorkspace\shared\Libraries\STM32_USB_Device_Library\Core\inc -O0 -ffunction-sections -fdata-sections -g -fstack-usage -Wall -specs=nano.specs -o Libraries\STM32F0xx_StdPeriph_Driver\src\stm32f0xx_adc.o ..\..\shared\Libraries\STM32F0xx_StdPeriph_Driver\src\stm32f0xx_adc.c 
arm-atollic-eabi-gcc -c -mthumb -mcpu=cortex-m0 -std=gnu99 -DSTM32F042 -DUSE_STDPERIPH_DRIVER -IC:\git\LightShaker\AtollicWorkspace\shared\src -IC:\git\LightShaker\AtollicWorkspace\Level\src -IC:\git\LightShaker\AtollicWorkspace\shared\Libraries\CMSIS\Include -IC:\git\LightShaker\AtollicWorkspace\shared\Libraries\CMSIS\Device\ST\STM32F0xx\Include -IC:\git\LightShaker\AtollicWorkspace\shared\Libraries\STM32F0xx_StdPeriph_Driver\inc -IC:\git\LightShaker\AtollicWorkspace\shared\Libraries\STM32_USB_Device_Driver\inc -IC:\git\LightShaker\AtollicWorkspace\shared\Libraries\STM32_USB_Device_Library\Class\cdc\inc -IC:\git\LightShaker\AtollicWorkspace\shared\Libraries\STM32_USB_Device_Library\Core\inc -O0 -ffunction-sections -fdata-sections -g -fstack-usage -Wall -specs=nano.specs -o Libraries\STM32F0xx_StdPeriph_Driver\src\stm32f0xx_syscfg.o ..\..\shared\Libraries\STM32F0xx_StdPeriph_Driver\src\stm32f0xx_syscfg.c 
arm-atollic-eabi-gcc Libraries\STM32F0xx_StdPeriph_Driver\src\stm32f0xx_adc.o Libraries\STM32F0xx_StdPeriph_Driver\src\stm32f0xx_can.o Libraries\STM32F0xx_StdPeriph_Driver\src\stm32f0xx_cec.o Libraries\STM32F0xx_StdPeriph_Driver\src\stm32f0xx_comp.o Libraries\STM32F0xx_StdPeriph_Driver\src\stm32f0xx_crc.o Libraries\STM32F0xx_StdPeriph_Driver\src\stm32f0xx_crs.o Libraries\STM32F0xx_StdPeriph_Driver\src\stm32f0xx_dac.o Libraries\STM32F0xx_StdPeriph_Driver\src\stm32f0xx_dbgmcu.o Libraries\STM32F0xx_StdPeriph_Driver\src\stm32f0xx_dma.o Libraries\STM32F0xx_StdPeriph_Driver\src\stm32f0xx_exti.o Libraries\STM32F0xx_StdPeriph_Driver\src\stm32f0xx_flash.o Libraries\STM32F0xx_StdPeriph_Driver\src\stm32f0xx_gpio.o Libraries\STM32F0xx_StdPeriph_Driver\src\stm32f0xx_i2c.o Libraries\STM32F0xx_StdPeriph_Driver\src\stm32f0xx_iwdg.o Libraries\STM32F0xx_StdPeriph_Driver\src\stm32f0xx_misc.o Libraries\STM32F0xx_StdPeriph_Driver\src\stm32f0xx_pwr.o Libraries\STM32F0xx_StdPeriph_Driver\src\stm32f0xx_rcc.o Libraries\STM32F0xx_StdPeriph_Driver\src\stm32f0xx_rtc.o Libraries\STM32F0xx_StdPeriph_Driver\src\stm32f0xx_spi.o Libraries\STM32F0xx_StdPeriph_Driver\src\stm32f0xx_syscfg.o Libraries\STM32F0xx_StdPeriph_Driver\src\stm32f0xx_tim.o Libraries\STM32F0xx_StdPeriph_Driver\src\stm32f0xx_usart.o Libraries\STM32F0xx_StdPeriph_Driver\src\stm32f0xx_wwdg.o Libraries\STM32_USB_Device_Driver\src\usb_core.o Libraries\STM32_USB_Device_Driver\src\usb_dcd.o Libraries\STM32_USB_Device_Driver\src\usb_dcd_int.o Libraries\STM32_USB_Device_Library\Class\cdc\src\usbd_cdc_core.o Libraries\STM32_USB_Device_Library\Class\cdc\src\usbd_cdc_if_template.o Libraries\STM32_USB_Device_Library\Core\src\usbd_core.o Libraries\STM32_USB_Device_Library\Core\src\usbd_ioreq.o Libraries\STM32_USB_Device_Library\Core\src\usbd_req.o src\main.o src\src\drvApa102.o src\src\drvDisplay.o src\src\drvMMA8653.o src\src\drvNvMemory.o src\src\drvPower.o src\src\drvUSB.o src\src\eeprom.o src\src\usb_bsp.o src\src\usbd_desc.o src\src\usbd_pwr.o src\src\usbd_usr.o src\src\utilFifo.o src\startup_stm32f0xx.o src\stm32f0xx_it.o src\system_stm32f0xx.o src\tiny_printf.o -o Level.elf -mthumb -mcpu=cortex-m0 -T..\stm32_flash.ld -specs=nosys.specs -static -Wl,-cref,-u,Reset_Handler -Wl,-Map=Level.map -Wl,--gc-sections -Wl,--defsym=malloc_getpagesize_P=0x80 -Wl,--start-group -lc -lm -Wl,--end-group -specs=nano.specs 
C:\Program Files (x86)\Atollic\TrueSTUDIO for STM32 9.2.0\ide\jre\bin\java -jar C:\Program Files (x86)\Atollic\TrueSTUDIO for STM32 9.2.0\Tools\arm-atollic-reports.jar convert-hex sizeinfo list Level.elf 
Generate build reports...
Converting build output to hex
Output sent to: Level.hex
Converting build output to hex done
Print size information
   text	   data	    bss	    dec	    hex	filename
   5740	     28	    320	   6088	   17c8	Level.elf
Print size information done
Generate listing file
Output sent to: Level.list
Generate listing file done
Generate build reports done

15:33:44 Build Finished (took 26s.382ms)

