13:05:44 **** Incremental Build of configuration Debug for project USB_Test ****
Info: Internal Builder is used for build
arm-atollic-eabi-gcc -c ..\src\usb.c -mthumb -mcpu=cortex-m0 -std=gnu11 -DSTM32F042x6 -DHSI48_VALUE=((uint32_t)48000000) -I../src -IC:\git\LightShaker\AtollicWorkspace\shared\Libraries\CMSIS\Include -IC:\git\LightShaker\AtollicWorkspace\shared\Libraries\CMSIS\Device\ST\STM32F0xx\Include -O0 -ffunction-sections -fdata-sections -g -fstack-usage -Wall -specs=nano.specs -o src\usb.o 
arm-atollic-eabi-gcc -o USB_Test.elf src\main.o src\startup_stm32f042x6.o src\tiny_printf.o src\usb.o -mthumb -mcpu=cortex-m0 -T../stm32_flash.ld -specs=nosys.specs -static -Wl,-cref,-u,Reset_Handler -Wl,-Map=USB_Test.map -Wl,--gc-sections -Wl,--defsym=malloc_getpagesize_P=0x80 -Wl,--start-group -lc -lm -Wl,--end-group -specs=nano.specs 
C:\Program Files (x86)\Atollic\TrueSTUDIO for STM32 9.2.0\ide\jre\bin\java -jar C:\Program Files (x86)\Atollic\TrueSTUDIO for STM32 9.2.0\Tools\arm-atollic-reports.jar sizeinfo list USB_Test.elf 
Generate build reports...
Print size information
   text	   data	    bss	    dec	    hex	filename
   8356	     12	    724	   9092	   2384	USB_Test.elf
Print size information done
Generate listing file
Output sent to: USB_Test.list
Generate listing file done
Generate build reports done

13:05:45 Build Finished (took 1s.822ms)

