Archive member included to satisfy reference by file (symbol)

c:/program files (x86)/atollic/truestudio for arm 5.5.1/armtools/bin/../lib/gcc/arm-atollic-eabi/5.3.1/../../../../arm-atollic-eabi/lib/armv6-m\libc_nano.a(lib_a-init.o)
                              src\startup_stm32f0xx.o (__libc_init_array)
c:/program files (x86)/atollic/truestudio for arm 5.5.1/armtools/bin/../lib/gcc/arm-atollic-eabi/5.3.1/../../../../arm-atollic-eabi/lib/armv6-m\libc_nano.a(lib_a-memcpy-stub.o)
                              src\drvMMA8653.o (memcpy)
c:/program files (x86)/atollic/truestudio for arm 5.5.1/armtools/bin/../lib/gcc/arm-atollic-eabi/5.3.1/../../../../arm-atollic-eabi/lib/armv6-m\libc_nano.a(lib_a-strlen.o)
                              src\tiny_printf.o (strlen)
c:/program files (x86)/atollic/truestudio for arm 5.5.1/armtools/bin/../lib/gcc/arm-atollic-eabi/5.3.1/armv6-m\libgcc.a(_udivsi3.o)
                              src\tiny_printf.o (__aeabi_uidiv)
c:/program files (x86)/atollic/truestudio for arm 5.5.1/armtools/bin/../lib/gcc/arm-atollic-eabi/5.3.1/armv6-m\libgcc.a(_divsi3.o)
                              src\tiny_printf.o (__aeabi_idiv)
c:/program files (x86)/atollic/truestudio for arm 5.5.1/armtools/bin/../lib/gcc/arm-atollic-eabi/5.3.1/armv6-m\libgcc.a(_dvmd_tls.o)
                              c:/program files (x86)/atollic/truestudio for arm 5.5.1/armtools/bin/../lib/gcc/arm-atollic-eabi/5.3.1/armv6-m\libgcc.a(_udivsi3.o) (__aeabi_idiv0)
c:/program files (x86)/atollic/truestudio for arm 5.5.1/armtools/bin/../lib/gcc/arm-atollic-eabi/5.3.1/../../../../arm-atollic-eabi/lib/armv6-m\libnosys.a(write.o)
                              src\tiny_printf.o (_write)
c:/program files (x86)/atollic/truestudio for arm 5.5.1/armtools/bin/../lib/gcc/arm-atollic-eabi/5.3.1/../../../../arm-atollic-eabi/lib/armv6-m\libnosys.a(errno.o)
                              c:/program files (x86)/atollic/truestudio for arm 5.5.1/armtools/bin/../lib/gcc/arm-atollic-eabi/5.3.1/../../../../arm-atollic-eabi/lib/armv6-m\libnosys.a(write.o) (errno)

Allocating common symbols
Common symbol       size              file

errno               0x4               c:/program files (x86)/atollic/truestudio for arm 5.5.1/armtools/bin/../lib/gcc/arm-atollic-eabi/5.3.1/../../../../arm-atollic-eabi/lib/armv6-m\libnosys.a(errno.o)
leds                0x40              src\drvApa102.o
rxBuf               0x4               src\drvMMA8653.o
delayTimer          0x4               src\main.o
spiSendData         0x48              src\drvApa102.o

Discarded input sections

 .text          0x00000000        0x0 c:/program files (x86)/atollic/truestudio for arm 5.5.1/armtools/bin/../lib/gcc/arm-atollic-eabi/5.3.1/armv6-m/crti.o
 .data          0x00000000        0x0 c:/program files (x86)/atollic/truestudio for arm 5.5.1/armtools/bin/../lib/gcc/arm-atollic-eabi/5.3.1/armv6-m/crti.o
 .bss           0x00000000        0x0 c:/program files (x86)/atollic/truestudio for arm 5.5.1/armtools/bin/../lib/gcc/arm-atollic-eabi/5.3.1/armv6-m/crti.o
 .data          0x00000000        0x4 c:/program files (x86)/atollic/truestudio for arm 5.5.1/armtools/bin/../lib/gcc/arm-atollic-eabi/5.3.1/armv6-m/crtbegin.o
 .text          0x00000000        0x0 src\tiny_printf.o
 .data          0x00000000        0x0 src\tiny_printf.o
 .bss           0x00000000        0x0 src\tiny_printf.o
 .text.ts_itoa  0x00000000       0x98 src\tiny_printf.o
 .text.ts_formatstring
                0x00000000      0x12c src\tiny_printf.o
 .text.ts_formatlength
                0x00000000       0xa8 src\tiny_printf.o
 .rodata.ts_formatlength
                0x00000000       0x84 src\tiny_printf.o
 .text.siprintf
                0x00000000       0x30 src\tiny_printf.o
 .text.fiprintf
                0x00000000       0xc8 src\tiny_printf.o
 .text.iprintf  0x00000000       0xc0 src\tiny_printf.o
 .rodata        0x00000000        0x2 src\tiny_printf.o
 .text.fputs    0x00000000       0x70 src\tiny_printf.o
 .text.puts     0x00000000       0x60 src\tiny_printf.o
 .text.fwrite   0x00000000       0x3c src\tiny_printf.o
 .debug_info    0x00000000      0xbcb src\tiny_printf.o
 .debug_abbrev  0x00000000      0x248 src\tiny_printf.o
 .debug_aranges
                0x00000000       0x60 src\tiny_printf.o
 .debug_ranges  0x00000000       0x50 src\tiny_printf.o
 .debug_line    0x00000000      0x2b9 src\tiny_printf.o
 .debug_str     0x00000000      0x5ec src\tiny_printf.o
 .comment       0x00000000       0x7f src\tiny_printf.o
 .debug_frame   0x00000000      0x140 src\tiny_printf.o
 .ARM.attributes
                0x00000000       0x31 src\tiny_printf.o
 .text          0x00000000        0x0 src\system_stm32f0xx.o
 .data          0x00000000        0x0 src\system_stm32f0xx.o
 .bss           0x00000000        0x0 src\system_stm32f0xx.o
 .text          0x00000000        0x0 src\stm32f0xx_it.o
 .data          0x00000000        0x0 src\stm32f0xx_it.o
 .bss           0x00000000        0x0 src\stm32f0xx_it.o
 .text.MemManage_Handler
[...]
Memory Configuration

Name             Origin             Length             Attributes
FLASH            0x08000000         0x00008000         xr
RAM              0x20000000         0x00001800         xrw
MEMORY_B1        0x60000000         0x00000000         xr
*default*        0x00000000         0xffffffff

Linker script and memory map

LOAD c:/program files (x86)/atollic/truestudio for arm 5.5.1/armtools/bin/../lib/gcc/arm-atollic-eabi/5.3.1/armv6-m/crti.o
LOAD c:/program files (x86)/atollic/truestudio for arm 5.5.1/armtools/bin/../lib/gcc/arm-atollic-eabi/5.3.1/armv6-m/crtbegin.o
LOAD src\tiny_printf.o
LOAD src\system_stm32f0xx.o
LOAD src\stm32f0xx_it.o
LOAD src\startup_stm32f0xx.o
LOAD src\main.o
LOAD src\drvMMA8653.o
LOAD src\drvApa102.o
LOAD src\dbgLED.o
LOAD Libraries\STM32F0xx_StdPeriph_Driver\src\stm32f0xx_wwdg.o
LOAD Libraries\STM32F0xx_StdPeriph_Driver\src\stm32f0xx_usart.o
LOAD Libraries\STM32F0xx_StdPeriph_Driver\src\stm32f0xx_tim.o
LOAD Libraries\STM32F0xx_StdPeriph_Driver\src\stm32f0xx_syscfg.o
LOAD Libraries\STM32F0xx_StdPeriph_Driver\src\stm32f0xx_spi.o
LOAD Libraries\STM32F0xx_StdPeriph_Driver\src\stm32f0xx_rtc.o
LOAD Libraries\STM32F0xx_StdPeriph_Driver\src\stm32f0xx_rcc.o
LOAD Libraries\STM32F0xx_StdPeriph_Driver\src\stm32f0xx_pwr.o
LOAD Libraries\STM32F0xx_StdPeriph_Driver\src\stm32f0xx_misc.o
LOAD Libraries\STM32F0xx_StdPeriph_Driver\src\stm32f0xx_iwdg.o
LOAD Libraries\STM32F0xx_StdPeriph_Driver\src\stm32f0xx_i2c.o
LOAD Libraries\STM32F0xx_StdPeriph_Driver\src\stm32f0xx_gpio.o
LOAD Libraries\STM32F0xx_StdPeriph_Driver\src\stm32f0xx_flash.o
LOAD Libraries\STM32F0xx_StdPeriph_Driver\src\stm32f0xx_exti.o
LOAD Libraries\STM32F0xx_StdPeriph_Driver\src\stm32f0xx_dma.o
LOAD Libraries\STM32F0xx_StdPeriph_Driver\src\stm32f0xx_dbgmcu.o
LOAD Libraries\STM32F0xx_StdPeriph_Driver\src\stm32f0xx_dac.o
LOAD Libraries\STM32F0xx_StdPeriph_Driver\src\stm32f0xx_crs.o
LOAD Libraries\STM32F0xx_StdPeriph_Driver\src\stm32f0xx_crc.o
LOAD Libraries\STM32F0xx_StdPeriph_Driver\src\stm32f0xx_comp.o
LOAD Libraries\STM32F0xx_StdPeriph_Driver\src\stm32f0xx_cec.o
LOAD Libraries\STM32F0xx_StdPeriph_Driver\src\stm32f0xx_can.o
LOAD Libraries\STM32F0xx_StdPeriph_Driver\src\stm32f0xx_adc.o
START GROUP
LOAD c:/program files (x86)/atollic/truestudio for arm 5.5.1/armtools/bin/../lib/gcc/arm-atollic-eabi/5.3.1/../../../../arm-atollic-eabi/lib/armv6-m\libc_nano.a
LOAD c:/program files (x86)/atollic/truestudio for arm 5.5.1/armtools/bin/../lib/gcc/arm-atollic-eabi/5.3.1/../../../../arm-atollic-eabi/lib/armv6-m\libm.a
END GROUP
                0x00000080                malloc_getpagesize_P = 0x80
START GROUP
LOAD c:/program files (x86)/atollic/truestudio for arm 5.5.1/armtools/bin/../lib/gcc/arm-atollic-eabi/5.3.1/armv6-m\libgcc.a
LOAD c:/program files (x86)/atollic/truestudio for arm 5.5.1/armtools/bin/../lib/gcc/arm-atollic-eabi/5.3.1/../../../../arm-atollic-eabi/lib/armv6-m\libc_nano.a
END GROUP
START GROUP
LOAD c:/program files (x86)/atollic/truestudio for arm 5.5.1/armtools/bin/../lib/gcc/arm-atollic-eabi/5.3.1/armv6-m\libgcc.a
LOAD c:/program files (x86)/atollic/truestudio for arm 5.5.1/armtools/bin/../lib/gcc/arm-atollic-eabi/5.3.1/../../../../arm-atollic-eabi/lib/armv6-m\libc_nano.a
LOAD c:/program files (x86)/atollic/truestudio for arm 5.5.1/armtools/bin/../lib/gcc/arm-atollic-eabi/5.3.1/../../../../arm-atollic-eabi/lib/armv6-m\libnosys.a
END GROUP
START GROUP
LOAD c:/program files (x86)/atollic/truestudio for arm 5.5.1/armtools/bin/../lib/gcc/arm-atollic-eabi/5.3.1/armv6-m\libgcc.a
LOAD c:/program files (x86)/atollic/truestudio for arm 5.5.1/armtools/bin/../lib/gcc/arm-atollic-eabi/5.3.1/../../../../arm-atollic-eabi/lib/armv6-m\libc_nano.a
LOAD c:/program files (x86)/atollic/truestudio for arm 5.5.1/armtools/bin/../lib/gcc/arm-atollic-eabi/5.3.1/../../../../arm-atollic-eabi/lib/armv6-m\libnosys.a
END GROUP
LOAD c:/program files (x86)/atollic/truestudio for arm 5.5.1/armtools/bin/../lib/gcc/arm-atollic-eabi/5.3.1/armv6-m/crtend.o
LOAD c:/program files (x86)/atollic/truestudio for arm 5.5.1/armtools/bin/../lib/gcc/arm-atollic-eabi/5.3.1/armv6-m/crtn.o
                0x20001800                _estack = 0x20001800
                0x00000000                _Min_Heap_Size = 0x0
                0x00000080                _Min_Stack_Size = 0x80

.isr_vector     0x08000000       0xc0
                0x08000000                . = ALIGN (0x4)
 *(.isr_vector)
 .isr_vector    0x08000000       0xc0 src\startup_stm32f0xx.o
                0x08000000                g_pfnVectors
                0x080000c0                . = ALIGN (0x4)

.text           0x080000c0     0x1708
                0x080000c0                . = ALIGN (0x4)
 *(.text)
 .text          0x080000c0       0x48 c:/program files (x86)/atollic/truestudio for arm 5.5.1/armtools/bin/../lib/gcc/arm-atollic-eabi/5.3.1/armv6-m/crtbegin.o
 .text          0x08000108      0x114 c:/program files (x86)/atollic/truestudio for arm 5.5.1/armtools/bin/../lib/gcc/arm-atollic-eabi/5.3.1/armv6-m\libgcc.a(_udivsi3.o)
                0x08000108                __aeabi_uidiv
                0x08000108                __udivsi3
                0x08000214                __aeabi_uidivmod
 .text          0x0800021c        0x4 c:/program files (x86)/atollic/truestudio for arm 5.5.1/armtools/bin/../lib/gcc/arm-atollic-eabi/5.3.1/armv6-m\libgcc.a(_dvmd_tls.o)
                0x0800021c                __aeabi_idiv0
                0x0800021c                __aeabi_ldiv0
 *(.text*)
 .text.SystemInit
                0x08000220       0x8c src\system_stm32f0xx.o
                0x08000220                SystemInit
 .text.SystemCoreClockUpdate
                0x080002ac       0xd4 src\system_stm32f0xx.o
                0x080002ac                SystemCoreClockUpdate
 .text.SetSysClock
                0x08000380       0xb0 src\system_stm32f0xx.o
 .text.NMI_Handler
                0x08000430        0xc src\stm32f0xx_it.o
                0x08000430                NMI_Handler
 .text.HardFault_Handler
                0x0800043c        0x8 src\stm32f0xx_it.o
                0x0800043c                HardFault_Handler
 .text.SVC_Handler
                0x08000444        0xc src\stm32f0xx_it.o
                0x08000444                SVC_Handler
 .text.PendSV_Handler
                0x08000450        0xc src\stm32f0xx_it.o
                0x08000450                PendSV_Handler
 .text.Reset_Handler
                0x0800045c       0x50 src\startup_stm32f0xx.o
                0x0800045c                Reset_Handler
 .text.Default_Handler
                0x080004ac        0x2 src\startup_stm32f0xx.o
                0x080004ac                TIM1_CC_IRQHandler
                0x080004ac                ADC1_COMP_IRQHandler
                0x080004ac                PVD_IRQHandler
                0x080004ac                I2C1_IRQHandler
                0x080004ac                SPI1_IRQHandler
                0x080004ac                TIM6_DAC_IRQHandler
                0x080004ac                EXTI2_3_IRQHandler
                0x080004ac                I2C2_IRQHandler
                0x080004ac                TIM17_IRQHandler
                0x080004ac                RTC_IRQHandler
                0x080004ac                TIM16_IRQHandler
                0x080004ac                TIM3_IRQHandler
                0x080004ac                EXTI4_15_IRQHandler
                0x080004ac                RCC_IRQHandler
                0x080004ac                DMA1_Channel1_IRQHandler
                0x080004ac                Default_Handler
                0x080004ac                CEC_IRQHandler
                0x080004ac                TIM14_IRQHandler
                0x080004ac                DMA1_Channel4_5_IRQHandler
                0x080004ac                TIM15_IRQHandler
                0x080004ac                EXTI0_1_IRQHandler
                0x080004ac                SPI2_IRQHandler
                0x080004ac                TS_IRQHandler
                0x080004ac                WWDG_IRQHandler
                0x080004ac                TIM2_IRQHandler
                0x080004ac                DMA1_Channel2_3_IRQHandler
                0x080004ac                USART2_IRQHandler
                0x080004ac                FLASH_IRQHandler
                0x080004ac                USART1_IRQHandler
                0x080004ac                TIM1_BRK_UP_TRG_COM_IRQHandler
 *fill*         0x080004ae        0x2 
 .text.NVIC_SetPriority
                0x080004b0       0xdc src\main.o
 .text.SysTick_Config
                0x0800058c       0x48 src\main.o
 .text.SysTick_Handler
                0x080005d4       0x48 src\main.o
                0x080005d4                SysTick_Handler
 .text.delay    0x0800061c       0x24 src\main.o
                0x0800061c                delay
 .text.main     0x08000640      0x108 src\main.o
                0x08000640                main
 .text.I2C_RdReg
                0x08000748      0x120 src\drvMMA8653.o
                0x08000748                I2C_RdReg
 .text.I2C_WrReg
                0x08000868       0xc4 src\drvMMA8653.o
                0x08000868                I2C_WrReg
 .text.I2C_BitHandling
                0x0800092c       0x8c src\drvMMA8653.o
                0x0800092c                I2C_BitHandling
 .text.mma8653_goStandby
                0x080009b8       0x4c src\drvMMA8653.o
                0x080009b8                mma8653_goStandby
 .text.mma8653_goActive
                0x08000a04       0x4c src\drvMMA8653.o
                0x08000a04                mma8653_goActive
 .text.mma8653_init
                0x08000a50      0x150 src\drvMMA8653.o
                0x08000a50                mma8653_init
 .text.mma8653_setDataRate
                0x08000ba0       0x4c src\drvMMA8653.o
                0x08000ba0                mma8653_setDataRate
 .text.mma8653_setDataWidth
                0x08000bec       0x64 src\drvMMA8653.o
                0x08000bec                mma8653_setDataWidth
 .text.mma8653_read8
                0x08000c50       0x84 src\drvMMA8653.o
                0x08000c50                mma8653_read8
 .text.apa102_init
                0x08000cd4      0x128 src\drvApa102.o
                0x08000cd4                apa102_init
 .text.updateStripe
                0x08000dfc       0xe4 src\drvApa102.o
                0x08000dfc                updateStripe
 .text.apa102_setPattern
                0x08000ee0       0xf8 src\drvApa102.o
                0x08000ee0                apa102_setPattern
 .text.apa102_setSingle
                0x08000fd8       0x34 src\drvApa102.o
                0x08000fd8                apa102_setSingle
 .text.apa102_allOff
                0x0800100c       0x3c src\drvApa102.o
                0x0800100c                apa102_allOff
 .text.SPI_Init
                0x08001048      0x108 Libraries\STM32F0xx_StdPeriph_Driver\src\stm32f0xx_spi.o
                0x08001048                SPI_Init
 .text.SPI_Cmd  0x08001150       0x40 Libraries\STM32F0xx_StdPeriph_Driver\src\stm32f0xx_spi.o
                0x08001150                SPI_Cmd
 .text.SPI_I2S_DMACmd
                0x08001190       0x54 Libraries\STM32F0xx_StdPeriph_Driver\src\stm32f0xx_spi.o
                0x08001190                SPI_I2S_DMACmd
 .text.RCC_AHBPeriphClockCmd
                0x080011e4       0x40 Libraries\STM32F0xx_StdPeriph_Driver\src\stm32f0xx_rcc.o
                0x080011e4                RCC_AHBPeriphClockCmd
 .text.RCC_APB2PeriphClockCmd
                0x08001224       0x40 Libraries\STM32F0xx_StdPeriph_Driver\src\stm32f0xx_rcc.o
                0x08001224                RCC_APB2PeriphClockCmd
 .text.RCC_APB1PeriphClockCmd
                0x08001264       0x40 Libraries\STM32F0xx_StdPeriph_Driver\src\stm32f0xx_rcc.o
                0x08001264                RCC_APB1PeriphClockCmd
 .text.I2C_Init
                0x080012a4       0xd0 Libraries\STM32F0xx_StdPeriph_Driver\src\stm32f0xx_i2c.o
                0x080012a4                I2C_Init
 .text.I2C_Cmd  0x08001374       0x3c Libraries\STM32F0xx_StdPeriph_Driver\src\stm32f0xx_i2c.o
                0x08001374                I2C_Cmd
 .text.I2C_TransferHandling
                0x080013b0       0x6c Libraries\STM32F0xx_StdPeriph_Driver\src\stm32f0xx_i2c.o
                0x080013b0                I2C_TransferHandling
 .text.I2C_SendData
                0x0800141c       0x20 Libraries\STM32F0xx_StdPeriph_Driver\src\stm32f0xx_i2c.o
                0x0800141c                I2C_SendData
 .text.I2C_ReceiveData
                0x0800143c       0x18 Libraries\STM32F0xx_StdPeriph_Driver\src\stm32f0xx_i2c.o
                0x0800143c                I2C_ReceiveData
 .text.I2C_GetFlagStatus
                0x08001454       0x4c Libraries\STM32F0xx_StdPeriph_Driver\src\stm32f0xx_i2c.o
                0x08001454                I2C_GetFlagStatus
 .text.I2C_ClearFlag
                0x080014a0       0x18 Libraries\STM32F0xx_StdPeriph_Driver\src\stm32f0xx_i2c.o
                0x080014a0                I2C_ClearFlag
 .text.GPIO_Init
                0x080014b8      0x130 Libraries\STM32F0xx_StdPeriph_Driver\src\stm32f0xx_gpio.o
                0x080014b8                GPIO_Init
 .text.GPIO_PinAFConfig
                0x080015e8       0xa4 Libraries\STM32F0xx_StdPeriph_Driver\src\stm32f0xx_gpio.o
                0x080015e8                GPIO_PinAFConfig
 .text.DMA_Init
                0x0800168c       0x7c Libraries\STM32F0xx_StdPeriph_Driver\src\stm32f0xx_dma.o
                0x0800168c                DMA_Init
 .text.DMA_Cmd  0x08001708       0x3c Libraries\STM32F0xx_StdPeriph_Driver\src\stm32f0xx_dma.o
                0x08001708                DMA_Cmd
 .text.DMA_SetCurrDataCounter
                0x08001744       0x20 Libraries\STM32F0xx_StdPeriph_Driver\src\stm32f0xx_dma.o
                0x08001744                DMA_SetCurrDataCounter
 .text.__libc_init_array
                0x08001764       0x4c c:/program files (x86)/atollic/truestudio for arm 5.5.1/armtools/bin/../lib/gcc/arm-atollic-eabi/5.3.1/../../../../arm-atollic-eabi/lib/armv6-m\libc_nano.a(lib_a-init.o)
                0x08001764                __libc_init_array
 *(.glue_7)
 .glue_7        0x080017b0        0x0 linker stubs
 *(.glue_7t)
 .glue_7t       0x080017b0        0x0 linker stubs
 *(.eh_frame)
 .eh_frame      0x080017b0        0x0 c:/program files (x86)/atollic/truestudio for arm 5.5.1/armtools/bin/../lib/gcc/arm-atollic-eabi/5.3.1/armv6-m/crtbegin.o
 *(.init)
 .init          0x080017b0        0x4 c:/program files (x86)/atollic/truestudio for arm 5.5.1/armtools/bin/../lib/gcc/arm-atollic-eabi/5.3.1/armv6-m/crti.o
                0x080017b0                _init
 .init          0x080017b4        0x8 c:/program files (x86)/atollic/truestudio for arm 5.5.1/armtools/bin/../lib/gcc/arm-atollic-eabi/5.3.1/armv6-m/crtn.o
 *(.fini)
 .fini          0x080017bc        0x4 c:/program files (x86)/atollic/truestudio for arm 5.5.1/armtools/bin/../lib/gcc/arm-atollic-eabi/5.3.1/armv6-m/crti.o
                0x080017bc                _fini
 .fini          0x080017c0        0x8 c:/program files (x86)/atollic/truestudio for arm 5.5.1/armtools/bin/../lib/gcc/arm-atollic-eabi/5.3.1/armv6-m/crtn.o
                0x080017c8                . = ALIGN (0x4)
                0x080017c8                _etext = .

.vfp11_veneer   0x080017c8        0x0
 .vfp11_veneer  0x080017c8        0x0 linker stubs

.v4_bx          0x080017c8        0x0
 .v4_bx         0x080017c8        0x0 linker stubs

.iplt           0x080017c8        0x0
 .iplt          0x080017c8        0x0 c:/program files (x86)/atollic/truestudio for arm 5.5.1/armtools/bin/../lib/gcc/arm-atollic-eabi/5.3.1/armv6-m/crtbegin.o

.rel.dyn        0x080017c8        0x0
 .rel.iplt      0x080017c8        0x0 c:/program files (x86)/atollic/truestudio for arm 5.5.1/armtools/bin/../lib/gcc/arm-atollic-eabi/5.3.1/armv6-m/crtbegin.o

.rodata         0x080017c8        0x0
                0x080017c8                . = ALIGN (0x4)
 *(.rodata)
 *(.rodata*)
                0x080017c8                . = ALIGN (0x4)

.ARM.extab
 *(.ARM.extab* .gnu.linkonce.armextab.*)

.ARM            0x080017c8        0x0
                0x080017c8                __exidx_start = .
 *(.ARM.exidx*)
                0x080017c8                __exidx_end = .

.preinit_array  0x080017c8        0x0
                0x080017c8                PROVIDE (__preinit_array_start, .)
 *(.preinit_array*)
                0x080017c8                PROVIDE (__preinit_array_end, .)

.init_array     0x080017c8        0x4
                0x080017c8                PROVIDE (__init_array_start, .)
 *(SORT(.init_array.*))
 *(.init_array*)
 .init_array    0x080017c8        0x4 c:/program files (x86)/atollic/truestudio for arm 5.5.1/armtools/bin/../lib/gcc/arm-atollic-eabi/5.3.1/armv6-m/crtbegin.o
                0x080017cc                PROVIDE (__init_array_end, .)

.fini_array     0x080017cc        0x4
                [!provide]                PROVIDE (__fini_array_start, .)
 *(SORT(.fini_array.*))
 *(.fini_array*)
 .fini_array    0x080017cc        0x4 c:/program files (x86)/atollic/truestudio for arm 5.5.1/armtools/bin/../lib/gcc/arm-atollic-eabi/5.3.1/armv6-m/crtbegin.o
                [!provide]                PROVIDE (__fini_array_end, .)
                0x080017d0                _sidata = LOADADDR (.data)

.data           0x20000000       0x14 load address 0x080017d0
                0x20000000                . = ALIGN (0x4)
                0x20000000                _sdata = .
 *(.data)
 *(.data*)
 .data.SystemCoreClock
                0x20000000        0x4 src\system_stm32f0xx.o
                0x20000000                SystemCoreClock
 .data.AHBPrescTable
                0x20000004       0x10 src\system_stm32f0xx.o
                0x20000004                AHBPrescTable
                0x20000014                . = ALIGN (0x4)
                0x20000014                _edata = .

.igot.plt       0x20000014        0x0 load address 0x080017e4
 .igot.plt      0x20000014        0x0 c:/program files (x86)/atollic/truestudio for arm 5.5.1/armtools/bin/../lib/gcc/arm-atollic-eabi/5.3.1/armv6-m/crtbegin.o
                0x20000014                . = ALIGN (0x4)

.bss            0x20000014       0xb4 load address 0x080017e4
                0x20000014                _sbss = .
                0x20000014                __bss_start__ = _sbss
 *(.bss)
 .bss           0x20000014       0x1c c:/program files (x86)/atollic/truestudio for arm 5.5.1/armtools/bin/../lib/gcc/arm-atollic-eabi/5.3.1/armv6-m/crtbegin.o
 *(.bss*)
 .bss.timer     0x20000030        0x4 src\main.o
                0x20000030                timer
 .bss.timerFlag
                0x20000034        0x1 src\main.o
                0x20000034                timerFlag
 .bss.isActive  0x20000035        0x1 src\drvMMA8653.o
                0x20000035                isActive
 *(COMMON)
 *fill*         0x20000036        0x2 
 COMMON         0x20000038        0x4 src\main.o
                0x20000038                delayTimer
 COMMON         0x2000003c        0x4 src\drvMMA8653.o
                0x2000003c                rxBuf
 COMMON         0x20000040       0x88 src\drvApa102.o
                0x20000040                leds
                0x20000080                spiSendData
                0x200000c8                . = ALIGN (0x4)
                0x200000c8                _ebss = .
                0x200000c8                __bss_end__ = _ebss

._user_heap_stack
                0x200000c8       0x80 load address 0x080017e4
                0x200000c8                . = ALIGN (0x4)
                [!provide]                PROVIDE (end, .)
                [!provide]                PROVIDE (_end, .)
                0x200000c8                . = (. + _Min_Heap_Size)
                0x20000148                . = (. + _Min_Stack_Size)
 *fill*         0x200000c8       0x80 
                0x20000148                . = ALIGN (0x4)

.memory_b1_text
 *(.mb1text)
 *(.mb1text*)
 *(.mb1rodata)
 *(.mb1rodata*)

/DISCARD/
 libc.a(*)
 libm.a(*)
 libgcc.a(*)

.ARM.attributes
                0x00000000       0x28
 *(.ARM.attributes)
 .ARM.attributes
                0x00000000       0x1e c:/program files (x86)/atollic/truestudio for arm 5.5.1/armtools/bin/../lib/gcc/arm-atollic-eabi/5.3.1/armv6-m/crti.o
 .ARM.attributes
                0x0000001e       0x2c c:/program files (x86)/atollic/truestudio for arm 5.5.1/armtools/bin/../lib/gcc/arm-atollic-eabi/5.3.1/armv6-m/crtbegin.o
 .ARM.attributes
                0x0000004a       0x31 src\system_stm32f0xx.o
 .ARM.attributes
                0x0000007b       0x31 src\stm32f0xx_it.o
 .ARM.attributes
                0x000000ac       0x21 src\startup_stm32f0xx.o
 .ARM.attributes
                0x000000cd       0x31 src\main.o
 .ARM.attributes
                0x000000fe       0x31 src\drvMMA8653.o
 .ARM.attributes
                0x0000012f       0x31 src\drvApa102.o
 .ARM.attributes
                0x00000160       0x31 Libraries\STM32F0xx_StdPeriph_Driver\src\stm32f0xx_spi.o
 .ARM.attributes
                0x00000191       0x31 Libraries\STM32F0xx_StdPeriph_Driver\src\stm32f0xx_rcc.o
 .ARM.attributes
                0x000001c2       0x31 Libraries\STM32F0xx_StdPeriph_Driver\src\stm32f0xx_i2c.o
 .ARM.attributes
                0x000001f3       0x31 Libraries\STM32F0xx_StdPeriph_Driver\src\stm32f0xx_gpio.o
 .ARM.attributes
                0x00000224       0x31 Libraries\STM32F0xx_StdPeriph_Driver\src\stm32f0xx_dma.o
 .ARM.attributes
                0x00000255       0x2c c:/program files (x86)/atollic/truestudio for arm 5.5.1/armtools/bin/../lib/gcc/arm-atollic-eabi/5.3.1/../../../../arm-atollic-eabi/lib/armv6-m\libc_nano.a(lib_a-init.o)
 .ARM.attributes
                0x00000281       0x1e c:/program files (x86)/atollic/truestudio for arm 5.5.1/armtools/bin/../lib/gcc/arm-atollic-eabi/5.3.1/armv6-m\libgcc.a(_udivsi3.o)
 .ARM.attributes
                0x0000029f       0x1e c:/program files (x86)/atollic/truestudio for arm 5.5.1/armtools/bin/../lib/gcc/arm-atollic-eabi/5.3.1/armv6-m\libgcc.a(_dvmd_tls.o)
 .ARM.attributes
                0x000002bd       0x1e c:/program files (x86)/atollic/truestudio for arm 5.5.1/armtools/bin/../lib/gcc/arm-atollic-eabi/5.3.1/armv6-m/crtn.o
OUTPUT(POV_Level.elf elf32-littlearm)

.debug_info     0x00000000     0x447a
 .debug_info    0x00000000      0x301 src\system_stm32f0xx.o
 .debug_info    0x00000301       0xfb src\stm32f0xx_it.o
 .debug_info    0x000003fc       0x77 src\startup_stm32f0xx.o
 .debug_info    0x00000473      0x4d4 src\main.o
 .debug_info    0x00000947      0x95f src\drvMMA8653.o
 .debug_info    0x000012a6      0x6ed src\drvApa102.o
 .debug_info    0x00001993      0xab3 Libraries\STM32F0xx_StdPeriph_Driver\src\stm32f0xx_spi.o
 .debug_info    0x00002446      0xa54 Libraries\STM32F0xx_StdPeriph_Driver\src\stm32f0xx_rcc.o
 .debug_info    0x00002e9a      0xbbf Libraries\STM32F0xx_StdPeriph_Driver\src\stm32f0xx_i2c.o
 .debug_info    0x00003a59      0x5eb Libraries\STM32F0xx_StdPeriph_Driver\src\stm32f0xx_gpio.o
 .debug_info    0x00004044      0x436 Libraries\STM32F0xx_StdPeriph_Driver\src\stm32f0xx_dma.o

.debug_abbrev   0x00000000      0xef2
 .debug_abbrev  0x00000000      0x138 src\system_stm32f0xx.o
 .debug_abbrev  0x00000138       0x42 src\stm32f0xx_it.o
 .debug_abbrev  0x0000017a       0x12 src\startup_stm32f0xx.o
 .debug_abbrev  0x0000018c      0x1c2 src\main.o
 .debug_abbrev  0x0000034e      0x227 src\drvMMA8653.o
 .debug_abbrev  0x00000575      0x15e src\drvApa102.o
 .debug_abbrev  0x000006d3      0x1a5 Libraries\STM32F0xx_StdPeriph_Driver\src\stm32f0xx_spi.o
 .debug_abbrev  0x00000878      0x1f0 Libraries\STM32F0xx_StdPeriph_Driver\src\stm32f0xx_rcc.o
 .debug_abbrev  0x00000a68      0x189 Libraries\STM32F0xx_StdPeriph_Driver\src\stm32f0xx_i2c.o
 .debug_abbrev  0x00000bf1      0x1a1 Libraries\STM32F0xx_StdPeriph_Driver\src\stm32f0xx_gpio.o
 .debug_abbrev  0x00000d92      0x160 Libraries\STM32F0xx_StdPeriph_Driver\src\stm32f0xx_dma.o

.debug_aranges  0x00000000      0x670
 .debug_aranges
                0x00000000       0x30 src\system_stm32f0xx.o
 .debug_aranges
                0x00000030       0x58 src\stm32f0xx_it.o
 .debug_aranges
                0x00000088       0x28 src\startup_stm32f0xx.o
 .debug_aranges
                0x000000b0       0x40 src\main.o
 .debug_aranges
                0x000000f0       0x78 src\drvMMA8653.o
 .debug_aranges
                0x00000168       0x40 src\drvApa102.o
 .debug_aranges
                0x000001a8      0x110 Libraries\STM32F0xx_StdPeriph_Driver\src\stm32f0xx_spi.o
 .debug_aranges
                0x000002b8      0x160 Libraries\STM32F0xx_StdPeriph_Driver\src\stm32f0xx_rcc.o
 .debug_aranges
                0x00000418      0x168 Libraries\STM32F0xx_StdPeriph_Driver\src\stm32f0xx_i2c.o
 .debug_aranges
                0x00000580       0x80 Libraries\STM32F0xx_StdPeriph_Driver\src\stm32f0xx_gpio.o
 .debug_aranges
                0x00000600       0x70 Libraries\STM32F0xx_StdPeriph_Driver\src\stm32f0xx_dma.o

.debug_ranges   0x00000000      0x5c8
 .debug_ranges  0x00000000       0x20 src\system_stm32f0xx.o
 .debug_ranges  0x00000020       0x48 src\stm32f0xx_it.o
 .debug_ranges  0x00000068       0x20 src\startup_stm32f0xx.o
 .debug_ranges  0x00000088       0x30 src\main.o
 .debug_ranges  0x000000b8       0x68 src\drvMMA8653.o
 .debug_ranges  0x00000120       0x30 src\drvApa102.o
 .debug_ranges  0x00000150      0x100 Libraries\STM32F0xx_StdPeriph_Driver\src\stm32f0xx_spi.o
 .debug_ranges  0x00000250      0x150 Libraries\STM32F0xx_StdPeriph_Driver\src\stm32f0xx_rcc.o
 .debug_ranges  0x000003a0      0x158 Libraries\STM32F0xx_StdPeriph_Driver\src\stm32f0xx_i2c.o
 .debug_ranges  0x000004f8       0x70 Libraries\STM32F0xx_StdPeriph_Driver\src\stm32f0xx_gpio.o
 .debug_ranges  0x00000568       0x60 Libraries\STM32F0xx_StdPeriph_Driver\src\stm32f0xx_dma.o

.debug_line     0x00000000     0x20d6
 .debug_line    0x00000000      0x1db src\system_stm32f0xx.o
 .debug_line    0x000001db       0xcc src\stm32f0xx_it.o
 .debug_line    0x000002a7       0x7c src\startup_stm32f0xx.o
 .debug_line    0x00000323      0x234 src\main.o
 .debug_line    0x00000557      0x389 src\drvMMA8653.o
 .debug_line    0x000008e0      0x2ac src\drvApa102.o
 .debug_line    0x00000b8c      0x49b Libraries\STM32F0xx_StdPeriph_Driver\src\stm32f0xx_spi.o
 .debug_line    0x00001027      0x569 Libraries\STM32F0xx_StdPeriph_Driver\src\stm32f0xx_rcc.o
 .debug_line    0x00001590      0x557 Libraries\STM32F0xx_StdPeriph_Driver\src\stm32f0xx_i2c.o
 .debug_line    0x00001ae7      0x312 Libraries\STM32F0xx_StdPeriph_Driver\src\stm32f0xx_gpio.o
 .debug_line    0x00001df9      0x2dd Libraries\STM32F0xx_StdPeriph_Driver\src\stm32f0xx_dma.o

.debug_str      0x00000000     0x1cd7
 .debug_str     0x00000000      0x24a src\system_stm32f0xx.o
                                0x2b6 (size before relaxing)
 .debug_str     0x0000024a       0x96 src\stm32f0xx_it.o
                                0x1f2 (size before relaxing)
 .debug_str     0x000002e0      0x333 src\main.o
                                0x4c2 (size before relaxing)
 .debug_str     0x00000613      0x515 src\drvMMA8653.o
                                0x908 (size before relaxing)
 .debug_str     0x00000b28      0x27e src\drvApa102.o
                                0x5cd (size before relaxing)
 .debug_str     0x00000da6      0x472 Libraries\STM32F0xx_StdPeriph_Driver\src\stm32f0xx_spi.o
                                0x767 (size before relaxing)
 .debug_str     0x00001218      0x47a Libraries\STM32F0xx_StdPeriph_Driver\src\stm32f0xx_rcc.o
                                0x7cf (size before relaxing)
 .debug_str     0x00001692      0x3bf Libraries\STM32F0xx_StdPeriph_Driver\src\stm32f0xx_i2c.o
                                0x67e (size before relaxing)
 .debug_str     0x00001a51      0x164 Libraries\STM32F0xx_StdPeriph_Driver\src\stm32f0xx_gpio.o
                                0x4d0 (size before relaxing)
 .debug_str     0x00001bb5      0x122 Libraries\STM32F0xx_StdPeriph_Driver\src\stm32f0xx_dma.o
                                0x3e5 (size before relaxing)

.comment        0x00000000       0x7e
 .comment       0x00000000       0x7e src\system_stm32f0xx.o
                                 0x7f (size before relaxing)
 .comment       0x0000007e       0x7f src\stm32f0xx_it.o
 .comment       0x0000007e       0x7f src\main.o
 .comment       0x0000007e       0x7f src\drvMMA8653.o
 .comment       0x0000007e       0x7f src\drvApa102.o
 .comment       0x0000007e       0x7f Libraries\STM32F0xx_StdPeriph_Driver\src\stm32f0xx_spi.o
 .comment       0x0000007e       0x7f Libraries\STM32F0xx_StdPeriph_Driver\src\stm32f0xx_rcc.o
 .comment       0x0000007e       0x7f Libraries\STM32F0xx_StdPeriph_Driver\src\stm32f0xx_i2c.o
 .comment       0x0000007e       0x7f Libraries\STM32F0xx_StdPeriph_Driver\src\stm32f0xx_gpio.o
 .comment       0x0000007e       0x7f Libraries\STM32F0xx_StdPeriph_Driver\src\stm32f0xx_dma.o

.debug_frame    0x00000000     0x1614
 .debug_frame   0x00000000       0x6c src\system_stm32f0xx.o
 .debug_frame   0x0000006c       0xf0 src\stm32f0xx_it.o
 .debug_frame   0x0000015c       0xb0 src\main.o
 .debug_frame   0x0000020c      0x188 src\drvMMA8653.o
 .debug_frame   0x00000394       0xb0 src\drvApa102.o
 .debug_frame   0x00000444      0x3f0 Libraries\STM32F0xx_StdPeriph_Driver\src\stm32f0xx_spi.o
 .debug_frame   0x00000834      0x524 Libraries\STM32F0xx_StdPeriph_Driver\src\stm32f0xx_rcc.o
 .debug_frame   0x00000d58      0x550 Libraries\STM32F0xx_StdPeriph_Driver\src\stm32f0xx_i2c.o
 .debug_frame   0x000012a8      0x1b0 Libraries\STM32F0xx_StdPeriph_Driver\src\stm32f0xx_gpio.o
 .debug_frame   0x00001458      0x170 Libraries\STM32F0xx_StdPeriph_Driver\src\stm32f0xx_dma.o
 .debug_frame   0x000015c8       0x2c c:/program files (x86)/atollic/truestudio for arm 5.5.1/armtools/bin/../lib/gcc/arm-atollic-eabi/5.3.1/../../../../arm-atollic-eabi/lib/armv6-m\libc_nano.a(lib_a-init.o)
 .debug_frame   0x000015f4       0x20 c:/program files (x86)/atollic/truestudio for arm 5.5.1/armtools/bin/../lib/gcc/arm-atollic-eabi/5.3.1/armv6-m\libgcc.a(_udivsi3.o)

.stabstr        0x00000000       0x3f
 .stabstr       0x00000000       0x3f c:/program files (x86)/atollic/truestudio for arm 5.5.1/armtools/bin/../lib/gcc/arm-atollic-eabi/5.3.1/../../../../arm-atollic-eabi/lib/armv6-m\libnosys.a(write.o)

Cross Reference Table

Symbol                                            File
ADC1_COMP_IRQHandler                              src\startup_stm32f0xx.o
ADC_AnalogWatchdogCmd                             Libraries\STM32F0xx_StdPeriph_Driver\src\stm32f0xx_adc.o
ADC_AnalogWatchdogSingleChannelCmd                Libraries\STM32F0xx_StdPeriph_Driver\src\stm32f0xx_adc.o
ADC_AnalogWatchdogSingleChannelConfig             Libraries\STM32F0xx_StdPeriph_Driver\src\stm32f0xx_adc.o
ADC_AnalogWatchdogThresholdsConfig                Libraries\STM32F0xx_StdPeriph_Driver\src\stm32f0xx_adc.o
ADC_AutoPowerOffCmd                               Libraries\STM32F0xx_StdPeriph_Driver\src\stm32f0xx_adc.o
ADC_ChannelConfig                                 Libraries\STM32F0xx_StdPeriph_Driver\src\stm32f0xx_adc.o
ADC_ClearFlag                                     Libraries\STM32F0xx_StdPeriph_Driver\src\stm32f0xx_adc.o
ADC_ClearITPendingBit                             Libraries\STM32F0xx_StdPeriph_Driver\src\stm32f0xx_adc.o
ADC_ClockModeConfig                               Libraries\STM32F0xx_StdPeriph_Driver\src\stm32f0xx_adc.o
ADC_Cmd                                           Libraries\STM32F0xx_StdPeriph_Driver\src\stm32f0xx_adc.o
ADC_ContinuousModeCmd                             Libraries\STM32F0xx_StdPeriph_Driver\src\stm32f0xx_adc.o
ADC_DMACmd                                        Libraries\STM32F0xx_StdPeriph_Driver\src\stm32f0xx_adc.o
ADC_DMARequestModeConfig                          Libraries\STM32F0xx_StdPeriph_Driver\src\stm32f0xx_adc.o
ADC_DeInit                                        Libraries\STM32F0xx_StdPeriph_Driver\src\stm32f0xx_adc.o
ADC_DiscModeCmd                                   Libraries\STM32F0xx_StdPeriph_Driver\src\stm32f0xx_adc.o
ADC_GetCalibrationFactor                          Libraries\STM32F0xx_StdPeriph_Driver\src\stm32f0xx_adc.o
ADC_GetConversionValue                            Libraries\STM32F0xx_StdPeriph_Driver\src\stm32f0xx_adc.o
ADC_GetFlagStatus                                 Libraries\STM32F0xx_StdPeriph_Driver\src\stm32f0xx_adc.o
ADC_GetITStatus                                   Libraries\STM32F0xx_StdPeriph_Driver\src\stm32f0xx_adc.o
ADC_ITConfig                                      Libraries\STM32F0xx_StdPeriph_Driver\src\stm32f0xx_adc.o
ADC_Init                                          Libraries\STM32F0xx_StdPeriph_Driver\src\stm32f0xx_adc.o
ADC_JitterCmd                                     Libraries\STM32F0xx_StdPeriph_Driver\src\stm32f0xx_adc.o
ADC_OverrunModeCmd                                Libraries\STM32F0xx_StdPeriph_Driver\src\stm32f0xx_adc.o
ADC_StartOfConversion                             Libraries\STM32F0xx_StdPeriph_Driver\src\stm32f0xx_adc.o
ADC_StopOfConversion                              Libraries\STM32F0xx_StdPeriph_Driver\src\stm32f0xx_adc.o
ADC_StructInit                                    Libraries\STM32F0xx_StdPeriph_Driver\src\stm32f0xx_adc.o
ADC_TempSensorCmd                                 Libraries\STM32F0xx_StdPeriph_Driver\src\stm32f0xx_adc.o
ADC_VbatCmd                                       Libraries\STM32F0xx_StdPeriph_Driver\src\stm32f0xx_adc.o
ADC_VrefintCmd                                    Libraries\STM32F0xx_StdPeriph_Driver\src\stm32f0xx_adc.o
ADC_WaitModeCmd                                   Libraries\STM32F0xx_StdPeriph_Driver\src\stm32f0xx_adc.o
AHBPrescTable                                     src\system_stm32f0xx.o
BusFault_Handler                                  src\stm32f0xx_it.o
CAN_CancelTransmit                                Libraries\STM32F0xx_StdPeriph_Driver\src\stm32f0xx_can.o
CAN_ClearFlag                                     Libraries\STM32F0xx_StdPeriph_Driver\src\stm32f0xx_can.o
CAN_ClearITPendingBit                             Libraries\STM32F0xx_StdPeriph_Driver\src\stm32f0xx_can.o
CAN_DBGFreeze                                     Libraries\STM32F0xx_StdPeriph_Driver\src\stm32f0xx_can.o
CAN_DeInit                                        Libraries\STM32F0xx_StdPeriph_Driver\src\stm32f0xx_can.o
CAN_FIFORelease                                   Libraries\STM32F0xx_StdPeriph_Driver\src\stm32f0xx_can.o
CAN_FilterInit                                    Libraries\STM32F0xx_StdPeriph_Driver\src\stm32f0xx_can.o
CAN_GetFlagStatus                                 Libraries\STM32F0xx_StdPeriph_Driver\src\stm32f0xx_can.o
CAN_GetITStatus                                   Libraries\STM32F0xx_StdPeriph_Driver\src\stm32f0xx_can.o
CAN_GetLSBTransmitErrorCounter                    Libraries\STM32F0xx_StdPeriph_Driver\src\stm32f0xx_can.o
CAN_GetLastErrorCode                              Libraries\STM32F0xx_StdPeriph_Driver\src\stm32f0xx_can.o
CAN_GetReceiveErrorCounter                        Libraries\STM32F0xx_StdPeriph_Driver\src\stm32f0xx_can.o
CAN_ITConfig                                      Libraries\STM32F0xx_StdPeriph_Driver\src\stm32f0xx_can.o
CAN_Init                                          Libraries\STM32F0xx_StdPeriph_Driver\src\stm32f0xx_can.o
CAN_MessagePending                                Libraries\STM32F0xx_StdPeriph_Driver\src\stm32f0xx_can.o
CAN_OperatingModeRequest                          Libraries\STM32F0xx_StdPeriph_Driver\src\stm32f0xx_can.o
CAN_Receive                                       Libraries\STM32F0xx_StdPeriph_Driver\src\stm32f0xx_can.o
CAN_SlaveStartBank                                Libraries\STM32F0xx_StdPeriph_Driver\src\stm32f0xx_can.o
CAN_Sleep                                         Libraries\STM32F0xx_StdPeriph_Driver\src\stm32f0xx_can.o
CAN_StructInit                                    Libraries\STM32F0xx_StdPeriph_Driver\src\stm32f0xx_can.o
CAN_TTComModeCmd                                  Libraries\STM32F0xx_StdPeriph_Driver\src\stm32f0xx_can.o
CAN_Transmit                                      Libraries\STM32F0xx_StdPeriph_Driver\src\stm32f0xx_can.o
CAN_TransmitStatus                                Libraries\STM32F0xx_StdPeriph_Driver\src\stm32f0xx_can.o
CAN_WakeUp                                        Libraries\STM32F0xx_StdPeriph_Driver\src\stm32f0xx_can.o
CEC_ClearFlag                                     Libraries\STM32F0xx_StdPeriph_Driver\src\stm32f0xx_cec.o
CEC_ClearITPendingBit                             Libraries\STM32F0xx_StdPeriph_Driver\src\stm32f0xx_cec.o
CEC_Cmd                                           Libraries\STM32F0xx_StdPeriph_Driver\src\stm32f0xx_cec.o
CEC_DeInit                                        Libraries\STM32F0xx_StdPeriph_Driver\src\stm32f0xx_cec.o
CEC_EndOfMessage                                  Libraries\STM32F0xx_StdPeriph_Driver\src\stm32f0xx_cec.o
CEC_GetFlagStatus                                 Libraries\STM32F0xx_StdPeriph_Driver\src\stm32f0xx_cec.o
CEC_GetITStatus                                   Libraries\STM32F0xx_StdPeriph_Driver\src\stm32f0xx_cec.o
CEC_IRQHandler                                    src\startup_stm32f0xx.o
CEC_ITConfig                                      Libraries\STM32F0xx_StdPeriph_Driver\src\stm32f0xx_cec.o
CEC_Init                                          Libraries\STM32F0xx_StdPeriph_Driver\src\stm32f0xx_cec.o
CEC_ListenModeCmd                                 Libraries\STM32F0xx_StdPeriph_Driver\src\stm32f0xx_cec.o
CEC_OwnAddressClear                               Libraries\STM32F0xx_StdPeriph_Driver\src\stm32f0xx_cec.o
CEC_OwnAddressConfig                              Libraries\STM32F0xx_StdPeriph_Driver\src\stm32f0xx_cec.o
CEC_ReceiveData                                   Libraries\STM32F0xx_StdPeriph_Driver\src\stm32f0xx_cec.o
CEC_SendData                                      Libraries\STM32F0xx_StdPeriph_Driver\src\stm32f0xx_cec.o
CEC_StartOfMessage                                Libraries\STM32F0xx_StdPeriph_Driver\src\stm32f0xx_cec.o
CEC_StructInit                                    Libraries\STM32F0xx_StdPeriph_Driver\src\stm32f0xx_cec.o
COMP_Cmd                                          Libraries\STM32F0xx_StdPeriph_Driver\src\stm32f0xx_comp.o
COMP_DeInit                                       Libraries\STM32F0xx_StdPeriph_Driver\src\stm32f0xx_comp.o
COMP_GetOutputLevel                               Libraries\STM32F0xx_StdPeriph_Driver\src\stm32f0xx_comp.o
COMP_Init                                         Libraries\STM32F0xx_StdPeriph_Driver\src\stm32f0xx_comp.o
COMP_LockConfig                                   Libraries\STM32F0xx_StdPeriph_Driver\src\stm32f0xx_comp.o
COMP_StructInit                                   Libraries\STM32F0xx_StdPeriph_Driver\src\stm32f0xx_comp.o
COMP_SwitchCmd                                    Libraries\STM32F0xx_StdPeriph_Driver\src\stm32f0xx_comp.o
COMP_WindowCmd                                    Libraries\STM32F0xx_StdPeriph_Driver\src\stm32f0xx_comp.o
CRC_CalcBlockCRC                                  Libraries\STM32F0xx_StdPeriph_Driver\src\stm32f0xx_crc.o
CRC_CalcCRC                                       Libraries\STM32F0xx_StdPeriph_Driver\src\stm32f0xx_crc.o
CRC_CalcCRC16bits                                 Libraries\STM32F0xx_StdPeriph_Driver\src\stm32f0xx_crc.o
CRC_CalcCRC8bits                                  Libraries\STM32F0xx_StdPeriph_Driver\src\stm32f0xx_crc.o
CRC_DeInit                                        Libraries\STM32F0xx_StdPeriph_Driver\src\stm32f0xx_crc.o
CRC_GetCRC                                        Libraries\STM32F0xx_StdPeriph_Driver\src\stm32f0xx_crc.o
CRC_GetIDRegister                                 Libraries\STM32F0xx_StdPeriph_Driver\src\stm32f0xx_crc.o
CRC_PolynomialSizeSelect                          Libraries\STM32F0xx_StdPeriph_Driver\src\stm32f0xx_crc.o
CRC_ResetDR                                       Libraries\STM32F0xx_StdPeriph_Driver\src\stm32f0xx_crc.o
CRC_ReverseInputDataSelect                        Libraries\STM32F0xx_StdPeriph_Driver\src\stm32f0xx_crc.o
CRC_ReverseOutputDataCmd                          Libraries\STM32F0xx_StdPeriph_Driver\src\stm32f0xx_crc.o
CRC_SetIDRegister                                 Libraries\STM32F0xx_StdPeriph_Driver\src\stm32f0xx_crc.o
CRC_SetInitRegister                               Libraries\STM32F0xx_StdPeriph_Driver\src\stm32f0xx_crc.o
CRC_SetPolynomial                                 Libraries\STM32F0xx_StdPeriph_Driver\src\stm32f0xx_crc.o
CRS_AdjustHSI48CalibrationValue                   Libraries\STM32F0xx_StdPeriph_Driver\src\stm32f0xx_crs.o
CRS_AutomaticCalibrationCmd                       Libraries\STM32F0xx_StdPeriph_Driver\src\stm32f0xx_crs.o
CRS_ClearFlag                                     Libraries\STM32F0xx_StdPeriph_Driver\src\stm32f0xx_crs.o
CRS_ClearITPendingBit                             Libraries\STM32F0xx_StdPeriph_Driver\src\stm32f0xx_crs.o
CRS_DeInit                                        Libraries\STM32F0xx_StdPeriph_Driver\src\stm32f0xx_crs.o
CRS_FrequencyErrorCounterCmd                      Libraries\STM32F0xx_StdPeriph_Driver\src\stm32f0xx_crs.o
CRS_FrequencyErrorCounterReload                   Libraries\STM32F0xx_StdPeriph_Driver\src\stm32f0xx_crs.o
CRS_FrequencyErrorLimitConfig                     Libraries\STM32F0xx_StdPeriph_Driver\src\stm32f0xx_crs.o
CRS_GetFlagStatus                                 Libraries\STM32F0xx_StdPeriph_Driver\src\stm32f0xx_crs.o
CRS_GetFrequencyErrorDirection                    Libraries\STM32F0xx_StdPeriph_Driver\src\stm32f0xx_crs.o
CRS_GetFrequencyErrorValue                        Libraries\STM32F0xx_StdPeriph_Driver\src\stm32f0xx_crs.o
CRS_GetHSI48CalibrationValue                      Libraries\STM32F0xx_StdPeriph_Driver\src\stm32f0xx_crs.o
CRS_GetITStatus                                   Libraries\STM32F0xx_StdPeriph_Driver\src\stm32f0xx_crs.o
CRS_GetReloadValue                                Libraries\STM32F0xx_StdPeriph_Driver\src\stm32f0xx_crs.o
CRS_ITConfig                                      Libraries\STM32F0xx_StdPeriph_Driver\src\stm32f0xx_crs.o
CRS_SoftwareSynchronizationGenerate               Libraries\STM32F0xx_StdPeriph_Driver\src\stm32f0xx_crs.o
CRS_SynchronizationPolarityConfig                 Libraries\STM32F0xx_StdPeriph_Driver\src\stm32f0xx_crs.o
CRS_SynchronizationPrescalerConfig                Libraries\STM32F0xx_StdPeriph_Driver\src\stm32f0xx_crs.o
CRS_SynchronizationSourceConfig                   Libraries\STM32F0xx_StdPeriph_Driver\src\stm32f0xx_crs.o
DAC_ClearFlag                                     Libraries\STM32F0xx_StdPeriph_Driver\src\stm32f0xx_dac.o
DAC_ClearITPendingBit                             Libraries\STM32F0xx_StdPeriph_Driver\src\stm32f0xx_dac.o
DAC_Cmd                                           Libraries\STM32F0xx_StdPeriph_Driver\src\stm32f0xx_dac.o
DAC_DMACmd                                        Libraries\STM32F0xx_StdPeriph_Driver\src\stm32f0xx_dac.o
DAC_DeInit                                        Libraries\STM32F0xx_StdPeriph_Driver\src\stm32f0xx_dac.o
DAC_DualSoftwareTriggerCmd                        Libraries\STM32F0xx_StdPeriph_Driver\src\stm32f0xx_dac.o
DAC_GetDataOutputValue                            Libraries\STM32F0xx_StdPeriph_Driver\src\stm32f0xx_dac.o
DAC_GetFlagStatus                                 Libraries\STM32F0xx_StdPeriph_Driver\src\stm32f0xx_dac.o
DAC_GetITStatus                                   Libraries\STM32F0xx_StdPeriph_Driver\src\stm32f0xx_dac.o
DAC_ITConfig                                      Libraries\STM32F0xx_StdPeriph_Driver\src\stm32f0xx_dac.o
DAC_Init                                          Libraries\STM32F0xx_StdPeriph_Driver\src\stm32f0xx_dac.o
DAC_SetChannel1Data                               Libraries\STM32F0xx_StdPeriph_Driver\src\stm32f0xx_dac.o
DAC_SetChannel2Data                               Libraries\STM32F0xx_StdPeriph_Driver\src\stm32f0xx_dac.o
DAC_SetDualChannelData                            Libraries\STM32F0xx_StdPeriph_Driver\src\stm32f0xx_dac.o
DAC_SoftwareTriggerCmd                            Libraries\STM32F0xx_StdPeriph_Driver\src\stm32f0xx_dac.o
DAC_StructInit                                    Libraries\STM32F0xx_StdPeriph_Driver\src\stm32f0xx_dac.o
DAC_WaveGenerationCmd                             Libraries\STM32F0xx_StdPeriph_Driver\src\stm32f0xx_dac.o
DBGMCU_APB1PeriphConfig                           Libraries\STM32F0xx_StdPeriph_Driver\src\stm32f0xx_dbgmcu.o
DBGMCU_APB2PeriphConfig                           Libraries\STM32F0xx_StdPeriph_Driver\src\stm32f0xx_dbgmcu.o
DBGMCU_Config                                     Libraries\STM32F0xx_StdPeriph_Driver\src\stm32f0xx_dbgmcu.o
DBGMCU_GetDEVID                                   Libraries\STM32F0xx_StdPeriph_Driver\src\stm32f0xx_dbgmcu.o
DBGMCU_GetREVID                                   Libraries\STM32F0xx_StdPeriph_Driver\src\stm32f0xx_dbgmcu.o
DMA1_Channel1_IRQHandler                          src\startup_stm32f0xx.o
DMA1_Channel2_3_IRQHandler                        src\startup_stm32f0xx.o
DMA1_Channel4_5_IRQHandler                        src\startup_stm32f0xx.o
DMA_ClearFlag                                     Libraries\STM32F0xx_StdPeriph_Driver\src\stm32f0xx_dma.o
DMA_ClearITPendingBit                             Libraries\STM32F0xx_StdPeriph_Driver\src\stm32f0xx_dma.o
DMA_Cmd                                           Libraries\STM32F0xx_StdPeriph_Driver\src\stm32f0xx_dma.o
                                                  src\drvApa102.o
DMA_DeInit                                        Libraries\STM32F0xx_StdPeriph_Driver\src\stm32f0xx_dma.o
DMA_GetCurrDataCounter                            Libraries\STM32F0xx_StdPeriph_Driver\src\stm32f0xx_dma.o
DMA_GetFlagStatus                                 Libraries\STM32F0xx_StdPeriph_Driver\src\stm32f0xx_dma.o
DMA_GetITStatus                                   Libraries\STM32F0xx_StdPeriph_Driver\src\stm32f0xx_dma.o
DMA_ITConfig                                      Libraries\STM32F0xx_StdPeriph_Driver\src\stm32f0xx_dma.o
DMA_Init                                          Libraries\STM32F0xx_StdPeriph_Driver\src\stm32f0xx_dma.o
                                                  src\drvApa102.o
DMA_SetCurrDataCounter                            Libraries\STM32F0xx_StdPeriph_Driver\src\stm32f0xx_dma.o
                                                  src\drvApa102.o
DMA_StructInit                                    Libraries\STM32F0xx_StdPeriph_Driver\src\stm32f0xx_dma.o
DebugMon_Handler                                  src\stm32f0xx_it.o
Default_Handler                                   src\startup_stm32f0xx.o
EXTI0_1_IRQHandler                                src\startup_stm32f0xx.o
EXTI2_3_IRQHandler                                src\startup_stm32f0xx.o
EXTI4_15_IRQHandler                               src\startup_stm32f0xx.o
EXTI_ClearFlag                                    Libraries\STM32F0xx_StdPeriph_Driver\src\stm32f0xx_exti.o
EXTI_ClearITPendingBit                            Libraries\STM32F0xx_StdPeriph_Driver\src\stm32f0xx_exti.o
EXTI_DeInit                                       Libraries\STM32F0xx_StdPeriph_Driver\src\stm32f0xx_exti.o
EXTI_GenerateSWInterrupt                          Libraries\STM32F0xx_StdPeriph_Driver\src\stm32f0xx_exti.o
EXTI_GetFlagStatus                                Libraries\STM32F0xx_StdPeriph_Driver\src\stm32f0xx_exti.o
EXTI_GetITStatus                                  Libraries\STM32F0xx_StdPeriph_Driver\src\stm32f0xx_exti.o
EXTI_Init                                         Libraries\STM32F0xx_StdPeriph_Driver\src\stm32f0xx_exti.o
                                                  src\drvMMA8653.o
EXTI_StructInit                                   Libraries\STM32F0xx_StdPeriph_Driver\src\stm32f0xx_exti.o
FLASH_ClearFlag                                   Libraries\STM32F0xx_StdPeriph_Driver\src\stm32f0xx_flash.o
FLASH_EraseAllPages                               Libraries\STM32F0xx_StdPeriph_Driver\src\stm32f0xx_flash.o
FLASH_ErasePage                                   Libraries\STM32F0xx_StdPeriph_Driver\src\stm32f0xx_flash.o
FLASH_GetFlagStatus                               Libraries\STM32F0xx_StdPeriph_Driver\src\stm32f0xx_flash.o
FLASH_GetPrefetchBufferStatus                     Libraries\STM32F0xx_StdPeriph_Driver\src\stm32f0xx_flash.o
FLASH_GetStatus                                   Libraries\STM32F0xx_StdPeriph_Driver\src\stm32f0xx_flash.o
FLASH_IRQHandler                                  src\startup_stm32f0xx.o
FLASH_ITConfig                                    Libraries\STM32F0xx_StdPeriph_Driver\src\stm32f0xx_flash.o
FLASH_Lock                                        Libraries\STM32F0xx_StdPeriph_Driver\src\stm32f0xx_flash.o
FLASH_OB_BOOT0Config                              Libraries\STM32F0xx_StdPeriph_Driver\src\stm32f0xx_flash.o
FLASH_OB_BOOT0SWConfig                            Libraries\STM32F0xx_StdPeriph_Driver\src\stm32f0xx_flash.o
FLASH_OB_BOOTConfig                               Libraries\STM32F0xx_StdPeriph_Driver\src\stm32f0xx_flash.o
FLASH_OB_EnableWRP                                Libraries\STM32F0xx_StdPeriph_Driver\src\stm32f0xx_flash.o
FLASH_OB_Erase                                    Libraries\STM32F0xx_StdPeriph_Driver\src\stm32f0xx_flash.o
FLASH_OB_GetRDP                                   Libraries\STM32F0xx_StdPeriph_Driver\src\stm32f0xx_flash.o
FLASH_OB_GetUser                                  Libraries\STM32F0xx_StdPeriph_Driver\src\stm32f0xx_flash.o
FLASH_OB_GetWRP                                   Libraries\STM32F0xx_StdPeriph_Driver\src\stm32f0xx_flash.o
FLASH_OB_Launch                                   Libraries\STM32F0xx_StdPeriph_Driver\src\stm32f0xx_flash.o
FLASH_OB_Lock                                     Libraries\STM32F0xx_StdPeriph_Driver\src\stm32f0xx_flash.o
FLASH_OB_ProgramData                              Libraries\STM32F0xx_StdPeriph_Driver\src\stm32f0xx_flash.o
FLASH_OB_RDPConfig                                Libraries\STM32F0xx_StdPeriph_Driver\src\stm32f0xx_flash.o
FLASH_OB_SRAMParityConfig                         Libraries\STM32F0xx_StdPeriph_Driver\src\stm32f0xx_flash.o
FLASH_OB_Unlock                                   Libraries\STM32F0xx_StdPeriph_Driver\src\stm32f0xx_flash.o
FLASH_OB_UserConfig                               Libraries\STM32F0xx_StdPeriph_Driver\src\stm32f0xx_flash.o
FLASH_OB_VDDAConfig                               Libraries\STM32F0xx_StdPeriph_Driver\src\stm32f0xx_flash.o
FLASH_OB_WriteUser                                Libraries\STM32F0xx_StdPeriph_Driver\src\stm32f0xx_flash.o
FLASH_PrefetchBufferCmd                           Libraries\STM32F0xx_StdPeriph_Driver\src\stm32f0xx_flash.o
FLASH_ProgramHalfWord                             Libraries\STM32F0xx_StdPeriph_Driver\src\stm32f0xx_flash.o
FLASH_ProgramWord                                 Libraries\STM32F0xx_StdPeriph_Driver\src\stm32f0xx_flash.o
FLASH_SetLatency                                  Libraries\STM32F0xx_StdPeriph_Driver\src\stm32f0xx_flash.o
FLASH_Unlock                                      Libraries\STM32F0xx_StdPeriph_Driver\src\stm32f0xx_flash.o
FLASH_WaitForLastOperation                        Libraries\STM32F0xx_StdPeriph_Driver\src\stm32f0xx_flash.o
GPIO_DeInit                                       Libraries\STM32F0xx_StdPeriph_Driver\src\stm32f0xx_gpio.o
GPIO_Init                                         Libraries\STM32F0xx_StdPeriph_Driver\src\stm32f0xx_gpio.o
                                                  src\dbgLED.o
                                                  src\drvApa102.o
                                                  src\drvMMA8653.o
GPIO_PinAFConfig                                  Libraries\STM32F0xx_StdPeriph_Driver\src\stm32f0xx_gpio.o
                                                  src\drvMMA8653.o
GPIO_PinLockConfig                                Libraries\STM32F0xx_StdPeriph_Driver\src\stm32f0xx_gpio.o
GPIO_ReadInputData                                Libraries\STM32F0xx_StdPeriph_Driver\src\stm32f0xx_gpio.o
GPIO_ReadInputDataBit                             Libraries\STM32F0xx_StdPeriph_Driver\src\stm32f0xx_gpio.o
GPIO_ReadOutputData                               Libraries\STM32F0xx_StdPeriph_Driver\src\stm32f0xx_gpio.o
GPIO_ReadOutputDataBit                            Libraries\STM32F0xx_StdPeriph_Driver\src\stm32f0xx_gpio.o
                                                  src\dbgLED.o
GPIO_ResetBits                                    Libraries\STM32F0xx_StdPeriph_Driver\src\stm32f0xx_gpio.o
GPIO_SetBits                                      Libraries\STM32F0xx_StdPeriph_Driver\src\stm32f0xx_gpio.o
GPIO_StructInit                                   Libraries\STM32F0xx_StdPeriph_Driver\src\stm32f0xx_gpio.o
GPIO_Write                                        Libraries\STM32F0xx_StdPeriph_Driver\src\stm32f0xx_gpio.o
GPIO_WriteBit                                     Libraries\STM32F0xx_StdPeriph_Driver\src\stm32f0xx_gpio.o
                                                  src\dbgLED.o
HardFault_Handler                                 src\stm32f0xx_it.o
I2C1_IRQHandler                                   src\startup_stm32f0xx.o
I2C2_IRQHandler                                   src\startup_stm32f0xx.o
I2C_10BitAddressHeaderCmd                         Libraries\STM32F0xx_StdPeriph_Driver\src\stm32f0xx_i2c.o
I2C_10BitAddressingModeCmd                        Libraries\STM32F0xx_StdPeriph_Driver\src\stm32f0xx_i2c.o
I2C_AcknowledgeConfig                             Libraries\STM32F0xx_StdPeriph_Driver\src\stm32f0xx_i2c.o
I2C_AutoEndCmd                                    Libraries\STM32F0xx_StdPeriph_Driver\src\stm32f0xx_i2c.o
I2C_BitHandling                                   src\drvMMA8653.o
I2C_CalculatePEC                                  Libraries\STM32F0xx_StdPeriph_Driver\src\stm32f0xx_i2c.o
I2C_ClearFlag                                     Libraries\STM32F0xx_StdPeriph_Driver\src\stm32f0xx_i2c.o
                                                  src\drvMMA8653.o
I2C_ClearITPendingBit                             Libraries\STM32F0xx_StdPeriph_Driver\src\stm32f0xx_i2c.o
I2C_ClockTimeoutCmd                               Libraries\STM32F0xx_StdPeriph_Driver\src\stm32f0xx_i2c.o
I2C_Cmd                                           Libraries\STM32F0xx_StdPeriph_Driver\src\stm32f0xx_i2c.o
                                                  src\drvMMA8653.o
I2C_DMACmd                                        Libraries\STM32F0xx_StdPeriph_Driver\src\stm32f0xx_i2c.o
I2C_DeInit                                        Libraries\STM32F0xx_StdPeriph_Driver\src\stm32f0xx_i2c.o
I2C_DualAddressCmd                                Libraries\STM32F0xx_StdPeriph_Driver\src\stm32f0xx_i2c.o
I2C_ExtendedClockTimeoutCmd                       Libraries\STM32F0xx_StdPeriph_Driver\src\stm32f0xx_i2c.o
I2C_GeneralCallCmd                                Libraries\STM32F0xx_StdPeriph_Driver\src\stm32f0xx_i2c.o
I2C_GenerateSTART                                 Libraries\STM32F0xx_StdPeriph_Driver\src\stm32f0xx_i2c.o
I2C_GenerateSTOP                                  Libraries\STM32F0xx_StdPeriph_Driver\src\stm32f0xx_i2c.o
I2C_GetAddressMatched                             Libraries\STM32F0xx_StdPeriph_Driver\src\stm32f0xx_i2c.o
I2C_GetFlagStatus                                 Libraries\STM32F0xx_StdPeriph_Driver\src\stm32f0xx_i2c.o
                                                  src\drvMMA8653.o
I2C_GetITStatus                                   Libraries\STM32F0xx_StdPeriph_Driver\src\stm32f0xx_i2c.o
I2C_GetPEC                                        Libraries\STM32F0xx_StdPeriph_Driver\src\stm32f0xx_i2c.o
I2C_GetTransferDirection                          Libraries\STM32F0xx_StdPeriph_Driver\src\stm32f0xx_i2c.o
I2C_ITConfig                                      Libraries\STM32F0xx_StdPeriph_Driver\src\stm32f0xx_i2c.o
I2C_IdleClockTimeoutCmd                           Libraries\STM32F0xx_StdPeriph_Driver\src\stm32f0xx_i2c.o
I2C_Init                                          Libraries\STM32F0xx_StdPeriph_Driver\src\stm32f0xx_i2c.o
                                                  src\drvMMA8653.o
I2C_MasterRequestConfig                           Libraries\STM32F0xx_StdPeriph_Driver\src\stm32f0xx_i2c.o
I2C_NumberOfBytesConfig                           Libraries\STM32F0xx_StdPeriph_Driver\src\stm32f0xx_i2c.o
I2C_OwnAddress2Config                             Libraries\STM32F0xx_StdPeriph_Driver\src\stm32f0xx_i2c.o
I2C_PECRequestCmd                                 Libraries\STM32F0xx_StdPeriph_Driver\src\stm32f0xx_i2c.o
I2C_RdReg                                         src\drvMMA8653.o
I2C_ReadRegister                                  Libraries\STM32F0xx_StdPeriph_Driver\src\stm32f0xx_i2c.o
I2C_ReceiveData                                   Libraries\STM32F0xx_StdPeriph_Driver\src\stm32f0xx_i2c.o
                                                  src\drvMMA8653.o
I2C_ReloadCmd                                     Libraries\STM32F0xx_StdPeriph_Driver\src\stm32f0xx_i2c.o
I2C_SMBusAlertCmd                                 Libraries\STM32F0xx_StdPeriph_Driver\src\stm32f0xx_i2c.o
I2C_SendData                                      Libraries\STM32F0xx_StdPeriph_Driver\src\stm32f0xx_i2c.o
                                                  src\drvMMA8653.o
I2C_SlaveAddressConfig                            Libraries\STM32F0xx_StdPeriph_Driver\src\stm32f0xx_i2c.o
I2C_SlaveByteControlCmd                           Libraries\STM32F0xx_StdPeriph_Driver\src\stm32f0xx_i2c.o
I2C_SoftwareResetCmd                              Libraries\STM32F0xx_StdPeriph_Driver\src\stm32f0xx_i2c.o
I2C_StopModeCmd                                   Libraries\STM32F0xx_StdPeriph_Driver\src\stm32f0xx_i2c.o
I2C_StretchClockCmd                               Libraries\STM32F0xx_StdPeriph_Driver\src\stm32f0xx_i2c.o
I2C_StructInit                                    Libraries\STM32F0xx_StdPeriph_Driver\src\stm32f0xx_i2c.o
I2C_TimeoutAConfig                                Libraries\STM32F0xx_StdPeriph_Driver\src\stm32f0xx_i2c.o
I2C_TimeoutBConfig                                Libraries\STM32F0xx_StdPeriph_Driver\src\stm32f0xx_i2c.o
I2C_TransferHandling                              Libraries\STM32F0xx_StdPeriph_Driver\src\stm32f0xx_i2c.o
                                                  src\drvMMA8653.o
I2C_WrReg                                         src\drvMMA8653.o
I2S_Cmd                                           Libraries\STM32F0xx_StdPeriph_Driver\src\stm32f0xx_spi.o
I2S_Init                                          Libraries\STM32F0xx_StdPeriph_Driver\src\stm32f0xx_spi.o
I2S_StructInit                                    Libraries\STM32F0xx_StdPeriph_Driver\src\stm32f0xx_spi.o
IWDG_Enable                                       Libraries\STM32F0xx_StdPeriph_Driver\src\stm32f0xx_iwdg.o
IWDG_GetFlagStatus                                Libraries\STM32F0xx_StdPeriph_Driver\src\stm32f0xx_iwdg.o
IWDG_ReloadCounter                                Libraries\STM32F0xx_StdPeriph_Driver\src\stm32f0xx_iwdg.o
IWDG_SetPrescaler                                 Libraries\STM32F0xx_StdPeriph_Driver\src\stm32f0xx_iwdg.o
IWDG_SetReload                                    Libraries\STM32F0xx_StdPeriph_Driver\src\stm32f0xx_iwdg.o
IWDG_SetWindowValue                               Libraries\STM32F0xx_StdPeriph_Driver\src\stm32f0xx_iwdg.o
IWDG_WriteAccessCmd                               Libraries\STM32F0xx_StdPeriph_Driver\src\stm32f0xx_iwdg.o
MemManage_Handler                                 src\stm32f0xx_it.o
NMI_Handler                                       src\stm32f0xx_it.o
NVIC_Init                                         Libraries\STM32F0xx_StdPeriph_Driver\src\stm32f0xx_misc.o
                                                  src\drvMMA8653.o
NVIC_SystemLPConfig                               Libraries\STM32F0xx_StdPeriph_Driver\src\stm32f0xx_misc.o
PVD_IRQHandler                                    src\startup_stm32f0xx.o
PWR_BackupAccessCmd                               Libraries\STM32F0xx_StdPeriph_Driver\src\stm32f0xx_pwr.o
PWR_ClearFlag                                     Libraries\STM32F0xx_StdPeriph_Driver\src\stm32f0xx_pwr.o
PWR_DeInit                                        Libraries\STM32F0xx_StdPeriph_Driver\src\stm32f0xx_pwr.o
PWR_EnterSTANDBYMode                              Libraries\STM32F0xx_StdPeriph_Driver\src\stm32f0xx_pwr.o
PWR_EnterSTOPMode                                 Libraries\STM32F0xx_StdPeriph_Driver\src\stm32f0xx_pwr.o
PWR_EnterSleepMode                                Libraries\STM32F0xx_StdPeriph_Driver\src\stm32f0xx_pwr.o
PWR_GetFlagStatus                                 Libraries\STM32F0xx_StdPeriph_Driver\src\stm32f0xx_pwr.o
PWR_PVDCmd                                        Libraries\STM32F0xx_StdPeriph_Driver\src\stm32f0xx_pwr.o
PWR_PVDLevelConfig                                Libraries\STM32F0xx_StdPeriph_Driver\src\stm32f0xx_pwr.o
PWR_WakeUpPinCmd                                  Libraries\STM32F0xx_StdPeriph_Driver\src\stm32f0xx_pwr.o
PendSV_Handler                                    src\stm32f0xx_it.o
RCC_ADCCLKConfig                                  Libraries\STM32F0xx_StdPeriph_Driver\src\stm32f0xx_rcc.o
RCC_AHBPeriphClockCmd                             Libraries\STM32F0xx_StdPeriph_Driver\src\stm32f0xx_rcc.o
                                                  src\dbgLED.o
                                                  src\drvApa102.o
                                                  src\drvMMA8653.o
RCC_AHBPeriphResetCmd                             Libraries\STM32F0xx_StdPeriph_Driver\src\stm32f0xx_rcc.o
                                                  Libraries\STM32F0xx_StdPeriph_Driver\src\stm32f0xx_gpio.o
RCC_APB1PeriphClockCmd                            Libraries\STM32F0xx_StdPeriph_Driver\src\stm32f0xx_rcc.o
                                                  src\drvMMA8653.o
RCC_APB1PeriphResetCmd                            Libraries\STM32F0xx_StdPeriph_Driver\src\stm32f0xx_rcc.o
                                                  Libraries\STM32F0xx_StdPeriph_Driver\src\stm32f0xx_can.o
                                                  Libraries\STM32F0xx_StdPeriph_Driver\src\stm32f0xx_cec.o
                                                  Libraries\STM32F0xx_StdPeriph_Driver\src\stm32f0xx_crs.o
                                                  Libraries\STM32F0xx_StdPeriph_Driver\src\stm32f0xx_dac.o
                                                  Libraries\STM32F0xx_StdPeriph_Driver\src\stm32f0xx_i2c.o
                                                  Libraries\STM32F0xx_StdPeriph_Driver\src\stm32f0xx_pwr.o
                                                  Libraries\STM32F0xx_StdPeriph_Driver\src\stm32f0xx_spi.o
                                                  Libraries\STM32F0xx_StdPeriph_Driver\src\stm32f0xx_tim.o
                                                  Libraries\STM32F0xx_StdPeriph_Driver\src\stm32f0xx_usart.o
                                                  Libraries\STM32F0xx_StdPeriph_Driver\src\stm32f0xx_wwdg.o
RCC_APB2PeriphClockCmd                            Libraries\STM32F0xx_StdPeriph_Driver\src\stm32f0xx_rcc.o
                                                  src\drvApa102.o
                                                  src\drvMMA8653.o
RCC_APB2PeriphResetCmd                            Libraries\STM32F0xx_StdPeriph_Driver\src\stm32f0xx_rcc.o
                                                  Libraries\STM32F0xx_StdPeriph_Driver\src\stm32f0xx_adc.o
                                                  Libraries\STM32F0xx_StdPeriph_Driver\src\stm32f0xx_spi.o
                                                  Libraries\STM32F0xx_StdPeriph_Driver\src\stm32f0xx_tim.o
                                                  Libraries\STM32F0xx_StdPeriph_Driver\src\stm32f0xx_usart.o
RCC_AdjustHSI14CalibrationValue                   Libraries\STM32F0xx_StdPeriph_Driver\src\stm32f0xx_rcc.o
RCC_AdjustHSICalibrationValue                     Libraries\STM32F0xx_StdPeriph_Driver\src\stm32f0xx_rcc.o
RCC_BackupResetCmd                                Libraries\STM32F0xx_StdPeriph_Driver\src\stm32f0xx_rcc.o
RCC_CECCLKConfig                                  Libraries\STM32F0xx_StdPeriph_Driver\src\stm32f0xx_rcc.o
RCC_ClearFlag                                     Libraries\STM32F0xx_StdPeriph_Driver\src\stm32f0xx_rcc.o
RCC_ClearITPendingBit                             Libraries\STM32F0xx_StdPeriph_Driver\src\stm32f0xx_rcc.o
RCC_ClockSecuritySystemCmd                        Libraries\STM32F0xx_StdPeriph_Driver\src\stm32f0xx_rcc.o
RCC_DeInit                                        Libraries\STM32F0xx_StdPeriph_Driver\src\stm32f0xx_rcc.o
RCC_GetClocksFreq                                 Libraries\STM32F0xx_StdPeriph_Driver\src\stm32f0xx_rcc.o
                                                  Libraries\STM32F0xx_StdPeriph_Driver\src\stm32f0xx_spi.o
                                                  Libraries\STM32F0xx_StdPeriph_Driver\src\stm32f0xx_usart.o
RCC_GetFlagStatus                                 Libraries\STM32F0xx_StdPeriph_Driver\src\stm32f0xx_rcc.o
RCC_GetITStatus                                   Libraries\STM32F0xx_StdPeriph_Driver\src\stm32f0xx_rcc.o
RCC_GetSYSCLKSource                               Libraries\STM32F0xx_StdPeriph_Driver\src\stm32f0xx_rcc.o
RCC_HCLKConfig                                    Libraries\STM32F0xx_StdPeriph_Driver\src\stm32f0xx_rcc.o
RCC_HSEConfig                                     Libraries\STM32F0xx_StdPeriph_Driver\src\stm32f0xx_rcc.o
RCC_HSI14ADCRequestCmd                            Libraries\STM32F0xx_StdPeriph_Driver\src\stm32f0xx_rcc.o
RCC_HSI14Cmd                                      Libraries\STM32F0xx_StdPeriph_Driver\src\stm32f0xx_rcc.o
RCC_HSI48Cmd                                      Libraries\STM32F0xx_StdPeriph_Driver\src\stm32f0xx_rcc.o
RCC_HSICmd                                        Libraries\STM32F0xx_StdPeriph_Driver\src\stm32f0xx_rcc.o
RCC_I2CCLKConfig                                  Libraries\STM32F0xx_StdPeriph_Driver\src\stm32f0xx_rcc.o
RCC_IRQHandler                                    src\startup_stm32f0xx.o
RCC_ITConfig                                      Libraries\STM32F0xx_StdPeriph_Driver\src\stm32f0xx_rcc.o
RCC_LSEConfig                                     Libraries\STM32F0xx_StdPeriph_Driver\src\stm32f0xx_rcc.o
RCC_LSEDriveConfig                                Libraries\STM32F0xx_StdPeriph_Driver\src\stm32f0xx_rcc.o
RCC_LSICmd                                        Libraries\STM32F0xx_StdPeriph_Driver\src\stm32f0xx_rcc.o
RCC_MCOConfig                                     Libraries\STM32F0xx_StdPeriph_Driver\src\stm32f0xx_rcc.o
RCC_PCLKConfig                                    Libraries\STM32F0xx_StdPeriph_Driver\src\stm32f0xx_rcc.o
RCC_PLLCmd                                        Libraries\STM32F0xx_StdPeriph_Driver\src\stm32f0xx_rcc.o
RCC_PLLConfig                                     Libraries\STM32F0xx_StdPeriph_Driver\src\stm32f0xx_rcc.o
RCC_PREDIV1Config                                 Libraries\STM32F0xx_StdPeriph_Driver\src\stm32f0xx_rcc.o
RCC_RTCCLKCmd                                     Libraries\STM32F0xx_StdPeriph_Driver\src\stm32f0xx_rcc.o
RCC_RTCCLKConfig                                  Libraries\STM32F0xx_StdPeriph_Driver\src\stm32f0xx_rcc.o
RCC_SYSCLKConfig                                  Libraries\STM32F0xx_StdPeriph_Driver\src\stm32f0xx_rcc.o
RCC_USARTCLKConfig                                Libraries\STM32F0xx_StdPeriph_Driver\src\stm32f0xx_rcc.o
RCC_USBCLKConfig                                  Libraries\STM32F0xx_StdPeriph_Driver\src\stm32f0xx_rcc.o
RCC_WaitForHSEStartUp                             Libraries\STM32F0xx_StdPeriph_Driver\src\stm32f0xx_rcc.o
RTC_AlarmCmd                                      Libraries\STM32F0xx_StdPeriph_Driver\src\stm32f0xx_rtc.o
RTC_AlarmStructInit                               Libraries\STM32F0xx_StdPeriph_Driver\src\stm32f0xx_rtc.o
RTC_AlarmSubSecondConfig                          Libraries\STM32F0xx_StdPeriph_Driver\src\stm32f0xx_rtc.o
RTC_BypassShadowCmd                               Libraries\STM32F0xx_StdPeriph_Driver\src\stm32f0xx_rtc.o
RTC_CalibOutputCmd                                Libraries\STM32F0xx_StdPeriph_Driver\src\stm32f0xx_rtc.o
RTC_CalibOutputConfig                             Libraries\STM32F0xx_StdPeriph_Driver\src\stm32f0xx_rtc.o
RTC_ClearFlag                                     Libraries\STM32F0xx_StdPeriph_Driver\src\stm32f0xx_rtc.o
RTC_ClearITPendingBit                             Libraries\STM32F0xx_StdPeriph_Driver\src\stm32f0xx_rtc.o
RTC_DateStructInit                                Libraries\STM32F0xx_StdPeriph_Driver\src\stm32f0xx_rtc.o
RTC_DayLightSavingConfig                          Libraries\STM32F0xx_StdPeriph_Driver\src\stm32f0xx_rtc.o
RTC_DeInit                                        Libraries\STM32F0xx_StdPeriph_Driver\src\stm32f0xx_rtc.o
RTC_EnterInitMode                                 Libraries\STM32F0xx_StdPeriph_Driver\src\stm32f0xx_rtc.o
RTC_ExitInitMode                                  Libraries\STM32F0xx_StdPeriph_Driver\src\stm32f0xx_rtc.o
RTC_GetAlarm                                      Libraries\STM32F0xx_StdPeriph_Driver\src\stm32f0xx_rtc.o
RTC_GetAlarmSubSecond                             Libraries\STM32F0xx_StdPeriph_Driver\src\stm32f0xx_rtc.o
RTC_GetDate                                       Libraries\STM32F0xx_StdPeriph_Driver\src\stm32f0xx_rtc.o
RTC_GetFlagStatus                                 Libraries\STM32F0xx_StdPeriph_Driver\src\stm32f0xx_rtc.o
RTC_GetITStatus                                   Libraries\STM32F0xx_StdPeriph_Driver\src\stm32f0xx_rtc.o
RTC_GetStoreOperation                             Libraries\STM32F0xx_StdPeriph_Driver\src\stm32f0xx_rtc.o
RTC_GetSubSecond                                  Libraries\STM32F0xx_StdPeriph_Driver\src\stm32f0xx_rtc.o
RTC_GetTime                                       Libraries\STM32F0xx_StdPeriph_Driver\src\stm32f0xx_rtc.o
RTC_GetTimeStamp                                  Libraries\STM32F0xx_StdPeriph_Driver\src\stm32f0xx_rtc.o
RTC_GetTimeStampSubSecond                         Libraries\STM32F0xx_StdPeriph_Driver\src\stm32f0xx_rtc.o
RTC_GetWakeUpCounter                              Libraries\STM32F0xx_StdPeriph_Driver\src\stm32f0xx_rtc.o
RTC_IRQHandler                                    src\startup_stm32f0xx.o
RTC_ITConfig                                      Libraries\STM32F0xx_StdPeriph_Driver\src\stm32f0xx_rtc.o
RTC_Init                                          Libraries\STM32F0xx_StdPeriph_Driver\src\stm32f0xx_rtc.o
RTC_OutputConfig                                  Libraries\STM32F0xx_StdPeriph_Driver\src\stm32f0xx_rtc.o
RTC_OutputTypeConfig                              Libraries\STM32F0xx_StdPeriph_Driver\src\stm32f0xx_rtc.o
RTC_ReadBackupRegister                            Libraries\STM32F0xx_StdPeriph_Driver\src\stm32f0xx_rtc.o
RTC_RefClockCmd                                   Libraries\STM32F0xx_StdPeriph_Driver\src\stm32f0xx_rtc.o
RTC_SetAlarm                                      Libraries\STM32F0xx_StdPeriph_Driver\src\stm32f0xx_rtc.o
RTC_SetDate                                       Libraries\STM32F0xx_StdPeriph_Driver\src\stm32f0xx_rtc.o
RTC_SetTime                                       Libraries\STM32F0xx_StdPeriph_Driver\src\stm32f0xx_rtc.o
RTC_SetWakeUpCounter                              Libraries\STM32F0xx_StdPeriph_Driver\src\stm32f0xx_rtc.o
RTC_SmoothCalibConfig                             Libraries\STM32F0xx_StdPeriph_Driver\src\stm32f0xx_rtc.o
RTC_StructInit                                    Libraries\STM32F0xx_StdPeriph_Driver\src\stm32f0xx_rtc.o
RTC_SynchroShiftConfig                            Libraries\STM32F0xx_StdPeriph_Driver\src\stm32f0xx_rtc.o
RTC_TamperCmd                                     Libraries\STM32F0xx_StdPeriph_Driver\src\stm32f0xx_rtc.o
RTC_TamperFilterConfig                            Libraries\STM32F0xx_StdPeriph_Driver\src\stm32f0xx_rtc.o
RTC_TamperPinsPrechargeDuration                   Libraries\STM32F0xx_StdPeriph_Driver\src\stm32f0xx_rtc.o
RTC_TamperPullUpCmd                               Libraries\STM32F0xx_StdPeriph_Driver\src\stm32f0xx_rtc.o
RTC_TamperSamplingFreqConfig                      Libraries\STM32F0xx_StdPeriph_Driver\src\stm32f0xx_rtc.o
RTC_TamperTriggerConfig                           Libraries\STM32F0xx_StdPeriph_Driver\src\stm32f0xx_rtc.o
RTC_TimeStampCmd                                  Libraries\STM32F0xx_StdPeriph_Driver\src\stm32f0xx_rtc.o
RTC_TimeStampOnTamperDetectionCmd                 Libraries\STM32F0xx_StdPeriph_Driver\src\stm32f0xx_rtc.o
RTC_TimeStructInit                                Libraries\STM32F0xx_StdPeriph_Driver\src\stm32f0xx_rtc.o
RTC_WaitForSynchro                                Libraries\STM32F0xx_StdPeriph_Driver\src\stm32f0xx_rtc.o
RTC_WakeUpClockConfig                             Libraries\STM32F0xx_StdPeriph_Driver\src\stm32f0xx_rtc.o
RTC_WakeUpCmd                                     Libraries\STM32F0xx_StdPeriph_Driver\src\stm32f0xx_rtc.o
RTC_WriteBackupRegister                           Libraries\STM32F0xx_StdPeriph_Driver\src\stm32f0xx_rtc.o
RTC_WriteProtectionCmd                            Libraries\STM32F0xx_StdPeriph_Driver\src\stm32f0xx_rtc.o
Reset_Handler                                     src\startup_stm32f0xx.o
SPI1_IRQHandler                                   src\startup_stm32f0xx.o
SPI2_IRQHandler                                   src\startup_stm32f0xx.o
SPI_BiDirectionalLineConfig                       Libraries\STM32F0xx_StdPeriph_Driver\src\stm32f0xx_spi.o
SPI_CRCLengthConfig                               Libraries\STM32F0xx_StdPeriph_Driver\src\stm32f0xx_spi.o
SPI_CalculateCRC                                  Libraries\STM32F0xx_StdPeriph_Driver\src\stm32f0xx_spi.o
SPI_Cmd                                           Libraries\STM32F0xx_StdPeriph_Driver\src\stm32f0xx_spi.o
                                                  src\drvApa102.o
SPI_DataSizeConfig                                Libraries\STM32F0xx_StdPeriph_Driver\src\stm32f0xx_spi.o
SPI_GetCRC                                        Libraries\STM32F0xx_StdPeriph_Driver\src\stm32f0xx_spi.o
SPI_GetCRCPolynomial                              Libraries\STM32F0xx_StdPeriph_Driver\src\stm32f0xx_spi.o
SPI_GetReceptionFIFOStatus                        Libraries\STM32F0xx_StdPeriph_Driver\src\stm32f0xx_spi.o
SPI_GetTransmissionFIFOStatus                     Libraries\STM32F0xx_StdPeriph_Driver\src\stm32f0xx_spi.o
SPI_I2S_ClearFlag                                 Libraries\STM32F0xx_StdPeriph_Driver\src\stm32f0xx_spi.o
SPI_I2S_DMACmd                                    Libraries\STM32F0xx_StdPeriph_Driver\src\stm32f0xx_spi.o
                                                  src\drvApa102.o
SPI_I2S_DeInit                                    Libraries\STM32F0xx_StdPeriph_Driver\src\stm32f0xx_spi.o
SPI_I2S_GetFlagStatus                             Libraries\STM32F0xx_StdPeriph_Driver\src\stm32f0xx_spi.o
SPI_I2S_GetITStatus                               Libraries\STM32F0xx_StdPeriph_Driver\src\stm32f0xx_spi.o
SPI_I2S_ITConfig                                  Libraries\STM32F0xx_StdPeriph_Driver\src\stm32f0xx_spi.o
SPI_I2S_ReceiveData16                             Libraries\STM32F0xx_StdPeriph_Driver\src\stm32f0xx_spi.o
SPI_I2S_SendData16                                Libraries\STM32F0xx_StdPeriph_Driver\src\stm32f0xx_spi.o
SPI_Init                                          Libraries\STM32F0xx_StdPeriph_Driver\src\stm32f0xx_spi.o
                                                  src\drvApa102.o
SPI_LastDMATransferCmd                            Libraries\STM32F0xx_StdPeriph_Driver\src\stm32f0xx_spi.o
SPI_NSSInternalSoftwareConfig                     Libraries\STM32F0xx_StdPeriph_Driver\src\stm32f0xx_spi.o
SPI_NSSPulseModeCmd                               Libraries\STM32F0xx_StdPeriph_Driver\src\stm32f0xx_spi.o
SPI_ReceiveData8                                  Libraries\STM32F0xx_StdPeriph_Driver\src\stm32f0xx_spi.o
SPI_RxFIFOThresholdConfig                         Libraries\STM32F0xx_StdPeriph_Driver\src\stm32f0xx_spi.o
SPI_SSOutputCmd                                   Libraries\STM32F0xx_StdPeriph_Driver\src\stm32f0xx_spi.o
SPI_SendData8                                     Libraries\STM32F0xx_StdPeriph_Driver\src\stm32f0xx_spi.o
SPI_StructInit                                    Libraries\STM32F0xx_StdPeriph_Driver\src\stm32f0xx_spi.o
SPI_TIModeCmd                                     Libraries\STM32F0xx_StdPeriph_Driver\src\stm32f0xx_spi.o
SPI_TransmitCRC                                   Libraries\STM32F0xx_StdPeriph_Driver\src\stm32f0xx_spi.o
SVC_Handler                                       src\stm32f0xx_it.o
SYSCFG_BreakConfig                                Libraries\STM32F0xx_StdPeriph_Driver\src\stm32f0xx_syscfg.o
SYSCFG_ClearFlag                                  Libraries\STM32F0xx_StdPeriph_Driver\src\stm32f0xx_syscfg.o
SYSCFG_DMAChannelRemapConfig                      Libraries\STM32F0xx_StdPeriph_Driver\src\stm32f0xx_syscfg.o
SYSCFG_DeInit                                     Libraries\STM32F0xx_StdPeriph_Driver\src\stm32f0xx_syscfg.o
SYSCFG_EXTILineConfig                             Libraries\STM32F0xx_StdPeriph_Driver\src\stm32f0xx_syscfg.o
                                                  src\drvMMA8653.o
SYSCFG_GetFlagStatus                              Libraries\STM32F0xx_StdPeriph_Driver\src\stm32f0xx_syscfg.o
SYSCFG_I2CFastModePlusConfig                      Libraries\STM32F0xx_StdPeriph_Driver\src\stm32f0xx_syscfg.o
SYSCFG_MemoryRemapConfig                          Libraries\STM32F0xx_StdPeriph_Driver\src\stm32f0xx_syscfg.o
SysTick_CLKSourceConfig                           Libraries\STM32F0xx_StdPeriph_Driver\src\stm32f0xx_misc.o
SysTick_Handler                                   src\main.o
                                                  src\startup_stm32f0xx.o
SystemCoreClock                                   src\system_stm32f0xx.o
SystemCoreClockUpdate                             src\system_stm32f0xx.o
                                                  src\main.o
SystemInit                                        src\system_stm32f0xx.o
                                                  src\main.o
                                                  src\startup_stm32f0xx.o
TIM14_IRQHandler                                  src\startup_stm32f0xx.o
TIM15_IRQHandler                                  src\startup_stm32f0xx.o
TIM16_IRQHandler                                  src\startup_stm32f0xx.o
TIM17_IRQHandler                                  src\startup_stm32f0xx.o
TIM1_BRK_UP_TRG_COM_IRQHandler                    src\startup_stm32f0xx.o
TIM1_CC_IRQHandler                                src\startup_stm32f0xx.o
TIM2_IRQHandler                                   src\startup_stm32f0xx.o
TIM3_IRQHandler                                   src\startup_stm32f0xx.o
TIM6_DAC_IRQHandler                               src\startup_stm32f0xx.o
TIM_ARRPreloadConfig                              Libraries\STM32F0xx_StdPeriph_Driver\src\stm32f0xx_tim.o
TIM_BDTRConfig                                    Libraries\STM32F0xx_StdPeriph_Driver\src\stm32f0xx_tim.o
TIM_BDTRStructInit                                Libraries\STM32F0xx_StdPeriph_Driver\src\stm32f0xx_tim.o
TIM_CCPreloadControl                              Libraries\STM32F0xx_StdPeriph_Driver\src\stm32f0xx_tim.o
TIM_CCxCmd                                        Libraries\STM32F0xx_StdPeriph_Driver\src\stm32f0xx_tim.o
TIM_CCxNCmd                                       Libraries\STM32F0xx_StdPeriph_Driver\src\stm32f0xx_tim.o
TIM_ClearFlag                                     Libraries\STM32F0xx_StdPeriph_Driver\src\stm32f0xx_tim.o
TIM_ClearITPendingBit                             Libraries\STM32F0xx_StdPeriph_Driver\src\stm32f0xx_tim.o
TIM_ClearOC1Ref                                   Libraries\STM32F0xx_StdPeriph_Driver\src\stm32f0xx_tim.o
TIM_ClearOC2Ref                                   Libraries\STM32F0xx_StdPeriph_Driver\src\stm32f0xx_tim.o
TIM_ClearOC3Ref                                   Libraries\STM32F0xx_StdPeriph_Driver\src\stm32f0xx_tim.o
TIM_ClearOC4Ref                                   Libraries\STM32F0xx_StdPeriph_Driver\src\stm32f0xx_tim.o
TIM_Cmd                                           Libraries\STM32F0xx_StdPeriph_Driver\src\stm32f0xx_tim.o
TIM_CounterModeConfig                             Libraries\STM32F0xx_StdPeriph_Driver\src\stm32f0xx_tim.o
TIM_CtrlPWMOutputs                                Libraries\STM32F0xx_StdPeriph_Driver\src\stm32f0xx_tim.o
TIM_DMACmd                                        Libraries\STM32F0xx_StdPeriph_Driver\src\stm32f0xx_tim.o
TIM_DMAConfig                                     Libraries\STM32F0xx_StdPeriph_Driver\src\stm32f0xx_tim.o
TIM_DeInit                                        Libraries\STM32F0xx_StdPeriph_Driver\src\stm32f0xx_tim.o
TIM_ETRClockMode1Config                           Libraries\STM32F0xx_StdPeriph_Driver\src\stm32f0xx_tim.o
TIM_ETRClockMode2Config                           Libraries\STM32F0xx_StdPeriph_Driver\src\stm32f0xx_tim.o
TIM_ETRConfig                                     Libraries\STM32F0xx_StdPeriph_Driver\src\stm32f0xx_tim.o
TIM_EncoderInterfaceConfig                        Libraries\STM32F0xx_StdPeriph_Driver\src\stm32f0xx_tim.o
TIM_ForcedOC1Config                               Libraries\STM32F0xx_StdPeriph_Driver\src\stm32f0xx_tim.o
TIM_ForcedOC2Config                               Libraries\STM32F0xx_StdPeriph_Driver\src\stm32f0xx_tim.o
TIM_ForcedOC3Config                               Libraries\STM32F0xx_StdPeriph_Driver\src\stm32f0xx_tim.o
TIM_ForcedOC4Config                               Libraries\STM32F0xx_StdPeriph_Driver\src\stm32f0xx_tim.o
TIM_GenerateEvent                                 Libraries\STM32F0xx_StdPeriph_Driver\src\stm32f0xx_tim.o
TIM_GetCapture1                                   Libraries\STM32F0xx_StdPeriph_Driver\src\stm32f0xx_tim.o
TIM_GetCapture2                                   Libraries\STM32F0xx_StdPeriph_Driver\src\stm32f0xx_tim.o
TIM_GetCapture3                                   Libraries\STM32F0xx_StdPeriph_Driver\src\stm32f0xx_tim.o
TIM_GetCapture4                                   Libraries\STM32F0xx_StdPeriph_Driver\src\stm32f0xx_tim.o
TIM_GetCounter                                    Libraries\STM32F0xx_StdPeriph_Driver\src\stm32f0xx_tim.o
TIM_GetFlagStatus                                 Libraries\STM32F0xx_StdPeriph_Driver\src\stm32f0xx_tim.o
TIM_GetITStatus                                   Libraries\STM32F0xx_StdPeriph_Driver\src\stm32f0xx_tim.o
TIM_GetPrescaler                                  Libraries\STM32F0xx_StdPeriph_Driver\src\stm32f0xx_tim.o
TIM_ICInit                                        Libraries\STM32F0xx_StdPeriph_Driver\src\stm32f0xx_tim.o
TIM_ICStructInit                                  Libraries\STM32F0xx_StdPeriph_Driver\src\stm32f0xx_tim.o
TIM_ITConfig                                      Libraries\STM32F0xx_StdPeriph_Driver\src\stm32f0xx_tim.o
TIM_ITRxExternalClockConfig                       Libraries\STM32F0xx_StdPeriph_Driver\src\stm32f0xx_tim.o
TIM_InternalClockConfig                           Libraries\STM32F0xx_StdPeriph_Driver\src\stm32f0xx_tim.o
TIM_OC1FastConfig                                 Libraries\STM32F0xx_StdPeriph_Driver\src\stm32f0xx_tim.o
TIM_OC1Init                                       Libraries\STM32F0xx_StdPeriph_Driver\src\stm32f0xx_tim.o
TIM_OC1NPolarityConfig                            Libraries\STM32F0xx_StdPeriph_Driver\src\stm32f0xx_tim.o
TIM_OC1PolarityConfig                             Libraries\STM32F0xx_StdPeriph_Driver\src\stm32f0xx_tim.o
TIM_OC1PreloadConfig                              Libraries\STM32F0xx_StdPeriph_Driver\src\stm32f0xx_tim.o
TIM_OC2FastConfig                                 Libraries\STM32F0xx_StdPeriph_Driver\src\stm32f0xx_tim.o
TIM_OC2Init                                       Libraries\STM32F0xx_StdPeriph_Driver\src\stm32f0xx_tim.o
TIM_OC2NPolarityConfig                            Libraries\STM32F0xx_StdPeriph_Driver\src\stm32f0xx_tim.o
TIM_OC2PolarityConfig                             Libraries\STM32F0xx_StdPeriph_Driver\src\stm32f0xx_tim.o
TIM_OC2PreloadConfig                              Libraries\STM32F0xx_StdPeriph_Driver\src\stm32f0xx_tim.o
TIM_OC3FastConfig                                 Libraries\STM32F0xx_StdPeriph_Driver\src\stm32f0xx_tim.o
TIM_OC3Init                                       Libraries\STM32F0xx_StdPeriph_Driver\src\stm32f0xx_tim.o
TIM_OC3NPolarityConfig                            Libraries\STM32F0xx_StdPeriph_Driver\src\stm32f0xx_tim.o
TIM_OC3PolarityConfig                             Libraries\STM32F0xx_StdPeriph_Driver\src\stm32f0xx_tim.o
TIM_OC3PreloadConfig                              Libraries\STM32F0xx_StdPeriph_Driver\src\stm32f0xx_tim.o
TIM_OC4FastConfig                                 Libraries\STM32F0xx_StdPeriph_Driver\src\stm32f0xx_tim.o
TIM_OC4Init                                       Libraries\STM32F0xx_StdPeriph_Driver\src\stm32f0xx_tim.o
TIM_OC4PolarityConfig                             Libraries\STM32F0xx_StdPeriph_Driver\src\stm32f0xx_tim.o
TIM_OC4PreloadConfig                              Libraries\STM32F0xx_StdPeriph_Driver\src\stm32f0xx_tim.o
TIM_OCStructInit                                  Libraries\STM32F0xx_StdPeriph_Driver\src\stm32f0xx_tim.o
TIM_PWMIConfig                                    Libraries\STM32F0xx_StdPeriph_Driver\src\stm32f0xx_tim.o
TIM_PrescalerConfig                               Libraries\STM32F0xx_StdPeriph_Driver\src\stm32f0xx_tim.o
TIM_RemapConfig                                   Libraries\STM32F0xx_StdPeriph_Driver\src\stm32f0xx_tim.o
TIM_SelectCCDMA                                   Libraries\STM32F0xx_StdPeriph_Driver\src\stm32f0xx_tim.o
TIM_SelectCOM                                     Libraries\STM32F0xx_StdPeriph_Driver\src\stm32f0xx_tim.o
TIM_SelectHallSensor                              Libraries\STM32F0xx_StdPeriph_Driver\src\stm32f0xx_tim.o
TIM_SelectInputTrigger                            Libraries\STM32F0xx_StdPeriph_Driver\src\stm32f0xx_tim.o
TIM_SelectMasterSlaveMode                         Libraries\STM32F0xx_StdPeriph_Driver\src\stm32f0xx_tim.o
TIM_SelectOCREFClear                              Libraries\STM32F0xx_StdPeriph_Driver\src\stm32f0xx_tim.o
TIM_SelectOCxM                                    Libraries\STM32F0xx_StdPeriph_Driver\src\stm32f0xx_tim.o
TIM_SelectOnePulseMode                            Libraries\STM32F0xx_StdPeriph_Driver\src\stm32f0xx_tim.o
TIM_SelectOutputTrigger                           Libraries\STM32F0xx_StdPeriph_Driver\src\stm32f0xx_tim.o
TIM_SelectSlaveMode                               Libraries\STM32F0xx_StdPeriph_Driver\src\stm32f0xx_tim.o
TIM_SetAutoreload                                 Libraries\STM32F0xx_StdPeriph_Driver\src\stm32f0xx_tim.o
TIM_SetClockDivision                              Libraries\STM32F0xx_StdPeriph_Driver\src\stm32f0xx_tim.o
TIM_SetCompare1                                   Libraries\STM32F0xx_StdPeriph_Driver\src\stm32f0xx_tim.o
TIM_SetCompare2                                   Libraries\STM32F0xx_StdPeriph_Driver\src\stm32f0xx_tim.o
TIM_SetCompare3                                   Libraries\STM32F0xx_StdPeriph_Driver\src\stm32f0xx_tim.o
TIM_SetCompare4                                   Libraries\STM32F0xx_StdPeriph_Driver\src\stm32f0xx_tim.o
TIM_SetCounter                                    Libraries\STM32F0xx_StdPeriph_Driver\src\stm32f0xx_tim.o
TIM_SetIC1Prescaler                               Libraries\STM32F0xx_StdPeriph_Driver\src\stm32f0xx_tim.o
TIM_SetIC2Prescaler                               Libraries\STM32F0xx_StdPeriph_Driver\src\stm32f0xx_tim.o
TIM_SetIC3Prescaler                               Libraries\STM32F0xx_StdPeriph_Driver\src\stm32f0xx_tim.o
TIM_SetIC4Prescaler                               Libraries\STM32F0xx_StdPeriph_Driver\src\stm32f0xx_tim.o
TIM_TIxExternalClockConfig                        Libraries\STM32F0xx_StdPeriph_Driver\src\stm32f0xx_tim.o
TIM_TimeBaseInit                                  Libraries\STM32F0xx_StdPeriph_Driver\src\stm32f0xx_tim.o
TIM_TimeBaseStructInit                            Libraries\STM32F0xx_StdPeriph_Driver\src\stm32f0xx_tim.o
TIM_UpdateDisableConfig                           Libraries\STM32F0xx_StdPeriph_Driver\src\stm32f0xx_tim.o
TIM_UpdateRequestConfig                           Libraries\STM32F0xx_StdPeriph_Driver\src\stm32f0xx_tim.o
TS_IRQHandler                                     src\startup_stm32f0xx.o
USART1_IRQHandler                                 src\startup_stm32f0xx.o
USART2_IRQHandler                                 src\startup_stm32f0xx.o
USART_AddressDetectionConfig                      Libraries\STM32F0xx_StdPeriph_Driver\src\stm32f0xx_usart.o
USART_AutoBaudRateCmd                             Libraries\STM32F0xx_StdPeriph_Driver\src\stm32f0xx_usart.o
USART_AutoBaudRateConfig                          Libraries\STM32F0xx_StdPeriph_Driver\src\stm32f0xx_usart.o
USART_ClearFlag                                   Libraries\STM32F0xx_StdPeriph_Driver\src\stm32f0xx_usart.o
USART_ClearITPendingBit                           Libraries\STM32F0xx_StdPeriph_Driver\src\stm32f0xx_usart.o
USART_ClockInit                                   Libraries\STM32F0xx_StdPeriph_Driver\src\stm32f0xx_usart.o
USART_ClockStructInit                             Libraries\STM32F0xx_StdPeriph_Driver\src\stm32f0xx_usart.o
USART_Cmd                                         Libraries\STM32F0xx_StdPeriph_Driver\src\stm32f0xx_usart.o
USART_DECmd                                       Libraries\STM32F0xx_StdPeriph_Driver\src\stm32f0xx_usart.o
USART_DEPolarityConfig                            Libraries\STM32F0xx_StdPeriph_Driver\src\stm32f0xx_usart.o
USART_DMACmd                                      Libraries\STM32F0xx_StdPeriph_Driver\src\stm32f0xx_usart.o
USART_DMAReceptionErrorConfig                     Libraries\STM32F0xx_StdPeriph_Driver\src\stm32f0xx_usart.o
USART_DataInvCmd                                  Libraries\STM32F0xx_StdPeriph_Driver\src\stm32f0xx_usart.o
USART_DeInit                                      Libraries\STM32F0xx_StdPeriph_Driver\src\stm32f0xx_usart.o
USART_DirectionModeCmd                            Libraries\STM32F0xx_StdPeriph_Driver\src\stm32f0xx_usart.o
USART_GetFlagStatus                               Libraries\STM32F0xx_StdPeriph_Driver\src\stm32f0xx_usart.o
USART_GetITStatus                                 Libraries\STM32F0xx_StdPeriph_Driver\src\stm32f0xx_usart.o
USART_HalfDuplexCmd                               Libraries\STM32F0xx_StdPeriph_Driver\src\stm32f0xx_usart.o
USART_ITConfig                                    Libraries\STM32F0xx_StdPeriph_Driver\src\stm32f0xx_usart.o
USART_Init                                        Libraries\STM32F0xx_StdPeriph_Driver\src\stm32f0xx_usart.o
USART_InvPinCmd                                   Libraries\STM32F0xx_StdPeriph_Driver\src\stm32f0xx_usart.o
USART_IrDACmd                                     Libraries\STM32F0xx_StdPeriph_Driver\src\stm32f0xx_usart.o
USART_IrDAConfig                                  Libraries\STM32F0xx_StdPeriph_Driver\src\stm32f0xx_usart.o
USART_LINBreakDetectLengthConfig                  Libraries\STM32F0xx_StdPeriph_Driver\src\stm32f0xx_usart.o
USART_LINCmd                                      Libraries\STM32F0xx_StdPeriph_Driver\src\stm32f0xx_usart.o
USART_MSBFirstCmd                                 Libraries\STM32F0xx_StdPeriph_Driver\src\stm32f0xx_usart.o
USART_MuteModeCmd                                 Libraries\STM32F0xx_StdPeriph_Driver\src\stm32f0xx_usart.o
USART_MuteModeWakeUpConfig                        Libraries\STM32F0xx_StdPeriph_Driver\src\stm32f0xx_usart.o
USART_OneBitMethodCmd                             Libraries\STM32F0xx_StdPeriph_Driver\src\stm32f0xx_usart.o
USART_OverSampling8Cmd                            Libraries\STM32F0xx_StdPeriph_Driver\src\stm32f0xx_usart.o
USART_OverrunDetectionConfig                      Libraries\STM32F0xx_StdPeriph_Driver\src\stm32f0xx_usart.o
USART_ReceiveData                                 Libraries\STM32F0xx_StdPeriph_Driver\src\stm32f0xx_usart.o
USART_ReceiverTimeOutCmd                          Libraries\STM32F0xx_StdPeriph_Driver\src\stm32f0xx_usart.o
USART_RequestCmd                                  Libraries\STM32F0xx_StdPeriph_Driver\src\stm32f0xx_usart.o
USART_STOPModeCmd                                 Libraries\STM32F0xx_StdPeriph_Driver\src\stm32f0xx_usart.o
USART_SWAPPinCmd                                  Libraries\STM32F0xx_StdPeriph_Driver\src\stm32f0xx_usart.o
USART_SendData                                    Libraries\STM32F0xx_StdPeriph_Driver\src\stm32f0xx_usart.o
USART_SetAddress                                  Libraries\STM32F0xx_StdPeriph_Driver\src\stm32f0xx_usart.o
USART_SetAutoRetryCount                           Libraries\STM32F0xx_StdPeriph_Driver\src\stm32f0xx_usart.o
USART_SetBlockLength                              Libraries\STM32F0xx_StdPeriph_Driver\src\stm32f0xx_usart.o
USART_SetDEAssertionTime                          Libraries\STM32F0xx_StdPeriph_Driver\src\stm32f0xx_usart.o
USART_SetDEDeassertionTime                        Libraries\STM32F0xx_StdPeriph_Driver\src\stm32f0xx_usart.o
USART_SetGuardTime                                Libraries\STM32F0xx_StdPeriph_Driver\src\stm32f0xx_usart.o
USART_SetPrescaler                                Libraries\STM32F0xx_StdPeriph_Driver\src\stm32f0xx_usart.o
USART_SetReceiverTimeOut                          Libraries\STM32F0xx_StdPeriph_Driver\src\stm32f0xx_usart.o
USART_SmartCardCmd                                Libraries\STM32F0xx_StdPeriph_Driver\src\stm32f0xx_usart.o
USART_SmartCardNACKCmd                            Libraries\STM32F0xx_StdPeriph_Driver\src\stm32f0xx_usart.o
USART_StopModeWakeUpSourceConfig                  Libraries\STM32F0xx_StdPeriph_Driver\src\stm32f0xx_usart.o
USART_StructInit                                  Libraries\STM32F0xx_StdPeriph_Driver\src\stm32f0xx_usart.o
UsageFault_Handler                                src\stm32f0xx_it.o
WWDG_ClearFlag                                    Libraries\STM32F0xx_StdPeriph_Driver\src\stm32f0xx_wwdg.o
WWDG_DeInit                                       Libraries\STM32F0xx_StdPeriph_Driver\src\stm32f0xx_wwdg.o
WWDG_Enable                                       Libraries\STM32F0xx_StdPeriph_Driver\src\stm32f0xx_wwdg.o
WWDG_EnableIT                                     Libraries\STM32F0xx_StdPeriph_Driver\src\stm32f0xx_wwdg.o
WWDG_GetFlagStatus                                Libraries\STM32F0xx_StdPeriph_Driver\src\stm32f0xx_wwdg.o