Archive member included to satisfy reference by file (symbol)

c:/st/stm32cubeide_1.7.0/stm32cubeide/plugins/com.st.stm32cube.ide.mcu.externaltools.gnu-tools-for-stm32.9-2020-q2-update.win32_2.0.0.202105311346/tools/bin/../lib/gcc/arm-none-eabi/9.3.1/../../../../arm-none-eabi/lib/thumb/v6-m/nofp\libc_nano.a(lib_a-errno.o)
                              ./Src/syscalls.o (__errno)
c:/st/stm32cubeide_1.7.0/stm32cubeide/plugins/com.st.stm32cube.ide.mcu.externaltools.gnu-tools-for-stm32.9-2020-q2-update.win32_2.0.0.202105311346/tools/bin/../lib/gcc/arm-none-eabi/9.3.1/../../../../arm-none-eabi/lib/thumb/v6-m/nofp\libc_nano.a(lib_a-exit.o)
                              c:/st/stm32cubeide_1.7.0/stm32cubeide/plugins/com.st.stm32cube.ide.mcu.externaltools.gnu-tools-for-stm32.9-2020-q2-update.win32_2.0.0.202105311346/tools/bin/../lib/gcc/arm-none-eabi/9.3.1/../../../../arm-none-eabi/lib/thumb/v6-m/nofp/crt0.o (exit)
c:/st/stm32cubeide_1.7.0/stm32cubeide/plugins/com.st.stm32cube.ide.mcu.externaltools.gnu-tools-for-stm32.9-2020-q2-update.win32_2.0.0.202105311346/tools/bin/../lib/gcc/arm-none-eabi/9.3.1/../../../../arm-none-eabi/lib/thumb/v6-m/nofp\libc_nano.a(lib_a-impure.o)
                              c:/st/stm32cubeide_1.7.0/stm32cubeide/plugins/com.st.stm32cube.ide.mcu.externaltools.gnu-tools-for-stm32.9-2020-q2-update.win32_2.0.0.202105311346/tools/bin/../lib/gcc/arm-none-eabi/9.3.1/../../../../arm-none-eabi/lib/thumb/v6-m/nofp\libc_nano.a(lib_a-exit.o) (_global_impure_ptr)
c:/st/stm32cubeide_1.7.0/stm32cubeide/plugins/com.st.stm32cube.ide.mcu.externaltools.gnu-tools-for-stm32.9-2020-q2-update.win32_2.0.0.202105311346/tools/bin/../lib/gcc/arm-none-eabi/9.3.1/../../../../arm-none-eabi/lib/thumb/v6-m/nofp\libc_nano.a(lib_a-init.o)
                              c:/st/stm32cubeide_1.7.0/stm32cubeide/plugins/com.st.stm32cube.ide.mcu.externaltools.gnu-tools-for-stm32.9-2020-q2-update.win32_2.0.0.202105311346/tools/bin/../lib/gcc/arm-none-eabi/9.3.1/../../../../arm-none-eabi/lib/thumb/v6-m/nofp/crt0.o (__libc_init_array)
c:/st/stm32cubeide_1.7.0/stm32cubeide/plugins/com.st.stm32cube.ide.mcu.externaltools.gnu-tools-for-stm32.9-2020-q2-update.win32_2.0.0.202105311346/tools/bin/../lib/gcc/arm-none-eabi/9.3.1/../../../../arm-none-eabi/lib/thumb/v6-m/nofp\libc_nano.a(lib_a-memcpy-stub.o)
                              ./Src/src/drvApa102.o (memcpy)
c:/st/stm32cubeide_1.7.0/stm32cubeide/plugins/com.st.stm32cube.ide.mcu.externaltools.gnu-tools-for-stm32.9-2020-q2-update.win32_2.0.0.202105311346/tools/bin/../lib/gcc/arm-none-eabi/9.3.1/../../../../arm-none-eabi/lib/thumb/v6-m/nofp\libc_nano.a(lib_a-memset.o)
                              c:/st/stm32cubeide_1.7.0/stm32cubeide/plugins/com.st.stm32cube.ide.mcu.externaltools.gnu-tools-for-stm32.9-2020-q2-update.win32_2.0.0.202105311346/tools/bin/../lib/gcc/arm-none-eabi/9.3.1/../../../../arm-none-eabi/lib/thumb/v6-m/nofp/crt0.o (memset)
c:/st/stm32cubeide_1.7.0/stm32cubeide/plugins/com.st.stm32cube.ide.mcu.externaltools.gnu-tools-for-stm32.9-2020-q2-update.win32_2.0.0.202105311346/tools/bin/../lib/gcc/arm-none-eabi/9.3.1/../../../../arm-none-eabi/lib/thumb/v6-m/nofp\libc_nano.a(lib_a-strcpy.o)
                              ./USB/src/winusb_loop.o (strcpy)
c:/st/stm32cubeide_1.7.0/stm32cubeide/plugins/com.st.stm32cube.ide.mcu.externaltools.gnu-tools-for-stm32.9-2020-q2-update.win32_2.0.0.202105311346/tools/bin/../lib/gcc/arm-none-eabi/9.3.1/../../../../arm-none-eabi/lib/thumb/v6-m/nofp\libc_nano.a(lib_a-strlen.o)
                              ./Src/tiny_printf.o (strlen)
c:/st/stm32cubeide_1.7.0/stm32cubeide/plugins/com.st.stm32cube.ide.mcu.externaltools.gnu-tools-for-stm32.9-2020-q2-update.win32_2.0.0.202105311346/tools/bin/../lib/gcc/arm-none-eabi/9.3.1/thumb/v6-m/nofp\libgcc.a(_udivsi3.o)
                              ./Libraries/STM32_F0xx_StdPerip_Driver/src/stm32f0xx_rcc.o (__aeabi_uidiv)
c:/st/stm32cubeide_1.7.0/stm32cubeide/plugins/com.st.stm32cube.ide.mcu.externaltools.gnu-tools-for-stm32.9-2020-q2-update.win32_2.0.0.202105311346/tools/bin/../lib/gcc/arm-none-eabi/9.3.1/thumb/v6-m/nofp\libgcc.a(_divsi3.o)
                              ./Src/tiny_printf.o (__aeabi_idiv)
c:/st/stm32cubeide_1.7.0/stm32cubeide/plugins/com.st.stm32cube.ide.mcu.externaltools.gnu-tools-for-stm32.9-2020-q2-update.win32_2.0.0.202105311346/tools/bin/../lib/gcc/arm-none-eabi/9.3.1/thumb/v6-m/nofp\libgcc.a(_dvmd_tls.o)
                              c:/st/stm32cubeide_1.7.0/stm32cubeide/plugins/com.st.stm32cube.ide.mcu.externaltools.gnu-tools-for-stm32.9-2020-q2-update.win32_2.0.0.202105311346/tools/bin/../lib/gcc/arm-none-eabi/9.3.1/thumb/v6-m/nofp\libgcc.a(_udivsi3.o) (__aeabi_idiv0)

Allocating common symbols
Common symbol       size              file

power_timer         0x1               ./Src/src/drvPower.o
levelResult         0x2               ./Src/App_Level.o
RowsOverscan        0x1               ./Src/src/drvDisplay.o
power_buttonState   0x1               ./Src/src/drvPower.o
[...]
Memory Configuration

Name             Origin             Length             Attributes
RAM              0x0000000020000000 0x0000000000001800 xrw
FLASH            0x0000000008000000 0x0000000000008000 xr
*default*        0x0000000000000000 0xffffffffffffffff

Linker script and memory map

LOAD c:/st/stm32cubeide_1.7.0/stm32cubeide/plugins/com.st.stm32cube.ide.mcu.externaltools.gnu-tools-for-stm32.9-2020-q2-update.win32_2.0.0.202105311346/tools/bin/../lib/gcc/arm-none-eabi/9.3.1/thumb/v6-m/nofp/crti.o
LOAD c:/st/stm32cubeide_1.7.0/stm32cubeide/plugins/com.st.stm32cube.ide.mcu.externaltools.gnu-tools-for-stm32.9-2020-q2-update.win32_2.0.0.202105311346/tools/bin/../lib/gcc/arm-none-eabi/9.3.1/thumb/v6-m/nofp/crtbegin.o
LOAD c:/st/stm32cubeide_1.7.0/stm32cubeide/plugins/com.st.stm32cube.ide.mcu.externaltools.gnu-tools-for-stm32.9-2020-q2-update.win32_2.0.0.202105311346/tools/bin/../lib/gcc/arm-none-eabi/9.3.1/../../../../arm-none-eabi/lib/thumb/v6-m/nofp/crt0.o
LOAD ./Libraries/STM32_F0xx_StdPerip_Driver/src/stm32f0xx_adc.o
LOAD ./Libraries/STM32_F0xx_StdPerip_Driver/src/stm32f0xx_can.o
LOAD ./Libraries/STM32_F0xx_StdPerip_Driver/src/stm32f0xx_cec.o
LOAD ./Libraries/STM32_F0xx_StdPerip_Driver/src/stm32f0xx_comp.o
LOAD ./Libraries/STM32_F0xx_StdPerip_Driver/src/stm32f0xx_crc.o
LOAD ./Libraries/STM32_F0xx_StdPerip_Driver/src/stm32f0xx_crs.o
LOAD ./Libraries/STM32_F0xx_StdPerip_Driver/src/stm32f0xx_dac.o
LOAD ./Libraries/STM32_F0xx_StdPerip_Driver/src/stm32f0xx_dbgmcu.o
LOAD ./Libraries/STM32_F0xx_StdPerip_Driver/src/stm32f0xx_dma.o
LOAD ./Libraries/STM32_F0xx_StdPerip_Driver/src/stm32f0xx_exti.o
LOAD ./Libraries/STM32_F0xx_StdPerip_Driver/src/stm32f0xx_flash.o
LOAD ./Libraries/STM32_F0xx_StdPerip_Driver/src/stm32f0xx_gpio.o
LOAD ./Libraries/STM32_F0xx_StdPerip_Driver/src/stm32f0xx_i2c.o
LOAD ./Libraries/STM32_F0xx_StdPerip_Driver/src/stm32f0xx_iwdg.o
LOAD ./Libraries/STM32_F0xx_StdPerip_Driver/src/stm32f0xx_misc.o
LOAD ./Libraries/STM32_F0xx_StdPerip_Driver/src/stm32f0xx_pwr.o
LOAD ./Libraries/STM32_F0xx_StdPerip_Driver/src/stm32f0xx_rcc.o
LOAD ./Libraries/STM32_F0xx_StdPerip_Driver/src/stm32f0xx_rtc.o
LOAD ./Libraries/STM32_F0xx_StdPerip_Driver/src/stm32f0xx_spi.o
LOAD ./Libraries/STM32_F0xx_StdPerip_Driver/src/stm32f0xx_syscfg.o
LOAD ./Libraries/STM32_F0xx_StdPerip_Driver/src/stm32f0xx_tim.o
LOAD ./Libraries/STM32_F0xx_StdPerip_Driver/src/stm32f0xx_usart.o
LOAD ./Libraries/STM32_F0xx_StdPerip_Driver/src/stm32f0xx_wwdg.o
LOAD ./Src/AppMgmt.o
LOAD ./Src/App_Level.o
LOAD ./Src/App_POVDisplay.o
LOAD ./Src/App_Playground.o
LOAD ./Src/configConsole.o
LOAD ./Src/main.o
LOAD ./Src/stm32_it.o
LOAD ./Src/syscalls.o
LOAD ./Src/sysmem.o
LOAD ./Src/system_stm32f0xx.o
LOAD ./Src/tiny_printf.o
LOAD ./Src/src/drvApa102.o
LOAD ./Src/src/drvDisplay.o
LOAD ./Src/src/drvMMA8653.o
LOAD ./Src/src/drvNvMemory.o
LOAD ./Src/src/drvPower.o
LOAD ./Src/src/drvProgram.o
LOAD ./Src/src/drvSwitch.o
LOAD ./Src/src/eeprom.o
LOAD ./Src/src/utilFifo.o
LOAD ./Startup/startup_stm32f042f6px.o
LOAD ./USB/src/usbd_core.o
LOAD ./USB/src/usbd_stm32f042f6p6_devfs.o
LOAD ./USB/src/winusb_loop.o
START GROUP
LOAD c:/st/stm32cubeide_1.7.0/stm32cubeide/plugins/com.st.stm32cube.ide.mcu.externaltools.gnu-tools-for-stm32.9-2020-q2-update.win32_2.0.0.202105311346/tools/bin/../lib/gcc/arm-none-eabi/9.3.1/../../../../arm-none-eabi/lib/thumb/v6-m/nofp\libc_nano.a
LOAD c:/st/stm32cubeide_1.7.0/stm32cubeide/plugins/com.st.stm32cube.ide.mcu.externaltools.gnu-tools-for-stm32.9-2020-q2-update.win32_2.0.0.202105311346/tools/bin/../lib/gcc/arm-none-eabi/9.3.1/../../../../arm-none-eabi/lib/thumb/v6-m/nofp\libm.a
END GROUP
START GROUP
LOAD c:/st/stm32cubeide_1.7.0/stm32cubeide/plugins/com.st.stm32cube.ide.mcu.externaltools.gnu-tools-for-stm32.9-2020-q2-update.win32_2.0.0.202105311346/tools/bin/../lib/gcc/arm-none-eabi/9.3.1/thumb/v6-m/nofp\libgcc.a
LOAD c:/st/stm32cubeide_1.7.0/stm32cubeide/plugins/com.st.stm32cube.ide.mcu.externaltools.gnu-tools-for-stm32.9-2020-q2-update.win32_2.0.0.202105311346/tools/bin/../lib/gcc/arm-none-eabi/9.3.1/../../../../arm-none-eabi/lib/thumb/v6-m/nofp\libc_nano.a
END GROUP
START GROUP
LOAD c:/st/stm32cubeide_1.7.0/stm32cubeide/plugins/com.st.stm32cube.ide.mcu.externaltools.gnu-tools-for-stm32.9-2020-q2-update.win32_2.0.0.202105311346/tools/bin/../lib/gcc/arm-none-eabi/9.3.1/thumb/v6-m/nofp\libgcc.a
LOAD c:/st/stm32cubeide_1.7.0/stm32cubeide/plugins/com.st.stm32cube.ide.mcu.externaltools.gnu-tools-for-stm32.9-2020-q2-update.win32_2.0.0.202105311346/tools/bin/../lib/gcc/arm-none-eabi/9.3.1/../../../../arm-none-eabi/lib/thumb/v6-m/nofp\libc_nano.a
LOAD c:/st/stm32cubeide_1.7.0/stm32cubeide/plugins/com.st.stm32cube.ide.mcu.externaltools.gnu-tools-for-stm32.9-2020-q2-update.win32_2.0.0.202105311346/tools/bin/../lib/gcc/arm-none-eabi/9.3.1/../../../../arm-none-eabi/lib/thumb/v6-m/nofp\libnosys.a
END GROUP
START GROUP
LOAD c:/st/stm32cubeide_1.7.0/stm32cubeide/plugins/com.st.stm32cube.ide.mcu.externaltools.gnu-tools-for-stm32.9-2020-q2-update.win32_2.0.0.202105311346/tools/bin/../lib/gcc/arm-none-eabi/9.3.1/thumb/v6-m/nofp\libgcc.a
LOAD c:/st/stm32cubeide_1.7.0/stm32cubeide/plugins/com.st.stm32cube.ide.mcu.externaltools.gnu-tools-for-stm32.9-2020-q2-update.win32_2.0.0.202105311346/tools/bin/../lib/gcc/arm-none-eabi/9.3.1/../../../../arm-none-eabi/lib/thumb/v6-m/nofp\libc_nano.a
LOAD c:/st/stm32cubeide_1.7.0/stm32cubeide/plugins/com.st.stm32cube.ide.mcu.externaltools.gnu-tools-for-stm32.9-2020-q2-update.win32_2.0.0.202105311346/tools/bin/../lib/gcc/arm-none-eabi/9.3.1/../../../../arm-none-eabi/lib/thumb/v6-m/nofp\libnosys.a
END GROUP
LOAD c:/st/stm32cubeide_1.7.0/stm32cubeide/plugins/com.st.stm32cube.ide.mcu.externaltools.gnu-tools-for-stm32.9-2020-q2-update.win32_2.0.0.202105311346/tools/bin/../lib/gcc/arm-none-eabi/9.3.1/thumb/v6-m/nofp/crtend.o
LOAD c:/st/stm32cubeide_1.7.0/stm32cubeide/plugins/com.st.stm32cube.ide.mcu.externaltools.gnu-tools-for-stm32.9-2020-q2-update.win32_2.0.0.202105311346/tools/bin/../lib/gcc/arm-none-eabi/9.3.1/thumb/v6-m/nofp/crtn.o
                0x0000000020001800                _estack = (ORIGIN (RAM) + LENGTH (RAM))
                0x0000000000000200                _Min_Heap_Size = 0x200
                0x0000000000000400                _Min_Stack_Size = 0x400

.isr_vector     0x0000000008000000       0xc0
                0x0000000008000000                . = ALIGN (0x4)
 *(.isr_vector)
 .isr_vector    0x0000000008000000       0xc0 ./Startup/startup_stm32f042f6px.o
                0x0000000008000000                g_pfnVectors
                0x00000000080000c0                . = ALIGN (0x4)

.text           0x00000000080000c0     0x2608
                0x00000000080000c0                . = ALIGN (0x4)
 *(.text)
 .text          0x00000000080000c0       0x48 c:/st/stm32cubeide_1.7.0/stm32cubeide/plugins/com.st.stm32cube.ide.mcu.externaltools.gnu-tools-for-stm32.9-2020-q2-update.win32_2.0.0.202105311346/tools/bin/../lib/gcc/arm-none-eabi/9.3.1/thumb/v6-m/nofp/crtbegin.o
 .text          0x0000000008000108      0x114 c:/st/stm32cubeide_1.7.0/stm32cubeide/plugins/com.st.stm32cube.ide.mcu.externaltools.gnu-tools-for-stm32.9-2020-q2-update.win32_2.0.0.202105311346/tools/bin/../lib/gcc/arm-none-eabi/9.3.1/thumb/v6-m/nofp\libgcc.a(_udivsi3.o)
                0x0000000008000108                __aeabi_uidiv
                0x0000000008000108                __udivsi3
                0x0000000008000214                __aeabi_uidivmod
 .text          0x000000000800021c        0x4 c:/st/stm32cubeide_1.7.0/stm32cubeide/plugins/com.st.stm32cube.ide.mcu.externaltools.gnu-tools-for-stm32.9-2020-q2-update.win32_2.0.0.202105311346/tools/bin/../lib/gcc/arm-none-eabi/9.3.1/thumb/v6-m/nofp\libgcc.a(_dvmd_tls.o)
                0x000000000800021c                __aeabi_idiv0
                0x000000000800021c                __aeabi_ldiv0
 *(.text*)
 .text.EXTI_DeInit
                0x0000000008000220       0x34 ./Libraries/STM32_F0xx_StdPerip_Driver/src/stm32f0xx_exti.o
                0x0000000008000220                EXTI_DeInit
 .text.EXTI_Init
                0x0000000008000254       0xe0 ./Libraries/STM32_F0xx_StdPerip_Driver/src/stm32f0xx_exti.o
                0x0000000008000254                EXTI_Init
 .text.EXTI_ClearITPendingBit
                0x0000000008000334       0x1c ./Libraries/STM32_F0xx_StdPerip_Driver/src/stm32f0xx_exti.o
                0x0000000008000334                EXTI_ClearITPendingBit
 .text.GPIO_Init
                0x0000000008000350      0x128 ./Libraries/STM32_F0xx_StdPerip_Driver/src/stm32f0xx_gpio.o
                0x0000000008000350                GPIO_Init
 .text.GPIO_ReadInputDataBit
                0x0000000008000478       0x46 ./Libraries/STM32_F0xx_StdPerip_Driver/src/stm32f0xx_gpio.o
                0x0000000008000478                GPIO_ReadInputDataBit
 .text.GPIO_WriteBit
                0x00000000080004be       0x3a ./Libraries/STM32_F0xx_StdPerip_Driver/src/stm32f0xx_gpio.o
                0x00000000080004be                GPIO_WriteBit
 .text.GPIO_PinAFConfig
                0x00000000080004f8       0xa4 ./Libraries/STM32_F0xx_StdPerip_Driver/src/stm32f0xx_gpio.o
                0x00000000080004f8                GPIO_PinAFConfig
 .text.I2C_DeInit
                0x000000000800059c       0x50 ./Libraries/STM32_F0xx_StdPerip_Driver/src/stm32f0xx_i2c.o
                0x000000000800059c                I2C_DeInit
 .text.I2C_Init
                0x00000000080005ec       0xd0 ./Libraries/STM32_F0xx_StdPerip_Driver/src/stm32f0xx_i2c.o
                0x00000000080005ec                I2C_Init
 .text.I2C_Cmd  0x00000000080006bc       0x3a ./Libraries/STM32_F0xx_StdPerip_Driver/src/stm32f0xx_i2c.o
                0x00000000080006bc                I2C_Cmd
 *fill*         0x00000000080006f6        0x2 
 .text.I2C_TransferHandling
                0x00000000080006f8       0x68 ./Libraries/STM32_F0xx_StdPerip_Driver/src/stm32f0xx_i2c.o
                0x00000000080006f8                I2C_TransferHandling
 .text.I2C_SendData
                0x0000000008000760       0x1e ./Libraries/STM32_F0xx_StdPerip_Driver/src/stm32f0xx_i2c.o
                0x0000000008000760                I2C_SendData
 .text.I2C_ReceiveData
                0x000000000800077e       0x16 ./Libraries/STM32_F0xx_StdPerip_Driver/src/stm32f0xx_i2c.o
                0x000000000800077e                I2C_ReceiveData
 .text.I2C_GetFlagStatus
                0x0000000008000794       0x48 ./Libraries/STM32_F0xx_StdPerip_Driver/src/stm32f0xx_i2c.o
                0x0000000008000794                I2C_GetFlagStatus
 .text.I2C_ClearFlag
                0x00000000080007dc       0x18 ./Libraries/STM32_F0xx_StdPerip_Driver/src/stm32f0xx_i2c.o
                0x00000000080007dc                I2C_ClearFlag
 .text.NVIC_Init
                0x00000000080007f4       0xac ./Libraries/STM32_F0xx_StdPerip_Driver/src/stm32f0xx_misc.o
                0x00000000080007f4                NVIC_Init
 .text.SysTick_CLKSourceConfig
                0x00000000080008a0       0x34 ./Libraries/STM32_F0xx_StdPerip_Driver/src/stm32f0xx_misc.o
                0x00000000080008a0                SysTick_CLKSourceConfig
 .text.RCC_AHBPeriphClockCmd
                0x00000000080008d4       0x40 ./Libraries/STM32_F0xx_StdPerip_Driver/src/stm32f0xx_rcc.o
                0x00000000080008d4                RCC_AHBPeriphClockCmd
 .text.RCC_APB2PeriphClockCmd
                0x0000000008000914       0x40 ./Libraries/STM32_F0xx_StdPerip_Driver/src/stm32f0xx_rcc.o
                0x0000000008000914                RCC_APB2PeriphClockCmd
 .text.RCC_APB1PeriphClockCmd
                0x0000000008000954       0x40 ./Libraries/STM32_F0xx_StdPerip_Driver/src/stm32f0xx_rcc.o
                0x0000000008000954                RCC_APB1PeriphClockCmd
 .text.RCC_APB1PeriphResetCmd
                0x0000000008000994       0x40 ./Libraries/STM32_F0xx_StdPerip_Driver/src/stm32f0xx_rcc.o
                0x0000000008000994                RCC_APB1PeriphResetCmd
 .text.SYSCFG_EXTILineConfig
                0x00000000080009d4       0x90 ./Libraries/STM32_F0xx_StdPerip_Driver/src/stm32f0xx_syscfg.o
                0x00000000080009d4                SYSCFG_EXTILineConfig
 .text.AppMgmt_AppInit
                0x0000000008000a64       0x44 ./Src/AppMgmt.o
                0x0000000008000a64                AppMgmt_AppInit
 .text.AppMgmt_AppExec
                0x0000000008000aa8       0x48 ./Src/AppMgmt.o
                0x0000000008000aa8                AppMgmt_AppExec
 .text.AppMgmt_CycleApps
                0x0000000008000af0       0x44 ./Src/AppMgmt.o
                0x0000000008000af0                AppMgmt_CycleApps
 .text.AppMgmt_LoadApp
                0x0000000008000b34       0x12 ./Src/AppMgmt.o
                0x0000000008000b34                AppMgmt_LoadApp
 .text.Level_Init
                0x0000000008000b46       0x1a ./Src/App_Level.o
                0x0000000008000b46                Level_Init
 .text.Level_Exec
                0x0000000008000b60       0xa8 ./Src/App_Level.o
                0x0000000008000b60                Level_Exec
 .text.NVIC_DisableIRQ
                0x0000000008000c08       0x30 ./Src/App_POVDisplay.o
 .text.NVIC_ClearPendingIRQ
                0x0000000008000c38       0x34 ./Src/App_POVDisplay.o
 .text.PovD_Init
                0x0000000008000c6c       0x20 ./Src/App_POVDisplay.o
                0x0000000008000c6c                PovD_Init
 .text.PovD_Exec
                0x0000000008000c8c        0xa ./Src/App_POVDisplay.o
                0x0000000008000c8c                PovD_Exec
 .text.PovD_DeInit
                0x0000000008000c96       0x26 ./Src/App_POVDisplay.o
                0x0000000008000c96                PovD_DeInit
 .text.Playground_Init
                0x0000000008000cbc        0xa ./Src/App_Playground.o
                0x0000000008000cbc                Playground_Init
 .text.Playground_Exec
                0x0000000008000cc6        0xa ./Src/App_Playground.o
                0x0000000008000cc6                Playground_Exec
 .text.NVIC_SetPriority
                0x0000000008000cd0       0xdc ./Src/main.o
 .text.SysTick_Config
                0x0000000008000dac       0x48 ./Src/main.o
 .text.SysTick_Handler
                0x0000000008000df4       0x90 ./Src/main.o
                0x0000000008000df4                SysTick_Handler
 .text.delay    0x0000000008000e84       0x28 ./Src/main.o
                0x0000000008000e84                delay
 .text.main     0x0000000008000eac       0xe8 ./Src/main.o
                0x0000000008000eac                main
 .text.NMI_Handler
                0x0000000008000f94        0xa ./Src/stm32_it.o
                0x0000000008000f94                NMI_Handler
 .text.HardFault_Handler
                0x0000000008000f9e        0x6 ./Src/stm32_it.o
                0x0000000008000f9e                HardFault_Handler
 .text.SVC_Handler
                0x0000000008000fa4        0xa ./Src/stm32_it.o
                0x0000000008000fa4                SVC_Handler
 .text.PendSV_Handler
                0x0000000008000fae        0xa ./Src/stm32_it.o
                0x0000000008000fae                PendSV_Handler
 .text.USB_IRQHandler
                0x0000000008000fb8        0xa ./Src/stm32_it.o
                0x0000000008000fb8                USB_IRQHandler
 .text.EXTI2_3_IRQHandler
                0x0000000008000fc2        0xe ./Src/stm32_it.o
                0x0000000008000fc2                EXTI2_3_IRQHandler
 .text.TIM2_IRQHandler
                0x0000000008000fd0        0xe ./Src/stm32_it.o
                0x0000000008000fd0                TIM2_IRQHandler
 .text.TIM3_IRQHandler
                0x0000000008000fde        0xe ./Src/stm32_it.o
                0x0000000008000fde                TIM3_IRQHandler
 .text.SystemInit
                0x0000000008000fec       0x90 ./Src/system_stm32f0xx.o
                0x0000000008000fec                SystemInit
 .text.SystemCoreClockUpdate
                0x000000000800107c      0x104 ./Src/system_stm32f0xx.o
                0x000000000800107c                SystemCoreClockUpdate
 .text.SetSysClock
                0x0000000008001180       0x5c ./Src/system_stm32f0xx.o
 .text.apa102_init
                0x00000000080011dc      0x104 ./Src/src/drvApa102.o
                0x00000000080011dc                apa102_init
 .text.apa102_setGlobalColor
                0x00000000080012e0       0x44 ./Src/src/drvApa102.o
                0x00000000080012e0                apa102_setGlobalColor
 .text.updateStripe
                0x0000000008001324      0x148 ./Src/src/drvApa102.o
                0x0000000008001324                updateStripe
 .text.apa102_setPattern
                0x000000000800146c       0xc8 ./Src/src/drvApa102.o
                0x000000000800146c                apa102_setPattern
 .text.apa102_setSingle
                0x0000000008001534       0x32 ./Src/src/drvApa102.o
                0x0000000008001534                apa102_setSingle
 .text.apa102_Bargraph
                0x0000000008001566       0x8c ./Src/src/drvApa102.o
                0x0000000008001566                apa102_Bargraph
 *fill*         0x00000000080015f2        0x2 
 .text.apa102_allOff
                0x00000000080015f4       0x6c ./Src/src/drvApa102.o
                0x00000000080015f4                apa102_allOff
 .text.NVIC_EnableIRQ
                0x0000000008001660       0x2c ./Src/src/drvDisplay.o
 .text.displayInit
                0x000000000800168c      0x25c ./Src/src/drvDisplay.o
                0x000000000800168c                displayInit
 .text.displaySendLine
                0x00000000080018e8       0xd8 ./Src/src/drvDisplay.o
                0x00000000080018e8                displaySendLine
 .text.displayEndOfLocktime
                0x00000000080019c0       0x40 ./Src/src/drvDisplay.o
                0x00000000080019c0                displayEndOfLocktime
 .text.displayFrameStart
                0x0000000008001a00       0xa0 ./Src/src/drvDisplay.o
                0x0000000008001a00                displayFrameStart
 .text.displayFindReturnPoint
                0x0000000008001aa0      0x1e4 ./Src/src/drvDisplay.o
                0x0000000008001aa0                displayFindReturnPoint
 .text.NVIC_DisableIRQ
                0x0000000008001c84       0x30 ./Src/src/drvMMA8653.o
 .text.I2C_RdReg
                0x0000000008001cb4      0x11c ./Src/src/drvMMA8653.o
                0x0000000008001cb4                I2C_RdReg
 .text.I2C_WrReg
                0x0000000008001dd0       0xc4 ./Src/src/drvMMA8653.o
                0x0000000008001dd0                I2C_WrReg
 .text.I2C_BitHandling
                0x0000000008001e94       0x84 ./Src/src/drvMMA8653.o
                0x0000000008001e94                I2C_BitHandling
 .text.mma8653_goStandby
                0x0000000008001f18       0x4c ./Src/src/drvMMA8653.o
                0x0000000008001f18                mma8653_goStandby
 .text.mma8653_goActive
                0x0000000008001f64       0x4c ./Src/src/drvMMA8653.o
                0x0000000008001f64                mma8653_goActive
 .text.mma8653_init
                0x0000000008001fb0      0x140 ./Src/src/drvMMA8653.o
                0x0000000008001fb0                mma8653_init
 .text.mma8653_setRange
                0x00000000080020f0       0x46 ./Src/src/drvMMA8653.o
                0x00000000080020f0                mma8653_setRange
 .text.mma8653_setDataRate
                0x0000000008002136       0x4a ./Src/src/drvMMA8653.o
                0x0000000008002136                mma8653_setDataRate
 .text.mma8653_setDataWidth
                0x0000000008002180       0x62 ./Src/src/drvMMA8653.o
                0x0000000008002180                mma8653_setDataWidth
 *fill*         0x00000000080021e2        0x2 
 .text.mma8653_read8
                0x00000000080021e4       0x80 ./Src/src/drvMMA8653.o
                0x00000000080021e4                mma8653_read8
 .text.mma8653_initIrq
                0x0000000008002264       0x70 ./Src/src/drvMMA8653.o
                0x0000000008002264                mma8653_initIrq
 .text.mma6853_deInit
                0x00000000080022d4       0x24 ./Src/src/drvMMA8653.o
                0x00000000080022d4                mma6853_deInit
 .text.NvMem_init
                0x00000000080022f8       0x6c ./Src/src/drvNvMemory.o
                0x00000000080022f8                NvMem_init
 .text.NvMem_read
                0x0000000008002364       0x34 ./Src/src/drvNvMemory.o
                0x0000000008002364                NvMem_read
 .text.NvMem_write
                0x0000000008002398       0x54 ./Src/src/drvNvMemory.o
                0x0000000008002398                NvMem_write
 .text.power_init
                0x00000000080023ec       0xa0 ./Src/src/drvPower.o
                0x00000000080023ec                power_init
 .text.power_UsbPresent
                0x000000000800248c       0x1c ./Src/src/drvPower.o
                0x000000000800248c                power_UsbPresent
 .text.power_hold
                0x00000000080024a8       0x38 ./Src/src/drvPower.o
                0x00000000080024a8                power_hold
 .text.power_exec
                0x00000000080024e0       0xf0 ./Src/src/drvPower.o
                0x00000000080024e0                power_exec
 .text.Reset_Handler
                0x00000000080025d0       0x80 ./Startup/startup_stm32f042f6px.o
                0x00000000080025d0                Reset_Handler
 .text.Default_Handler
                0x0000000008002650        0x2 ./Startup/startup_stm32f042f6px.o
                0x0000000008002650                TIM1_CC_IRQHandler
                0x0000000008002650                TSC_IRQHandler
                0x0000000008002650                I2C1_IRQHandler
                0x0000000008002650                RCC_CRS_IRQHandler
                0x0000000008002650                SPI1_IRQHandler
                0x0000000008002650                ADC1_IRQHandler
                0x0000000008002650                TIM17_IRQHandler
                0x0000000008002650                CEC_CAN_IRQHandler
                0x0000000008002650                RTC_IRQHandler
                0x0000000008002650                PVD_VDDIO2_IRQHandler
                0x0000000008002650                TIM16_IRQHandler
                0x0000000008002650                EXTI4_15_IRQHandler
                0x0000000008002650                DMA1_Channel1_IRQHandler
                0x0000000008002650                Default_Handler
                0x0000000008002650                TIM14_IRQHandler
                0x0000000008002650                DMA1_Channel4_5_IRQHandler
                0x0000000008002650                EXTI0_1_IRQHandler
                0x0000000008002650                SPI2_IRQHandler
                0x0000000008002650                WWDG_IRQHandler
                0x0000000008002650                DMA1_Channel2_3_IRQHandler
                0x0000000008002650                USART2_IRQHandler
                0x0000000008002650                FLASH_IRQHandler
                0x0000000008002650                USART1_IRQHandler
                0x0000000008002650                TIM1_BRK_UP_TRG_COM_IRQHandler
 *fill*         0x0000000008002652        0x2 
 .text.__libc_init_array
                0x0000000008002654       0x48 c:/st/stm32cubeide_1.7.0/stm32cubeide/plugins/com.st.stm32cube.ide.mcu.externaltools.gnu-tools-for-stm32.9-2020-q2-update.win32_2.0.0.202105311346/tools/bin/../lib/gcc/arm-none-eabi/9.3.1/../../../../arm-none-eabi/lib/thumb/v6-m/nofp\libc_nano.a(lib_a-init.o)
                0x0000000008002654                __libc_init_array
 .text.memcpy   0x000000000800269c       0x12 c:/st/stm32cubeide_1.7.0/stm32cubeide/plugins/com.st.stm32cube.ide.mcu.externaltools.gnu-tools-for-stm32.9-2020-q2-update.win32_2.0.0.202105311346/tools/bin/../lib/gcc/arm-none-eabi/9.3.1/../../../../arm-none-eabi/lib/thumb/v6-m/nofp\libc_nano.a(lib_a-memcpy-stub.o)
                0x000000000800269c                memcpy
 *(.glue_7)
 .glue_7        0x00000000080026ae        0x0 linker stubs
 *(.glue_7t)
 .glue_7t       0x00000000080026ae        0x0 linker stubs
 *(.eh_frame)
 *fill*         0x00000000080026ae        0x2 
 .eh_frame      0x00000000080026b0        0x0 c:/st/stm32cubeide_1.7.0/stm32cubeide/plugins/com.st.stm32cube.ide.mcu.externaltools.gnu-tools-for-stm32.9-2020-q2-update.win32_2.0.0.202105311346/tools/bin/../lib/gcc/arm-none-eabi/9.3.1/thumb/v6-m/nofp/crtbegin.o
 *(.init)
 .init          0x00000000080026b0        0x4 c:/st/stm32cubeide_1.7.0/stm32cubeide/plugins/com.st.stm32cube.ide.mcu.externaltools.gnu-tools-for-stm32.9-2020-q2-update.win32_2.0.0.202105311346/tools/bin/../lib/gcc/arm-none-eabi/9.3.1/thumb/v6-m/nofp/crti.o
                0x00000000080026b0                _init
 .init          0x00000000080026b4        0x8 c:/st/stm32cubeide_1.7.0/stm32cubeide/plugins/com.st.stm32cube.ide.mcu.externaltools.gnu-tools-for-stm32.9-2020-q2-update.win32_2.0.0.202105311346/tools/bin/../lib/gcc/arm-none-eabi/9.3.1/thumb/v6-m/nofp/crtn.o
 *(.fini)
 .fini          0x00000000080026bc        0x4 c:/st/stm32cubeide_1.7.0/stm32cubeide/plugins/com.st.stm32cube.ide.mcu.externaltools.gnu-tools-for-stm32.9-2020-q2-update.win32_2.0.0.202105311346/tools/bin/../lib/gcc/arm-none-eabi/9.3.1/thumb/v6-m/nofp/crti.o
                0x00000000080026bc                _fini
 .fini          0x00000000080026c0        0x8 c:/st/stm32cubeide_1.7.0/stm32cubeide/plugins/com.st.stm32cube.ide.mcu.externaltools.gnu-tools-for-stm32.9-2020-q2-update.win32_2.0.0.202105311346/tools/bin/../lib/gcc/arm-none-eabi/9.3.1/thumb/v6-m/nofp/crtn.o
                0x00000000080026c8                . = ALIGN (0x4)
                0x00000000080026c8                _etext = .

.vfp11_veneer   0x00000000080026c8        0x0
 .vfp11_veneer  0x00000000080026c8        0x0 linker stubs

.v4_bx          0x00000000080026c8        0x0
 .v4_bx         0x00000000080026c8        0x0 linker stubs

.iplt           0x00000000080026c8        0x0
 .iplt          0x00000000080026c8        0x0 c:/st/stm32cubeide_1.7.0/stm32cubeide/plugins/com.st.stm32cube.ide.mcu.externaltools.gnu-tools-for-stm32.9-2020-q2-update.win32_2.0.0.202105311346/tools/bin/../lib/gcc/arm-none-eabi/9.3.1/thumb/v6-m/nofp/crtbegin.o

.rodata         0x00000000080026c8       0x14
                0x00000000080026c8                . = ALIGN (0x4)
 *(.rodata)
 *(.rodata*)
 .rodata.displayFindReturnPoint
                0x00000000080026c8       0x14 ./Src/src/drvDisplay.o
                0x00000000080026dc                . = ALIGN (0x4)

.rel.dyn        0x00000000080026dc        0x0
 .rel.iplt      0x00000000080026dc        0x0 c:/st/stm32cubeide_1.7.0/stm32cubeide/plugins/com.st.stm32cube.ide.mcu.externaltools.gnu-tools-for-stm32.9-2020-q2-update.win32_2.0.0.202105311346/tools/bin/../lib/gcc/arm-none-eabi/9.3.1/thumb/v6-m/nofp/crtbegin.o

.ARM.extab      0x00000000080026dc        0x0
                0x00000000080026dc                . = ALIGN (0x4)
 *(.ARM.extab* .gnu.linkonce.armextab.*)
                0x00000000080026dc                . = ALIGN (0x4)

.ARM            0x00000000080026dc        0x0
                0x00000000080026dc                . = ALIGN (0x4)
                0x00000000080026dc                __exidx_start = .
 *(.ARM.exidx*)
                0x00000000080026dc                __exidx_end = .
                0x00000000080026dc                . = ALIGN (0x4)

.preinit_array  0x00000000080026dc        0x0
                0x00000000080026dc                . = ALIGN (0x4)
                0x00000000080026dc                PROVIDE (__preinit_array_start = .)
 *(.preinit_array*)
                0x00000000080026dc                PROVIDE (__preinit_array_end = .)
                0x00000000080026dc                . = ALIGN (0x4)

.init_array     0x00000000080026dc        0x4
                0x00000000080026dc                . = ALIGN (0x4)
                0x00000000080026dc                PROVIDE (__init_array_start = .)
 *(SORT_BY_NAME(.init_array.*))
 *(.init_array*)
 .init_array    0x00000000080026dc        0x4 c:/st/stm32cubeide_1.7.0/stm32cubeide/plugins/com.st.stm32cube.ide.mcu.externaltools.gnu-tools-for-stm32.9-2020-q2-update.win32_2.0.0.202105311346/tools/bin/../lib/gcc/arm-none-eabi/9.3.1/thumb/v6-m/nofp/crtbegin.o
                0x00000000080026e0                PROVIDE (__init_array_end = .)
                0x00000000080026e0                . = ALIGN (0x4)

.fini_array     0x00000000080026e0        0x4
                0x00000000080026e0                . = ALIGN (0x4)
                [!provide]                        PROVIDE (__fini_array_start = .)
 *(SORT_BY_NAME(.fini_array.*))
 *(.fini_array*)
 .fini_array    0x00000000080026e0        0x4 c:/st/stm32cubeide_1.7.0/stm32cubeide/plugins/com.st.stm32cube.ide.mcu.externaltools.gnu-tools-for-stm32.9-2020-q2-update.win32_2.0.0.202105311346/tools/bin/../lib/gcc/arm-none-eabi/9.3.1/thumb/v6-m/nofp/crtbegin.o
                [!provide]                        PROVIDE (__fini_array_end = .)
                0x00000000080026e4                . = ALIGN (0x4)
                0x00000000080026e4                _sidata = LOADADDR (.data)

.data           0x0000000020000000       0x18 load address 0x00000000080026e4
                0x0000000020000000                . = ALIGN (0x4)
                0x0000000020000000                _sdata = .
 *(.data)
 *(.data*)
 .data.timer_ms
                0x0000000020000000        0x1 ./Src/main.o
                0x0000000020000000                timer_ms
 .data.timer_10ms
                0x0000000020000001        0x1 ./Src/main.o
                0x0000000020000001                timer_10ms
 *fill*         0x0000000020000002        0x2 
 .data.SystemCoreClock
                0x0000000020000004        0x4 ./Src/system_stm32f0xx.o
                0x0000000020000004                SystemCoreClock
 .data.AHBPrescTable
                0x0000000020000008       0x10 ./Src/system_stm32f0xx.o
                0x0000000020000008                AHBPrescTable
                0x0000000020000018                . = ALIGN (0x4)
                0x0000000020000018                _edata = .

.igot.plt       0x0000000020000018        0x0 load address 0x00000000080026fc
 .igot.plt      0x0000000020000018        0x0 c:/st/stm32cubeide_1.7.0/stm32cubeide/plugins/com.st.stm32cube.ide.mcu.externaltools.gnu-tools-for-stm32.9-2020-q2-update.win32_2.0.0.202105311346/tools/bin/../lib/gcc/arm-none-eabi/9.3.1/thumb/v6-m/nofp/crtbegin.o
                0x0000000020000018                . = ALIGN (0x4)

.bss            0x0000000020000018      0x510 load address 0x00000000080026fc
                0x0000000020000018                _sbss = .
                0x0000000020000018                __bss_start__ = _sbss
 *(.bss)
 .bss           0x0000000020000018       0x1c c:/st/stm32cubeide_1.7.0/stm32cubeide/plugins/com.st.stm32cube.ide.mcu.externaltools.gnu-tools-for-stm32.9-2020-q2-update.win32_2.0.0.202105311346/tools/bin/../lib/gcc/arm-none-eabi/9.3.1/thumb/v6-m/nofp/crtbegin.o
 *(.bss*)
 .bss.app_active
                0x0000000020000034        0x1 ./Src/AppMgmt.o
                0x0000000020000034                app_active
 .bss.app_run   0x0000000020000035        0x1 ./Src/AppMgmt.o
                0x0000000020000035                app_run
 .bss.timerFlags
                0x0000000020000036        0x1 ./Src/main.o
                0x0000000020000036                timerFlags
 .bss.rowStep   0x0000000020000037        0x1 ./Src/src/drvDisplay.o
                0x0000000020000037                rowStep
 .bss.RowNumber
                0x0000000020000038        0x1 ./Src/src/drvDisplay.o
                0x0000000020000038                RowNumber
 .bss.isActive  0x0000000020000039        0x1 ./Src/src/drvMMA8653.o
                0x0000000020000039                isActive
 *(COMMON)
 *fill*         0x000000002000003a        0x2 
 COMMON         0x000000002000003c        0x4 ./Src/AppMgmt.o
                0x000000002000003c                globalColor
 COMMON         0x0000000020000040        0x3 ./Src/App_Level.o
                0x0000000020000040                levelResult
                0x0000000020000042                led_pos
 COMMON         0x0000000020000043        0x2 ./Src/App_POVDisplay.o
                0x0000000020000043                power_flags
                0x0000000020000044                power_buttonHoldTime
 *fill*         0x0000000020000045        0x3 
 COMMON         0x0000000020000048        0x4 ./Src/main.o
                0x0000000020000048                delayTimer
 COMMON         0x000000002000004c       0x8c ./Src/src/drvApa102.o
                0x000000002000004c                leds
                0x000000002000008c                spiSendData
 COMMON         0x00000000200000d8       0x48 ./Src/src/drvDisplay.o
                0x00000000200000d8                RowsOverscan
                0x00000000200000dc                DispRowMasks
                0x000000002000011c                DisplayPosition
                0x000000002000011d                RowsVisible
                0x000000002000011e                RowsLogic
                0x000000002000011f                movementState
 COMMON         0x0000000020000120        0x4 ./Src/src/drvMMA8653.o
                0x0000000020000120                rxBuf
 COMMON         0x0000000020000124      0x401 ./Src/src/drvNvMemory.o
                0x0000000020000124                NvMem_RamBuffer
                0x0000000020000524                NvMem_Writable
 COMMON         0x0000000020000525        0x2 ./Src/src/drvPower.o
                0x0000000020000525                power_timer
                0x0000000020000526                power_buttonState
                0x0000000020000528                . = ALIGN (0x4)
 *fill*         0x0000000020000527        0x1 
                0x0000000020000528                _ebss = .
                0x0000000020000528                __bss_end__ = _ebss

._user_heap_stack
                0x0000000020000528      0x600 load address 0x00000000080026fc
                0x0000000020000528                . = ALIGN (0x8)
                [!provide]                        PROVIDE (end = .)
                0x0000000020000528                PROVIDE (_end = .)
                0x0000000020000728                . = (. + _Min_Heap_Size)
 *fill*         0x0000000020000528      0x200 
                0x0000000020000b28                . = (. + _Min_Stack_Size)
 *fill*         0x0000000020000728      0x400 
                0x0000000020000b28                . = ALIGN (0x8)

/DISCARD/
 libc.a(*)
 libm.a(*)
 libgcc.a(*)

.ARM.attributes
                0x0000000000000000       0x28
 *(.ARM.attributes)
 .ARM.attributes
                0x0000000000000000       0x1e c:/st/stm32cubeide_1.7.0/stm32cubeide/plugins/com.st.stm32cube.ide.mcu.externaltools.gnu-tools-for-stm32.9-2020-q2-update.win32_2.0.0.202105311346/tools/bin/../lib/gcc/arm-none-eabi/9.3.1/thumb/v6-m/nofp/crti.o
 .ARM.attributes
                0x000000000000001e       0x2c c:/st/stm32cubeide_1.7.0/stm32cubeide/plugins/com.st.stm32cube.ide.mcu.externaltools.gnu-tools-for-stm32.9-2020-q2-update.win32_2.0.0.202105311346/tools/bin/../lib/gcc/arm-none-eabi/9.3.1/thumb/v6-m/nofp/crtbegin.o
 .ARM.attributes
                0x000000000000004a       0x2c ./Libraries/STM32_F0xx_StdPerip_Driver/src/stm32f0xx_exti.o
 .ARM.attributes
                0x0000000000000076       0x2c ./Libraries/STM32_F0xx_StdPerip_Driver/src/stm32f0xx_gpio.o
 .ARM.attributes
                0x00000000000000a2       0x2c ./Libraries/STM32_F0xx_StdPerip_Driver/src/stm32f0xx_i2c.o
 .ARM.attributes
                0x00000000000000ce       0x2c ./Libraries/STM32_F0xx_StdPerip_Driver/src/stm32f0xx_misc.o
 .ARM.attributes
                0x00000000000000fa       0x2c ./Libraries/STM32_F0xx_StdPerip_Driver/src/stm32f0xx_rcc.o
 .ARM.attributes
                0x0000000000000126       0x2c ./Libraries/STM32_F0xx_StdPerip_Driver/src/stm32f0xx_syscfg.o
 .ARM.attributes
                0x0000000000000152       0x2c ./Src/AppMgmt.o
 .ARM.attributes
                0x000000000000017e       0x2c ./Src/App_Level.o
 .ARM.attributes
                0x00000000000001aa       0x2c ./Src/App_POVDisplay.o
 .ARM.attributes
                0x00000000000001d6       0x2c ./Src/App_Playground.o
 .ARM.attributes
                0x0000000000000202       0x2c ./Src/main.o
 .ARM.attributes
                0x000000000000022e       0x2c ./Src/stm32_it.o
 .ARM.attributes
                0x000000000000025a       0x2c ./Src/system_stm32f0xx.o
 .ARM.attributes
                0x0000000000000286       0x2c ./Src/src/drvApa102.o
 .ARM.attributes
                0x00000000000002b2       0x2c ./Src/src/drvDisplay.o
 .ARM.attributes
                0x00000000000002de       0x2c ./Src/src/drvMMA8653.o
 .ARM.attributes
                0x000000000000030a       0x2c ./Src/src/drvNvMemory.o
 .ARM.attributes
                0x0000000000000336       0x2c ./Src/src/drvPower.o
 .ARM.attributes
                0x0000000000000362       0x21 ./Startup/startup_stm32f042f6px.o
 .ARM.attributes
                0x0000000000000383       0x2c c:/st/stm32cubeide_1.7.0/stm32cubeide/plugins/com.st.stm32cube.ide.mcu.externaltools.gnu-tools-for-stm32.9-2020-q2-update.win32_2.0.0.202105311346/tools/bin/../lib/gcc/arm-none-eabi/9.3.1/../../../../arm-none-eabi/lib/thumb/v6-m/nofp\libc_nano.a(lib_a-init.o)
 .ARM.attributes
                0x00000000000003af       0x2c c:/st/stm32cubeide_1.7.0/stm32cubeide/plugins/com.st.stm32cube.ide.mcu.externaltools.gnu-tools-for-stm32.9-2020-q2-update.win32_2.0.0.202105311346/tools/bin/../lib/gcc/arm-none-eabi/9.3.1/../../../../arm-none-eabi/lib/thumb/v6-m/nofp\libc_nano.a(lib_a-memcpy-stub.o)
 .ARM.attributes
                0x00000000000003db       0x1e c:/st/stm32cubeide_1.7.0/stm32cubeide/plugins/com.st.stm32cube.ide.mcu.externaltools.gnu-tools-for-stm32.9-2020-q2-update.win32_2.0.0.202105311346/tools/bin/../lib/gcc/arm-none-eabi/9.3.1/thumb/v6-m/nofp\libgcc.a(_udivsi3.o)
 .ARM.attributes
                0x00000000000003f9       0x1e c:/st/stm32cubeide_1.7.0/stm32cubeide/plugins/com.st.stm32cube.ide.mcu.externaltools.gnu-tools-for-stm32.9-2020-q2-update.win32_2.0.0.202105311346/tools/bin/../lib/gcc/arm-none-eabi/9.3.1/thumb/v6-m/nofp\libgcc.a(_dvmd_tls.o)
 .ARM.attributes
                0x0000000000000417       0x1e c:/st/stm32cubeide_1.7.0/stm32cubeide/plugins/com.st.stm32cube.ide.mcu.externaltools.gnu-tools-for-stm32.9-2020-q2-update.win32_2.0.0.202105311346/tools/bin/../lib/gcc/arm-none-eabi/9.3.1/thumb/v6-m/nofp/crtn.o
OUTPUT(LightShaker3_libUSB.elf elf32-littlearm)
LOAD linker stubs
LOAD c:/st/stm32cubeide_1.7.0/stm32cubeide/plugins/com.st.stm32cube.ide.mcu.externaltools.gnu-tools-for-stm32.9-2020-q2-update.win32_2.0.0.202105311346/tools/bin/../lib/gcc/arm-none-eabi/9.3.1/../../../../arm-none-eabi/lib/thumb/v6-m/nofp\libc.a
LOAD c:/st/stm32cubeide_1.7.0/stm32cubeide/plugins/com.st.stm32cube.ide.mcu.externaltools.gnu-tools-for-stm32.9-2020-q2-update.win32_2.0.0.202105311346/tools/bin/../lib/gcc/arm-none-eabi/9.3.1/../../../../arm-none-eabi/lib/thumb/v6-m/nofp\libm.a
LOAD c:/st/stm32cubeide_1.7.0/stm32cubeide/plugins/com.st.stm32cube.ide.mcu.externaltools.gnu-tools-for-stm32.9-2020-q2-update.win32_2.0.0.202105311346/tools/bin/../lib/gcc/arm-none-eabi/9.3.1/thumb/v6-m/nofp\libgcc.a

.debug_info     0x0000000000000000     0x58f7
 .debug_info    0x0000000000000000      0x35a ./Libraries/STM32_F0xx_StdPerip_Driver/src/stm32f0xx_exti.o
 .debug_info    0x000000000000035a      0x64f ./Libraries/STM32_F0xx_StdPerip_Driver/src/stm32f0xx_gpio.o
 .debug_info    0x00000000000009a9      0xc77 ./Libraries/STM32_F0xx_StdPerip_Driver/src/stm32f0xx_i2c.o
 .debug_info    0x0000000000001620      0x3a1 ./Libraries/STM32_F0xx_StdPerip_Driver/src/stm32f0xx_misc.o
 .debug_info    0x00000000000019c1      0xaf5 ./Libraries/STM32_F0xx_StdPerip_Driver/src/stm32f0xx_rcc.o
 .debug_info    0x00000000000024b6      0x2e7 ./Libraries/STM32_F0xx_StdPerip_Driver/src/stm32f0xx_syscfg.o
 .debug_info    0x000000000000279d      0x182 ./Src/AppMgmt.o
 .debug_info    0x000000000000291f      0x183 ./Src/App_Level.o
 .debug_info    0x0000000000002aa2      0x3a5 ./Src/App_POVDisplay.o
 .debug_info    0x0000000000002e47       0x4e ./Src/App_Playground.o
 .debug_info    0x0000000000002e95      0x525 ./Src/main.o
 .debug_info    0x00000000000033ba      0x12b ./Src/stm32_it.o
 .debug_info    0x00000000000034e5      0x2da ./Src/system_stm32f0xx.o
 .debug_info    0x00000000000037bf      0x69d ./Src/src/drvApa102.o
 .debug_info    0x0000000000003e5c      0x7e6 ./Src/src/drvDisplay.o
 .debug_info    0x0000000000004642      0xb4f ./Src/src/drvMMA8653.o
 .debug_info    0x0000000000005191      0x386 ./Src/src/drvNvMemory.o
 .debug_info    0x0000000000005517      0x3be ./Src/src/drvPower.o
 .debug_info    0x00000000000058d5       0x22 ./Startup/startup_stm32f042f6px.o

.debug_abbrev   0x0000000000000000     0x1a88
 .debug_abbrev  0x0000000000000000      0x1ab ./Libraries/STM32_F0xx_StdPerip_Driver/src/stm32f0xx_exti.o
 .debug_abbrev  0x00000000000001ab      0x1c5 ./Libraries/STM32_F0xx_StdPerip_Driver/src/stm32f0xx_gpio.o
 .debug_abbrev  0x0000000000000370      0x1a9 ./Libraries/STM32_F0xx_StdPerip_Driver/src/stm32f0xx_i2c.o
 .debug_abbrev  0x0000000000000519      0x163 ./Libraries/STM32_F0xx_StdPerip_Driver/src/stm32f0xx_misc.o
 .debug_abbrev  0x000000000000067c      0x232 ./Libraries/STM32_F0xx_StdPerip_Driver/src/stm32f0xx_rcc.o
 .debug_abbrev  0x00000000000008ae      0x181 ./Libraries/STM32_F0xx_StdPerip_Driver/src/stm32f0xx_syscfg.o
 .debug_abbrev  0x0000000000000a2f       0xab ./Src/AppMgmt.o
 .debug_abbrev  0x0000000000000ada       0xb4 ./Src/App_Level.o
 .debug_abbrev  0x0000000000000b8e      0x197 ./Src/App_POVDisplay.o
 .debug_abbrev  0x0000000000000d25       0x2f ./Src/App_Playground.o
 .debug_abbrev  0x0000000000000d54      0x1f3 ./Src/main.o
 .debug_abbrev  0x0000000000000f47       0x83 ./Src/stm32_it.o
 .debug_abbrev  0x0000000000000fca      0x141 ./Src/system_stm32f0xx.o
 .debug_abbrev  0x000000000000110b      0x1c8 ./Src/src/drvApa102.o
 .debug_abbrev  0x00000000000012d3      0x1e7 ./Src/src/drvDisplay.o
 .debug_abbrev  0x00000000000014ba      0x2d6 ./Src/src/drvMMA8653.o
 .debug_abbrev  0x0000000000001790      0x154 ./Src/src/drvNvMemory.o
 .debug_abbrev  0x00000000000018e4      0x192 ./Src/src/drvPower.o
 .debug_abbrev  0x0000000000001a76       0x12 ./Startup/startup_stm32f042f6px.o

.debug_aranges  0x0000000000000000      0x770
 .debug_aranges
                0x0000000000000000       0x58 ./Libraries/STM32_F0xx_StdPerip_Driver/src/stm32f0xx_exti.o
 .debug_aranges
                0x0000000000000058       0x80 ./Libraries/STM32_F0xx_StdPerip_Driver/src/stm32f0xx_gpio.o
 .debug_aranges
                0x00000000000000d8      0x168 ./Libraries/STM32_F0xx_StdPerip_Driver/src/stm32f0xx_i2c.o
 .debug_aranges
                0x0000000000000240       0x30 ./Libraries/STM32_F0xx_StdPerip_Driver/src/stm32f0xx_misc.o
 .debug_aranges
                0x0000000000000270      0x160 ./Libraries/STM32_F0xx_StdPerip_Driver/src/stm32f0xx_rcc.o
 .debug_aranges
                0x00000000000003d0       0x58 ./Libraries/STM32_F0xx_StdPerip_Driver/src/stm32f0xx_syscfg.o
 .debug_aranges
                0x0000000000000428       0x38 ./Src/AppMgmt.o
 .debug_aranges
                0x0000000000000460       0x28 ./Src/App_Level.o
 .debug_aranges
                0x0000000000000488       0x40 ./Src/App_POVDisplay.o
 .debug_aranges
                0x00000000000004c8       0x28 ./Src/App_Playground.o
 .debug_aranges
                0x00000000000004f0       0x40 ./Src/main.o
 .debug_aranges
                0x0000000000000530       0x58 ./Src/stm32_it.o
 .debug_aranges
                0x0000000000000588       0x30 ./Src/system_stm32f0xx.o
 .debug_aranges
                0x00000000000005b8       0x50 ./Src/src/drvApa102.o
 .debug_aranges
                0x0000000000000608       0x48 ./Src/src/drvDisplay.o
 .debug_aranges
                0x0000000000000650       0x88 ./Src/src/drvMMA8653.o
 .debug_aranges
                0x00000000000006d8       0x38 ./Src/src/drvNvMemory.o
 .debug_aranges
                0x0000000000000710       0x38 ./Src/src/drvPower.o
 .debug_aranges
                0x0000000000000748       0x28 ./Startup/startup_stm32f042f6px.o

.debug_ranges   0x0000000000000000      0x648
 .debug_ranges  0x0000000000000000       0x48 ./Libraries/STM32_F0xx_StdPerip_Driver/src/stm32f0xx_exti.o
 .debug_ranges  0x0000000000000048       0x70 ./Libraries/STM32_F0xx_StdPerip_Driver/src/stm32f0xx_gpio.o
 .debug_ranges  0x00000000000000b8      0x158 ./Libraries/STM32_F0xx_StdPerip_Driver/src/stm32f0xx_i2c.o
 .debug_ranges  0x0000000000000210       0x20 ./Libraries/STM32_F0xx_StdPerip_Driver/src/stm32f0xx_misc.o
 .debug_ranges  0x0000000000000230      0x150 ./Libraries/STM32_F0xx_StdPerip_Driver/src/stm32f0xx_rcc.o
 .debug_ranges  0x0000000000000380       0x48 ./Libraries/STM32_F0xx_StdPerip_Driver/src/stm32f0xx_syscfg.o
 .debug_ranges  0x00000000000003c8       0x28 ./Src/AppMgmt.o
 .debug_ranges  0x00000000000003f0       0x18 ./Src/App_Level.o
 .debug_ranges  0x0000000000000408       0x30 ./Src/App_POVDisplay.o
 .debug_ranges  0x0000000000000438       0x18 ./Src/App_Playground.o
 .debug_ranges  0x0000000000000450       0x30 ./Src/main.o
 .debug_ranges  0x0000000000000480       0x48 ./Src/stm32_it.o
 .debug_ranges  0x00000000000004c8       0x20 ./Src/system_stm32f0xx.o
 .debug_ranges  0x00000000000004e8       0x40 ./Src/src/drvApa102.o
 .debug_ranges  0x0000000000000528       0x38 ./Src/src/drvDisplay.o
 .debug_ranges  0x0000000000000560       0x78 ./Src/src/drvMMA8653.o
 .debug_ranges  0x00000000000005d8       0x28 ./Src/src/drvNvMemory.o
 .debug_ranges  0x0000000000000600       0x28 ./Src/src/drvPower.o
 .debug_ranges  0x0000000000000628       0x20 ./Startup/startup_stm32f042f6px.o

.debug_macro    0x0000000000000000     0x233e
 .debug_macro   0x0000000000000000      0x18d ./Libraries/STM32_F0xx_StdPerip_Driver/src/stm32f0xx_exti.o
 .debug_macro   0x000000000000018d       0xd9 ./Libraries/STM32_F0xx_StdPerip_Driver/src/stm32f0xx_exti.o
 .debug_macro   0x0000000000000266      0x18d ./Libraries/STM32_F0xx_StdPerip_Driver/src/stm32f0xx_gpio.o
 .debug_macro   0x00000000000003f3      0x17e ./Libraries/STM32_F0xx_StdPerip_Driver/src/stm32f0xx_gpio.o
 .debug_macro   0x0000000000000571      0x1ab ./Libraries/STM32_F0xx_StdPerip_Driver/src/stm32f0xx_i2c.o
 .debug_macro   0x000000000000071c      0x29a ./Libraries/STM32_F0xx_StdPerip_Driver/src/stm32f0xx_i2c.o
 .debug_macro   0x00000000000009b6      0x18d ./Libraries/STM32_F0xx_StdPerip_Driver/src/stm32f0xx_misc.o
 .debug_macro   0x0000000000000b43       0x34 ./Libraries/STM32_F0xx_StdPerip_Driver/src/stm32f0xx_misc.o
 .debug_macro   0x0000000000000b77      0x1ab ./Libraries/STM32_F0xx_StdPerip_Driver/src/stm32f0xx_rcc.o
 .debug_macro   0x0000000000000d22      0x51c ./Libraries/STM32_F0xx_StdPerip_Driver/src/stm32f0xx_rcc.o
 .debug_macro   0x000000000000123e      0x18d ./Libraries/STM32_F0xx_StdPerip_Driver/src/stm32f0xx_syscfg.o
 .debug_macro   0x00000000000013cb      0x17e ./Libraries/STM32_F0xx_StdPerip_Driver/src/stm32f0xx_syscfg.o
 .debug_macro   0x0000000000001549       0xec ./Src/AppMgmt.o
 .debug_macro   0x0000000000001635      0x174 ./Src/AppMgmt.o
 .debug_macro   0x00000000000017a9       0x22 ./Src/AppMgmt.o
 .debug_macro   0x00000000000017cb       0x7a ./Src/App_Level.o
 .debug_macro   0x0000000000001845       0x10 ./Src/App_Level.o
 .debug_macro   0x0000000000001855       0xee ./Src/App_POVDisplay.o
 .debug_macro   0x0000000000001943       0x4c ./Src/App_POVDisplay.o
 .debug_macro   0x000000000000198f       0x1c ./Src/App_POVDisplay.o
 .debug_macro   0x00000000000019ab       0x1c ./Src/App_POVDisplay.o
 .debug_macro   0x00000000000019c7       0x1b ./Src/App_Playground.o
 .debug_macro   0x00000000000019e2       0xf5 ./Src/main.o
 .debug_macro   0x0000000000001ad7       0xcd ./Src/stm32_it.o
 .debug_macro   0x0000000000001ba4       0x9e ./Src/system_stm32f0xx.o
 .debug_macro   0x0000000000001c42       0xd3 ./Src/src/drvApa102.o
 .debug_macro   0x0000000000001d15      0x1c2 ./Src/src/drvDisplay.o
 .debug_macro   0x0000000000001ed7       0x52 ./Src/src/drvDisplay.o
 .debug_macro   0x0000000000001f29      0x266 ./Src/src/drvMMA8653.o
 .debug_macro   0x000000000000218f       0xd4 ./Src/src/drvNvMemory.o
 .debug_macro   0x0000000000002263       0xc5 ./Src/src/drvPower.o
 .debug_macro   0x0000000000002328       0x16 ./Src/src/drvPower.o

.debug_line     0x0000000000000000     0x863f
 .debug_line    0x0000000000000000      0x864 ./Libraries/STM32_F0xx_StdPerip_Driver/src/stm32f0xx_exti.o
 .debug_line    0x0000000000000864      0x97e ./Libraries/STM32_F0xx_StdPerip_Driver/src/stm32f0xx_gpio.o
 .debug_line    0x00000000000011e2      0xcf5 ./Libraries/STM32_F0xx_StdPerip_Driver/src/stm32f0xx_i2c.o
 .debug_line    0x0000000000001ed7      0x7a4 ./Libraries/STM32_F0xx_StdPerip_Driver/src/stm32f0xx_misc.o
 .debug_line    0x000000000000267b      0xe09 ./Libraries/STM32_F0xx_StdPerip_Driver/src/stm32f0xx_rcc.o
 .debug_line    0x0000000000003484      0x811 ./Libraries/STM32_F0xx_StdPerip_Driver/src/stm32f0xx_syscfg.o
 .debug_line    0x0000000000003c95      0x589 ./Src/AppMgmt.o
 .debug_line    0x000000000000421e      0x437 ./Src/App_Level.o
 .debug_line    0x0000000000004655      0x5f8 ./Src/App_POVDisplay.o
 .debug_line    0x0000000000004c4d       0x70 ./Src/App_Playground.o
 .debug_line    0x0000000000004cbd      0x6c1 ./Src/main.o
 .debug_line    0x000000000000537e      0x574 ./Src/stm32_it.o
 .debug_line    0x00000000000058f2      0x555 ./Src/system_stm32f0xx.o
 .debug_line    0x0000000000005e47      0x798 ./Src/src/drvApa102.o
 .debug_line    0x00000000000065df      0x93f ./Src/src/drvDisplay.o
 .debug_line    0x0000000000006f1e      0xa9f ./Src/src/drvMMA8653.o
 .debug_line    0x00000000000079bd      0x62f ./Src/src/drvNvMemory.o
 .debug_line    0x0000000000007fec      0x5bd ./Src/src/drvPower.o
 .debug_line    0x00000000000085a9       0x96 ./Startup/startup_stm32f042f6px.o

.debug_str      0x0000000000000000    0x42600
 .debug_str     0x0000000000000000    0x4006b ./Libraries/STM32_F0xx_StdPerip_Driver/src/stm32f0xx_exti.o
                                      0x401e9 (size before relaxing)
 .debug_str     0x000000000004006b      0x2f7 ./Libraries/STM32_F0xx_StdPerip_Driver/src/stm32f0xx_gpio.o
                                      0x40324 (size before relaxing)
 .debug_str     0x0000000000040362      0x554 ./Libraries/STM32_F0xx_StdPerip_Driver/src/stm32f0xx_i2c.o
                                      0x4058e (size before relaxing)
 .debug_str     0x00000000000408b6      0x163 ./Libraries/STM32_F0xx_StdPerip_Driver/src/stm32f0xx_misc.o
                                      0x4018e (size before relaxing)
 .debug_str     0x0000000000040a19      0x66e ./Libraries/STM32_F0xx_StdPerip_Driver/src/stm32f0xx_rcc.o
                                      0x406e1 (size before relaxing)
 .debug_str     0x0000000000041087      0x194 ./Libraries/STM32_F0xx_StdPerip_Driver/src/stm32f0xx_syscfg.o
                                      0x401b3 (size before relaxing)
 .debug_str     0x000000000004121b      0x3d2 ./Src/AppMgmt.o
                                      0x24411 (size before relaxing)
 .debug_str     0x00000000000415ed       0xcb ./Src/App_Level.o
                                       0x3cca (size before relaxing)
 .debug_str     0x00000000000416b8      0x45d ./Src/App_POVDisplay.o
                                      0x2712c (size before relaxing)
 .debug_str     0x0000000000041b15       0x38 ./Src/App_Playground.o
                                       0x2ce2 (size before relaxing)
 .debug_str     0x0000000000041b4d       0xbe ./Src/main.o
                                      0x27526 (size before relaxing)
 .debug_str     0x0000000000041c0b       0x9b ./Src/stm32_it.o
                                      0x2440d (size before relaxing)
 .debug_str     0x0000000000041ca6       0x62 ./Src/system_stm32f0xx.o
                                      0x240bb (size before relaxing)
 .debug_str     0x0000000000041d08      0x140 ./Src/src/drvApa102.o
                                      0x246a5 (size before relaxing)
 .debug_str     0x0000000000041e48      0x209 ./Src/src/drvDisplay.o
                                      0x40a40 (size before relaxing)
 .debug_str     0x0000000000042051      0x39e ./Src/src/drvMMA8653.o
                                      0x40dc9 (size before relaxing)
 .debug_str     0x00000000000423ef      0x17a ./Src/src/drvNvMemory.o
                                      0x2435c (size before relaxing)
 .debug_str     0x0000000000042569       0x66 ./Src/src/drvPower.o
                                      0x27be5 (size before relaxing)
 .debug_str     0x00000000000425cf       0x31 ./Startup/startup_stm32f042f6px.o
                                         0x5e (size before relaxing)

.comment        0x0000000000000000       0x53
 .comment       0x0000000000000000       0x53 ./Libraries/STM32_F0xx_StdPerip_Driver/src/stm32f0xx_exti.o
                                         0x54 (size before relaxing)
 .comment       0x0000000000000053       0x54 ./Libraries/STM32_F0xx_StdPerip_Driver/src/stm32f0xx_gpio.o
 .comment       0x0000000000000053       0x54 ./Libraries/STM32_F0xx_StdPerip_Driver/src/stm32f0xx_i2c.o
 .comment       0x0000000000000053       0x54 ./Libraries/STM32_F0xx_StdPerip_Driver/src/stm32f0xx_misc.o
 .comment       0x0000000000000053       0x54 ./Libraries/STM32_F0xx_StdPerip_Driver/src/stm32f0xx_rcc.o
 .comment       0x0000000000000053       0x54 ./Libraries/STM32_F0xx_StdPerip_Driver/src/stm32f0xx_syscfg.o
 .comment       0x0000000000000053       0x54 ./Src/AppMgmt.o
 .comment       0x0000000000000053       0x54 ./Src/App_Level.o
 .comment       0x0000000000000053       0x54 ./Src/App_POVDisplay.o
 .comment       0x0000000000000053       0x54 ./Src/App_Playground.o
 .comment       0x0000000000000053       0x54 ./Src/main.o
 .comment       0x0000000000000053       0x54 ./Src/stm32_it.o
 .comment       0x0000000000000053       0x54 ./Src/system_stm32f0xx.o
 .comment       0x0000000000000053       0x54 ./Src/src/drvApa102.o
 .comment       0x0000000000000053       0x54 ./Src/src/drvDisplay.o
 .comment       0x0000000000000053       0x54 ./Src/src/drvMMA8653.o
 .comment       0x0000000000000053       0x54 ./Src/src/drvNvMemory.o
 .comment       0x0000000000000053       0x54 ./Src/src/drvPower.o

.debug_frame    0x0000000000000000     0x1770
 .debug_frame   0x0000000000000000      0x10c ./Libraries/STM32_F0xx_StdPerip_Driver/src/stm32f0xx_exti.o
 .debug_frame   0x000000000000010c      0x1b0 ./Libraries/STM32_F0xx_StdPerip_Driver/src/stm32f0xx_gpio.o
 .debug_frame   0x00000000000002bc      0x550 ./Libraries/STM32_F0xx_StdPerip_Driver/src/stm32f0xx_i2c.o
 .debug_frame   0x000000000000080c       0x70 ./Libraries/STM32_F0xx_StdPerip_Driver/src/stm32f0xx_misc.o
 .debug_frame   0x000000000000087c      0x524 ./Libraries/STM32_F0xx_StdPerip_Driver/src/stm32f0xx_rcc.o
 .debug_frame   0x0000000000000da0      0x10c ./Libraries/STM32_F0xx_StdPerip_Driver/src/stm32f0xx_syscfg.o
 .debug_frame   0x0000000000000eac       0x80 ./Src/AppMgmt.o
 .debug_frame   0x0000000000000f2c       0x4c ./Src/App_Level.o
 .debug_frame   0x0000000000000f78       0xa4 ./Src/App_POVDisplay.o
 .debug_frame   0x000000000000101c       0x48 ./Src/App_Playground.o
 .debug_frame   0x0000000000001064       0xa8 ./Src/main.o
 .debug_frame   0x000000000000110c       0xf0 ./Src/stm32_it.o
 .debug_frame   0x00000000000011fc       0x68 ./Src/system_stm32f0xx.o
 .debug_frame   0x0000000000001264       0xf0 ./Src/src/drvApa102.o
 .debug_frame   0x0000000000001354       0xc8 ./Src/src/drvDisplay.o
 .debug_frame   0x000000000000141c      0x1c8 ./Src/src/drvMMA8653.o
 .debug_frame   0x00000000000015e4       0x90 ./Src/src/drvNvMemory.o
 .debug_frame   0x0000000000001674       0x88 ./Src/src/drvPower.o
 .debug_frame   0x00000000000016fc       0x2c c:/st/stm32cubeide_1.7.0/stm32cubeide/plugins/com.st.stm32cube.ide.mcu.externaltools.gnu-tools-for-stm32.9-2020-q2-update.win32_2.0.0.202105311346/tools/bin/../lib/gcc/arm-none-eabi/9.3.1/../../../../arm-none-eabi/lib/thumb/v6-m/nofp\libc_nano.a(lib_a-init.o)
 .debug_frame   0x0000000000001728       0x28 c:/st/stm32cubeide_1.7.0/stm32cubeide/plugins/com.st.stm32cube.ide.mcu.externaltools.gnu-tools-for-stm32.9-2020-q2-update.win32_2.0.0.202105311346/tools/bin/../lib/gcc/arm-none-eabi/9.3.1/../../../../arm-none-eabi/lib/thumb/v6-m/nofp\libc_nano.a(lib_a-memcpy-stub.o)
 .debug_frame   0x0000000000001750       0x20 c:/st/stm32cubeide_1.7.0/stm32cubeide/plugins/com.st.stm32cube.ide.mcu.externaltools.gnu-tools-for-stm32.9-2020-q2-update.win32_2.0.0.202105311346/tools/bin/../lib/gcc/arm-none-eabi/9.3.1/thumb/v6-m/nofp\libgcc.a(_udivsi3.o)
