stm32f0xx_adc.c:130:6:ADC_DeInit	16	static
stm32f0xx_adc.c:154:6:ADC_Init	24	static
stm32f0xx_adc.c:204:6:ADC_StructInit	16	static
stm32f0xx_adc.c:232:6:ADC_Cmd	16	static
stm32f0xx_adc.c:258:6:ADC_ClockModeConfig	16	static
stm32f0xx_adc.c:281:6:ADC_JitterCmd	24	static
stm32f0xx_adc.c:334:6:ADC_AutoPowerOffCmd	16	static
stm32f0xx_adc.c:364:6:ADC_WaitModeCmd	16	static
stm32f0xx_adc.c:412:6:ADC_AnalogWatchdogCmd	16	static
stm32f0xx_adc.c:435:6:ADC_AnalogWatchdogThresholdsConfig	16	static
stm32f0xx_adc.c:475:6:ADC_AnalogWatchdogSingleChannelConfig	24	static
stm32f0xx_adc.c:503:6:ADC_AnalogWatchdogSingleChannelCmd	16	static
stm32f0xx_adc.c:552:6:ADC_TempSensorCmd	16	static
stm32f0xx_adc.c:571:6:ADC_VrefintCmd	16	static
stm32f0xx_adc.c:591:6:ADC_VbatCmd	16	static
stm32f0xx_adc.c:680:6:ADC_ChannelConfig	32	static
stm32f0xx_adc.c:712:6:ADC_ContinuousModeCmd	16	static
stm32f0xx_adc.c:736:6:ADC_DiscModeCmd	16	static
stm32f0xx_adc.c:757:6:ADC_OverrunModeCmd	16	static
stm32f0xx_adc.c:778:10:ADC_GetCalibrationFactor	32	static
stm32f0xx_adc.c:811:6:ADC_StopOfConversion	16	static
stm32f0xx_adc.c:825:6:ADC_StartOfConversion	16	static
stm32f0xx_adc.c:837:10:ADC_GetConversionValue	16	static
stm32f0xx_adc.c:880:6:ADC_DMACmd	16	static
stm32f0xx_adc.c:903:6:ADC_DMARequestModeConfig	16	static
stm32f0xx_adc.c:1010:6:ADC_ITConfig	24	static
stm32f0xx_adc.c:1043:12:ADC_GetFlagStatus	24	static
stm32f0xx_adc.c:1082:6:ADC_ClearFlag	16	static
stm32f0xx_adc.c:1104:10:ADC_GetITStatus	24	static
stm32f0xx_adc.c:1141:6:ADC_ClearITPendingBit	16	static
