stm32f0xx_spi.c:169:6:SPI_I2S_DeInit	16	static
stm32f0xx_spi.c:193:6:SPI_StructInit	16	static
stm32f0xx_spi.c:224:6:SPI_Init	24	static
stm32f0xx_spi.c:296:6:I2S_StructInit	16	static
stm32f0xx_spi.c:331:6:I2S_Init	80	static
stm32f0xx_spi.c:430:6:SPI_Cmd	16	static
stm32f0xx_spi.c:459:6:SPI_TIModeCmd	16	static
stm32f0xx_spi.c:481:6:I2S_Cmd	16	static
stm32f0xx_spi.c:515:6:SPI_DataSizeConfig	24	static
stm32f0xx_spi.c:542:6:SPI_RxFIFOThresholdConfig	16	static
stm32f0xx_spi.c:564:6:SPI_BiDirectionalLineConfig	16	static
stm32f0xx_spi.c:589:6:SPI_NSSInternalSoftwareConfig	16	static
stm32f0xx_spi.c:614:6:SPI_SSOutputCmd	16	static
stm32f0xx_spi.c:640:6:SPI_NSSPulseModeCmd	16	static
stm32f0xx_spi.c:691:6:SPI_SendData8	24	static
stm32f0xx_spi.c:711:6:SPI_I2S_SendData16	16	static
stm32f0xx_spi.c:724:9:SPI_ReceiveData8	24	static
stm32f0xx_spi.c:740:10:SPI_I2S_ReceiveData16	16	static
stm32f0xx_spi.c:821:6:SPI_CRCLengthConfig	16	static
stm32f0xx_spi.c:843:6:SPI_CalculateCRC	16	static
stm32f0xx_spi.c:863:6:SPI_TransmitCRC	16	static
stm32f0xx_spi.c:881:10:SPI_GetCRC	24	static
stm32f0xx_spi.c:904:10:SPI_GetCRCPolynomial	16	static
stm32f0xx_spi.c:943:6:SPI_I2S_DMACmd	16	static
stm32f0xx_spi.c:978:6:SPI_LastDMATransferCmd	16	static
stm32f0xx_spi.c:1084:6:SPI_I2S_ITConfig	24	static
stm32f0xx_spi.c:1118:10:SPI_GetTransmissionFIFOStatus	16	static
stm32f0xx_spi.c:1133:10:SPI_GetReceptionFIFOStatus	16	static
stm32f0xx_spi.c:1157:12:SPI_I2S_GetFlagStatus	24	static
stm32f0xx_spi.c:1190:6:SPI_I2S_ClearFlag	16	static
stm32f0xx_spi.c:1213:10:SPI_I2S_GetITStatus	32	static
