stm32f0xx_flash.c:135:6:FLASH_SetLatency	24	static
stm32f0xx_flash.c:158:6:FLASH_PrefetchBufferCmd	16	static
stm32f0xx_flash.c:174:12:FLASH_GetPrefetchBufferStatus	16	static
stm32f0xx_flash.c:223:6:FLASH_Unlock	8	static
stm32f0xx_flash.c:236:6:FLASH_Lock	8	static
stm32f0xx_flash.c:252:14:FLASH_ErasePage	32	static
stm32f0xx_flash.c:287:14:FLASH_EraseAllPages	24	static
stm32f0xx_flash.c:319:14:FLASH_ProgramWord	32	static
stm32f0xx_flash.c:371:14:FLASH_ProgramHalfWord	32	static
stm32f0xx_flash.c:459:6:FLASH_OB_Unlock	8	static
stm32f0xx_flash.c:472:6:FLASH_OB_Lock	8	static
stm32f0xx_flash.c:482:6:FLASH_OB_Launch	8	static
stm32f0xx_flash.c:497:14:FLASH_OB_Erase	24	static
stm32f0xx_flash.c:558:14:FLASH_OB_EnableWRP	48	static
stm32f0xx_flash.c:626:14:FLASH_OB_RDPConfig	32	static
stm32f0xx_flash.c:687:14:FLASH_OB_UserConfig	32	static
stm32f0xx_flash.c:726:14:FLASH_OB_BOOTConfig	32	static
stm32f0xx_flash.c:762:14:FLASH_OB_BOOT0Config	32	static
stm32f0xx_flash.c:798:14:FLASH_OB_BOOT0SWConfig	32	static
stm32f0xx_flash.c:833:14:FLASH_OB_VDDAConfig	32	static
stm32f0xx_flash.c:868:14:FLASH_OB_SRAMParityConfig	32	static
stm32f0xx_flash.c:914:14:FLASH_OB_WriteUser	32	static
stm32f0xx_flash.c:950:14:FLASH_OB_ProgramData	32	static
stm32f0xx_flash.c:978:9:FLASH_OB_GetUser	8	static
stm32f0xx_flash.c:988:10:FLASH_OB_GetWRP	8	static
stm32f0xx_flash.c:998:12:FLASH_OB_GetRDP	16	static
stm32f0xx_flash.c:1035:6:FLASH_ITConfig	16	static
stm32f0xx_flash.c:1059:12:FLASH_GetFlagStatus	24	static
stm32f0xx_flash.c:1083:6:FLASH_ClearFlag	16	static
stm32f0xx_flash.c:1097:14:FLASH_GetStatus	16	static
stm32f0xx_flash.c:1123:14:FLASH_WaitForLastOperation	32	static
