stm32f0xx_i2c.c:145:6:I2C_DeInit	16	static
stm32f0xx_i2c.c:170:6:I2C_Init	24	static
stm32f0xx_i2c.c:251:6:I2C_StructInit	16	static
stm32f0xx_i2c.c:276:6:I2C_Cmd	16	static
stm32f0xx_i2c.c:294:6:I2C_SoftwareResetCmd	16	static
stm32f0xx_i2c.c:325:6:I2C_ITConfig	24	static
stm32f0xx_i2c.c:347:6:I2C_StretchClockCmd	16	static
stm32f0xx_i2c.c:369:6:I2C_StopModeCmd	16	static
stm32f0xx_i2c.c:390:6:I2C_DualAddressCmd	16	static
stm32f0xx_i2c.c:420:6:I2C_OwnAddress2Config	24	static
stm32f0xx_i2c.c:449:6:I2C_GeneralCallCmd	16	static
stm32f0xx_i2c.c:470:6:I2C_SlaveByteControlCmd	16	static
stm32f0xx_i2c.c:491:6:I2C_SlaveAddressConfig	24	static
stm32f0xx_i2c.c:519:6:I2C_10BitAddressingModeCmd	16	static
stm32f0xx_i2c.c:579:6:I2C_AutoEndCmd	16	static
stm32f0xx_i2c.c:600:6:I2C_ReloadCmd	16	static
stm32f0xx_i2c.c:620:6:I2C_NumberOfBytesConfig	24	static
stm32f0xx_i2c.c:648:6:I2C_MasterRequestConfig	16	static
stm32f0xx_i2c.c:670:6:I2C_GenerateSTART	16	static
stm32f0xx_i2c.c:691:6:I2C_GenerateSTOP	16	static
stm32f0xx_i2c.c:714:6:I2C_10BitAddressHeaderCmd	16	static
stm32f0xx_i2c.c:735:6:I2C_AcknowledgeConfig	16	static
stm32f0xx_i2c.c:754:9:I2C_GetAddressMatched	16	static
stm32f0xx_i2c.c:767:10:I2C_GetTransferDirection	24	static
stm32f0xx_i2c.c:807:6:I2C_TransferHandling	40	static
stm32f0xx_i2c.c:880:6:I2C_SMBusAlertCmd	16	static
stm32f0xx_i2c.c:901:6:I2C_ClockTimeoutCmd	16	static
stm32f0xx_i2c.c:922:6:I2C_ExtendedClockTimeoutCmd	16	static
stm32f0xx_i2c.c:944:6:I2C_IdleClockTimeoutCmd	16	static
stm32f0xx_i2c.c:965:6:I2C_TimeoutAConfig	24	static
stm32f0xx_i2c.c:991:6:I2C_TimeoutBConfig	24	static
stm32f0xx_i2c.c:1018:6:I2C_CalculatePEC	16	static
stm32f0xx_i2c.c:1039:6:I2C_PECRequestCmd	16	static
stm32f0xx_i2c.c:1058:9:I2C_GetPEC	16	static
stm32f0xx_i2c.c:1102:10:I2C_ReadRegister	24	static
stm32f0xx_i2c.c:1144:6:I2C_SendData	16	static
stm32f0xx_i2c.c:1157:9:I2C_ReceiveData	16	static
stm32f0xx_i2c.c:1198:6:I2C_DMACmd	24	static
stm32f0xx_i2c.c:1314:12:I2C_GetFlagStatus	24	static
stm32f0xx_i2c.c:1354:6:I2C_ClearFlag	16	static
stm32f0xx_i2c.c:1383:10:I2C_GetITStatus	32	static
stm32f0xx_i2c.c:1439:6:I2C_ClearITPendingBit	16	static
