stm32f0xx_crs.c:91:6:CRS_DeInit	8	static
stm32f0xx_crs.c:104:6:CRS_AdjustHSI48CalibrationValue	16	static
stm32f0xx_crs.c:120:6:CRS_FrequencyErrorCounterCmd	16	static
stm32f0xx_crs.c:137:6:CRS_AutomaticCalibrationCmd	16	static
stm32f0xx_crs.c:152:6:CRS_SoftwareSynchronizationGenerate	8	static
stm32f0xx_crs.c:165:6:CRS_FrequencyErrorCounterReload	16	static
stm32f0xx_crs.c:182:6:CRS_FrequencyErrorLimitConfig	16	static
stm32f0xx_crs.c:205:6:CRS_SynchronizationPrescalerConfig	16	static
stm32f0xx_crs.c:226:6:CRS_SynchronizationSourceConfig	16	static
stm32f0xx_crs.c:246:6:CRS_SynchronizationPolarityConfig	16	static
stm32f0xx_crs.c:262:10:CRS_GetReloadValue	8	static
stm32f0xx_crs.c:271:10:CRS_GetHSI48CalibrationValue	8	static
stm32f0xx_crs.c:280:10:CRS_GetFrequencyErrorValue	8	static
stm32f0xx_crs.c:292:10:CRS_GetFrequencyErrorDirection	8	static
stm32f0xx_crs.c:318:6:CRS_ITConfig	16	static
stm32f0xx_crs.c:343:12:CRS_GetFlagStatus	16	static
stm32f0xx_crs.c:363:6:CRS_ClearFlag	16	static
stm32f0xx_crs.c:387:10:CRS_GetITStatus	16	static
stm32f0xx_crs.c:407:6:CRS_ClearITPendingBit	16	static
