stm32f0xx_rtc.c:320:13:RTC_DeInit	16	static
stm32f0xx_rtc.c:374:13:RTC_Init	24	static
stm32f0xx_rtc.c:416:6:RTC_StructInit	16	static
stm32f0xx_rtc.c:437:6:RTC_WriteProtectionCmd	16	static
stm32f0xx_rtc.c:460:13:RTC_EnterInitMode	24	static
stm32f0xx_rtc.c:497:6:RTC_ExitInitMode	8	static
stm32f0xx_rtc.c:518:13:RTC_WaitForSynchro	24	static
stm32f0xx_rtc.c:561:13:RTC_RefClockCmd	24	static
stm32f0xx_rtc.c:602:6:RTC_BypassShadowCmd	16	static
stm32f0xx_rtc.c:652:13:RTC_SetTime	32	static
stm32f0xx_rtc.c:738:6:RTC_TimeStructInit	16	static
stm32f0xx_rtc.c:756:6:RTC_GetTime	24	static
stm32f0xx_rtc.c:792:10:RTC_GetSubSecond	16	static
stm32f0xx_rtc.c:816:13:RTC_SetDate	32	static
stm32f0xx_rtc.c:892:6:RTC_DateStructInit	16	static
stm32f0xx_rtc.c:910:6:RTC_GetDate	24	static
stm32f0xx_rtc.c:973:6:RTC_SetAlarm	40	static
stm32f0xx_rtc.c:1084:6:RTC_AlarmStructInit	16	static
stm32f0xx_rtc.c:1112:6:RTC_GetAlarm	32	static
stm32f0xx_rtc.c:1164:13:RTC_AlarmCmd	32	static
stm32f0xx_rtc.c:1248:6:RTC_AlarmSubSecondConfig	32	static
stm32f0xx_rtc.c:1281:10:RTC_GetAlarmSubSecond	24	static
stm32f0xx_rtc.c:1323:6:RTC_WakeUpClockConfig	16	static
stm32f0xx_rtc.c:1350:6:RTC_SetWakeUpCounter	16	static
stm32f0xx_rtc.c:1371:10:RTC_GetWakeUpCounter	8	static
stm32f0xx_rtc.c:1383:13:RTC_WakeUpCmd	32	static
stm32f0xx_rtc.c:1453:6:RTC_DayLightSavingConfig	16	static
stm32f0xx_rtc.c:1480:10:RTC_GetStoreOperation	8	static
stm32f0xx_rtc.c:1516:6:RTC_OutputConfig	16	static
stm32f0xx_rtc.c:1557:6:RTC_CalibOutputCmd	16	static
stm32f0xx_rtc.c:1585:6:RTC_CalibOutputConfig	16	static
stm32f0xx_rtc.c:1620:13:RTC_SmoothCalibConfig	32	static
stm32f0xx_rtc.c:1692:6:RTC_TimeStampCmd	24	static
stm32f0xx_rtc.c:1732:6:RTC_GetTimeStamp	32	static
stm32f0xx_rtc.c:1786:10:RTC_GetTimeStampSubSecond	8	static
stm32f0xx_rtc.c:1822:6:RTC_TamperTriggerConfig	16	static
stm32f0xx_rtc.c:1846:6:RTC_TamperCmd	16	static
stm32f0xx_rtc.c:1873:6:RTC_TamperFilterConfig	16	static
stm32f0xx_rtc.c:1906:6:RTC_TamperSamplingFreqConfig	16	static
stm32f0xx_rtc.c:1928:6:RTC_TamperPinsPrechargeDuration	16	static
stm32f0xx_rtc.c:1947:6:RTC_TimeStampOnTamperDetectionCmd	16	static
stm32f0xx_rtc.c:1966:6:RTC_TamperPullUpCmd	16	static
stm32f0xx_rtc.c:2003:6:RTC_WriteBackupRegister	24	static
stm32f0xx_rtc.c:2023:10:RTC_ReadBackupRegister	24	static
stm32f0xx_rtc.c:2062:6:RTC_OutputTypeConfig	16	static
stm32f0xx_rtc.c:2099:13:RTC_SynchroShiftConfig	24	static
stm32f0xx_rtc.c:2200:6:RTC_ITConfig	16	static
stm32f0xx_rtc.c:2240:12:RTC_GetFlagStatus	24	static
stm32f0xx_rtc.c:2272:6:RTC_ClearFlag	16	static
stm32f0xx_rtc.c:2292:10:RTC_GetITStatus	32	static
stm32f0xx_rtc.c:2330:6:RTC_ClearITPendingBit	24	static
stm32f0xx_rtc.c:2353:16:RTC_ByteToBcd2	24	static
stm32f0xx_rtc.c:2369:16:RTC_Bcd2ToByte	24	static
