stm32f0xx_rcc.c:148:6:RCC_DeInit	8	static
stm32f0xx_rcc.c:202:6:RCC_HSEConfig	16	static
stm32f0xx_rcc.c:227:13:RCC_WaitForHSEStartUp	24	static
stm32f0xx_rcc.c:256:6:RCC_AdjustHSICalibrationValue	24	static
stm32f0xx_rcc.c:289:6:RCC_HSICmd	16	static
stm32f0xx_rcc.c:311:6:RCC_AdjustHSI14CalibrationValue	24	static
stm32f0xx_rcc.c:341:6:RCC_HSI14Cmd	16	static
stm32f0xx_rcc.c:358:6:RCC_HSI14ADCRequestCmd	16	static
stm32f0xx_rcc.c:386:6:RCC_LSEConfig	16	static
stm32f0xx_rcc.c:411:6:RCC_LSEDriveConfig	16	static
stm32f0xx_rcc.c:434:6:RCC_LSICmd	16	static
stm32f0xx_rcc.c:463:6:RCC_PLLConfig	16	static
stm32f0xx_rcc.c:486:6:RCC_PLLCmd	16	static
stm32f0xx_rcc.c:508:6:RCC_HSI48Cmd	16	static
stm32f0xx_rcc.c:526:6:RCC_PREDIV1Config	24	static
stm32f0xx_rcc.c:552:6:RCC_ClockSecuritySystemCmd	16	static
stm32f0xx_rcc.c:617:6:RCC_MCOConfig	24	static
stm32f0xx_rcc.c:732:6:RCC_SYSCLKConfig	24	static
stm32f0xx_rcc.c:760:9:RCC_GetSYSCLKSource	8	static
stm32f0xx_rcc.c:780:6:RCC_HCLKConfig	24	static
stm32f0xx_rcc.c:810:6:RCC_PCLKConfig	24	static
stm32f0xx_rcc.c:840:6:RCC_ADCCLKConfig	16	static
stm32f0xx_rcc.c:864:6:RCC_CECCLKConfig	16	static
stm32f0xx_rcc.c:883:6:RCC_I2CCLKConfig	16	static
stm32f0xx_rcc.c:908:6:RCC_USARTCLKConfig	24	static
stm32f0xx_rcc.c:940:6:RCC_USBCLKConfig	16	static
stm32f0xx_rcc.c:992:6:RCC_GetClocksFreq	40	static
stm32f0xx_rcc.c:1169:6:RCC_RTCCLKConfig	16	static
stm32f0xx_rcc.c:1185:6:RCC_RTCCLKCmd	16	static
stm32f0xx_rcc.c:1204:6:RCC_BackupResetCmd	16	static
stm32f0xx_rcc.c:1237:6:RCC_AHBPeriphClockCmd	16	static
stm32f0xx_rcc.c:1269:6:RCC_APB2PeriphClockCmd	16	static
stm32f0xx_rcc.c:1310:6:RCC_APB1PeriphClockCmd	16	static
stm32f0xx_rcc.c:1337:6:RCC_AHBPeriphResetCmd	16	static
stm32f0xx_rcc.c:1366:6:RCC_APB2PeriphResetCmd	16	static
stm32f0xx_rcc.c:1404:6:RCC_APB1PeriphResetCmd	16	static
stm32f0xx_rcc.c:1452:6:RCC_ITConfig	16	static
stm32f0xx_rcc.c:1487:12:RCC_GetFlagStatus	32	static
stm32f0xx_rcc.c:1532:6:RCC_ClearFlag	8	static
stm32f0xx_rcc.c:1551:10:RCC_GetITStatus	24	static
stm32f0xx_rcc.c:1581:6:RCC_ClearITPendingBit	16	static
