stm32f0xx_cec.c:145:6:CEC_DeInit	8	static
stm32f0xx_cec.c:158:6:CEC_Init	24	static
stm32f0xx_cec.c:196:6:CEC_StructInit	16	static
stm32f0xx_cec.c:212:6:CEC_Cmd	16	static
stm32f0xx_cec.c:230:6:CEC_ListenModeCmd	16	static
stm32f0xx_cec.c:247:6:CEC_OwnAddressConfig	24	static
stm32f0xx_cec.c:261:6:CEC_OwnAddressClear	8	static
stm32f0xx_cec.c:290:6:CEC_SendData	16	static
stm32f0xx_cec.c:300:9:CEC_ReceiveData	8	static
stm32f0xx_cec.c:310:6:CEC_StartOfMessage	8	static
stm32f0xx_cec.c:320:6:CEC_EndOfMessage	8	static
stm32f0xx_cec.c:419:6:CEC_ITConfig	16	static
stm32f0xx_cec.c:452:12:CEC_GetFlagStatus	24	static
stm32f0xx_cec.c:489:6:CEC_ClearFlag	16	static
stm32f0xx_cec.c:515:10:CEC_GetITStatus	24	static
stm32f0xx_cec.c:557:6:CEC_ClearITPendingBit	16	static
