stm32f0xx_usart.c:174:6:USART_DeInit	16	static
stm32f0xx_usart.c:205:6:USART_Init	72	static
stm32f0xx_usart.c:312:6:USART_StructInit	16	static
stm32f0xx_usart.c:334:6:USART_ClockInit	24	static
stm32f0xx_usart.c:366:6:USART_ClockStructInit	16	static
stm32f0xx_usart.c:383:6:USART_Cmd	16	static
stm32f0xx_usart.c:410:6:USART_DirectionModeCmd	24	static
stm32f0xx_usart.c:439:6:USART_OverSampling8Cmd	16	static
stm32f0xx_usart.c:463:6:USART_OneBitMethodCmd	16	static
stm32f0xx_usart.c:489:6:USART_MSBFirstCmd	16	static
stm32f0xx_usart.c:519:6:USART_DataInvCmd	16	static
stm32f0xx_usart.c:551:6:USART_InvPinCmd	24	static
stm32f0xx_usart.c:581:6:USART_SWAPPinCmd	16	static
stm32f0xx_usart.c:602:6:USART_ReceiverTimeOutCmd	16	static
stm32f0xx_usart.c:625:6:USART_SetReceiverTimeOut	16	static
stm32f0xx_usart.c:648:6:USART_SetPrescaler	16	static
stm32f0xx_usart.c:694:6:USART_STOPModeCmd	16	static
stm32f0xx_usart.c:723:6:USART_StopModeWakeUpSourceConfig	16	static
stm32f0xx_usart.c:773:6:USART_AutoBaudRateCmd	16	static
stm32f0xx_usart.c:800:6:USART_AutoBaudRateConfig	16	static
stm32f0xx_usart.c:843:6:USART_SendData	16	static
stm32f0xx_usart.c:859:10:USART_ReceiveData	16	static
stm32f0xx_usart.c:909:6:USART_SetAddress	16	static
stm32f0xx_usart.c:928:6:USART_MuteModeCmd	16	static
stm32f0xx_usart.c:953:6:USART_MuteModeWakeUpConfig	16	static
stm32f0xx_usart.c:973:6:USART_AddressDetectionConfig	16	static
stm32f0xx_usart.c:1038:6:USART_LINBreakDetectLengthConfig	16	static
stm32f0xx_usart.c:1057:6:USART_LINCmd	16	static
stm32f0xx_usart.c:1111:6:USART_HalfDuplexCmd	16	static
stm32f0xx_usart.c:1188:6:USART_SetGuardTime	16	static
stm32f0xx_usart.c:1207:6:USART_SmartCardCmd	16	static
stm32f0xx_usart.c:1229:6:USART_SmartCardNACKCmd	16	static
stm32f0xx_usart.c:1250:6:USART_SetAutoRetryCount	16	static
stm32f0xx_usart.c:1268:6:USART_SetBlockLength	16	static
stm32f0xx_usart.c:1331:6:USART_IrDAConfig	16	static
stm32f0xx_usart.c:1349:6:USART_IrDACmd	16	static
stm32f0xx_usart.c:1404:6:USART_DECmd	16	static
stm32f0xx_usart.c:1428:6:USART_DEPolarityConfig	16	static
stm32f0xx_usart.c:1446:6:USART_SetDEAssertionTime	16	static
stm32f0xx_usart.c:1467:6:USART_SetDEDeassertionTime	16	static
stm32f0xx_usart.c:1516:6:USART_DMACmd	24	static
stm32f0xx_usart.c:1547:6:USART_DMAReceptionErrorConfig	16	static
stm32f0xx_usart.c:1681:6:USART_ITConfig	40	static
stm32f0xx_usart.c:1731:6:USART_RequestCmd	24	static
stm32f0xx_usart.c:1762:6:USART_OverrunDetectionConfig	16	static
stm32f0xx_usart.c:1805:12:USART_GetFlagStatus	24	static
stm32f0xx_usart.c:1851:6:USART_ClearFlag	16	static
stm32f0xx_usart.c:1882:10:USART_GetITStatus	32	static
stm32f0xx_usart.c:1949:6:USART_ClearITPendingBit	24	static
