usbd_stm32f042f6p6_devfs.c:68:26:EPT	16	static
usbd_stm32f042f6p6_devfs.c:76:34:EPR	16	static
usbd_stm32f042f6p6_devfs.c:85:17:get_next_pma	32	static
usbd_stm32f042f6p6_devfs.c:103:10:getInfo	8	static
usbd_stm32f042f6p6_devfs.c:118:6:ep_setStall	24	static
usbd_stm32f042f6p6_devfs.c:156:6:ep_isStalled	16	static
usbd_stm32f042f6p6_devfs.c:169:6:enable	16	static
usbd_stm32f042f6p6_devfs.c:191:9:connect	24	static
usbd_stm32f042f6p6_devfs.c:219:6:set_address	16	static
usbd_stm32f042f6p6_devfs.c:229:6:ep_config	40	static
usbd_stm32f042f6p6_devfs.c:312:6:ep_deConfig	24	static
usbd_stm32f042f6p6_devfs.c:323:17:pma_read	32	static
usbd_stm32f042f6p6_devfs.c:348:9:ep_read	32	static
usbd_stm32f042f6p6_devfs.c:385:13:pma_write	32	static
usbd_stm32f042f6p6_devfs.c:400:9:ep_write	24	static
usbd_stm32f042f6p6_devfs.c:432:10:get_frame	8	static
usbd_stm32f042f6p6_devfs.c:437:6:event_poll	40	static
usbd_stm32f042f6p6_devfs.c:486:17:fnv1a32_turn	24	static
usbd_stm32f042f6p6_devfs.c:496:10:get_serial_num_desc	40	static
