usbd_core.h:293:20:USBD_Init	24	static
usbd_core.h:313:20:USBD_Register_Control	16	static
usbd_core.h:322:20:USBD_Register_Config	16	static
usbd_core.h:331:20:USBD_Register_Descriptor	16	static
usbd_core.h:342:20:USBD_EP_Config	24	static
usbd_core.h:351:20:USBD_EP_Deconfig	16	static
usbd_core.h:361:20:USBD_Register_Endpoint	24	static
usbd_core.h:379:23:USBD_EP_Read	32	static
usbd_core.h:387:23:USBD_EP_Write	32	static
usbd_core.h:414:20:USBD_Enable	16	static
usbd_core.h:423:23:USBD_Connect	16	static
winusb_loop.c:202:28:winusb_get_desc	40	static
winusb_loop.c:240:28:winusb_set_config	16	static
winusb_loop.c:285:28:winusb_control	24	static
winusb_loop.c:334:13:bulk_from_host	24	static
winusb_loop.c:351:13:bulk_to_host	16	static
winusb_loop.c:366:6:usb_interrupt_send	24	static
winusb_loop.c:377:6:winusb_init_usbd	16	static
winusb_loop.c:395:6:usb_device_connect	8	static
winusb_loop.c:404:6:usb_device_disconnect	8	static
winusb_loop.c:413:6:USB_Handler	8	static
