Archive member included to satisfy reference by file (symbol)

c:/program files (x86)/atollic/truestudio for arm 5.5.1/armtools/bin/../lib/gcc/arm-atollic-eabi/5.3.1/../../../../arm-atollic-eabi/lib/armv6-m\libc_nano.a(lib_a-init.o)
                              src\startup_stm32f0xx.o (__libc_init_array)
c:/program files (x86)/atollic/truestudio for arm 5.5.1/armtools/bin/../lib/gcc/arm-atollic-eabi/5.3.1/../../../../arm-atollic-eabi/lib/armv6-m\libc_nano.a(lib_a-memcpy-stub.o)
                              src\drvMMA8653.o (memcpy)
c:/program files (x86)/atollic/truestudio for arm 5.5.1/armtools/bin/../lib/gcc/arm-atollic-eabi/5.3.1/../../../../arm-atollic-eabi/lib/armv6-m\libc_nano.a(lib_a-sprintf.o)
                              src\main.o (sprintf)
c:/program files (x86)/atollic/truestudio for arm 5.5.1/armtools/bin/../lib/gcc/arm-atollic-eabi/5.3.1/../../../../arm-atollic-eabi/lib/armv6-m\libc_nano.a(lib_a-impure.o)
                              c:/program files (x86)/atollic/truestudio for arm 5.5.1/armtools/bin/../lib/gcc/arm-atollic-eabi/5.3.1/../../../../arm-atollic-eabi/lib/armv6-m\libc_nano.a(lib_a-sprintf.o) (_impure_ptr)
c:/program files (x86)/atollic/truestudio for arm 5.5.1/armtools/bin/../lib/gcc/arm-atollic-eabi/5.3.1/../../../../arm-atollic-eabi/lib/armv6-m\libc_nano.a(lib_a-nano-svfprintf.o)
                              c:/program files (x86)/atollic/truestudio for arm 5.5.1/armtools/bin/../lib/gcc/arm-atollic-eabi/5.3.1/../../../../arm-atollic-eabi/lib/armv6-m\libc_nano.a(lib_a-sprintf.o) (_svfprintf_r)
c:/program files (x86)/atollic/truestudio for arm 5.5.1/armtools/bin/../lib/gcc/arm-atollic-eabi/5.3.1/../../../../arm-atollic-eabi/lib/armv6-m\libc_nano.a(lib_a-nano-vfprintf_i.o)
                              c:/program files (x86)/atollic/truestudio for arm 5.5.1/armtools/bin/../lib/gcc/arm-atollic-eabi/5.3.1/../../../../arm-atollic-eabi/lib/armv6-m\libc_nano.a(lib_a-nano-svfprintf.o) (_printf_i)
c:/program files (x86)/atollic/truestudio for arm 5.5.1/armtools/bin/../lib/gcc/arm-atollic-eabi/5.3.1/../../../../arm-atollic-eabi/lib/armv6-m\libc_nano.a(lib_a-memchr-stub.o)
                              c:/program files (x86)/atollic/truestudio for arm 5.5.1/armtools/bin/../lib/gcc/arm-atollic-eabi/5.3.1/../../../../arm-atollic-eabi/lib/armv6-m\libc_nano.a(lib_a-nano-svfprintf.o) (memchr)
c:/program files (x86)/atollic/truestudio for arm 5.5.1/armtools/bin/../lib/gcc/arm-atollic-eabi/5.3.1/../../../../arm-atollic-eabi/lib/armv6-m\libc_nano.a(lib_a-memmove.o)
                              c:/program files (x86)/atollic/truestudio for arm 5.5.1/armtools/bin/../lib/gcc/arm-atollic-eabi/5.3.1/../../../../arm-atollic-eabi/lib/armv6-m\libc_nano.a(lib_a-nano-svfprintf.o) (memmove)
c:/program files (x86)/atollic/truestudio for arm 5.5.1/armtools/bin/../lib/gcc/arm-atollic-eabi/5.3.1/../../../../arm-atollic-eabi/lib/armv6-m\libc_nano.a(lib_a-nano-freer.o)
                              c:/program files (x86)/atollic/truestudio for arm 5.5.1/armtools/bin/../lib/gcc/arm-atollic-eabi/5.3.1/../../../../arm-atollic-eabi/lib/armv6-m\libc_nano.a(lib_a-nano-svfprintf.o) (_free_r)
c:/program files (x86)/atollic/truestudio for arm 5.5.1/armtools/bin/../lib/gcc/arm-atollic-eabi/5.3.1/../../../../arm-atollic-eabi/lib/armv6-m\libc_nano.a(lib_a-nano-mallocr.o)
                              c:/program files (x86)/atollic/truestudio for arm 5.5.1/armtools/bin/../lib/gcc/arm-atollic-eabi/5.3.1/../../../../arm-atollic-eabi/lib/armv6-m\libc_nano.a(lib_a-nano-svfprintf.o) (_malloc_r)
c:/program files (x86)/atollic/truestudio for arm 5.5.1/armtools/bin/../lib/gcc/arm-atollic-eabi/5.3.1/../../../../arm-atollic-eabi/lib/armv6-m\libc_nano.a(lib_a-nano-reallocr.o)
                              c:/program files (x86)/atollic/truestudio for arm 5.5.1/armtools/bin/../lib/gcc/arm-atollic-eabi/5.3.1/../../../../arm-atollic-eabi/lib/armv6-m\libc_nano.a(lib_a-nano-svfprintf.o) (_realloc_r)
c:/program files (x86)/atollic/truestudio for arm 5.5.1/armtools/bin/../lib/gcc/arm-atollic-eabi/5.3.1/../../../../arm-atollic-eabi/lib/armv6-m\libc_nano.a(lib_a-sbrkr.o)
                              c:/program files (x86)/atollic/truestudio for arm 5.5.1/armtools/bin/../lib/gcc/arm-atollic-eabi/5.3.1/../../../../arm-atollic-eabi/lib/armv6-m\libc_nano.a(lib_a-nano-mallocr.o) (_sbrk_r)
c:/program files (x86)/atollic/truestudio for arm 5.5.1/armtools/bin/../lib/gcc/arm-atollic-eabi/5.3.1/../../../../arm-atollic-eabi/lib/armv6-m\libc_nano.a(lib_a-mlock.o)
                              c:/program files (x86)/atollic/truestudio for arm 5.5.1/armtools/bin/../lib/gcc/arm-atollic-eabi/5.3.1/../../../../arm-atollic-eabi/lib/armv6-m\libc_nano.a(lib_a-nano-freer.o) (__malloc_lock)
c:/program files (x86)/atollic/truestudio for arm 5.5.1/armtools/bin/../lib/gcc/arm-atollic-eabi/5.3.1/../../../../arm-atollic-eabi/lib/armv6-m\libc_nano.a(lib_a-nano-msizer.o)
[...]
Memory Configuration

Name             Origin             Length             Attributes
FLASH            0x08000000         0x00008000         xr
RAM              0x20000000         0x00001800         xrw
MEMORY_B1        0x60000000         0x00000000         xr
*default*        0x00000000         0xffffffff

Linker script and memory map

LOAD c:/program files (x86)/atollic/truestudio for arm 5.5.1/armtools/bin/../lib/gcc/arm-atollic-eabi/5.3.1/armv6-m/crti.o
LOAD c:/program files (x86)/atollic/truestudio for arm 5.5.1/armtools/bin/../lib/gcc/arm-atollic-eabi/5.3.1/armv6-m/crtbegin.o
LOAD src\utilFifo.o
LOAD src\usbd_usr.o
LOAD src\usbd_pwr.o
LOAD src\usbd_desc.o
LOAD src\usb_bsp.o
LOAD src\system_stm32f0xx.o
LOAD src\stm32_it.o
LOAD src\startup_stm32f0xx.o
LOAD src\main.o
LOAD src\eeprom.o
LOAD src\drvUSB.o
LOAD src\drvMMA8653.o
LOAD src\drvDisplay.o
LOAD src\drvApa102.o
LOAD src\dbgLED.o
LOAD src\configConsole.o
LOAD Libraries\STM32_USB_Device_Library\Core\src\usbd_req.o
LOAD Libraries\STM32_USB_Device_Library\Core\src\usbd_ioreq.o
LOAD Libraries\STM32_USB_Device_Library\Core\src\usbd_core.o
LOAD Libraries\STM32_USB_Device_Library\Class\cdc\src\usbd_cdc_if_template.o
LOAD Libraries\STM32_USB_Device_Library\Class\cdc\src\usbd_cdc_core.o
LOAD Libraries\STM32_USB_Device_Driver\src\usb_dcd_int.o
LOAD Libraries\STM32_USB_Device_Driver\src\usb_dcd.o
LOAD Libraries\STM32_USB_Device_Driver\src\usb_core.o
LOAD Libraries\STM32F0xx_StdPeriph_Driver\src\stm32f0xx_wwdg.o
LOAD Libraries\STM32F0xx_StdPeriph_Driver\src\stm32f0xx_usart.o
LOAD Libraries\STM32F0xx_StdPeriph_Driver\src\stm32f0xx_tim.o
LOAD Libraries\STM32F0xx_StdPeriph_Driver\src\stm32f0xx_syscfg.o
LOAD Libraries\STM32F0xx_StdPeriph_Driver\src\stm32f0xx_spi.o
LOAD Libraries\STM32F0xx_StdPeriph_Driver\src\stm32f0xx_rtc.o
LOAD Libraries\STM32F0xx_StdPeriph_Driver\src\stm32f0xx_rcc.o
LOAD Libraries\STM32F0xx_StdPeriph_Driver\src\stm32f0xx_pwr.o
LOAD Libraries\STM32F0xx_StdPeriph_Driver\src\stm32f0xx_misc.o
LOAD Libraries\STM32F0xx_StdPeriph_Driver\src\stm32f0xx_iwdg.o
LOAD Libraries\STM32F0xx_StdPeriph_Driver\src\stm32f0xx_i2c.o
LOAD Libraries\STM32F0xx_StdPeriph_Driver\src\stm32f0xx_gpio.o
LOAD Libraries\STM32F0xx_StdPeriph_Driver\src\stm32f0xx_flash.o
LOAD Libraries\STM32F0xx_StdPeriph_Driver\src\stm32f0xx_exti.o
LOAD Libraries\STM32F0xx_StdPeriph_Driver\src\stm32f0xx_dma.o
LOAD Libraries\STM32F0xx_StdPeriph_Driver\src\stm32f0xx_dbgmcu.o
LOAD Libraries\STM32F0xx_StdPeriph_Driver\src\stm32f0xx_dac.o
LOAD Libraries\STM32F0xx_StdPeriph_Driver\src\stm32f0xx_crs.o
LOAD Libraries\STM32F0xx_StdPeriph_Driver\src\stm32f0xx_crc.o
LOAD Libraries\STM32F0xx_StdPeriph_Driver\src\stm32f0xx_comp.o
LOAD Libraries\STM32F0xx_StdPeriph_Driver\src\stm32f0xx_cec.o
LOAD Libraries\STM32F0xx_StdPeriph_Driver\src\stm32f0xx_can.o
LOAD Libraries\STM32F0xx_StdPeriph_Driver\src\stm32f0xx_adc.o
START GROUP
LOAD c:/program files (x86)/atollic/truestudio for arm 5.5.1/armtools/bin/../lib/gcc/arm-atollic-eabi/5.3.1/../../../../arm-atollic-eabi/lib/armv6-m\libc_nano.a
LOAD c:/program files (x86)/atollic/truestudio for arm 5.5.1/armtools/bin/../lib/gcc/arm-atollic-eabi/5.3.1/../../../../arm-atollic-eabi/lib/armv6-m\libm.a
END GROUP
                0x00000080                malloc_getpagesize_P = 0x80
START GROUP
LOAD c:/program files (x86)/atollic/truestudio for arm 5.5.1/armtools/bin/../lib/gcc/arm-atollic-eabi/5.3.1/armv6-m\libgcc.a
LOAD c:/program files (x86)/atollic/truestudio for arm 5.5.1/armtools/bin/../lib/gcc/arm-atollic-eabi/5.3.1/../../../../arm-atollic-eabi/lib/armv6-m\libc_nano.a
END GROUP
START GROUP
LOAD c:/program files (x86)/atollic/truestudio for arm 5.5.1/armtools/bin/../lib/gcc/arm-atollic-eabi/5.3.1/armv6-m\libgcc.a
LOAD c:/program files (x86)/atollic/truestudio for arm 5.5.1/armtools/bin/../lib/gcc/arm-atollic-eabi/5.3.1/../../../../arm-atollic-eabi/lib/armv6-m\libc_nano.a
LOAD c:/program files (x86)/atollic/truestudio for arm 5.5.1/armtools/bin/../lib/gcc/arm-atollic-eabi/5.3.1/../../../../arm-atollic-eabi/lib/armv6-m\libnosys.a
END GROUP
START GROUP
LOAD c:/program files (x86)/atollic/truestudio for arm 5.5.1/armtools/bin/../lib/gcc/arm-atollic-eabi/5.3.1/armv6-m\libgcc.a
LOAD c:/program files (x86)/atollic/truestudio for arm 5.5.1/armtools/bin/../lib/gcc/arm-atollic-eabi/5.3.1/../../../../arm-atollic-eabi/lib/armv6-m\libc_nano.a
LOAD c:/program files (x86)/atollic/truestudio for arm 5.5.1/armtools/bin/../lib/gcc/arm-atollic-eabi/5.3.1/../../../../arm-atollic-eabi/lib/armv6-m\libnosys.a
END GROUP
LOAD c:/program files (x86)/atollic/truestudio for arm 5.5.1/armtools/bin/../lib/gcc/arm-atollic-eabi/5.3.1/armv6-m/crtend.o
LOAD c:/program files (x86)/atollic/truestudio for arm 5.5.1/armtools/bin/../lib/gcc/arm-atollic-eabi/5.3.1/armv6-m/crtn.o
                0x20001800                _estack = 0x20001800
                0x00000000                _Min_Heap_Size = 0x0
                0x00000080                _Min_Stack_Size = 0x80

.isr_vector     0x08000000       0xc0
                0x08000000                . = ALIGN (0x4)
 *(.isr_vector)
 .isr_vector    0x08000000       0xc0 src\startup_stm32f0xx.o
                0x08000000                g_pfnVectors
                0x080000c0                . = ALIGN (0x4)

.text           0x080000c0     0x7294
                0x080000c0                . = ALIGN (0x4)
 *(.text)
 .text          0x080000c0       0x48 c:/program files (x86)/atollic/truestudio for arm 5.5.1/armtools/bin/../lib/gcc/arm-atollic-eabi/5.3.1/armv6-m/crtbegin.o
 .text          0x08000108      0x114 c:/program files (x86)/atollic/truestudio for arm 5.5.1/armtools/bin/../lib/gcc/arm-atollic-eabi/5.3.1/armv6-m\libgcc.a(_udivsi3.o)
                0x08000108                __aeabi_uidiv
                0x08000108                __udivsi3
                0x08000214                __aeabi_uidivmod
 .text          0x0800021c        0x4 c:/program files (x86)/atollic/truestudio for arm 5.5.1/armtools/bin/../lib/gcc/arm-atollic-eabi/5.3.1/armv6-m\libgcc.a(_dvmd_tls.o)
                0x0800021c                __aeabi_idiv0
                0x0800021c                __aeabi_ldiv0
 *(.text*)
 .text.FifoIn   0x08000220       0x4c src\utilFifo.o
                0x08000220                FifoIn
 .text.FifoOut  0x0800026c       0x48 src\utilFifo.o
                0x0800026c                FifoOut
 .text.FifoCount
                0x080002b4       0x40 src\utilFifo.o
                0x080002b4                FifoCount
 .text.USBD_USR_Init
                0x080002f4        0xc src\usbd_usr.o
                0x080002f4                USBD_USR_Init
 .text.USBD_USR_DeviceReset
                0x08000300       0x14 src\usbd_usr.o
                0x08000300                USBD_USR_DeviceReset
 .text.USBD_USR_DeviceConfigured
                0x08000314        0xc src\usbd_usr.o
                0x08000314                USBD_USR_DeviceConfigured
 .text.USBD_USR_DeviceSuspended
                0x08000320        0xc src\usbd_usr.o
                0x08000320                USBD_USR_DeviceSuspended
 .text.USBD_USR_DeviceResumed
                0x0800032c        0xc src\usbd_usr.o
                0x0800032c                USBD_USR_DeviceResumed
 .text.Suspend  0x08000338       0x4c src\usbd_pwr.o
                0x08000338                Suspend
 .text.Resume_Init
                0x08000384       0x38 src\usbd_pwr.o
                0x08000384                Resume_Init
 .text.Resume   0x080003bc      0x130 src\usbd_pwr.o
                0x080003bc                Resume
 .text.USBD_USR_DeviceDescriptor
                0x080004ec       0x24 src\usbd_desc.o
                0x080004ec                USBD_USR_DeviceDescriptor
 .text.USBD_USR_LangIDStrDescriptor
                0x08000510       0x24 src\usbd_desc.o
                0x08000510                USBD_USR_LangIDStrDescriptor
 .text.USBD_USR_ProductStrDescriptor
                0x08000534       0x2c src\usbd_desc.o
                0x08000534                USBD_USR_ProductStrDescriptor
 .text.USBD_USR_ManufacturerStrDescriptor
                0x08000560       0x2c src\usbd_desc.o
                0x08000560                USBD_USR_ManufacturerStrDescriptor
 .text.USBD_USR_SerialStrDescriptor
                0x0800058c       0x24 src\usbd_desc.o
                0x0800058c                USBD_USR_SerialStrDescriptor
 .text.USBD_USR_ConfigStrDescriptor
                0x080005b0       0x2c src\usbd_desc.o
                0x080005b0                USBD_USR_ConfigStrDescriptor
 .text.USBD_USR_InterfaceStrDescriptor
                0x080005dc       0x2c src\usbd_desc.o
                0x080005dc                USBD_USR_InterfaceStrDescriptor
 .text.Get_SerialNum
                0x08000608       0x5c src\usbd_desc.o
                0x08000608                Get_SerialNum
 .text.IntToUnicode
                0x08000664       0x9c src\usbd_desc.o
 .text.USB_BSP_Init
                0x08000700       0x28 src\usb_bsp.o
                0x08000700                USB_BSP_Init
 .text.USB_BSP_EnableInterrupt
                0x08000728       0x34 src\usb_bsp.o
                0x08000728                USB_BSP_EnableInterrupt
 .text.CRS_Config
                0x0800075c       0x2c src\usb_bsp.o
 .text.SystemInit
                0x08000788       0x90 src\system_stm32f0xx.o
                0x08000788                SystemInit
 .text.SystemCoreClockUpdate
                0x08000818       0xec src\system_stm32f0xx.o
                0x08000818                SystemCoreClockUpdate
 .text.SetSysClock
                0x08000904       0x5c src\system_stm32f0xx.o
 .text.NMI_Handler
                0x08000960        0xc src\stm32_it.o
                0x08000960                NMI_Handler
 .text.HardFault_Handler
                0x0800096c        0x8 src\stm32_it.o
                0x0800096c                HardFault_Handler
 .text.SVC_Handler
                0x08000974        0xc src\stm32_it.o
                0x08000974                SVC_Handler
 .text.PendSV_Handler
                0x08000980        0xc src\stm32_it.o
                0x08000980                PendSV_Handler
 .text.USB_IRQHandler
                0x0800098c       0x10 src\stm32_it.o
                0x0800098c                USB_IRQHandler
 .text.EXTI2_3_IRQHandler
                0x0800099c       0x10 src\stm32_it.o
                0x0800099c                EXTI2_3_IRQHandler
 .text.TIM2_IRQHandler
                0x080009ac       0x10 src\stm32_it.o
                0x080009ac                TIM2_IRQHandler
 .text.TIM3_IRQHandler
                0x080009bc       0x10 src\stm32_it.o
                0x080009bc                TIM3_IRQHandler
 .text.Reset_Handler
                0x080009cc       0x50 src\startup_stm32f0xx.o
                0x080009cc                Reset_Handler
 .text.Default_Handler
                0x08000a1c        0x2 src\startup_stm32f0xx.o
                0x08000a1c                TIM1_CC_IRQHandler
                0x08000a1c                ADC1_COMP_IRQHandler
                0x08000a1c                PVD_IRQHandler
                0x08000a1c                I2C1_IRQHandler
                0x08000a1c                SPI1_IRQHandler
                0x08000a1c                TIM6_DAC_IRQHandler
                0x08000a1c                I2C2_IRQHandler
                0x08000a1c                TIM17_IRQHandler
                0x08000a1c                RTC_IRQHandler
                0x08000a1c                TIM16_IRQHandler
                0x08000a1c                EXTI4_15_IRQHandler
                0x08000a1c                RCC_IRQHandler
                0x08000a1c                DMA1_Channel1_IRQHandler
                0x08000a1c                Default_Handler
                0x08000a1c                CEC_IRQHandler
                0x08000a1c                TIM14_IRQHandler
                0x08000a1c                DMA1_Channel4_5_IRQHandler
                0x08000a1c                TIM15_IRQHandler
                0x08000a1c                EXTI0_1_IRQHandler
                0x08000a1c                SPI2_IRQHandler
                0x08000a1c                TS_IRQHandler
                0x08000a1c                WWDG_IRQHandler
                0x08000a1c                DMA1_Channel2_3_IRQHandler
                0x08000a1c                USART2_IRQHandler
                0x08000a1c                FLASH_IRQHandler
                0x08000a1c                USART1_IRQHandler
                0x08000a1c                TIM1_BRK_UP_TRG_COM_IRQHandler
 *fill*         0x08000a1e        0x2 
 .text.NVIC_SetPriority
                0x08000a20       0xdc src\main.o
 .text.SysTick_Config
                0x08000afc       0x48 src\main.o
 .text.SysTick_Handler
                0x08000b44       0x48 src\main.o
                0x08000b44                SysTick_Handler
 .text.delay    0x08000b8c       0x24 src\main.o
                0x08000b8c                delay
 .text.main     0x08000bb0      0x108 src\main.o
                0x08000bb0                main
 .text.EE_Init  0x08000cb8      0x3e0 src\eeprom.o
                0x08000cb8                EE_Init
 .text.EE_ReadVariable
                0x08001098       0xcc src\eeprom.o
                0x08001098                EE_ReadVariable
 .text.EE_WriteVariable
                0x08001164       0x64 src\eeprom.o
                0x08001164                EE_WriteVariable
 .text.EE_Format
                0x080011c8       0x68 src\eeprom.o
 .text.EE_FindValidPage
                0x08001230       0xb4 src\eeprom.o
 .text.EE_VerifyPageFullWriteVariable
                0x080012e4       0xe8 src\eeprom.o
 .text.EE_PageTransfer
                0x080013cc      0x1d4 src\eeprom.o
 .text.USB_Init
                0x080015a0       0x68 src\drvUSB.o
                0x080015a0                USB_Init
 .text.USB_VCP_Init
                0x08001608        0xc src\drvUSB.o
                0x08001608                USB_VCP_Init
 .text.USB_VCP_DeInit
                0x08001614        0xc src\drvUSB.o
                0x08001614                USB_VCP_DeInit
 .text.USB_VCP_Ctrl
                0x08001620       0x40 src\drvUSB.o
                0x08001620                USB_VCP_Ctrl
 .text.USB_VCP_DataTx
                0x08001660       0xa8 src\drvUSB.o
                0x08001660                USB_VCP_DataTx
 .text.USB_VCP_DataRx
                0x08001708       0x94 src\drvUSB.o
                0x08001708                USB_VCP_DataRx
 .text.USB_ReadAvailable
                0x0800179c       0x64 src\drvUSB.o
                0x0800179c                USB_ReadAvailable
 .text.I2C_RdReg
                0x08001800      0x120 src\drvMMA8653.o
                0x08001800                I2C_RdReg
 .text.I2C_WrReg
                0x08001920       0xc4 src\drvMMA8653.o
                0x08001920                I2C_WrReg
 .text.I2C_BitHandling
                0x080019e4       0x8c src\drvMMA8653.o
                0x080019e4                I2C_BitHandling
 .text.mma8653_goStandby
                0x08001a70       0x4c src\drvMMA8653.o
                0x08001a70                mma8653_goStandby
 .text.mma8653_goActive
                0x08001abc       0x4c src\drvMMA8653.o
                0x08001abc                mma8653_goActive
 .text.mma8653_init
                0x08001b08      0x150 src\drvMMA8653.o
                0x08001b08                mma8653_init
 .text.mma8653_setRange
                0x08001c58       0x48 src\drvMMA8653.o
                0x08001c58                mma8653_setRange
 .text.mma8653_setDataRate
                0x08001ca0       0x4c src\drvMMA8653.o
                0x08001ca0                mma8653_setDataRate
 .text.mma8653_setDataWidth
                0x08001cec       0x64 src\drvMMA8653.o
                0x08001cec                mma8653_setDataWidth
 .text.mma8653_read8
                0x08001d50       0x84 src\drvMMA8653.o
                0x08001d50                mma8653_read8
 .text.mma8653_initIrq
                0x08001dd4       0x78 src\drvMMA8653.o
                0x08001dd4                mma8653_initIrq
 .text.NVIC_EnableIRQ
                0x08001e4c       0x2c src\drvDisplay.o
 .text.displayInit
                0x08001e78      0x100 src\drvDisplay.o
                0x08001e78                displayInit
 .text.displaySendLine
                0x08001f78       0xd8 src\drvDisplay.o
                0x08001f78                displaySendLine
 .text.displayEndOfLocktime
                0x08002050       0x40 src\drvDisplay.o
                0x08002050                displayEndOfLocktime
 .text.displayFrameStart
                0x08002090       0xa0 src\drvDisplay.o
                0x08002090                displayFrameStart
 .text.displayFindReturnPoint
                0x08002130      0x1e4 src\drvDisplay.o
                0x08002130                displayFindReturnPoint
 .text.apa102_init
                0x08002314      0x128 src\drvApa102.o
                0x08002314                apa102_init
 .text.updateStripe
                0x0800243c      0x148 src\drvApa102.o
                0x0800243c                updateStripe
 .text.apa102_setPattern
                0x08002584       0xd0 src\drvApa102.o
                0x08002584                apa102_setPattern
 .text.apa102_setSingle
                0x08002654       0x34 src\drvApa102.o
                0x08002654                apa102_setSingle
 .text.apa102_allOff
                0x08002688       0x6c src\drvApa102.o
                0x08002688                apa102_allOff
 .text.StrFindChar
                0x080026f4       0x94 src\configConsole.o
                0x080026f4                StrFindChar
 .text.StrToU32
                0x08002788      0x2f4 src\configConsole.o
                0x08002788                StrToU32
 .text.consoleInit
                0x08002a7c      0x1d4 src\configConsole.o
                0x08002a7c                consoleInit
 .text.consoleError
                0x08002c50       0x48 src\configConsole.o
                0x08002c50                consoleError
 .text.consoleExecute
                0x08002c98      0x568 src\configConsole.o
                0x08002c98                consoleExecute
 .text.USBD_StdDevReq
                0x08003200       0xa8 Libraries\STM32_USB_Device_Library\Core\src\usbd_req.o
                0x08003200                USBD_StdDevReq
 .text.USBD_StdItfReq
                0x080032a8       0x88 Libraries\STM32_USB_Device_Library\Core\src\usbd_req.o
                0x080032a8                USBD_StdItfReq
 .text.USBD_StdEPReq
                0x08003330      0x21c Libraries\STM32_USB_Device_Library\Core\src\usbd_req.o
                0x08003330                USBD_StdEPReq
 .text.USBD_GetDescriptor
                0x0800354c      0x1d0 Libraries\STM32_USB_Device_Library\Core\src\usbd_req.o
 .text.USBD_SetAddress
                0x0800371c       0x90 Libraries\STM32_USB_Device_Library\Core\src\usbd_req.o
 .text.USBD_SetConfig
                0x080037ac       0xfc Libraries\STM32_USB_Device_Library\Core\src\usbd_req.o
 .text.USBD_GetConfig
                0x080038a8       0x68 Libraries\STM32_USB_Device_Library\Core\src\usbd_req.o
 .text.USBD_GetStatus
                0x08003910       0x54 Libraries\STM32_USB_Device_Library\Core\src\usbd_req.o
 .text.USBD_SetFeature
                0x08003964       0x3c Libraries\STM32_USB_Device_Library\Core\src\usbd_req.o
 .text.USBD_ClrFeature
                0x080039a0       0x58 Libraries\STM32_USB_Device_Library\Core\src\usbd_req.o
 .text.USBD_ParseSetupRequest
                0x080039f8       0x7c Libraries\STM32_USB_Device_Library\Core\src\usbd_req.o
                0x080039f8                USBD_ParseSetupRequest
 .text.USBD_CtlError
                0x08003a74       0x1c Libraries\STM32_USB_Device_Library\Core\src\usbd_req.o
                0x08003a74                USBD_CtlError
 .text.USBD_GetString
                0x08003a90       0xac Libraries\STM32_USB_Device_Library\Core\src\usbd_req.o
                0x08003a90                USBD_GetString
 .text.USBD_GetLen
                0x08003b3c       0x3c Libraries\STM32_USB_Device_Library\Core\src\usbd_req.o
 .text.USBD_CtlSendData
                0x08003b78       0x48 Libraries\STM32_USB_Device_Library\Core\src\usbd_ioreq.o
                0x08003b78                USBD_CtlSendData
 .text.USBD_CtlContinueSendData
                0x08003bc0       0x34 Libraries\STM32_USB_Device_Library\Core\src\usbd_ioreq.o
                0x08003bc0                USBD_CtlContinueSendData
 .text.USBD_CtlPrepareRx
                0x08003bf4       0x4c Libraries\STM32_USB_Device_Library\Core\src\usbd_ioreq.o
                0x08003bf4                USBD_CtlPrepareRx
 .text.USBD_CtlContinueRx
                0x08003c40       0x34 Libraries\STM32_USB_Device_Library\Core\src\usbd_ioreq.o
                0x08003c40                USBD_CtlContinueRx
 .text.USBD_CtlSendStatus
                0x08003c74       0x30 Libraries\STM32_USB_Device_Library\Core\src\usbd_ioreq.o
                0x08003c74                USBD_CtlSendStatus
 .text.USBD_CtlReceiveStatus
                0x08003ca4       0x30 Libraries\STM32_USB_Device_Library\Core\src\usbd_ioreq.o
                0x08003ca4                USBD_CtlReceiveStatus
 .text.USBD_Init
                0x08003cd4       0x6c Libraries\STM32_USB_Device_Library\Core\src\usbd_core.o
                0x08003cd4                USBD_Init
 .text.USBD_DeInit
                0x08003d40       0x14 Libraries\STM32_USB_Device_Library\Core\src\usbd_core.o
                0x08003d40                USBD_DeInit
 .text.USBD_SetupStage
                0x08003d54       0x80 Libraries\STM32_USB_Device_Library\Core\src\usbd_core.o
 .text.USBD_DataOutStage
                0x08003dd4       0xc0 Libraries\STM32_USB_Device_Library\Core\src\usbd_core.o
 .text.USBD_DataInStage
                0x08003e94      0x124 Libraries\STM32_USB_Device_Library\Core\src\usbd_core.o
 .text.USBD_Reset
                0x08003fb8       0x5c Libraries\STM32_USB_Device_Library\Core\src\usbd_core.o
 .text.USBD_Resume
                0x08004014       0x28 Libraries\STM32_USB_Device_Library\Core\src\usbd_core.o
 .text.USBD_Suspend
                0x0800403c       0x2c Libraries\STM32_USB_Device_Library\Core\src\usbd_core.o
 .text.USBD_SOF
                0x08004068       0x30 Libraries\STM32_USB_Device_Library\Core\src\usbd_core.o
 .text.USBD_SetCfg
                0x08004098       0x38 Libraries\STM32_USB_Device_Library\Core\src\usbd_core.o
                0x08004098                USBD_SetCfg
 .text.USBD_ClrCfg
                0x080040d0       0x2c Libraries\STM32_USB_Device_Library\Core\src\usbd_core.o
                0x080040d0                USBD_ClrCfg
 .text.usbd_cdc_Init
                0x080040fc       0x80 Libraries\STM32_USB_Device_Library\Class\cdc\src\usbd_cdc_core.o
                0x080040fc                usbd_cdc_Init
 .text.usbd_cdc_DeInit
                0x0800417c       0x40 Libraries\STM32_USB_Device_Library\Class\cdc\src\usbd_cdc_core.o
                0x0800417c                usbd_cdc_DeInit
 .text.usbd_cdc_Setup
                0x080041bc      0x140 Libraries\STM32_USB_Device_Library\Class\cdc\src\usbd_cdc_core.o
                0x080041bc                usbd_cdc_Setup
 .text.usbd_cdc_EP0_RxReady
                0x080042fc       0x44 Libraries\STM32_USB_Device_Library\Class\cdc\src\usbd_cdc_core.o
                0x080042fc                usbd_cdc_EP0_RxReady
 .text.usbd_cdc_DataIn
                0x08004340       0xe4 Libraries\STM32_USB_Device_Library\Class\cdc\src\usbd_cdc_core.o
                0x08004340                usbd_cdc_DataIn
 .text.usbd_cdc_DataOut
                0x08004424       0x58 Libraries\STM32_USB_Device_Library\Class\cdc\src\usbd_cdc_core.o
                0x08004424                usbd_cdc_DataOut
 .text.usbd_cdc_SOF
                0x0800447c       0x34 Libraries\STM32_USB_Device_Library\Class\cdc\src\usbd_cdc_core.o
                0x0800447c                usbd_cdc_SOF
 .text.Handle_USBAsynchXfer
                0x080044b0      0x118 Libraries\STM32_USB_Device_Library\Class\cdc\src\usbd_cdc_core.o
 .text.USBD_cdc_GetCfgDesc
                0x080045c8       0x24 Libraries\STM32_USB_Device_Library\Class\cdc\src\usbd_cdc_core.o
 .text.CTR      0x080045ec      0x520 Libraries\STM32_USB_Device_Driver\src\usb_dcd_int.o
                0x080045ec                CTR
 .text.USB_Istr
                0x08004b0c      0x154 Libraries\STM32_USB_Device_Driver\src\usb_dcd_int.o
                0x08004b0c                USB_Istr
 .text.DCD_Init
                0x08004c60       0x58 Libraries\STM32_USB_Device_Driver\src\usb_dcd.o
                0x08004c60                DCD_Init
 .text.DCD_PMA_Config
                0x08004cb8       0x9c Libraries\STM32_USB_Device_Driver\src\usb_dcd.o
                0x08004cb8                DCD_PMA_Config
 .text.DCD_EP_Open
                0x08004d54      0x23c Libraries\STM32_USB_Device_Driver\src\usb_dcd.o
                0x08004d54                DCD_EP_Open
 .text.DCD_EP_Close
                0x08004f90      0x10c Libraries\STM32_USB_Device_Driver\src\usb_dcd.o
                0x08004f90                DCD_EP_Close
 .text.DCD_EP_PrepareRx
                0x0800509c       0xc4 Libraries\STM32_USB_Device_Driver\src\usb_dcd.o
                0x0800509c                DCD_EP_PrepareRx
 .text.DCD_EP_Tx
                0x08005160      0x12c Libraries\STM32_USB_Device_Driver\src\usb_dcd.o
                0x08005160                DCD_EP_Tx
 .text.DCD_EP_Stall
                0x0800528c       0xdc Libraries\STM32_USB_Device_Driver\src\usb_dcd.o
                0x0800528c                DCD_EP_Stall
 .text.DCD_EP_ClrStall
                0x08005368       0x98 Libraries\STM32_USB_Device_Driver\src\usb_dcd.o
                0x08005368                DCD_EP_ClrStall
 .text.DCD_EP_SetAddress
                0x08005400       0x88 Libraries\STM32_USB_Device_Driver\src\usb_dcd.o
                0x08005400                DCD_EP_SetAddress
 .text.DCD_DevConnect
                0x08005488       0x28 Libraries\STM32_USB_Device_Driver\src\usb_dcd.o
                0x08005488                DCD_DevConnect
 .text.SetCNTR  0x080054b0       0x20 Libraries\STM32_USB_Device_Driver\src\usb_core.o
                0x080054b0                SetCNTR
 .text.SetISTR  0x080054d0       0x20 Libraries\STM32_USB_Device_Driver\src\usb_core.o
                0x080054d0                SetISTR
 .text.SetBTABLE
                0x080054f0       0x28 Libraries\STM32_USB_Device_Driver\src\usb_core.o
                0x080054f0                SetBTABLE
 .text.GetENDPOINT
                0x08005518       0x28 Libraries\STM32_USB_Device_Driver\src\usb_core.o
                0x08005518                GetENDPOINT
 .text.SetEPType
                0x08005540       0x54 Libraries\STM32_USB_Device_Driver\src\usb_core.o
                0x08005540                SetEPType
 .text.SetEPTxStatus
                0x08005594       0x78 Libraries\STM32_USB_Device_Driver\src\usb_core.o
                0x08005594                SetEPTxStatus
 .text.SetEPRxStatus
                0x0800560c       0x80 Libraries\STM32_USB_Device_Driver\src\usb_core.o
                0x0800560c                SetEPRxStatus
 .text.SetEPDoubleBuff
                0x0800568c       0x4c Libraries\STM32_USB_Device_Driver\src\usb_core.o
                0x0800568c                SetEPDoubleBuff
 .text.ToggleDTOG_RX
                0x080056d8       0x48 Libraries\STM32_USB_Device_Driver\src\usb_core.o
                0x080056d8                ToggleDTOG_RX
 .text.ToggleDTOG_TX
                0x08005720       0x48 Libraries\STM32_USB_Device_Driver\src\usb_core.o
                0x08005720                ToggleDTOG_TX
 .text.ClearDTOG_RX
                0x08005768       0x60 Libraries\STM32_USB_Device_Driver\src\usb_core.o
                0x08005768                ClearDTOG_RX
 .text.ClearDTOG_TX
                0x080057c8       0x5c Libraries\STM32_USB_Device_Driver\src\usb_core.o
                0x080057c8                ClearDTOG_TX
 .text.SetEPTxAddr
                0x08005824       0x48 Libraries\STM32_USB_Device_Driver\src\usb_core.o
                0x08005824                SetEPTxAddr
 .text.SetEPRxAddr
                0x0800586c       0x48 Libraries\STM32_USB_Device_Driver\src\usb_core.o
                0x0800586c                SetEPRxAddr
 .text.SetEPTxCount
                0x080058b4       0x40 Libraries\STM32_USB_Device_Driver\src\usb_core.o
                0x080058b4                SetEPTxCount
 .text.SetEPRxCount
                0x080058f4       0xb4 Libraries\STM32_USB_Device_Driver\src\usb_core.o
                0x080058f4                SetEPRxCount
 .text.GetEPTxCount
                0x080059a8       0x3c Libraries\STM32_USB_Device_Driver\src\usb_core.o
                0x080059a8                GetEPTxCount
 .text.GetEPRxCount
                0x080059e4       0x3c Libraries\STM32_USB_Device_Driver\src\usb_core.o
                0x080059e4                GetEPRxCount
 .text.SetEPDblBuffAddr
                0x08005a20       0x7c Libraries\STM32_USB_Device_Driver\src\usb_core.o
                0x08005a20                SetEPDblBuffAddr
 .text.SetEPDblBuffCount
                0x08005a9c      0x1b4 Libraries\STM32_USB_Device_Driver\src\usb_core.o
                0x08005a9c                SetEPDblBuffCount
 .text.GetEPDblBuf0Count
                0x08005c50       0x3c Libraries\STM32_USB_Device_Driver\src\usb_core.o
                0x08005c50                GetEPDblBuf0Count
 .text.GetEPDblBuf1Count
                0x08005c8c       0x3c Libraries\STM32_USB_Device_Driver\src\usb_core.o
                0x08005c8c                GetEPDblBuf1Count
 .text.FreeUserBuffer
                0x08005cc8       0x88 Libraries\STM32_USB_Device_Driver\src\usb_core.o
                0x08005cc8                FreeUserBuffer
 .text.UserToPMABufferCopy
                0x08005d50       0x8c Libraries\STM32_USB_Device_Driver\src\usb_core.o
                0x08005d50                UserToPMABufferCopy
 .text.PMAToUserBufferCopy
                0x08005ddc       0x64 Libraries\STM32_USB_Device_Driver\src\usb_core.o
                0x08005ddc                PMAToUserBufferCopy
 .text.SYSCFG_EXTILineConfig
                0x08005e40       0x94 Libraries\STM32F0xx_StdPeriph_Driver\src\stm32f0xx_syscfg.o
                0x08005e40                SYSCFG_EXTILineConfig
 .text.SPI_Init
                0x08005ed4      0x108 Libraries\STM32F0xx_StdPeriph_Driver\src\stm32f0xx_spi.o
                0x08005ed4                SPI_Init
 .text.SPI_Cmd  0x08005fdc       0x40 Libraries\STM32F0xx_StdPeriph_Driver\src\stm32f0xx_spi.o
                0x08005fdc                SPI_Cmd
 .text.SPI_I2S_DMACmd
                0x0800601c       0x54 Libraries\STM32F0xx_StdPeriph_Driver\src\stm32f0xx_spi.o
                0x0800601c                SPI_I2S_DMACmd
 .text.RCC_USBCLKConfig
                0x08006070       0x2c Libraries\STM32F0xx_StdPeriph_Driver\src\stm32f0xx_rcc.o
                0x08006070                RCC_USBCLKConfig
 .text.RCC_AHBPeriphClockCmd
                0x0800609c       0x40 Libraries\STM32F0xx_StdPeriph_Driver\src\stm32f0xx_rcc.o
                0x0800609c                RCC_AHBPeriphClockCmd
 .text.RCC_APB2PeriphClockCmd
                0x080060dc       0x40 Libraries\STM32F0xx_StdPeriph_Driver\src\stm32f0xx_rcc.o
                0x080060dc                RCC_APB2PeriphClockCmd
 .text.RCC_APB1PeriphClockCmd
                0x0800611c       0x40 Libraries\STM32F0xx_StdPeriph_Driver\src\stm32f0xx_rcc.o
                0x0800611c                RCC_APB1PeriphClockCmd
 .text.NVIC_Init
                0x0800615c       0xac Libraries\STM32F0xx_StdPeriph_Driver\src\stm32f0xx_misc.o
                0x0800615c                NVIC_Init
 .text.SysTick_CLKSourceConfig
                0x08006208       0x34 Libraries\STM32F0xx_StdPeriph_Driver\src\stm32f0xx_misc.o
                0x08006208                SysTick_CLKSourceConfig
 .text.I2C_Init
                0x0800623c       0xd0 Libraries\STM32F0xx_StdPeriph_Driver\src\stm32f0xx_i2c.o
                0x0800623c                I2C_Init
 .text.I2C_Cmd  0x0800630c       0x3c Libraries\STM32F0xx_StdPeriph_Driver\src\stm32f0xx_i2c.o
                0x0800630c                I2C_Cmd
 .text.I2C_TransferHandling
                0x08006348       0x6c Libraries\STM32F0xx_StdPeriph_Driver\src\stm32f0xx_i2c.o
                0x08006348                I2C_TransferHandling
 .text.I2C_SendData
                0x080063b4       0x20 Libraries\STM32F0xx_StdPeriph_Driver\src\stm32f0xx_i2c.o
                0x080063b4                I2C_SendData
 .text.I2C_ReceiveData
                0x080063d4       0x18 Libraries\STM32F0xx_StdPeriph_Driver\src\stm32f0xx_i2c.o
                0x080063d4                I2C_ReceiveData
 .text.I2C_GetFlagStatus
                0x080063ec       0x4c Libraries\STM32F0xx_StdPeriph_Driver\src\stm32f0xx_i2c.o
                0x080063ec                I2C_GetFlagStatus
 .text.I2C_ClearFlag
                0x08006438       0x18 Libraries\STM32F0xx_StdPeriph_Driver\src\stm32f0xx_i2c.o
                0x08006438                I2C_ClearFlag
 .text.GPIO_Init
                0x08006450      0x130 Libraries\STM32F0xx_StdPeriph_Driver\src\stm32f0xx_gpio.o
                0x08006450                GPIO_Init
 .text.GPIO_PinAFConfig
                0x08006580       0xa4 Libraries\STM32F0xx_StdPeriph_Driver\src\stm32f0xx_gpio.o
                0x08006580                GPIO_PinAFConfig
 .text.FLASH_Unlock
                0x08006624       0x2c Libraries\STM32F0xx_StdPeriph_Driver\src\stm32f0xx_flash.o
                0x08006624                FLASH_Unlock
 .text.FLASH_ErasePage
                0x08006650       0x7c Libraries\STM32F0xx_StdPeriph_Driver\src\stm32f0xx_flash.o
                0x08006650                FLASH_ErasePage
 .text.FLASH_ProgramHalfWord
                0x080066cc       0x78 Libraries\STM32F0xx_StdPeriph_Driver\src\stm32f0xx_flash.o
                0x080066cc                FLASH_ProgramHalfWord
 .text.FLASH_GetStatus
                0x08006744       0x58 Libraries\STM32F0xx_StdPeriph_Driver\src\stm32f0xx_flash.o
                0x08006744                FLASH_GetStatus
 .text.FLASH_WaitForLastOperation
                0x0800679c       0x5c Libraries\STM32F0xx_StdPeriph_Driver\src\stm32f0xx_flash.o
                0x0800679c                FLASH_WaitForLastOperation
 .text.EXTI_Init
                0x080067f8       0xe0 Libraries\STM32F0xx_StdPeriph_Driver\src\stm32f0xx_exti.o
                0x080067f8                EXTI_Init
 .text.EXTI_ClearITPendingBit
                0x080068d8       0x1c Libraries\STM32F0xx_StdPeriph_Driver\src\stm32f0xx_exti.o
                0x080068d8                EXTI_ClearITPendingBit
 .text.DMA_Init
                0x080068f4       0x7c Libraries\STM32F0xx_StdPeriph_Driver\src\stm32f0xx_dma.o
                0x080068f4                DMA_Init
 .text.DMA_Cmd  0x08006970       0x3c Libraries\STM32F0xx_StdPeriph_Driver\src\stm32f0xx_dma.o
                0x08006970                DMA_Cmd
 .text.DMA_SetCurrDataCounter
                0x080069ac       0x20 Libraries\STM32F0xx_StdPeriph_Driver\src\stm32f0xx_dma.o
                0x080069ac                DMA_SetCurrDataCounter
 .text.CRS_FrequencyErrorCounterCmd
                0x080069cc       0x3c Libraries\STM32F0xx_StdPeriph_Driver\src\stm32f0xx_crs.o
                0x080069cc                CRS_FrequencyErrorCounterCmd
 .text.CRS_AutomaticCalibrationCmd
                0x08006a08       0x3c Libraries\STM32F0xx_StdPeriph_Driver\src\stm32f0xx_crs.o
                0x08006a08                CRS_AutomaticCalibrationCmd
 .text.CRS_SynchronizationSourceConfig
                0x08006a44       0x30 Libraries\STM32F0xx_StdPeriph_Driver\src\stm32f0xx_crs.o
                0x08006a44                CRS_SynchronizationSourceConfig
 .text.__libc_init_array
                0x08006a74       0x4c c:/program files (x86)/atollic/truestudio for arm 5.5.1/armtools/bin/../lib/gcc/arm-atollic-eabi/5.3.1/../../../../arm-atollic-eabi/lib/armv6-m\libc_nano.a(lib_a-init.o)
                0x08006a74                __libc_init_array
 .text.memcpy   0x08006ac0       0x12 c:/program files (x86)/atollic/truestudio for arm 5.5.1/armtools/bin/../lib/gcc/arm-atollic-eabi/5.3.1/../../../../arm-atollic-eabi/lib/armv6-m\libc_nano.a(lib_a-memcpy-stub.o)
                0x08006ac0                memcpy
 *fill*         0x08006ad2        0x2 
 .text.sprintf  0x08006ad4       0x44 c:/program files (x86)/atollic/truestudio for arm 5.5.1/armtools/bin/../lib/gcc/arm-atollic-eabi/5.3.1/../../../../arm-atollic-eabi/lib/armv6-m\libc_nano.a(lib_a-sprintf.o)
                0x08006ad4                siprintf
                0x08006ad4                sprintf
 .text.__ssputs_r
                0x08006b18       0xc4 c:/program files (x86)/atollic/truestudio for arm 5.5.1/armtools/bin/../lib/gcc/arm-atollic-eabi/5.3.1/../../../../arm-atollic-eabi/lib/armv6-m\libc_nano.a(lib_a-nano-svfprintf.o)
                0x08006b18                __ssputs_r
 .text._svfprintf_r
                0x08006bdc      0x1fc c:/program files (x86)/atollic/truestudio for arm 5.5.1/armtools/bin/../lib/gcc/arm-atollic-eabi/5.3.1/../../../../arm-atollic-eabi/lib/armv6-m\libc_nano.a(lib_a-nano-svfprintf.o)
                0x08006bdc                _svfiprintf_r
                0x08006bdc                _svfprintf_r
 .text._printf_common
                0x08006dd8       0xdc c:/program files (x86)/atollic/truestudio for arm 5.5.1/armtools/bin/../lib/gcc/arm-atollic-eabi/5.3.1/../../../../arm-atollic-eabi/lib/armv6-m\libc_nano.a(lib_a-nano-vfprintf_i.o)
                0x08006dd8                _printf_common
 .text._printf_i
                0x08006eb4      0x244 c:/program files (x86)/atollic/truestudio for arm 5.5.1/armtools/bin/../lib/gcc/arm-atollic-eabi/5.3.1/../../../../arm-atollic-eabi/lib/armv6-m\libc_nano.a(lib_a-nano-vfprintf_i.o)
                0x08006eb4                _printf_i
 .text.memchr   0x080070f8       0x16 c:/program files (x86)/atollic/truestudio for arm 5.5.1/armtools/bin/../lib/gcc/arm-atollic-eabi/5.3.1/../../../../arm-atollic-eabi/lib/armv6-m\libc_nano.a(lib_a-memchr-stub.o)
                0x080070f8                memchr
 .text.memmove  0x0800710e       0x2a c:/program files (x86)/atollic/truestudio for arm 5.5.1/armtools/bin/../lib/gcc/arm-atollic-eabi/5.3.1/../../../../arm-atollic-eabi/lib/armv6-m\libc_nano.a(lib_a-memmove.o)
                0x0800710e                memmove
 .text._free_r  0x08007138       0x98 c:/program files (x86)/atollic/truestudio for arm 5.5.1/armtools/bin/../lib/gcc/arm-atollic-eabi/5.3.1/../../../../arm-atollic-eabi/lib/armv6-m\libc_nano.a(lib_a-nano-freer.o)
                0x08007138                _free_r
 .text._malloc_r
                0x080071d0       0xc0 c:/program files (x86)/atollic/truestudio for arm 5.5.1/armtools/bin/../lib/gcc/arm-atollic-eabi/5.3.1/../../../../arm-atollic-eabi/lib/armv6-m\libc_nano.a(lib_a-nano-mallocr.o)
                0x080071d0                _malloc_r
 .text._realloc_r
                0x08007290       0x4c c:/program files (x86)/atollic/truestudio for arm 5.5.1/armtools/bin/../lib/gcc/arm-atollic-eabi/5.3.1/../../../../arm-atollic-eabi/lib/armv6-m\libc_nano.a(lib_a-nano-reallocr.o)
                0x08007290                _realloc_r
 .text._sbrk_r  0x080072dc       0x24 c:/program files (x86)/atollic/truestudio for arm 5.5.1/armtools/bin/../lib/gcc/arm-atollic-eabi/5.3.1/../../../../arm-atollic-eabi/lib/armv6-m\libc_nano.a(lib_a-sbrkr.o)
                0x080072dc                _sbrk_r
 .text.__malloc_lock
                0x08007300        0x2 c:/program files (x86)/atollic/truestudio for arm 5.5.1/armtools/bin/../lib/gcc/arm-atollic-eabi/5.3.1/../../../../arm-atollic-eabi/lib/armv6-m\libc_nano.a(lib_a-mlock.o)
                0x08007300                __malloc_lock
 .text.__malloc_unlock
                0x08007302        0x2 c:/program files (x86)/atollic/truestudio for arm 5.5.1/armtools/bin/../lib/gcc/arm-atollic-eabi/5.3.1/../../../../arm-atollic-eabi/lib/armv6-m\libc_nano.a(lib_a-mlock.o)
                0x08007302                __malloc_unlock
 .text._malloc_usable_size_r
                0x08007304       0x16 c:/program files (x86)/atollic/truestudio for arm 5.5.1/armtools/bin/../lib/gcc/arm-atollic-eabi/5.3.1/../../../../arm-atollic-eabi/lib/armv6-m\libc_nano.a(lib_a-nano-msizer.o)
                0x08007304                _malloc_usable_size_r
 *fill*         0x0800731a        0x2 
 .text._sbrk    0x0800731c       0x20 c:/program files (x86)/atollic/truestudio for arm 5.5.1/armtools/bin/../lib/gcc/arm-atollic-eabi/5.3.1/../../../../arm-atollic-eabi/lib/armv6-m\libnosys.a(sbrk.o)
                0x0800731c                _sbrk
 *(.glue_7)
 .glue_7        0x0800733c        0x0 linker stubs
 *(.glue_7t)
 .glue_7t       0x0800733c        0x0 linker stubs
 *(.eh_frame)
 .eh_frame      0x0800733c        0x0 c:/program files (x86)/atollic/truestudio for arm 5.5.1/armtools/bin/../lib/gcc/arm-atollic-eabi/5.3.1/armv6-m/crtbegin.o
 *(.init)
 .init          0x0800733c        0x4 c:/program files (x86)/atollic/truestudio for arm 5.5.1/armtools/bin/../lib/gcc/arm-atollic-eabi/5.3.1/armv6-m/crti.o
                0x0800733c                _init
 .init          0x08007340        0x8 c:/program files (x86)/atollic/truestudio for arm 5.5.1/armtools/bin/../lib/gcc/arm-atollic-eabi/5.3.1/armv6-m/crtn.o
 *(.fini)
 .fini          0x08007348        0x4 c:/program files (x86)/atollic/truestudio for arm 5.5.1/armtools/bin/../lib/gcc/arm-atollic-eabi/5.3.1/armv6-m/crti.o
                0x08007348                _fini
 .fini          0x0800734c        0x8 c:/program files (x86)/atollic/truestudio for arm 5.5.1/armtools/bin/../lib/gcc/arm-atollic-eabi/5.3.1/armv6-m/crtn.o
                0x08007354                . = ALIGN (0x4)
                0x08007354                _etext = .

.vfp11_veneer   0x08007354        0x0
 .vfp11_veneer  0x08007354        0x0 linker stubs

.v4_bx          0x08007354        0x0
 .v4_bx         0x08007354        0x0 linker stubs

.iplt           0x08007354        0x0
 .iplt          0x08007354        0x0 c:/program files (x86)/atollic/truestudio for arm 5.5.1/armtools/bin/../lib/gcc/arm-atollic-eabi/5.3.1/armv6-m/crtbegin.o

.rodata         0x08007354      0x3e8
                0x08007354                . = ALIGN (0x4)
 *(.rodata)
 .rodata        0x08007354       0x52 src\usbd_desc.o
 *fill*         0x080073a6        0x2 
 .rodata        0x080073a8       0x43 src\main.o
 *fill*         0x080073eb        0x1 
 .rodata        0x080073ec      0x21e src\configConsole.o
 *(.rodata*)
 *fill*         0x0800760a        0x2 
 .rodata.Resume
                0x0800760c       0x18 src\usbd_pwr.o
 .rodata.USBD_DeviceDesc
                0x08007624       0x12 src\usbd_desc.o
                0x08007624                USBD_DeviceDesc
 *fill*         0x08007636        0x2 
 .rodata.USBD_LangIDDesc
                0x08007638        0x4 src\usbd_desc.o
                0x08007638                USBD_LangIDDesc
 .rodata.displayFindReturnPoint
                0x0800763c       0x14 src\drvDisplay.o
 .rodata.consoleExecute
                0x08007650       0x14 src\configConsole.o
 .rodata.USBD_StdDevReq
                0x08007664       0x28 Libraries\STM32_USB_Device_Library\Core\src\usbd_req.o
 .rodata.USBD_GetDescriptor
                0x0800768c       0x38 Libraries\STM32_USB_Device_Library\Core\src\usbd_req.o
 .rodata.usbd_cdc_CfgDesc
                0x080076c4       0x43 Libraries\STM32_USB_Device_Library\Class\cdc\src\usbd_cdc_core.o
                0x080076c4                usbd_cdc_CfgDesc
 .rodata.str1.1
                0x08007707        0x2 c:/program files (x86)/atollic/truestudio for arm 5.5.1/armtools/bin/../lib/gcc/arm-atollic-eabi/5.3.1/../../../../arm-atollic-eabi/lib/armv6-m\libc_nano.a(lib_a-impure.o)
 .rodata.str1.1
                0x08007709       0x11 c:/program files (x86)/atollic/truestudio for arm 5.5.1/armtools/bin/../lib/gcc/arm-atollic-eabi/5.3.1/../../../../arm-atollic-eabi/lib/armv6-m\libc_nano.a(lib_a-nano-svfprintf.o)
 .rodata.str1.1
                0x0800771a       0x22 c:/program files (x86)/atollic/truestudio for arm 5.5.1/armtools/bin/../lib/gcc/arm-atollic-eabi/5.3.1/../../../../arm-atollic-eabi/lib/armv6-m\libc_nano.a(lib_a-nano-vfprintf_i.o)
                0x0800773c                . = ALIGN (0x4)

.rel.dyn        0x0800773c        0x0
 .rel.iplt      0x0800773c        0x0 c:/program files (x86)/atollic/truestudio for arm 5.5.1/armtools/bin/../lib/gcc/arm-atollic-eabi/5.3.1/armv6-m/crtbegin.o

.ARM.extab
 *(.ARM.extab* .gnu.linkonce.armextab.*)

.ARM            0x0800773c        0x0
                0x0800773c                __exidx_start = .
 *(.ARM.exidx*)
                0x0800773c                __exidx_end = .

.preinit_array  0x0800773c        0x0
                0x0800773c                PROVIDE (__preinit_array_start, .)
 *(.preinit_array*)
                0x0800773c                PROVIDE (__preinit_array_end, .)

.init_array     0x0800773c        0x4
                0x0800773c                PROVIDE (__init_array_start, .)
 *(SORT(.init_array.*))
 *(.init_array*)
 .init_array    0x0800773c        0x4 c:/program files (x86)/atollic/truestudio for arm 5.5.1/armtools/bin/../lib/gcc/arm-atollic-eabi/5.3.1/armv6-m/crtbegin.o
                0x08007740                PROVIDE (__init_array_end, .)

.fini_array     0x08007740        0x4
                [!provide]                PROVIDE (__fini_array_start, .)
 *(SORT(.fini_array.*))
 *(.fini_array*)
 .fini_array    0x08007740        0x4 c:/program files (x86)/atollic/truestudio for arm 5.5.1/armtools/bin/../lib/gcc/arm-atollic-eabi/5.3.1/armv6-m/crtbegin.o
                [!provide]                PROVIDE (__fini_array_end, .)
                0x08007744                _sidata = LOADADDR (.data)

.data           0x20000000      0x120 load address 0x08007744
                0x20000000                . = ALIGN (0x4)
                0x20000000                _sdata = .
 *(.data)
 *(.data*)
 .data.USR_cb   0x20000000       0x14 src\usbd_usr.o
                0x20000000                USR_cb
 .data.USR_desc
                0x20000014       0x1c src\usbd_desc.o
                0x20000014                USR_desc
 .data.USBD_StringSerial
                0x20000030       0x1a src\usbd_desc.o
                0x20000030                USBD_StringSerial
 *fill*         0x2000004a        0x2 
 .data.SystemCoreClock
                0x2000004c        0x4 src\system_stm32f0xx.o
                0x2000004c                SystemCoreClock
 .data.AHBPrescTable
                0x20000050       0x10 src\system_stm32f0xx.o
                0x20000050                AHBPrescTable
 .data.VCP_fops
                0x20000060       0x14 src\drvUSB.o
                0x20000060                VCP_fops
 .data.USBD_DCD_INT_cb
                0x20000074       0x1c Libraries\STM32_USB_Device_Library\Core\src\usbd_core.o
                0x20000074                USBD_DCD_INT_cb
 .data.USBD_DCD_INT_fops
                0x20000090        0x4 Libraries\STM32_USB_Device_Library\Core\src\usbd_core.o
                0x20000090                USBD_DCD_INT_fops
 .data.cdcCmd   0x20000094        0x4 Libraries\STM32_USB_Device_Library\Class\cdc\src\usbd_cdc_core.o
 .data.USBD_CDC_cb
                0x20000098       0x24 Libraries\STM32_USB_Device_Library\Class\cdc\src\usbd_cdc_core.o
                0x20000098                USBD_CDC_cb
 .data.impure_data
                0x200000bc       0x60 c:/program files (x86)/atollic/truestudio for arm 5.5.1/armtools/bin/../lib/gcc/arm-atollic-eabi/5.3.1/../../../../arm-atollic-eabi/lib/armv6-m\libc_nano.a(lib_a-impure.o)
 .data._impure_ptr
                0x2000011c        0x4 c:/program files (x86)/atollic/truestudio for arm 5.5.1/armtools/bin/../lib/gcc/arm-atollic-eabi/5.3.1/../../../../arm-atollic-eabi/lib/armv6-m\libc_nano.a(lib_a-impure.o)
                0x2000011c                _impure_ptr
                0x20000120                . = ALIGN (0x4)
                0x20000120                _edata = .

.igot.plt       0x20000120        0x0 load address 0x08007864
 .igot.plt      0x20000120        0x0 c:/program files (x86)/atollic/truestudio for arm 5.5.1/armtools/bin/../lib/gcc/arm-atollic-eabi/5.3.1/armv6-m/crtbegin.o
                0x20000120                . = ALIGN (0x4)

.bss            0x20000120      0xdc4 load address 0x08007864
                0x20000120                _sbss = .
                0x20000120                __bss_start__ = _sbss
 *(.bss)
 .bss           0x20000120       0x1c c:/program files (x86)/atollic/truestudio for arm 5.5.1/armtools/bin/../lib/gcc/arm-atollic-eabi/5.3.1/armv6-m/crtbegin.o
 *(.bss*)
 .bss.remotewakeupon
                0x2000013c        0x4 src\usbd_pwr.o
                0x2000013c                remotewakeupon
 .bss.timer     0x20000140        0x4 src\main.o
                0x20000140                timer
 .bss.timerFlag
                0x20000144        0x1 src\main.o
                0x20000144                timerFlag
 .bss.errorcode
                0x20000145        0x1 src\main.o
                0x20000145                errorcode
 .bss.DataVar   0x20000146        0x2 src\eeprom.o
                0x20000146                DataVar
 .bss.isActive  0x20000148        0x1 src\drvMMA8653.o
                0x20000148                isActive
 .bss.rowStep   0x20000149        0x1 src\drvDisplay.o
                0x20000149                rowStep
 .bss.RowNumber
                0x2000014a        0x1 src\drvDisplay.o
                0x2000014a                RowNumber
 *fill*         0x2000014b        0x1 
 .bss.ADDRESS   0x2000014c        0x4 Libraries\STM32_USB_Device_Library\Core\src\usbd_req.o
                0x2000014c                ADDRESS
 .bss.cfgidx.6342
                0x20000150        0x1 Libraries\STM32_USB_Device_Library\Core\src\usbd_req.o
 *fill*         0x20000151        0x3 
 .bss.usbd_cdc_AltSet
                0x20000154        0x4 Libraries\STM32_USB_Device_Library\Class\cdc\src\usbd_cdc_core.o
 .bss.last_packet
                0x20000158        0x4 Libraries\STM32_USB_Device_Library\Class\cdc\src\usbd_cdc_core.o
                0x20000158                last_packet
 .bss.APP_Rx_ptr_in
                0x2000015c        0x4 Libraries\STM32_USB_Device_Library\Class\cdc\src\usbd_cdc_core.o
                0x2000015c                APP_Rx_ptr_in
 .bss.APP_Rx_ptr_out
                0x20000160        0x4 Libraries\STM32_USB_Device_Library\Class\cdc\src\usbd_cdc_core.o
                0x20000160                APP_Rx_ptr_out
 .bss.APP_Rx_length
                0x20000164        0x4 Libraries\STM32_USB_Device_Library\Class\cdc\src\usbd_cdc_core.o
                0x20000164                APP_Rx_length
 .bss.USB_Tx_State
                0x20000168        0x1 Libraries\STM32_USB_Device_Library\Class\cdc\src\usbd_cdc_core.o
                0x20000168                USB_Tx_State
 *fill*         0x20000169        0x3 
 .bss.cdcLen    0x2000016c        0x4 Libraries\STM32_USB_Device_Library\Class\cdc\src\usbd_cdc_core.o
 .bss.FrameCount.6336
                0x20000170        0x4 Libraries\STM32_USB_Device_Library\Class\cdc\src\usbd_cdc_core.o
 .bss.wInterrupt_Mask
                0x20000174        0x4 Libraries\STM32_USB_Device_Driver\src\usb_dcd.o
                0x20000174                wInterrupt_Mask
 .bss.__malloc_sbrk_start
                0x20000178        0x4 c:/program files (x86)/atollic/truestudio for arm 5.5.1/armtools/bin/../lib/gcc/arm-atollic-eabi/5.3.1/../../../../arm-atollic-eabi/lib/armv6-m\libc_nano.a(lib_a-nano-mallocr.o)
                0x20000178                __malloc_sbrk_start
 .bss.__malloc_free_list
                0x2000017c        0x4 c:/program files (x86)/atollic/truestudio for arm 5.5.1/armtools/bin/../lib/gcc/arm-atollic-eabi/5.3.1/../../../../arm-atollic-eabi/lib/armv6-m\libc_nano.a(lib_a-nano-mallocr.o)
                0x2000017c                __malloc_free_list
 .bss.heap_end.4167
                0x20000180        0x4 c:/program files (x86)/atollic/truestudio for arm 5.5.1/armtools/bin/../lib/gcc/arm-atollic-eabi/5.3.1/../../../../arm-atollic-eabi/lib/armv6-m\libnosys.a(sbrk.o)
 *(COMMON)
 COMMON         0x20000184        0x2 src\usbd_pwr.o
                0x20000184                ResumeS
 COMMON         0x20000186        0x1 src\usb_bsp.o
                0x20000186                USB_Flags
 *fill*         0x20000187        0x1 
 COMMON         0x20000188       0x46 src\stm32_it.o
                0x20000188                RowsOverscan
                0x2000018c                DispRowMasks
                0x200001cc                RowsVisible
                0x200001cd                RowsLogic
 *fill*         0x200001ce        0x2 
 COMMON         0x200001d0       0x28 src\main.o
                0x200001d0                delayTimer
                0x200001d4                tempstring
                0x200001f4                globalColor
 COMMON         0x200001f8      0x1f0 src\drvUSB.o
                0x200001f8                UsbPcSendBuf
                0x20000280                USB_Device_dev
 COMMON         0x200003e8        0x4 src\drvMMA8653.o
                0x200003e8                rxBuf
 COMMON         0x200003ec        0x2 src\drvDisplay.o
                0x200003ec                DisplayPosition
                0x200003ed                movementState
 *fill*         0x200003ee        0x2 
 COMMON         0x200003f0       0x8c src\drvApa102.o
                0x200003f0                leds
                0x20000430                spiSendData
 COMMON         0x2000047c       0xd8 src\configConsole.o
                0x2000047c                VirtAddVarTab
                0x200004c6                consoleStates
                0x200004c8                stringBuff
                0x20000508                VarDataTab
                0x20000552                CountOfEnteredDates
                0x20000553                consoleFlags
 COMMON         0x20000554       0xff Libraries\STM32_USB_Device_Library\Core\src\usbd_req.o
                0x20000554                USBD_StrDesc
 *fill*         0x20000653        0x1 
 COMMON         0x20000654      0x88c Libraries\STM32_USB_Device_Library\Class\cdc\src\usbd_cdc_core.o
                0x20000654                usbd_cdc_OtherCfgDesc
                0x20000698                USB_Rx_Buffer
                0x200006d8                CmdBuff
                0x200006e0                APP_Rx_Buffer
 COMMON         0x20000ee0        0x4 c:/program files (x86)/atollic/truestudio for arm 5.5.1/armtools/bin/../lib/gcc/arm-atollic-eabi/5.3.1/../../../../arm-atollic-eabi/lib/armv6-m\libc_nano.a(lib_a-reent.o)
                0x20000ee0                errno
                0x20000ee4                . = ALIGN (0x4)
                0x20000ee4                _ebss = .
                0x20000ee4                __bss_end__ = _ebss

._user_heap_stack
                0x20000ee4       0x80 load address 0x08007864
                0x20000ee4                . = ALIGN (0x4)
                0x20000ee4                PROVIDE (end, .)
                [!provide]                PROVIDE (_end, .)
                0x20000ee4                . = (. + _Min_Heap_Size)
                0x20000f64                . = (. + _Min_Stack_Size)
 *fill*         0x20000ee4       0x80 
                0x20000f64                . = ALIGN (0x4)

.memory_b1_text
 *(.mb1text)
 *(.mb1text*)
 *(.mb1rodata)
 *(.mb1rodata*)

/DISCARD/
 libc.a(*)
 libm.a(*)
 libgcc.a(*)

.ARM.attributes
                0x00000000       0x28
 *(.ARM.attributes)
 .ARM.attributes
                0x00000000       0x1e c:/program files (x86)/atollic/truestudio for arm 5.5.1/armtools/bin/../lib/gcc/arm-atollic-eabi/5.3.1/armv6-m/crti.o
 .ARM.attributes
                0x0000001e       0x2c c:/program files (x86)/atollic/truestudio for arm 5.5.1/armtools/bin/../lib/gcc/arm-atollic-eabi/5.3.1/armv6-m/crtbegin.o
 .ARM.attributes
                0x0000004a       0x31 src\utilFifo.o
 .ARM.attributes
                0x0000007b       0x31 src\usbd_usr.o
 .ARM.attributes
                0x000000ac       0x31 src\usbd_pwr.o
 .ARM.attributes
                0x000000dd       0x31 src\usbd_desc.o
 .ARM.attributes
                0x0000010e       0x31 src\usb_bsp.o
 .ARM.attributes
                0x0000013f       0x31 src\system_stm32f0xx.o
 .ARM.attributes
                0x00000170       0x31 src\stm32_it.o
 .ARM.attributes
                0x000001a1       0x21 src\startup_stm32f0xx.o
 .ARM.attributes
                0x000001c2       0x31 src\main.o
 .ARM.attributes
                0x000001f3       0x31 src\eeprom.o
 .ARM.attributes
                0x00000224       0x31 src\drvUSB.o
 .ARM.attributes
                0x00000255       0x31 src\drvMMA8653.o
 .ARM.attributes
                0x00000286       0x31 src\drvDisplay.o
 .ARM.attributes
                0x000002b7       0x31 src\drvApa102.o
 .ARM.attributes
                0x000002e8       0x31 src\configConsole.o
 .ARM.attributes
                0x00000319       0x31 Libraries\STM32_USB_Device_Library\Core\src\usbd_req.o
 .ARM.attributes
                0x0000034a       0x31 Libraries\STM32_USB_Device_Library\Core\src\usbd_ioreq.o
 .ARM.attributes
                0x0000037b       0x31 Libraries\STM32_USB_Device_Library\Core\src\usbd_core.o
 .ARM.attributes
                0x000003ac       0x31 Libraries\STM32_USB_Device_Library\Class\cdc\src\usbd_cdc_core.o
 .ARM.attributes
                0x000003dd       0x31 Libraries\STM32_USB_Device_Driver\src\usb_dcd_int.o
 .ARM.attributes
                0x0000040e       0x31 Libraries\STM32_USB_Device_Driver\src\usb_dcd.o
 .ARM.attributes
                0x0000043f       0x31 Libraries\STM32_USB_Device_Driver\src\usb_core.o
 .ARM.attributes
                0x00000470       0x31 Libraries\STM32F0xx_StdPeriph_Driver\src\stm32f0xx_syscfg.o
 .ARM.attributes
                0x000004a1       0x31 Libraries\STM32F0xx_StdPeriph_Driver\src\stm32f0xx_spi.o
 .ARM.attributes
                0x000004d2       0x31 Libraries\STM32F0xx_StdPeriph_Driver\src\stm32f0xx_rcc.o
 .ARM.attributes
                0x00000503       0x31 Libraries\STM32F0xx_StdPeriph_Driver\src\stm32f0xx_misc.o
 .ARM.attributes
                0x00000534       0x31 Libraries\STM32F0xx_StdPeriph_Driver\src\stm32f0xx_i2c.o
 .ARM.attributes
                0x00000565       0x31 Libraries\STM32F0xx_StdPeriph_Driver\src\stm32f0xx_gpio.o
 .ARM.attributes
                0x00000596       0x31 Libraries\STM32F0xx_StdPeriph_Driver\src\stm32f0xx_flash.o
 .ARM.attributes
                0x000005c7       0x31 Libraries\STM32F0xx_StdPeriph_Driver\src\stm32f0xx_exti.o
 .ARM.attributes
                0x000005f8       0x31 Libraries\STM32F0xx_StdPeriph_Driver\src\stm32f0xx_dma.o
 .ARM.attributes
                0x00000629       0x31 Libraries\STM32F0xx_StdPeriph_Driver\src\stm32f0xx_crs.o
 .ARM.attributes
                0x0000065a       0x2c c:/program files (x86)/atollic/truestudio for arm 5.5.1/armtools/bin/../lib/gcc/arm-atollic-eabi/5.3.1/../../../../arm-atollic-eabi/lib/armv6-m\libc_nano.a(lib_a-init.o)
 .ARM.attributes
                0x00000686       0x2c c:/program files (x86)/atollic/truestudio for arm 5.5.1/armtools/bin/../lib/gcc/arm-atollic-eabi/5.3.1/../../../../arm-atollic-eabi/lib/armv6-m\libc_nano.a(lib_a-memcpy-stub.o)
 .ARM.attributes
                0x000006b2       0x2c c:/program files (x86)/atollic/truestudio for arm 5.5.1/armtools/bin/../lib/gcc/arm-atollic-eabi/5.3.1/../../../../arm-atollic-eabi/lib/armv6-m\libc_nano.a(lib_a-sprintf.o)
 .ARM.attributes
                0x000006de       0x2c c:/program files (x86)/atollic/truestudio for arm 5.5.1/armtools/bin/../lib/gcc/arm-atollic-eabi/5.3.1/../../../../arm-atollic-eabi/lib/armv6-m\libc_nano.a(lib_a-impure.o)
 .ARM.attributes
                0x0000070a       0x2c c:/program files (x86)/atollic/truestudio for arm 5.5.1/armtools/bin/../lib/gcc/arm-atollic-eabi/5.3.1/../../../../arm-atollic-eabi/lib/armv6-m\libc_nano.a(lib_a-nano-svfprintf.o)
 .ARM.attributes
                0x00000736       0x2c c:/program files (x86)/atollic/truestudio for arm 5.5.1/armtools/bin/../lib/gcc/arm-atollic-eabi/5.3.1/../../../../arm-atollic-eabi/lib/armv6-m\libc_nano.a(lib_a-nano-vfprintf_i.o)
 .ARM.attributes
                0x00000762       0x2c c:/program files (x86)/atollic/truestudio for arm 5.5.1/armtools/bin/../lib/gcc/arm-atollic-eabi/5.3.1/../../../../arm-atollic-eabi/lib/armv6-m\libc_nano.a(lib_a-memchr-stub.o)
 .ARM.attributes
                0x0000078e       0x2c c:/program files (x86)/atollic/truestudio for arm 5.5.1/armtools/bin/../lib/gcc/arm-atollic-eabi/5.3.1/../../../../arm-atollic-eabi/lib/armv6-m\libc_nano.a(lib_a-memmove.o)
 .ARM.attributes
                0x000007ba       0x2c c:/program files (x86)/atollic/truestudio for arm 5.5.1/armtools/bin/../lib/gcc/arm-atollic-eabi/5.3.1/../../../../arm-atollic-eabi/lib/armv6-m\libc_nano.a(lib_a-nano-freer.o)
 .ARM.attributes
                0x000007e6       0x2c c:/program files (x86)/atollic/truestudio for arm 5.5.1/armtools/bin/../lib/gcc/arm-atollic-eabi/5.3.1/../../../../arm-atollic-eabi/lib/armv6-m\libc_nano.a(lib_a-nano-mallocr.o)
 .ARM.attributes
                0x00000812       0x2c c:/program files (x86)/atollic/truestudio for arm 5.5.1/armtools/bin/../lib/gcc/arm-atollic-eabi/5.3.1/../../../../arm-atollic-eabi/lib/armv6-m\libc_nano.a(lib_a-nano-reallocr.o)
 .ARM.attributes
                0x0000083e       0x2c c:/program files (x86)/atollic/truestudio for arm 5.5.1/armtools/bin/../lib/gcc/arm-atollic-eabi/5.3.1/../../../../arm-atollic-eabi/lib/armv6-m\libc_nano.a(lib_a-sbrkr.o)
 .ARM.attributes
                0x0000086a       0x2c c:/program files (x86)/atollic/truestudio for arm 5.5.1/armtools/bin/../lib/gcc/arm-atollic-eabi/5.3.1/../../../../arm-atollic-eabi/lib/armv6-m\libc_nano.a(lib_a-mlock.o)
 .ARM.attributes
                0x00000896       0x2c c:/program files (x86)/atollic/truestudio for arm 5.5.1/armtools/bin/../lib/gcc/arm-atollic-eabi/5.3.1/../../../../arm-atollic-eabi/lib/armv6-m\libc_nano.a(lib_a-nano-msizer.o)
 .ARM.attributes
                0x000008c2       0x2c c:/program files (x86)/atollic/truestudio for arm 5.5.1/armtools/bin/../lib/gcc/arm-atollic-eabi/5.3.1/../../../../arm-atollic-eabi/lib/armv6-m\libc_nano.a(lib_a-reent.o)
 .ARM.attributes
                0x000008ee       0x1e c:/program files (x86)/atollic/truestudio for arm 5.5.1/armtools/bin/../lib/gcc/arm-atollic-eabi/5.3.1/armv6-m\libgcc.a(_udivsi3.o)
 .ARM.attributes
                0x0000090c       0x1e c:/program files (x86)/atollic/truestudio for arm 5.5.1/armtools/bin/../lib/gcc/arm-atollic-eabi/5.3.1/armv6-m\libgcc.a(_dvmd_tls.o)
 .ARM.attributes
                0x0000092a       0x2c c:/program files (x86)/atollic/truestudio for arm 5.5.1/armtools/bin/../lib/gcc/arm-atollic-eabi/5.3.1/../../../../arm-atollic-eabi/lib/armv6-m\libnosys.a(sbrk.o)
 .ARM.attributes
                0x00000956       0x1e c:/program files (x86)/atollic/truestudio for arm 5.5.1/armtools/bin/../lib/gcc/arm-atollic-eabi/5.3.1/armv6-m/crtn.o
OUTPUT(POV_Display.elf elf32-littlearm)

.debug_info     0x00000000     0xc0ba
 .debug_info    0x00000000      0x195 src\utilFifo.o
 .debug_info    0x00000195      0x16e src\usbd_usr.o
 .debug_info    0x00000303      0x212 src\usbd_pwr.o
 .debug_info    0x00000515      0x43b src\usbd_desc.o
 .debug_info    0x00000950      0x676 src\usb_bsp.o
 .debug_info    0x00000fc6      0x2ad src\system_stm32f0xx.o
 .debug_info    0x00001273      0x18a src\stm32_it.o
 .debug_info    0x000013fd       0x79 src\startup_stm32f0xx.o
 .debug_info    0x00001476      0x596 src\main.o
 .debug_info    0x00001a0c      0x402 src\eeprom.o
 .debug_info    0x00001e0e      0x875 src\drvUSB.o
 .debug_info    0x00002683      0x958 src\drvMMA8653.o
 .debug_info    0x00002fdb      0x763 src\drvDisplay.o
 .debug_info    0x0000373e      0x70c src\drvApa102.o
 .debug_info    0x00003e4a      0x488 src\configConsole.o
 .debug_info    0x000042d2      0x8d4 Libraries\STM32_USB_Device_Library\Core\src\usbd_req.o
 .debug_info    0x00004ba6      0x6da Libraries\STM32_USB_Device_Library\Core\src\usbd_ioreq.o
 .debug_info    0x00005280      0x814 Libraries\STM32_USB_Device_Library\Core\src\usbd_core.o
 .debug_info    0x00005a94      0x90c Libraries\STM32_USB_Device_Library\Class\cdc\src\usbd_cdc_core.o
 .debug_info    0x000063a0      0x6c5 Libraries\STM32_USB_Device_Driver\src\usb_dcd_int.o
 .debug_info    0x00006a65      0x929 Libraries\STM32_USB_Device_Driver\src\usb_dcd.o
 .debug_info    0x0000738e      0xd07 Libraries\STM32_USB_Device_Driver\src\usb_core.o
 .debug_info    0x00008095      0x2b5 Libraries\STM32F0xx_StdPeriph_Driver\src\stm32f0xx_syscfg.o
 .debug_info    0x0000834a      0xab3 Libraries\STM32F0xx_StdPeriph_Driver\src\stm32f0xx_spi.o
 .debug_info    0x00008dfd      0xa54 Libraries\STM32F0xx_StdPeriph_Driver\src\stm32f0xx_rcc.o
 .debug_info    0x00009851      0x372 Libraries\STM32F0xx_StdPeriph_Driver\src\stm32f0xx_misc.o
 .debug_info    0x00009bc3      0xbbf Libraries\STM32F0xx_StdPeriph_Driver\src\stm32f0xx_i2c.o
 .debug_info    0x0000a782      0x5eb Libraries\STM32F0xx_StdPeriph_Driver\src\stm32f0xx_gpio.o
 .debug_info    0x0000ad6d      0x844 Libraries\STM32F0xx_StdPeriph_Driver\src\stm32f0xx_flash.o
 .debug_info    0x0000b5b1      0x321 Libraries\STM32F0xx_StdPeriph_Driver\src\stm32f0xx_exti.o
 .debug_info    0x0000b8d2      0x436 Libraries\STM32F0xx_StdPeriph_Driver\src\stm32f0xx_dma.o
 .debug_info    0x0000bd08      0x3b2 Libraries\STM32F0xx_StdPeriph_Driver\src\stm32f0xx_crs.o

.debug_abbrev   0x00000000     0x2e29
 .debug_abbrev  0x00000000       0xd3 src\utilFifo.o
 .debug_abbrev  0x000000d3       0xc7 src\usbd_usr.o
 .debug_abbrev  0x0000019a      0x107 src\usbd_pwr.o
 .debug_abbrev  0x000002a1      0x151 src\usbd_desc.o
 .debug_abbrev  0x000003f2      0x178 src\usb_bsp.o
 .debug_abbrev  0x0000056a      0x106 src\system_stm32f0xx.o
 .debug_abbrev  0x00000670       0x91 src\stm32_it.o
 .debug_abbrev  0x00000701       0x12 src\startup_stm32f0xx.o
 .debug_abbrev  0x00000713      0x1e0 src\main.o
 .debug_abbrev  0x000008f3      0x134 src\eeprom.o
 .debug_abbrev  0x00000a27      0x21f src\drvUSB.o
 .debug_abbrev  0x00000c46      0x227 src\drvMMA8653.o
 .debug_abbrev  0x00000e6d      0x1a3 src\drvDisplay.o
 .debug_abbrev  0x00001010      0x15e src\drvApa102.o
 .debug_abbrev  0x0000116e      0x191 src\configConsole.o
 .debug_abbrev  0x000012ff      0x1e9 Libraries\STM32_USB_Device_Library\Core\src\usbd_req.o
 .debug_abbrev  0x000014e8      0x141 Libraries\STM32_USB_Device_Library\Core\src\usbd_ioreq.o
 .debug_abbrev  0x00001629      0x1b3 Libraries\STM32_USB_Device_Library\Core\src\usbd_core.o
 .debug_abbrev  0x000017dc      0x1e4 Libraries\STM32_USB_Device_Library\Class\cdc\src\usbd_cdc_core.o
 .debug_abbrev  0x000019c0      0x15e Libraries\STM32_USB_Device_Driver\src\usb_dcd_int.o
 .debug_abbrev  0x00001b1e      0x206 Libraries\STM32_USB_Device_Driver\src\usb_dcd.o
 .debug_abbrev  0x00001d24      0x178 Libraries\STM32_USB_Device_Driver\src\usb_core.o
 .debug_abbrev  0x00001e9c      0x14b Libraries\STM32F0xx_StdPeriph_Driver\src\stm32f0xx_syscfg.o
 .debug_abbrev  0x00001fe7      0x1a5 Libraries\STM32F0xx_StdPeriph_Driver\src\stm32f0xx_spi.o
 .debug_abbrev  0x0000218c      0x1f0 Libraries\STM32F0xx_StdPeriph_Driver\src\stm32f0xx_rcc.o
 .debug_abbrev  0x0000237c      0x147 Libraries\STM32F0xx_StdPeriph_Driver\src\stm32f0xx_misc.o
 .debug_abbrev  0x000024c3      0x189 Libraries\STM32F0xx_StdPeriph_Driver\src\stm32f0xx_i2c.o
 .debug_abbrev  0x0000264c      0x1a1 Libraries\STM32F0xx_StdPeriph_Driver\src\stm32f0xx_gpio.o
 .debug_abbrev  0x000027ed      0x1dd Libraries\STM32F0xx_StdPeriph_Driver\src\stm32f0xx_flash.o
 .debug_abbrev  0x000029ca      0x198 Libraries\STM32F0xx_StdPeriph_Driver\src\stm32f0xx_exti.o
 .debug_abbrev  0x00002b62      0x160 Libraries\STM32F0xx_StdPeriph_Driver\src\stm32f0xx_dma.o
 .debug_abbrev  0x00002cc2      0x167 Libraries\STM32F0xx_StdPeriph_Driver\src\stm32f0xx_crs.o

.debug_aranges  0x00000000      0xfd0
 .debug_aranges
                0x00000000       0x30 src\utilFifo.o
 .debug_aranges
                0x00000030       0x40 src\usbd_usr.o
 .debug_aranges
                0x00000070       0x38 src\usbd_pwr.o
 .debug_aranges
                0x000000a8       0x60 src\usbd_desc.o
 .debug_aranges
                0x00000108       0x30 src\usb_bsp.o
 .debug_aranges
                0x00000138       0x30 src\system_stm32f0xx.o
 .debug_aranges
                0x00000168       0x58 src\stm32_it.o
 .debug_aranges
                0x000001c0       0x28 src\startup_stm32f0xx.o
 .debug_aranges
                0x000001e8       0x40 src\main.o
 .debug_aranges
                0x00000228       0x50 src\eeprom.o
 .debug_aranges
                0x00000278       0x58 src\drvUSB.o
 .debug_aranges
                0x000002d0       0x78 src\drvMMA8653.o
 .debug_aranges
                0x00000348       0x48 src\drvDisplay.o
 .debug_aranges
                0x00000390       0x40 src\drvApa102.o
 .debug_aranges
                0x000003d0       0x40 src\configConsole.o
 .debug_aranges
                0x00000410       0x88 Libraries\STM32_USB_Device_Library\Core\src\usbd_req.o
 .debug_aranges
                0x00000498       0x50 Libraries\STM32_USB_Device_Library\Core\src\usbd_ioreq.o
 .debug_aranges
                0x000004e8       0x70 Libraries\STM32_USB_Device_Library\Core\src\usbd_core.o
 .debug_aranges
                0x00000558       0x60 Libraries\STM32_USB_Device_Library\Class\cdc\src\usbd_cdc_core.o
 .debug_aranges
                0x000005b8       0x28 Libraries\STM32_USB_Device_Driver\src\usb_dcd_int.o
 .debug_aranges
                0x000005e0       0x88 Libraries\STM32_USB_Device_Driver\src\usb_dcd.o
 .debug_aranges
                0x00000668      0x200 Libraries\STM32_USB_Device_Driver\src\usb_core.o
 .debug_aranges
                0x00000868       0x58 Libraries\STM32F0xx_StdPeriph_Driver\src\stm32f0xx_syscfg.o
 .debug_aranges
                0x000008c0      0x110 Libraries\STM32F0xx_StdPeriph_Driver\src\stm32f0xx_spi.o
 .debug_aranges
                0x000009d0      0x160 Libraries\STM32F0xx_StdPeriph_Driver\src\stm32f0xx_rcc.o
 .debug_aranges
                0x00000b30       0x30 Libraries\STM32F0xx_StdPeriph_Driver\src\stm32f0xx_misc.o
 .debug_aranges
                0x00000b60      0x168 Libraries\STM32F0xx_StdPeriph_Driver\src\stm32f0xx_i2c.o
 .debug_aranges
                0x00000cc8       0x80 Libraries\STM32F0xx_StdPeriph_Driver\src\stm32f0xx_gpio.o
 .debug_aranges
                0x00000d48      0x110 Libraries\STM32F0xx_StdPeriph_Driver\src\stm32f0xx_flash.o
 .debug_aranges
                0x00000e58       0x58 Libraries\STM32F0xx_StdPeriph_Driver\src\stm32f0xx_exti.o
 .debug_aranges
                0x00000eb0       0x70 Libraries\STM32F0xx_StdPeriph_Driver\src\stm32f0xx_dma.o
 .debug_aranges
                0x00000f20       0xb0 Libraries\STM32F0xx_StdPeriph_Driver\src\stm32f0xx_crs.o

.debug_ranges   0x00000000      0xec8
 .debug_ranges  0x00000000       0x20 src\utilFifo.o
 .debug_ranges  0x00000020       0x30 src\usbd_usr.o
 .debug_ranges  0x00000050       0x28 src\usbd_pwr.o
 .debug_ranges  0x00000078       0x50 src\usbd_desc.o
 .debug_ranges  0x000000c8       0x20 src\usb_bsp.o
 .debug_ranges  0x000000e8       0x20 src\system_stm32f0xx.o
 .debug_ranges  0x00000108       0x48 src\stm32_it.o
 .debug_ranges  0x00000150       0x20 src\startup_stm32f0xx.o
 .debug_ranges  0x00000170       0x30 src\main.o
 .debug_ranges  0x000001a0       0x40 src\eeprom.o
 .debug_ranges  0x000001e0       0x48 src\drvUSB.o
 .debug_ranges  0x00000228       0x68 src\drvMMA8653.o
 .debug_ranges  0x00000290       0x38 src\drvDisplay.o
 .debug_ranges  0x000002c8       0x30 src\drvApa102.o
 .debug_ranges  0x000002f8       0x48 src\configConsole.o
 .debug_ranges  0x00000340       0x78 Libraries\STM32_USB_Device_Library\Core\src\usbd_req.o
 .debug_ranges  0x000003b8       0x40 Libraries\STM32_USB_Device_Library\Core\src\usbd_ioreq.o
 .debug_ranges  0x000003f8       0x60 Libraries\STM32_USB_Device_Library\Core\src\usbd_core.o
 .debug_ranges  0x00000458       0x50 Libraries\STM32_USB_Device_Library\Class\cdc\src\usbd_cdc_core.o
 .debug_ranges  0x000004a8       0x18 Libraries\STM32_USB_Device_Driver\src\usb_dcd_int.o
 .debug_ranges  0x000004c0       0x78 Libraries\STM32_USB_Device_Driver\src\usb_dcd.o
 .debug_ranges  0x00000538      0x2c8 Libraries\STM32_USB_Device_Driver\src\usb_core.o
 .debug_ranges  0x00000800       0x48 Libraries\STM32F0xx_StdPeriph_Driver\src\stm32f0xx_syscfg.o
 .debug_ranges  0x00000848      0x100 Libraries\STM32F0xx_StdPeriph_Driver\src\stm32f0xx_spi.o
 .debug_ranges  0x00000948      0x150 Libraries\STM32F0xx_StdPeriph_Driver\src\stm32f0xx_rcc.o
 .debug_ranges  0x00000a98       0x20 Libraries\STM32F0xx_StdPeriph_Driver\src\stm32f0xx_misc.o
 .debug_ranges  0x00000ab8      0x158 Libraries\STM32F0xx_StdPeriph_Driver\src\stm32f0xx_i2c.o
 .debug_ranges  0x00000c10       0x70 Libraries\STM32F0xx_StdPeriph_Driver\src\stm32f0xx_gpio.o
 .debug_ranges  0x00000c80      0x100 Libraries\STM32F0xx_StdPeriph_Driver\src\stm32f0xx_flash.o
 .debug_ranges  0x00000d80       0x48 Libraries\STM32F0xx_StdPeriph_Driver\src\stm32f0xx_exti.o
 .debug_ranges  0x00000dc8       0x60 Libraries\STM32F0xx_StdPeriph_Driver\src\stm32f0xx_dma.o
 .debug_ranges  0x00000e28       0xa0 Libraries\STM32F0xx_StdPeriph_Driver\src\stm32f0xx_crs.o

.debug_line     0x00000000     0x5ef7
 .debug_line    0x00000000      0x15f src\utilFifo.o
 .debug_line    0x0000015f      0x19c src\usbd_usr.o
 .debug_line    0x000002fb      0x214 src\usbd_pwr.o
 .debug_line    0x0000050f      0x226 src\usbd_desc.o
 .debug_line    0x00000735      0x213 src\usb_bsp.o
 .debug_line    0x00000948      0x1b8 src\system_stm32f0xx.o
 .debug_line    0x00000b00      0x1b1 src\stm32_it.o
 .debug_line    0x00000cb1       0x7c src\startup_stm32f0xx.o
 .debug_line    0x00000d2d      0x265 src\main.o
 .debug_line    0x00000f92      0x2be src\eeprom.o
 .debug_line    0x00001250      0x332 src\drvUSB.o
 .debug_line    0x00001582      0x389 src\drvMMA8653.o
 .debug_line    0x0000190b      0x292 src\drvDisplay.o
 .debug_line    0x00001b9d      0x2ed src\drvApa102.o
 .debug_line    0x00001e8a      0x320 src\configConsole.o
 .debug_line    0x000021aa      0x3e4 Libraries\STM32_USB_Device_Library\Core\src\usbd_req.o
 .debug_line    0x0000258e      0x242 Libraries\STM32_USB_Device_Library\Core\src\usbd_ioreq.o
 .debug_line    0x000027d0      0x309 Libraries\STM32_USB_Device_Library\Core\src\usbd_core.o
 .debug_line    0x00002ad9      0x310 Libraries\STM32_USB_Device_Library\Class\cdc\src\usbd_cdc_core.o
 .debug_line    0x00002de9      0x282 Libraries\STM32_USB_Device_Driver\src\usb_dcd_int.o
 .debug_line    0x0000306b      0x335 Libraries\STM32_USB_Device_Driver\src\usb_dcd.o
 .debug_line    0x000033a0      0x794 Libraries\STM32_USB_Device_Driver\src\usb_core.o
 .debug_line    0x00003b34      0x226 Libraries\STM32F0xx_StdPeriph_Driver\src\stm32f0xx_syscfg.o
 .debug_line    0x00003d5a      0x49b Libraries\STM32F0xx_StdPeriph_Driver\src\stm32f0xx_spi.o
 .debug_line    0x000041f5      0x569 Libraries\STM32F0xx_StdPeriph_Driver\src\stm32f0xx_rcc.o
 .debug_line    0x0000475e      0x229 Libraries\STM32F0xx_StdPeriph_Driver\src\stm32f0xx_misc.o
 .debug_line    0x00004987      0x557 Libraries\STM32F0xx_StdPeriph_Driver\src\stm32f0xx_i2c.o
 .debug_line    0x00004ede      0x312 Libraries\STM32F0xx_StdPeriph_Driver\src\stm32f0xx_gpio.o
 .debug_line    0x000051f0      0x4d0 Libraries\STM32F0xx_StdPeriph_Driver\src\stm32f0xx_flash.o
 .debug_line    0x000056c0      0x273 Libraries\STM32F0xx_StdPeriph_Driver\src\stm32f0xx_exti.o
 .debug_line    0x00005933      0x2dd Libraries\STM32F0xx_StdPeriph_Driver\src\stm32f0xx_dma.o
 .debug_line    0x00005c10      0x2e7 Libraries\STM32F0xx_StdPeriph_Driver\src\stm32f0xx_crs.o

.debug_str      0x00000000     0x3d94
 .debug_str     0x00000000      0x195 src\utilFifo.o
                                0x1e0 (size before relaxing)
 .debug_str     0x00000195       0xaf src\usbd_usr.o
                                0x25d (size before relaxing)
 .debug_str     0x00000244       0xfb src\usbd_pwr.o
                                0x2a8 (size before relaxing)
 .debug_str     0x0000033f      0x280 src\usbd_desc.o
                                0x428 (size before relaxing)
 .debug_str     0x000005bf      0x44b src\usb_bsp.o
                                0x756 (size before relaxing)
 .debug_str     0x00000a0a       0xe9 src\system_stm32f0xx.o
                                0x283 (size before relaxing)
 .debug_str     0x00000af3       0xbd src\stm32_it.o
                                0x23f (size before relaxing)
 .debug_str     0x00000bb0      0x159 src\main.o
                                0x4f2 (size before relaxing)
 .debug_str     0x00000d09      0x196 src\eeprom.o
                                0x35c (size before relaxing)
 .debug_str     0x00000e9f      0x161 src\drvUSB.o
                                0x6ad (size before relaxing)
 .debug_str     0x00001000      0x501 src\drvMMA8653.o
                                0x8fc (size before relaxing)
 .debug_str     0x00001501      0x1fb src\drvDisplay.o
                                0x681 (size before relaxing)
 .debug_str     0x000016fc      0x23c src\drvApa102.o
                                0x5e1 (size before relaxing)
 .debug_str     0x00001938      0x154 src\configConsole.o
                                0x374 (size before relaxing)
 .debug_str     0x00001a8c      0x17a Libraries\STM32_USB_Device_Library\Core\src\usbd_req.o
                                0x696 (size before relaxing)
 .debug_str     0x00001c06       0xca Libraries\STM32_USB_Device_Library\Core\src\usbd_ioreq.o
                                0x5e0 (size before relaxing)
 .debug_str     0x00001cd0      0x111 Libraries\STM32_USB_Device_Library\Core\src\usbd_core.o
                                0x678 (size before relaxing)
 .debug_str     0x00001de1      0x19d Libraries\STM32_USB_Device_Library\Class\cdc\src\usbd_cdc_core.o
                                0x740 (size before relaxing)
 .debug_str     0x00001f7e       0xae Libraries\STM32_USB_Device_Driver\src\usb_dcd_int.o
                                0x68d (size before relaxing)
 .debug_str     0x0000202c      0x137 Libraries\STM32_USB_Device_Driver\src\usb_dcd.o
                                0x65b (size before relaxing)
 .debug_str     0x00002163      0x403 Libraries\STM32_USB_Device_Driver\src\usb_core.o
                                0x5f5 (size before relaxing)
 .debug_str     0x00002566      0x182 Libraries\STM32F0xx_StdPeriph_Driver\src\stm32f0xx_syscfg.o
                                0x35f (size before relaxing)
 .debug_str     0x000026e8      0x45f Libraries\STM32F0xx_StdPeriph_Driver\src\stm32f0xx_spi.o
                                0x767 (size before relaxing)
 .debug_str     0x00002b47      0x489 Libraries\STM32F0xx_StdPeriph_Driver\src\stm32f0xx_rcc.o
                                0x7cf (size before relaxing)
 .debug_str     0x00002fd0       0x91 Libraries\STM32F0xx_StdPeriph_Driver\src\stm32f0xx_misc.o
                                0x33a (size before relaxing)
 .debug_str     0x00003061      0x3ba Libraries\STM32F0xx_StdPeriph_Driver\src\stm32f0xx_i2c.o
                                0x67e (size before relaxing)
 .debug_str     0x0000341b      0x15e Libraries\STM32F0xx_StdPeriph_Driver\src\stm32f0xx_gpio.o
                                0x4d0 (size before relaxing)
 .debug_str     0x00003579      0x38f Libraries\STM32F0xx_StdPeriph_Driver\src\stm32f0xx_flash.o
                                0x612 (size before relaxing)
 .debug_str     0x00003908       0xc6 Libraries\STM32F0xx_StdPeriph_Driver\src\stm32f0xx_exti.o
                                0x373 (size before relaxing)
 .debug_str     0x000039ce      0x122 Libraries\STM32F0xx_StdPeriph_Driver\src\stm32f0xx_dma.o
                                0x3e5 (size before relaxing)
 .debug_str     0x00003af0      0x2a4 Libraries\STM32F0xx_StdPeriph_Driver\src\stm32f0xx_crs.o
                                0x46d (size before relaxing)

.comment        0x00000000       0x7e
 .comment       0x00000000       0x7e src\utilFifo.o
                                 0x7f (size before relaxing)
 .comment       0x0000007e       0x7f src\usbd_usr.o
 .comment       0x0000007e       0x7f src\usbd_pwr.o
 .comment       0x0000007e       0x7f src\usbd_desc.o
 .comment       0x0000007e       0x7f src\usb_bsp.o
 .comment       0x0000007e       0x7f src\system_stm32f0xx.o
 .comment       0x0000007e       0x7f src\stm32_it.o
 .comment       0x0000007e       0x7f src\main.o
 .comment       0x0000007e       0x7f src\eeprom.o
 .comment       0x0000007e       0x7f src\drvUSB.o
 .comment       0x0000007e       0x7f src\drvMMA8653.o
 .comment       0x0000007e       0x7f src\drvDisplay.o
 .comment       0x0000007e       0x7f src\drvApa102.o
 .comment       0x0000007e       0x7f src\configConsole.o
 .comment       0x0000007e       0x7f Libraries\STM32_USB_Device_Library\Core\src\usbd_req.o
 .comment       0x0000007e       0x7f Libraries\STM32_USB_Device_Library\Core\src\usbd_ioreq.o
 .comment       0x0000007e       0x7f Libraries\STM32_USB_Device_Library\Core\src\usbd_core.o
 .comment       0x0000007e       0x7f Libraries\STM32_USB_Device_Library\Class\cdc\src\usbd_cdc_core.o
 .comment       0x0000007e       0x7f Libraries\STM32_USB_Device_Driver\src\usb_dcd_int.o
 .comment       0x0000007e       0x7f Libraries\STM32_USB_Device_Driver\src\usb_dcd.o
 .comment       0x0000007e       0x7f Libraries\STM32_USB_Device_Driver\src\usb_core.o
 .comment       0x0000007e       0x7f Libraries\STM32F0xx_StdPeriph_Driver\src\stm32f0xx_syscfg.o
 .comment       0x0000007e       0x7f Libraries\STM32F0xx_StdPeriph_Driver\src\stm32f0xx_spi.o
 .comment       0x0000007e       0x7f Libraries\STM32F0xx_StdPeriph_Driver\src\stm32f0xx_rcc.o
 .comment       0x0000007e       0x7f Libraries\STM32F0xx_StdPeriph_Driver\src\stm32f0xx_misc.o
 .comment       0x0000007e       0x7f Libraries\STM32F0xx_StdPeriph_Driver\src\stm32f0xx_i2c.o
 .comment       0x0000007e       0x7f Libraries\STM32F0xx_StdPeriph_Driver\src\stm32f0xx_gpio.o
 .comment       0x0000007e       0x7f Libraries\STM32F0xx_StdPeriph_Driver\src\stm32f0xx_flash.o
 .comment       0x0000007e       0x7f Libraries\STM32F0xx_StdPeriph_Driver\src\stm32f0xx_exti.o
 .comment       0x0000007e       0x7f Libraries\STM32F0xx_StdPeriph_Driver\src\stm32f0xx_dma.o
 .comment       0x0000007e       0x7f Libraries\STM32F0xx_StdPeriph_Driver\src\stm32f0xx_crs.o

.debug_frame    0x00000000     0x3774
 .debug_frame   0x00000000       0x70 src\utilFifo.o
 .debug_frame   0x00000070       0xa0 src\usbd_usr.o
 .debug_frame   0x00000110       0x8c src\usbd_pwr.o
 .debug_frame   0x0000019c      0x130 src\usbd_desc.o
 .debug_frame   0x000002cc       0x6c src\usb_bsp.o
 .debug_frame   0x00000338       0x68 src\system_stm32f0xx.o
 .debug_frame   0x000003a0       0xf0 src\stm32_it.o
 .debug_frame   0x00000490       0xb0 src\main.o
 .debug_frame   0x00000540       0xf0 src\eeprom.o
 .debug_frame   0x00000630      0x104 src\drvUSB.o
 .debug_frame   0x00000734      0x188 src\drvMMA8653.o
 .debug_frame   0x000008bc       0xc4 src\drvDisplay.o
 .debug_frame   0x00000980       0xb0 src\drvApa102.o
 .debug_frame   0x00000a30       0xb0 src\configConsole.o
 .debug_frame   0x00000ae0      0x1d0 Libraries\STM32_USB_Device_Library\Core\src\usbd_req.o
 .debug_frame   0x00000cb0       0xf0 Libraries\STM32_USB_Device_Library\Core\src\usbd_ioreq.o
 .debug_frame   0x00000da0      0x170 Libraries\STM32_USB_Device_Library\Core\src\usbd_core.o
 .debug_frame   0x00000f10      0x130 Libraries\STM32_USB_Device_Library\Class\cdc\src\usbd_cdc_core.o
 .debug_frame   0x00001040       0x50 Libraries\STM32_USB_Device_Driver\src\usb_dcd_int.o
 .debug_frame   0x00001090      0x1d0 Libraries\STM32_USB_Device_Driver\src\usb_dcd.o
 .debug_frame   0x00001260      0x798 Libraries\STM32_USB_Device_Driver\src\usb_core.o
 .debug_frame   0x000019f8      0x110 Libraries\STM32F0xx_StdPeriph_Driver\src\stm32f0xx_syscfg.o
 .debug_frame   0x00001b08      0x3f0 Libraries\STM32F0xx_StdPeriph_Driver\src\stm32f0xx_spi.o
 .debug_frame   0x00001ef8      0x524 Libraries\STM32F0xx_StdPeriph_Driver\src\stm32f0xx_rcc.o
 .debug_frame   0x0000241c       0x70 Libraries\STM32F0xx_StdPeriph_Driver\src\stm32f0xx_misc.o
 .debug_frame   0x0000248c      0x550 Libraries\STM32F0xx_StdPeriph_Driver\src\stm32f0xx_i2c.o
 .debug_frame   0x000029dc      0x1b0 Libraries\STM32F0xx_StdPeriph_Driver\src\stm32f0xx_gpio.o
 .debug_frame   0x00002b8c      0x3d4 Libraries\STM32F0xx_StdPeriph_Driver\src\stm32f0xx_flash.o
 .debug_frame   0x00002f60      0x10c Libraries\STM32F0xx_StdPeriph_Driver\src\stm32f0xx_exti.o
 .debug_frame   0x0000306c      0x170 Libraries\STM32F0xx_StdPeriph_Driver\src\stm32f0xx_dma.o
 .debug_frame   0x000031dc      0x258 Libraries\STM32F0xx_StdPeriph_Driver\src\stm32f0xx_crs.o
 .debug_frame   0x00003434       0x2c c:/program files (x86)/atollic/truestudio for arm 5.5.1/armtools/bin/../lib/gcc/arm-atollic-eabi/5.3.1/../../../../arm-atollic-eabi/lib/armv6-m\libc_nano.a(lib_a-init.o)
 .debug_frame   0x00003460       0x28 c:/program files (x86)/atollic/truestudio for arm 5.5.1/armtools/bin/../lib/gcc/arm-atollic-eabi/5.3.1/../../../../arm-atollic-eabi/lib/armv6-m\libc_nano.a(lib_a-memcpy-stub.o)
 .debug_frame   0x00003488       0x50 c:/program files (x86)/atollic/truestudio for arm 5.5.1/armtools/bin/../lib/gcc/arm-atollic-eabi/5.3.1/../../../../arm-atollic-eabi/lib/armv6-m\libc_nano.a(lib_a-sprintf.o)
 .debug_frame   0x000034d8       0x74 c:/program files (x86)/atollic/truestudio for arm 5.5.1/armtools/bin/../lib/gcc/arm-atollic-eabi/5.3.1/../../../../arm-atollic-eabi/lib/armv6-m\libc_nano.a(lib_a-nano-svfprintf.o)
 .debug_frame   0x0000354c       0x54 c:/program files (x86)/atollic/truestudio for arm 5.5.1/armtools/bin/../lib/gcc/arm-atollic-eabi/5.3.1/../../../../arm-atollic-eabi/lib/armv6-m\libc_nano.a(lib_a-nano-vfprintf_i.o)
 .debug_frame   0x000035a0       0x20 c:/program files (x86)/atollic/truestudio for arm 5.5.1/armtools/bin/../lib/gcc/arm-atollic-eabi/5.3.1/../../../../arm-atollic-eabi/lib/armv6-m\libc_nano.a(lib_a-memchr-stub.o)
 .debug_frame   0x000035c0       0x28 c:/program files (x86)/atollic/truestudio for arm 5.5.1/armtools/bin/../lib/gcc/arm-atollic-eabi/5.3.1/../../../../arm-atollic-eabi/lib/armv6-m\libc_nano.a(lib_a-memmove.o)
 .debug_frame   0x000035e8       0x2c c:/program files (x86)/atollic/truestudio for arm 5.5.1/armtools/bin/../lib/gcc/arm-atollic-eabi/5.3.1/../../../../arm-atollic-eabi/lib/armv6-m\libc_nano.a(lib_a-nano-freer.o)
 .debug_frame   0x00003614       0x2c c:/program files (x86)/atollic/truestudio for arm 5.5.1/armtools/bin/../lib/gcc/arm-atollic-eabi/5.3.1/../../../../arm-atollic-eabi/lib/armv6-m\libc_nano.a(lib_a-nano-mallocr.o)
 .debug_frame   0x00003640       0x30 c:/program files (x86)/atollic/truestudio for arm 5.5.1/armtools/bin/../lib/gcc/arm-atollic-eabi/5.3.1/../../../../arm-atollic-eabi/lib/armv6-m\libc_nano.a(lib_a-nano-reallocr.o)
 .debug_frame   0x00003670       0x2c c:/program files (x86)/atollic/truestudio for arm 5.5.1/armtools/bin/../lib/gcc/arm-atollic-eabi/5.3.1/../../../../arm-atollic-eabi/lib/armv6-m\libc_nano.a(lib_a-sbrkr.o)
 .debug_frame   0x0000369c       0x30 c:/program files (x86)/atollic/truestudio for arm 5.5.1/armtools/bin/../lib/gcc/arm-atollic-eabi/5.3.1/../../../../arm-atollic-eabi/lib/armv6-m\libc_nano.a(lib_a-mlock.o)
 .debug_frame   0x000036cc       0x20 c:/program files (x86)/atollic/truestudio for arm 5.5.1/armtools/bin/../lib/gcc/arm-atollic-eabi/5.3.1/../../../../arm-atollic-eabi/lib/armv6-m\libc_nano.a(lib_a-nano-msizer.o)
 .debug_frame   0x000036ec       0x48 c:/program files (x86)/atollic/truestudio for arm 5.5.1/armtools/bin/../lib/gcc/arm-atollic-eabi/5.3.1/../../../../arm-atollic-eabi/lib/armv6-m\libc_nano.a(lib_a-reent.o)
 .debug_frame   0x00003734       0x20 c:/program files (x86)/atollic/truestudio for arm 5.5.1/armtools/bin/../lib/gcc/arm-atollic-eabi/5.3.1/armv6-m\libgcc.a(_udivsi3.o)
 .debug_frame   0x00003754       0x20 c:/program files (x86)/atollic/truestudio for arm 5.5.1/armtools/bin/../lib/gcc/arm-atollic-eabi/5.3.1/../../../../arm-atollic-eabi/lib/armv6-m\libnosys.a(sbrk.o)

Cross Reference Table

Symbol                                            File
ADC1_COMP_IRQHandler                              src\startup_stm32f0xx.o
ADC_AnalogWatchdogCmd                             Libraries\STM32F0xx_StdPeriph_Driver\src\stm32f0xx_adc.o
ADC_AnalogWatchdogSingleChannelCmd                Libraries\STM32F0xx_StdPeriph_Driver\src\stm32f0xx_adc.o
ADC_AnalogWatchdogSingleChannelConfig             Libraries\STM32F0xx_StdPeriph_Driver\src\stm32f0xx_adc.o
ADC_AnalogWatchdogThresholdsConfig                Libraries\STM32F0xx_StdPeriph_Driver\src\stm32f0xx_adc.o
ADC_AutoPowerOffCmd                               Libraries\STM32F0xx_StdPeriph_Driver\src\stm32f0xx_adc.o
ADC_ChannelConfig                                 Libraries\STM32F0xx_StdPeriph_Driver\src\stm32f0xx_adc.o
ADC_ClearFlag                                     Libraries\STM32F0xx_StdPeriph_Driver\src\stm32f0xx_adc.o
ADC_ClearITPendingBit                             Libraries\STM32F0xx_StdPeriph_Driver\src\stm32f0xx_adc.o
ADC_ClockModeConfig                               Libraries\STM32F0xx_StdPeriph_Driver\src\stm32f0xx_adc.o
ADC_Cmd                                           Libraries\STM32F0xx_StdPeriph_Driver\src\stm32f0xx_adc.o
ADC_ContinuousModeCmd                             Libraries\STM32F0xx_StdPeriph_Driver\src\stm32f0xx_adc.o
ADC_DMACmd                                        Libraries\STM32F0xx_StdPeriph_Driver\src\stm32f0xx_adc.o
ADC_DMARequestModeConfig                          Libraries\STM32F0xx_StdPeriph_Driver\src\stm32f0xx_adc.o
ADC_DeInit                                        Libraries\STM32F0xx_StdPeriph_Driver\src\stm32f0xx_adc.o
ADC_DiscModeCmd                                   Libraries\STM32F0xx_StdPeriph_Driver\src\stm32f0xx_adc.o
ADC_GetCalibrationFactor                          Libraries\STM32F0xx_StdPeriph_Driver\src\stm32f0xx_adc.o
ADC_GetConversionValue                            Libraries\STM32F0xx_StdPeriph_Driver\src\stm32f0xx_adc.o
ADC_GetFlagStatus                                 Libraries\STM32F0xx_StdPeriph_Driver\src\stm32f0xx_adc.o
ADC_GetITStatus                                   Libraries\STM32F0xx_StdPeriph_Driver\src\stm32f0xx_adc.o
ADC_ITConfig                                      Libraries\STM32F0xx_StdPeriph_Driver\src\stm32f0xx_adc.o
ADC_Init                                          Libraries\STM32F0xx_StdPeriph_Driver\src\stm32f0xx_adc.o
ADC_JitterCmd                                     Libraries\STM32F0xx_StdPeriph_Driver\src\stm32f0xx_adc.o
ADC_OverrunModeCmd                                Libraries\STM32F0xx_StdPeriph_Driver\src\stm32f0xx_adc.o
ADC_StartOfConversion                             Libraries\STM32F0xx_StdPeriph_Driver\src\stm32f0xx_adc.o
ADC_StopOfConversion                              Libraries\STM32F0xx_StdPeriph_Driver\src\stm32f0xx_adc.o
ADC_StructInit                                    Libraries\STM32F0xx_StdPeriph_Driver\src\stm32f0xx_adc.o
ADC_TempSensorCmd                                 Libraries\STM32F0xx_StdPeriph_Driver\src\stm32f0xx_adc.o
ADC_VbatCmd                                       Libraries\STM32F0xx_StdPeriph_Driver\src\stm32f0xx_adc.o
ADC_VrefintCmd                                    Libraries\STM32F0xx_StdPeriph_Driver\src\stm32f0xx_adc.o
ADC_WaitModeCmd                                   Libraries\STM32F0xx_StdPeriph_Driver\src\stm32f0xx_adc.o
ADDRESS                                           Libraries\STM32_USB_Device_Library\Core\src\usbd_req.o
                                                  Libraries\STM32_USB_Device_Library\Core\src\usbd_core.o
AHBPrescTable                                     src\system_stm32f0xx.o
APP_Rx_Buffer                                     Libraries\STM32_USB_Device_Library\Class\cdc\src\usbd_cdc_core.o
                                                  src\drvUSB.o
APP_Rx_length                                     Libraries\STM32_USB_Device_Library\Class\cdc\src\usbd_cdc_core.o
APP_Rx_ptr_in                                     Libraries\STM32_USB_Device_Library\Class\cdc\src\usbd_cdc_core.o
                                                  Libraries\STM32_USB_Device_Library\Class\cdc\src\usbd_cdc_if_template.o
                                                  src\drvUSB.o
APP_Rx_ptr_out                                    Libraries\STM32_USB_Device_Library\Class\cdc\src\usbd_cdc_core.o
CAN_CancelTransmit                                Libraries\STM32F0xx_StdPeriph_Driver\src\stm32f0xx_can.o
CAN_ClearFlag                                     Libraries\STM32F0xx_StdPeriph_Driver\src\stm32f0xx_can.o
CAN_ClearITPendingBit                             Libraries\STM32F0xx_StdPeriph_Driver\src\stm32f0xx_can.o
CAN_DBGFreeze                                     Libraries\STM32F0xx_StdPeriph_Driver\src\stm32f0xx_can.o
CAN_DeInit                                        Libraries\STM32F0xx_StdPeriph_Driver\src\stm32f0xx_can.o
CAN_FIFORelease                                   Libraries\STM32F0xx_StdPeriph_Driver\src\stm32f0xx_can.o
CAN_FilterInit                                    Libraries\STM32F0xx_StdPeriph_Driver\src\stm32f0xx_can.o
CAN_GetFlagStatus                                 Libraries\STM32F0xx_StdPeriph_Driver\src\stm32f0xx_can.o
CAN_GetITStatus                                   Libraries\STM32F0xx_StdPeriph_Driver\src\stm32f0xx_can.o
CAN_GetLSBTransmitErrorCounter                    Libraries\STM32F0xx_StdPeriph_Driver\src\stm32f0xx_can.o
CAN_GetLastErrorCode                              Libraries\STM32F0xx_StdPeriph_Driver\src\stm32f0xx_can.o
CAN_GetReceiveErrorCounter                        Libraries\STM32F0xx_StdPeriph_Driver\src\stm32f0xx_can.o
CAN_ITConfig                                      Libraries\STM32F0xx_StdPeriph_Driver\src\stm32f0xx_can.o
CAN_Init                                          Libraries\STM32F0xx_StdPeriph_Driver\src\stm32f0xx_can.o
CAN_MessagePending                                Libraries\STM32F0xx_StdPeriph_Driver\src\stm32f0xx_can.o
CAN_OperatingModeRequest                          Libraries\STM32F0xx_StdPeriph_Driver\src\stm32f0xx_can.o
CAN_Receive                                       Libraries\STM32F0xx_StdPeriph_Driver\src\stm32f0xx_can.o
CAN_SlaveStartBank                                Libraries\STM32F0xx_StdPeriph_Driver\src\stm32f0xx_can.o