drvMMA8653.c:53:9:I2C_RdReg	40	static
drvMMA8653.c:103:6:I2C_WrReg	24	static
drvMMA8653.c:153:6:I2C_BitHandling	32	static
drvMMA8653.c:166:9:mma8653_goStandby	8	static
drvMMA8653.c:180:9:mma8653_goActive	8	static
drvMMA8653.c:197:9:mma8653_init	56	static
drvMMA8653.c:261:9:mma8653_setRange	16	static
drvMMA8653.c:277:9:mma8653_setDataRate	16	static
drvMMA8653.c:293:9:mma8653_setDataWidth	16	static
drvMMA8653.c:324:8:mma8653_read8	32	static
drvMMA8653.c:338:9:mma8653_read10	40	static
drvMMA8653.c:353:6:mma8653_initIrq	24	static
